{
  "accepted_raw": 8650752,
  "actual_workloads_match": true,
  "artifact_sha256": "13e87ad362185b2213c6252e35b1e0950f027282e25555ec7d59aa94c16798c0",
  "base_records_match": true,
  "canonical_count": 8650752,
  "canonical_stream_sha256": "5360876b0c37194d32a76e0e5b12df90f287965ef67b740048d0d310140d3f8b",
  "execution_mode": "workload_plan_rank_list",
  "global_raw_count": 8650752,
  "index_version": "m2-e2-base-index-v1",
  "planned_workload_max_match": true,
  "planned_workload_total_match": true,
  "processed_raw": 8650752,
  "raw_stream_sha256": "28ab1791221280772e83e3b18c33ac3fec334ee4f8a3b96c4597c456d6ff7341",
  "replay_script_sha256": "42a5603f7f67011a01d7648f56efc08002b2e8fe6f81972a6190446471405aaa",
  "replay_version": "m2-e2-workload-shard-replay-v1",
  "runner_version": "m2-e2-incidence-runner-v1",
  "schema_version": "literal-low-v3-owner-status",
  "scope": {
    "all_outward_masks_for_valid_bases": true,
    "all_ports_for_valid_bases": true,
    "e_values": [
      2
    ],
    "m_values": [
      2
    ],
    "valid_ranks": [
      46515,
      46697,
      46698,
      46824,
      46827,
      46828,
      46829
    ],
    "workload_shard_count": 128,
    "workload_shard_index": 0
  },
  "sentinel_raw": 0,
  "sentinel_reason_counts": {},
  "source_merge_payload_sha256": "8ee646dcf15db200fbd460be7448c13f388d07032f08913eef1c1b115a753e2f",
  "source_validity_merge_sha256": "3d4a620b16ae6fc80288c88106e6d7023e74bc52bdf7eb04c6e7590136da498c",
  "status": "VERIFIED_INDEPENDENT_M2_E2_WORKLOAD_SHARD_STREAM_REPLAY",
  "trust_boundary": "Full-stream independent replay for exactly this workload-plan shard and its committed valid-rank list. It does not certify any other workload shard, the global workload merge, universal m=2,e=2 S2 orbit completeness, L-surjectivity, high completion, or Leech-tree nonexistence.",
  "workload_plan_payload_sha256": "7fe9f364739105c804748ba77aadb157bd53740c012ba9d26f3f6a6d4f82acb6",
  "workload_plan_sha256": "582e15d04aae4339bbfb7cdb87e1a5da066f0ea09e10239ae5eb46996f4475c4"
}
real 1748.69
user 1737.72
sys 10.20
