n=25 nodes=245345409 nsol=0 time=3641.95
depth: 0:1 1:1 2:2 3:8 4:41 5:184 6:732 7:2765 8:11371 9:52 10:211 11:1041 12:5288 13:28336 14:159857 15:934316 16:5466378 17:29605478 18:97870442 19:98337339 20:12865172 21:56394 22:0 23:0 24:0
depth  0 by ncomp: 0:1
depth  1 by ncomp: 1:1
depth  2 by ncomp: 1:1 2:1
depth  3 by ncomp: 1:4 2:3 3:1
depth  4 by ncomp: 1:16 2:18 3:6 4:1
depth  5 by ncomp: 1:30 2:96 3:47 4:10 5:1
depth  6 by ncomp: 1:38 2:277 3:303 4:98 5:15 6:1
depth  7 by ncomp: 1:34 2:503 3:1226 4:792 5:188 6:21 7:1
depth  8 by ncomp: 1:11 2:751 3:3767 4:4589 5:1895 6:329 7:29
depth  9 by ncomp: 2:1 3:5 4:18 5:17 6:10 7:1
depth 10 by ncomp: 3:8 4:78 5:74 6:37 7:14
depth 11 by ncomp: 3:12 4:274 5:467 6:205 7:83
depth 12 by ncomp: 3:23 4:794 5:2341 6:1554 7:576
depth 13 by ncomp: 3:23 4:2059 5:10144 6:10844 7:5266
depth 14 by ncomp: 3:17 4:4666 5:39565 6:66264 7:49345
depth 15 by ncomp: 3:18 4:8774 5:134359 6:356830 7:434335
depth 16 by ncomp: 3:17 4:14862 5:391981 6:1642858 7:3416660
depth 17 by ncomp: 3:8 4:23915 5:1063926 6:6809945 7:21707684
depth 18 by ncomp: 3:3 4:35466 5:2693239 6:26149887 7:68991847
depth 19 by ncomp: 4:45674 5:6134021 6:92157644
depth 20 by ncomp: 3:1 4:53621 5:12811550
depth 21 by ncomp: 4:56394
depth 22 by ncomp:
depth 23 by ncomp:
depth 24 by ncomp:
