n=25 nodes=887577974 nsol=0 time=8314.99
depth: 0:1 1:1 2:2 3:8 4:41 5:184 6:732 7:2765 8:11371 9:104 10:548 11:3154 12:18544 13:112840 14:688695 15:4307483 16:26908439 17:142398464 18:390317661 19:293596424 20:29095168 21:115345 22:0 23:0 24:0
depth  0 by ncomp: 0:1
depth  1 by ncomp: 1:1
depth  2 by ncomp: 1:1 2:1
depth  3 by ncomp: 1:4 2:3 3:1
depth  4 by ncomp: 1:16 2:18 3:6 4:1
depth  5 by ncomp: 1:30 2:96 3:47 4:10 5:1
depth  6 by ncomp: 1:38 2:277 3:303 4:98 5:15 6:1
depth  7 by ncomp: 1:34 2:503 3:1226 4:792 5:188 6:21 7:1
depth  8 by ncomp: 1:11 2:751 3:3767 4:4589 5:1895 6:329 7:29
depth  9 by ncomp: 3:13 4:36 5:43 6:11 7:1
depth 10 by ncomp: 3:13 4:137 5:262 6:117 7:19
depth 11 by ncomp: 3:29 4:414 5:1397 6:1032 7:282
depth 12 by ncomp: 3:33 4:1172 5:6243 6:7610 7:3486
depth 13 by ncomp: 3:60 4:3126 5:25675 6:47678 7:36301
depth 14 by ncomp: 3:68 4:7334 5:92268 6:257683 7:331342
depth 15 by ncomp: 3:55 4:15117 5:297780 6:1255866 7:2738665
depth 16 by ncomp: 3:57 4:28191 5:882842 6:5475338 7:20522011
depth 17 by ncomp: 3:28 4:46038 5:2404009 6:21984252 7:117964137
depth 18 by ncomp: 3:17 4:69002 5:6007746 6:81487419 7:302753477
depth 19 by ncomp: 3:6 4:91886 5:13791804 6:279712728
depth 20 by ncomp: 3:2 4:108639 5:28986527
depth 21 by ncomp: 4:115345
depth 22 by ncomp:
depth 23 by ncomp:
depth 24 by ncomp:
