n=25 nodes=1893353210 nsol=0 time=20118.51
depth: 0:1 1:1 2:2 3:8 4:41 5:184 6:732 7:2765 8:11371 9:219 10:1136 11:6389 12:37117 13:222189 14:1363682 15:8579584 16:54173029 17:287441178 18:799857819 19:660202760 20:81085481 21:367522 22:0 23:0 24:0
depth  0 by ncomp: 0:1
depth  1 by ncomp: 1:1
depth  2 by ncomp: 1:1 2:1
depth  3 by ncomp: 1:4 2:3 3:1
depth  4 by ncomp: 1:16 2:18 3:6 4:1
depth  5 by ncomp: 1:30 2:96 3:47 4:10 5:1
depth  6 by ncomp: 1:38 2:277 3:303 4:98 5:15 6:1
depth  7 by ncomp: 1:34 2:503 3:1226 4:792 5:188 6:21 7:1
depth  8 by ncomp: 1:11 2:751 3:3767 4:4589 5:1895 6:329 7:29
depth  9 by ncomp: 3:31 4:74 5:86 6:25 7:3
depth 10 by ncomp: 3:64 4:281 5:476 6:265 7:50
depth 11 by ncomp: 3:125 4:1125 5:2462 6:2020 7:657
depth 12 by ncomp: 3:238 4:3867 5:11799 6:13873 7:7340
depth 13 by ncomp: 3:297 4:10850 5:51568 6:86042 7:73432
depth 14 by ncomp: 3:322 4:26732 5:202181 6:477491 7:656956
depth 15 by ncomp: 3:267 4:57643 5:709981 6:2402627 7:5409066
depth 16 by ncomp: 3:183 4:107984 5:2238797 6:11000342 7:40825723
depth 17 by ncomp: 3:72 4:177247 5:6393104 6:46076404 7:234794351
depth 18 by ncomp: 3:44 4:251259 5:16442068 6:176551989 7:606612459
depth 19 by ncomp: 3:32 4:318614 5:38241945 6:621642169
depth 20 by ncomp: 3:8 4:359917 5:80725556
depth 21 by ncomp: 3:4 4:367518
depth 22 by ncomp:
depth 23 by ncomp:
depth 24 by ncomp:
