n=25 nodes=742679070 nsol=0 time=8393.72
depth: 0:1 1:1 2:2 3:8 4:41 5:184 6:732 7:2765 8:11371 9:106 10:524 11:2926 12:17580 13:104893 14:648129 15:4095409 16:25893598 17:131488749 18:324474164 19:228355744 20:27408005 21:174138 22:0 23:0 24:0
depth  0 by ncomp: 0:1
depth  1 by ncomp: 1:1
depth  2 by ncomp: 1:1 2:1
depth  3 by ncomp: 1:4 2:3 3:1
depth  4 by ncomp: 1:16 2:18 3:6 4:1
depth  5 by ncomp: 1:30 2:96 3:47 4:10 5:1
depth  6 by ncomp: 1:38 2:277 3:303 4:98 5:15 6:1
depth  7 by ncomp: 1:34 2:503 3:1226 4:792 5:188 6:21 7:1
depth  8 by ncomp: 1:11 2:751 3:3767 4:4589 5:1895 6:329 7:29
depth  9 by ncomp: 2:2 3:23 4:24 5:39 6:16 7:2
depth 10 by ncomp: 2:1 3:33 4:119 5:194 6:146 7:31
depth 11 by ncomp: 3:56 4:433 5:977 6:1062 7:398
depth 12 by ncomp: 3:115 4:1493 5:4474 6:6993 7:4505
depth 13 by ncomp: 3:144 4:4260 5:18280 6:39676 7:42533
depth 14 by ncomp: 3:168 4:10620 5:70012 6:203935 7:363394
depth 15 by ncomp: 3:177 4:23028 5:240868 6:961910 7:2869426
depth 16 by ncomp: 3:160 4:43626 5:749233 6:4183404 7:20917175
depth 17 by ncomp: 3:107 4:74237 5:2128004 6:16777025 7:112509376
depth 18 by ncomp: 3:44 4:108925 5:5506019 6:62507581 7:256351595
depth 19 by ncomp: 3:13 4:141960 5:12856191 6:215357580
depth 20 by ncomp: 3:4 4:165279 5:27242722
depth 21 by ncomp: 3:1 4:174137
depth 22 by ncomp:
depth 23 by ncomp:
depth 24 by ncomp:
