n=25 nodes=532890140 nsol=0 time=5246.34
depth: 0:1 1:1 2:2 3:8 4:41 5:184 6:732 7:2765 8:11371 9:89 10:425 11:2110 12:11360 13:64819 14:381963 15:2331984 16:14345135 17:73419346 18:201178795 19:196354630 20:44144213 21:640143 22:23 23:0 24:0
depth  0 by ncomp: 0:1
depth  1 by ncomp: 1:1
depth  2 by ncomp: 1:1 2:1
depth  3 by ncomp: 1:4 2:3 3:1
depth  4 by ncomp: 1:16 2:18 3:6 4:1
depth  5 by ncomp: 1:30 2:96 3:47 4:10 5:1
depth  6 by ncomp: 1:38 2:277 3:303 4:98 5:15 6:1
depth  7 by ncomp: 1:34 2:503 3:1226 4:792 5:188 6:21 7:1
depth  8 by ncomp: 1:11 2:751 3:3767 4:4589 5:1895 6:329 7:29
depth  9 by ncomp: 2:2 3:30 4:22 5:25 6:9 7:1
depth 10 by ncomp: 2:2 3:90 4:113 5:124 6:80 7:16
depth 11 by ncomp: 2:1 3:179 4:567 5:611 6:545 7:207
depth 12 by ncomp: 3:336 4:2072 5:3213 6:3572 7:2167
depth 13 by ncomp: 3:513 4:6135 5:15260 6:21910 7:21001
depth 14 by ncomp: 3:687 4:16018 5:62208 6:120331 7:182719
depth 15 by ncomp: 3:723 4:39137 5:234912 6:602158 7:1455054
depth 16 by ncomp: 3:668 4:84357 5:810714 6:2789424 7:10659972
depth 17 by ncomp: 3:574 4:159234 5:2552178 6:12059958 7:58647402
depth 18 by ncomp: 3:374 4:268219 5:7215860 6:48060974 7:145633368
depth 19 by ncomp: 3:244 4:403057 5:18560438 6:177390891
depth 20 by ncomp: 3:114 4:542682 5:43601417
depth 21 by ncomp: 3:65 4:640078
depth 22 by ncomp: 3:23
depth 23 by ncomp:
depth 24 by ncomp:
