n=25 nodes=280416443 nsol=0 time=2559.01
depth: 0:1 1:1 2:2 3:8 4:41 5:184 6:732 7:2765 8:11371 9:61 10:252 11:1166 12:5734 13:30653 14:164553 15:933140 16:5424613 17:29877951 18:104536630 19:119429191 20:19894835 21:102559 22:0 23:0 24:0
depth  0 by ncomp: 0:1
depth  1 by ncomp: 1:1
depth  2 by ncomp: 1:1 2:1
depth  3 by ncomp: 1:4 2:3 3:1
depth  4 by ncomp: 1:16 2:18 3:6 4:1
depth  5 by ncomp: 1:30 2:96 3:47 4:10 5:1
depth  6 by ncomp: 1:38 2:277 3:303 4:98 5:15 6:1
depth  7 by ncomp: 1:34 2:503 3:1226 4:792 5:188 6:21 7:1
depth  8 by ncomp: 1:11 2:751 3:3767 4:4589 5:1895 6:329 7:29
depth  9 by ncomp: 2:1 3:24 4:26 5:9 6:1
depth 10 by ncomp: 3:35 4:129 5:73 6:14 7:1
depth 11 by ncomp: 3:65 4:452 5:470 6:157 7:22
depth 12 by ncomp: 3:109 4:1443 5:2542 6:1332 7:308
depth 13 by ncomp: 3:161 4:4055 5:12128 6:10373 7:3936
depth 14 by ncomp: 3:77 4:8928 5:47781 6:65634 7:42133
depth 15 by ncomp: 3:53 4:17830 5:169595 6:360579 7:385083
depth 16 by ncomp: 3:30 4:32367 5:531994 6:1742396 7:3117826
depth 17 by ncomp: 3:20 4:51350 5:1522663 6:7620381 7:20683537
depth 18 by ncomp: 3:8 4:73314 5:3945334 6:30338475 7:70179499
depth 19 by ncomp: 3:2 4:90972 5:9272028 6:110066189
depth 20 by ncomp: 4:102184 5:19792651
depth 21 by ncomp: 4:102559
depth 22 by ncomp:
depth 23 by ncomp:
depth 24 by ncomp:
