n=25 nodes=1055349708 nsol=0 time=10478.60
depth: 0:1 1:1 2:2 3:8 4:41 5:184 6:732 7:2765 8:11371 9:199 10:941 11:4299 12:21239 13:108784 14:582253 15:3246966 16:18786308 17:103354847 18:373595667 19:463765938 20:91077161 21:789997 22:4 23:0 24:0
depth  0 by ncomp: 0:1
depth  1 by ncomp: 1:1
depth  2 by ncomp: 1:1 2:1
depth  3 by ncomp: 1:4 2:3 3:1
depth  4 by ncomp: 1:16 2:18 3:6 4:1
depth  5 by ncomp: 1:30 2:96 3:47 4:10 5:1
depth  6 by ncomp: 1:38 2:277 3:303 4:98 5:15 6:1
depth  7 by ncomp: 1:34 2:503 3:1226 4:792 5:188 6:21 7:1
depth  8 by ncomp: 1:11 2:751 3:3767 4:4589 5:1895 6:329 7:29
depth  9 by ncomp: 2:2 3:69 4:100 5:26 6:2
depth 10 by ncomp: 3:165 4:481 5:254 6:39 7:2
depth 11 by ncomp: 3:301 4:1704 5:1730 6:508 7:56
depth 12 by ncomp: 3:549 4:5526 5:9431 6:4766 7:967
depth 13 by ncomp: 3:770 4:15599 5:44064 6:35760 7:12591
depth 14 by ncomp: 3:956 4:39454 5:181838 6:227206 7:132799
depth 15 by ncomp: 3:882 4:85453 5:664292 6:1273057 7:1223282
depth 16 by ncomp: 3:801 4:166493 5:2179329 6:6347765 7:10091920
depth 17 by ncomp: 3:515 4:284930 5:6420395 6:28333979 7:68315028
depth 18 by ncomp: 3:369 4:434265 5:17056342 6:114541005 7:241563686
depth 19 by ncomp: 3:185 4:591841 5:41167236 6:422006676
depth 20 by ncomp: 3:73 4:722253 5:90354835
depth 21 by ncomp: 3:27 4:789970
depth 22 by ncomp: 3:4
depth 23 by ncomp:
depth 24 by ncomp:
