n=25 nodes=895930063 nsol=0 time=10945.43
depth: 0:1 1:1 2:2 3:8 4:41 5:184 6:732 7:2765 8:11371 9:119 10:565 11:3032 12:17010 13:102500 14:625582 15:3857339 16:23935985 17:128210444 18:376892937 19:325106767 20:37057467 21:105211 22:0 23:0 24:0
depth  0 by ncomp: 0:1
depth  1 by ncomp: 1:1
depth  2 by ncomp: 1:1 2:1
depth  3 by ncomp: 1:4 2:3 3:1
depth  4 by ncomp: 1:16 2:18 3:6 4:1
depth  5 by ncomp: 1:30 2:96 3:47 4:10 5:1
depth  6 by ncomp: 1:38 2:277 3:303 4:98 5:15 6:1
depth  7 by ncomp: 1:34 2:503 3:1226 4:792 5:188 6:21 7:1
depth  8 by ncomp: 1:11 2:751 3:3767 4:4589 5:1895 6:329 7:29
depth  9 by ncomp: 3:10 4:60 5:38 6:10 7:1
depth 10 by ncomp: 3:2 4:205 5:242 6:99 7:17
depth 11 by ncomp: 3:7 4:686 5:1316 6:796 7:227
depth 12 by ncomp: 3:14 4:2118 5:6634 6:5732 7:2512
depth 13 by ncomp: 3:9 4:5397 5:29904 6:40181 7:27009
depth 14 by ncomp: 3:12 4:12216 5:115361 6:237087 7:260906
depth 15 by ncomp: 3:7 4:23523 5:388077 6:1215456 7:2230276
depth 16 by ncomp: 3:10 4:40034 5:1177499 6:5578551 7:17139891
depth 17 by ncomp: 3:3 4:61466 5:3211715 6:23213875 7:101723385
depth 18 by ncomp: 3:3 4:81872 5:7965498 6:88222317 7:280623247
depth 19 by ncomp: 4:99902 5:17937123 6:307069742
depth 20 by ncomp: 4:108922 5:36948545
depth 21 by ncomp: 4:105211
depth 22 by ncomp:
depth 23 by ncomp:
depth 24 by ncomp:
