n=25 nodes=712565483 nsol=0 time=7252.25
depth: 0:1 1:1 2:2 3:8 4:41 5:184 6:732 7:2765 8:11371 9:103 10:494 11:2348 12:12042 13:66121 14:366460 15:2123030 16:12540633 17:70081068 18:254369897 19:312809509 20:59723630 21:455041 22:2 23:0 24:0
depth  0 by ncomp: 0:1
depth  1 by ncomp: 1:1
depth  2 by ncomp: 1:1 2:1
depth  3 by ncomp: 1:4 2:3 3:1
depth  4 by ncomp: 1:16 2:18 3:6 4:1
depth  5 by ncomp: 1:30 2:96 3:47 4:10 5:1
depth  6 by ncomp: 1:38 2:277 3:303 4:98 5:15 6:1
depth  7 by ncomp: 1:34 2:503 3:1226 4:792 5:188 6:21 7:1
depth  8 by ncomp: 1:11 2:751 3:3767 4:4589 5:1895 6:329 7:29
depth  9 by ncomp: 2:2 3:40 4:44 5:15 6:2
depth 10 by ncomp: 2:2 3:106 4:227 5:130 6:27 7:2
depth 11 by ncomp: 3:166 4:880 5:943 6:316 7:43
depth 12 by ncomp: 3:308 4:2959 5:5254 6:2849 7:672
depth 13 by ncomp: 3:406 4:9073 5:26202 6:21966 7:8474
depth 14 by ncomp: 3:395 4:22419 5:110649 6:144073 7:88924
depth 15 by ncomp: 3:303 4:48299 5:411910 6:825139 7:837379
depth 16 by ncomp: 3:277 4:93813 5:1347442 6:4139909 7:6959192
depth 17 by ncomp: 3:217 4:165522 5:4049667 6:18671771 7:47193891
depth 18 by ncomp: 3:125 4:255721 5:10990692 6:76596010 7:166527349
depth 19 by ncomp: 3:69 4:348026 5:26836882 6:285624532
depth 20 by ncomp: 3:34 4:419015 5:59304581
depth 21 by ncomp: 3:11 4:455030
depth 22 by ncomp: 3:2
depth 23 by ncomp:
depth 24 by ncomp:
