n=25 nodes=393073413 nsol=0 time=4417.43
depth: 0:1 1:1 2:2 3:8 4:41 5:184 6:732 7:2765 8:11371 9:93 10:376 11:1603 12:7917 13:41275 14:226157 15:1286294 16:7521035 17:41485213 18:145398339 19:167770420 20:29106254 21:213331 22:1 23:0 24:0
depth  0 by ncomp: 0:1
depth  1 by ncomp: 1:1
depth  2 by ncomp: 1:1 2:1
depth  3 by ncomp: 1:4 2:3 3:1
depth  4 by ncomp: 1:16 2:18 3:6 4:1
depth  5 by ncomp: 1:30 2:96 3:47 4:10 5:1
depth  6 by ncomp: 1:38 2:277 3:303 4:98 5:15 6:1
depth  7 by ncomp: 1:34 2:503 3:1226 4:792 5:188 6:21 7:1
depth  8 by ncomp: 1:11 2:751 3:3767 4:4589 5:1895 6:329 7:29
depth  9 by ncomp: 3:32 4:42 5:17 6:2
depth 10 by ncomp: 3:53 4:190 5:106 6:25 7:2
depth 11 by ncomp: 3:66 4:602 5:679 6:221 7:35
depth 12 by ncomp: 3:106 4:1783 5:3652 6:1956 7:420
depth 13 by ncomp: 3:150 4:4743 5:16263 6:14677 7:5442
depth 14 by ncomp: 3:192 4:11216 5:65810 6:91744 7:57195
depth 15 by ncomp: 3:182 4:23791 5:233050 6:503732 7:525539
depth 16 by ncomp: 3:171 4:45080 5:735731 6:2446273 7:4293780
depth 17 by ncomp: 3:129 4:76937 5:2120744 6:10674416 7:28612987
depth 18 by ncomp: 3:75 4:117651 5:5555801 6:42408162 7:97316650
depth 19 by ncomp: 3:33 4:161809 5:13256199 6:154352379
depth 20 by ncomp: 3:15 4:196750 5:28909489
depth 21 by ncomp: 3:7 4:213324
depth 22 by ncomp: 3:1
depth 23 by ncomp:
depth 24 by ncomp:
