n=25 nodes=194100465 nsol=0 time=1735.08
depth: 0:1 1:1 2:2 3:8 4:41 5:184 6:732 7:2765 8:11371 9:45 10:155 11:690 12:3290 13:16341 14:84752 15:464054 16:2624914 17:14639800 18:59804926 19:92128075 20:24022594 21:295716 22:8 23:0 24:0
depth  0 by ncomp: 0:1
depth  1 by ncomp: 1:1
depth  2 by ncomp: 1:1 2:1
depth  3 by ncomp: 1:4 2:3 3:1
depth  4 by ncomp: 1:16 2:18 3:6 4:1
depth  5 by ncomp: 1:30 2:96 3:47 4:10 5:1
depth  6 by ncomp: 1:38 2:277 3:303 4:98 5:15 6:1
depth  7 by ncomp: 1:34 2:503 3:1226 4:792 5:188 6:21 7:1
depth  8 by ncomp: 1:11 2:751 3:3767 4:4589 5:1895 6:329 7:29
depth  9 by ncomp: 3:17 4:19 5:8 6:1
depth 10 by ncomp: 3:34 4:85 5:27 6:8 7:1
depth 11 by ncomp: 2:1 3:82 4:340 5:220 6:37 7:10
depth 12 by ncomp: 3:127 4:1190 5:1454 6:465 7:54
depth 13 by ncomp: 3:225 4:3468 5:7508 6:4227 7:913
depth 14 by ncomp: 3:290 4:9104 5:33213 6:30629 7:11516
depth 15 by ncomp: 3:338 4:21661 5:131160 6:190133 7:120762
depth 16 by ncomp: 3:363 4:45308 5:456286 6:1026254 7:1096703
depth 17 by ncomp: 3:273 4:83860 5:1430884 6:4893628 7:8231155
depth 18 by ncomp: 3:224 4:136143 5:4019811 6:21028246 7:34620502
depth 19 by ncomp: 3:118 4:201246 5:10264821 6:81661890
depth 20 by ncomp: 3:53 4:257115 5:23765426
depth 21 by ncomp: 3:16 4:295700
depth 22 by ncomp: 3:8
depth 23 by ncomp:
depth 24 by ncomp:
