n=25 nodes=778483610 nsol=0 time=8793.04
depth: 0:1 1:1 2:2 3:8 4:41 5:184 6:732 7:2765 8:11371 9:122 10:598 11:3551 12:22142 13:143500 14:951614 15:6491841 16:41904887 17:183085494 18:332106318 19:187600636 20:25969455 21:188346 22:1 23:0 24:0
depth  0 by ncomp: 0:1
depth  1 by ncomp: 1:1
depth  2 by ncomp: 1:1 2:1
depth  3 by ncomp: 1:4 2:3 3:1
depth  4 by ncomp: 1:16 2:18 3:6 4:1
depth  5 by ncomp: 1:30 2:96 3:47 4:10 5:1
depth  6 by ncomp: 1:38 2:277 3:303 4:98 5:15 6:1
depth  7 by ncomp: 1:34 2:503 3:1226 4:792 5:188 6:21 7:1
depth  8 by ncomp: 1:11 2:751 3:3767 4:4589 5:1895 6:329 7:29
depth  9 by ncomp: 3:26 4:44 5:17 6:26 7:9
depth 10 by ncomp: 2:2 3:63 4:162 5:111 6:158 7:102
depth 11 by ncomp: 3:119 4:560 5:675 6:1076 7:1121
depth 12 by ncomp: 3:208 4:1704 5:3385 6:6261 7:10584
depth 13 by ncomp: 3:338 4:4880 5:14883 6:33526 7:89873
depth 14 by ncomp: 3:420 4:12453 5:58312 6:166261 7:714168
depth 15 by ncomp: 3:464 4:29284 5:211882 6:777046 7:5473165
depth 16 by ncomp: 3:292 4:56028 5:681500 6:3372360 7:37794707
depth 17 by ncomp: 3:134 4:94446 5:1996103 6:13643625 7:167351186
depth 18 by ncomp: 3:67 4:135650 5:5163215 6:50783231 7:276024155
depth 19 by ncomp: 3:30 4:173124 5:12192736 6:175234746
depth 20 by ncomp: 3:18 4:189779 5:25779658
depth 21 by ncomp: 3:10 4:188336
depth 22 by ncomp: 3:1
depth 23 by ncomp:
depth 24 by ncomp:
