n=25 nodes=353771135 nsol=0 time=3101.26
depth: 0:1 1:1 2:2 3:8 4:41 5:184 6:732 7:2765 8:11371 9:59 10:236 11:1130 12:5633 13:28338 14:147353 15:804887 16:4509742 17:25211533 18:105668299 19:171332058 20:45561173 21:485586 22:3 23:0 24:0
depth  0 by ncomp: 0:1
depth  1 by ncomp: 1:1
depth  2 by ncomp: 1:1 2:1
depth  3 by ncomp: 1:4 2:3 3:1
depth  4 by ncomp: 1:16 2:18 3:6 4:1
depth  5 by ncomp: 1:30 2:96 3:47 4:10 5:1
depth  6 by ncomp: 1:38 2:277 3:303 4:98 5:15 6:1
depth  7 by ncomp: 1:34 2:503 3:1226 4:792 5:188 6:21 7:1
depth  8 by ncomp: 1:11 2:751 3:3767 4:4589 5:1895 6:329 7:29
depth  9 by ncomp: 3:30 4:26 5:3
depth 10 by ncomp: 3:63 4:132 5:38 6:3
depth 11 by ncomp: 3:143 4:594 5:334 6:56 7:3
depth 12 by ncomp: 3:248 4:2258 5:2355 6:693 7:79
depth 13 by ncomp: 3:283 4:6950 5:13136 6:6620 7:1349
depth 14 by ncomp: 3:335 4:18121 5:60597 6:50586 7:17714
depth 15 by ncomp: 3:337 4:42364 5:246245 6:325266 7:190675
depth 16 by ncomp: 3:261 4:84203 5:860980 6:1799066 7:1765232
depth 17 by ncomp: 3:171 4:153125 5:2723802 6:8768058 7:13566377
depth 18 by ncomp: 3:129 4:243322 5:7718701 6:38391930 7:59314217
depth 19 by ncomp: 3:71 4:343976 5:19596504 6:151391507
depth 20 by ncomp: 3:22 4:434653 5:45126498
depth 21 by ncomp: 3:6 4:485580
depth 22 by ncomp: 3:3
depth 23 by ncomp:
depth 24 by ncomp:
