n=25 nodes=363922189 nsol=0 time=3177.99
depth: 0:1 1:1 2:2 3:8 4:41 5:184 6:732 7:2765 8:11371 9:94 10:412 11:1817 12:8720 13:41216 14:220846 15:1204632 16:6943031 17:37792616 18:131994641 19:156618689 20:28887426 21:192942 22:2 23:0 24:0
depth  0 by ncomp: 0:1
depth  1 by ncomp: 1:1
depth  2 by ncomp: 1:1 2:1
depth  3 by ncomp: 1:4 2:3 3:1
depth  4 by ncomp: 1:16 2:18 3:6 4:1
depth  5 by ncomp: 1:30 2:96 3:47 4:10 5:1
depth  6 by ncomp: 1:38 2:277 3:303 4:98 5:15 6:1
depth  7 by ncomp: 1:34 2:503 3:1226 4:792 5:188 6:21 7:1
depth  8 by ncomp: 1:11 2:751 3:3767 4:4589 5:1895 6:329 7:29
depth  9 by ncomp: 3:16 4:56 5:20 6:2
depth 10 by ncomp: 3:38 4:201 5:141 6:30 7:2
depth 11 by ncomp: 3:72 4:648 5:786 6:270 7:41
depth 12 by ncomp: 3:110 4:1976 5:3920 6:2173 7:541
depth 13 by ncomp: 3:125 4:5025 5:16186 6:14171 7:5709
depth 14 by ncomp: 3:142 4:11640 5:64094 6:87666 7:57304
depth 15 by ncomp: 3:107 4:24213 5:220021 6:463370 7:496921
depth 16 by ncomp: 3:68 4:45571 5:713406 6:2240762 7:3943224
depth 17 by ncomp: 3:64 4:76065 5:2076133 6:9828932 7:25811422
depth 18 by ncomp: 3:33 4:112678 5:5462328 6:39268150 7:87151452
depth 19 by ncomp: 3:22 4:149496 5:13078169 6:143391002
depth 20 by ncomp: 3:8 4:180906 5:28706512
depth 21 by ncomp: 3:6 4:192936
depth 22 by ncomp: 3:2
depth 23 by ncomp:
depth 24 by ncomp:
