n=25 nodes=340538936 nsol=0 time=3269.55
depth: 0:1 1:1 2:2 3:8 4:41 5:184 6:732 7:2765 8:11371 9:70 10:290 11:1373 12:6914 13:35738 14:193431 15:1086238 16:6314171 17:35169305 18:125235826 19:146974800 20:25338849 21:166825 22:1 23:0 24:0
depth  0 by ncomp: 0:1
depth  1 by ncomp: 1:1
depth  2 by ncomp: 1:1 2:1
depth  3 by ncomp: 1:4 2:3 3:1
depth  4 by ncomp: 1:16 2:18 3:6 4:1
depth  5 by ncomp: 1:30 2:96 3:47 4:10 5:1
depth  6 by ncomp: 1:38 2:277 3:303 4:98 5:15 6:1
depth  7 by ncomp: 1:34 2:503 3:1226 4:792 5:188 6:21 7:1
depth  8 by ncomp: 1:11 2:751 3:3767 4:4589 5:1895 6:329 7:29
depth  9 by ncomp: 3:25 4:35 5:9 6:1
depth 10 by ncomp: 3:38 4:157 5:80 6:14 7:1
depth 11 by ncomp: 3:63 4:579 5:558 6:153 7:20
depth 12 by ncomp: 3:125 4:1723 5:3205 6:1546 7:315
depth 13 by ncomp: 3:134 4:4485 5:14696 6:12111 7:4312
depth 14 by ncomp: 3:126 4:10144 5:58481 6:77936 7:46744
depth 15 by ncomp: 3:133 4:20968 5:205849 6:430055 7:429233
depth 16 by ncomp: 3:97 4:38441 5:654413 6:2102375 7:3518845
depth 17 by ncomp: 3:58 4:63678 5:1883490 6:9307578 7:23914501
depth 18 by ncomp: 3:35 4:94502 5:4874165 6:37073250 7:83193874
depth 19 by ncomp: 3:20 4:128214 5:11594063 6:135252503
depth 20 by ncomp: 3:12 4:156209 5:25182628
depth 21 by ncomp: 3:1 4:166824
depth 22 by ncomp: 3:1
depth 23 by ncomp:
depth 24 by ncomp:
