n=25 nodes=1215238532 nsol=0 time=12236.70
depth: 0:1 1:1 2:2 3:8 4:41 5:184 6:732 7:2765 8:11371 9:184 10:934 11:4772 12:25366 13:141789 14:824774 15:4932338 16:30085755 17:159247700 18:468886685 19:458652415 20:90993471 21:1427194 22:50 23:0 24:0
depth  0 by ncomp: 0:1
depth  1 by ncomp: 1:1
depth  2 by ncomp: 1:1 2:1
depth  3 by ncomp: 1:4 2:3 3:1
depth  4 by ncomp: 1:16 2:18 3:6 4:1
depth  5 by ncomp: 1:30 2:96 3:47 4:10 5:1
depth  6 by ncomp: 1:38 2:277 3:303 4:98 5:15 6:1
depth  7 by ncomp: 1:34 2:503 3:1226 4:792 5:188 6:21 7:1
depth  8 by ncomp: 1:11 2:751 3:3767 4:4589 5:1895 6:329 7:29
depth  9 by ncomp: 3:28 4:74 5:67 6:14 7:1
depth 10 by ncomp: 2:1 3:89 4:276 5:372 6:172 7:24
depth 11 by ncomp: 3:219 4:1073 5:1795 6:1318 7:367
depth 12 by ncomp: 3:435 4:3616 5:8613 6:8563 7:4139
depth 13 by ncomp: 3:808 4:10833 5:37211 6:53103 7:39834
depth 14 by ncomp: 3:1244 4:30071 5:148404 6:293503 7:351552
depth 15 by ncomp: 3:1719 4:72055 5:534624 6:1478144 7:2845796
depth 16 by ncomp: 3:1738 4:160765 5:1769825 6:6836879 7:21316548
depth 17 by ncomp: 3:1685 4:319174 5:5405315 6:29118436 7:124403090
depth 18 by ncomp: 3:1332 4:559041 5:15159600 6:114773530 7:338393182
depth 19 by ncomp: 3:833 4:861894 5:38711214 6:419078474
depth 20 by ncomp: 3:378 4:1178661 5:89814432
depth 21 by ncomp: 3:164 4:1427030
depth 22 by ncomp: 3:50
depth 23 by ncomp:
depth 24 by ncomp:
