n=25 nodes=707474361 nsol=0 time=7898.85
depth: 0:1 1:1 2:2 3:8 4:41 5:184 6:732 7:2765 8:11371 9:107 10:502 11:2577 12:14708 13:84565 14:507105 15:3152742 16:19840499 17:105534933 18:294769014 19:248189893 20:35092645 21:269956 22:10 23:0 24:0
depth  0 by ncomp: 0:1
depth  1 by ncomp: 1:1
depth  2 by ncomp: 1:1 2:1
depth  3 by ncomp: 1:4 2:3 3:1
depth  4 by ncomp: 1:16 2:18 3:6 4:1
depth  5 by ncomp: 1:30 2:96 3:47 4:10 5:1
depth  6 by ncomp: 1:38 2:277 3:303 4:98 5:15 6:1
depth  7 by ncomp: 1:34 2:503 3:1226 4:792 5:188 6:21 7:1
depth  8 by ncomp: 1:11 2:751 3:3767 4:4589 5:1895 6:329 7:29
depth  9 by ncomp: 3:29 4:37 5:32 6:8 7:1
depth 10 by ncomp: 3:58 4:154 5:176 6:97 7:17
depth 11 by ncomp: 3:85 4:561 5:938 6:753 7:240
depth 12 by ncomp: 3:148 4:1814 5:4719 6:5305 7:2722
depth 13 by ncomp: 3:205 4:4960 5:19626 6:32350 7:27424
depth 14 by ncomp: 3:245 4:12642 5:76099 6:176465 7:241654
depth 15 by ncomp: 3:205 4:28275 5:268860 6:876093 7:1979309
depth 16 by ncomp: 3:212 4:55357 5:869617 6:4018148 7:14897165
depth 17 by ncomp: 3:146 4:94047 5:2522143 6:16903590 7:86015007
depth 18 by ncomp: 3:103 4:145988 5:6657257 6:65291738 7:222673928
depth 19 by ncomp: 3:44 4:199636 5:15960529 6:232029684
depth 20 by ncomp: 3:37 4:244742 5:34847866
depth 21 by ncomp: 3:21 4:269935
depth 22 by ncomp: 3:10
depth 23 by ncomp:
depth 24 by ncomp:
