n=25 nodes=328614484 nsol=0 time=3657.48
depth: 0:1 1:1 2:2 3:8 4:41 5:184 6:732 7:2765 8:11371 9:50 10:220 11:1333 12:8233 13:49704 14:309727 15:1984137 16:12638097 17:63505230 18:147179986 19:89732924 20:12877127 21:312600 22:11 23:0 24:0
depth  0 by ncomp: 0:1
depth  1 by ncomp: 1:1
depth  2 by ncomp: 1:1 2:1
depth  3 by ncomp: 1:4 2:3 3:1
depth  4 by ncomp: 1:16 2:18 3:6 4:1
depth  5 by ncomp: 1:30 2:96 3:47 4:10 5:1
depth  6 by ncomp: 1:38 2:277 3:303 4:98 5:15 6:1
depth  7 by ncomp: 1:34 2:503 3:1226 4:792 5:188 6:21 7:1
depth  8 by ncomp: 1:11 2:751 3:3767 4:4589 5:1895 6:329 7:29
depth  9 by ncomp: 3:8 4:6 5:26 6:9 7:1
depth 10 by ncomp: 2:2 3:16 4:12 5:98 6:76 7:16
depth 11 by ncomp: 2:10 3:70 4:66 5:433 6:553 7:201
depth 12 by ncomp: 2:2 3:157 4:293 5:1746 6:3688 7:2347
depth 13 by ncomp: 2:7 3:342 4:1222 5:6390 6:19751 7:21992
depth 14 by ncomp: 2:5 3:464 4:3961 5:22198 6:96368 7:186731
depth 15 by ncomp: 2:2 3:722 4:12310 5:75935 6:431847 7:1463321
depth 16 by ncomp: 3:846 4:30365 5:246223 6:1783679 7:10576984
depth 17 by ncomp: 3:923 4:63161 5:754032 6:6876936 7:55810178
depth 18 by ncomp: 3:860 4:114789 5:2103476 6:24839520 7:120121341
depth 19 by ncomp: 3:507 4:184152 5:5388957 6:84159308
depth 20 by ncomp: 3:214 4:257314 5:12619599
depth 21 by ncomp: 3:68 4:312532
depth 22 by ncomp: 3:11
depth 23 by ncomp:
depth 24 by ncomp:
