n=25 nodes=952072143 nsol=0 time=9964.03
depth: 0:1 1:1 2:2 3:8 4:41 5:184 6:732 7:2765 8:11371 9:146 10:810 11:4247 12:23686 13:135110 14:801213 15:4951046 16:30814668 17:156369532 18:396964299 19:310887466 20:50574268 21:530540 22:7 23:0 24:0
depth  0 by ncomp: 0:1
depth  1 by ncomp: 1:1
depth  2 by ncomp: 1:1 2:1
depth  3 by ncomp: 1:4 2:3 3:1
depth  4 by ncomp: 1:16 2:18 3:6 4:1
depth  5 by ncomp: 1:30 2:96 3:47 4:10 5:1
depth  6 by ncomp: 1:38 2:277 3:303 4:98 5:15 6:1
depth  7 by ncomp: 1:34 2:503 3:1226 4:792 5:188 6:21 7:1
depth  8 by ncomp: 1:11 2:751 3:3767 4:4589 5:1895 6:329 7:29
depth  9 by ncomp: 2:2 3:41 4:28 5:56 6:17 7:2
depth 10 by ncomp: 2:2 3:106 4:147 5:317 6:202 7:36
depth 11 by ncomp: 2:6 3:246 4:698 5:1354 6:1440 7:503
depth 12 by ncomp: 2:6 3:448 4:2483 5:5908 6:9160 7:5681
depth 13 by ncomp: 3:670 4:7647 5:24455 6:49820 7:52518
depth 14 by ncomp: 3:837 4:20187 5:94472 6:250872 7:434845
depth 15 by ncomp: 3:949 4:46658 5:337541 6:1183741 7:3382157
depth 16 by ncomp: 3:910 4:98571 5:1112138 6:5208950 7:24394099
depth 17 by ncomp: 3:734 4:178980 5:3336223 6:21399821 7:131453774
depth 18 by ncomp: 3:446 4:286075 5:9080824 6:81493790 7:306103164
depth 19 by ncomp: 3:244 4:399661 5:22446251 6:288041310
depth 20 by ncomp: 3:118 4:490779 5:50083371
depth 21 by ncomp: 3:54 4:530486
depth 22 by ncomp: 3:7
depth 23 by ncomp:
depth 24 by ncomp:
