n=25 nodes=253527270 nsol=0 time=3055.40
depth: 0:1 1:1 2:2 3:8 4:41 5:184 6:732 7:2765 8:11371 9:40 10:164 11:822 12:4485 13:25029 14:143263 15:837575 16:5022281 17:27993573 18:95623764 19:105552615 20:18182033 21:126521 22:0 23:0 24:0
depth  0 by ncomp: 0:1
depth  1 by ncomp: 1:1
depth  2 by ncomp: 1:1 2:1
depth  3 by ncomp: 1:4 2:3 3:1
depth  4 by ncomp: 1:16 2:18 3:6 4:1
depth  5 by ncomp: 1:30 2:96 3:47 4:10 5:1
depth  6 by ncomp: 1:38 2:277 3:303 4:98 5:15 6:1
depth  7 by ncomp: 1:34 2:503 3:1226 4:792 5:188 6:21 7:1
depth  8 by ncomp: 1:11 2:751 3:3767 4:4589 5:1895 6:329 7:29
depth  9 by ncomp: 3:6 4:18 5:14 6:2
depth 10 by ncomp: 3:16 4:64 5:69 6:14 7:1
depth 11 by ncomp: 3:30 4:239 5:377 6:154 7:22
depth 12 by ncomp: 3:77 4:821 5:1887 6:1343 7:357
depth 13 by ncomp: 3:82 4:2333 5:8863 6:9505 7:4246
depth 14 by ncomp: 3:90 4:5714 5:35822 6:58679 7:42958
depth 15 by ncomp: 3:89 4:12937 5:127613 6:314190 7:382746
depth 16 by ncomp: 3:64 4:25547 5:416178 6:1514464 7:3066028
depth 17 by ncomp: 3:38 4:44991 5:1225023 6:6627547 7:20095974
depth 18 by ncomp: 3:15 4:71536 5:3302157 6:26494283 7:65755773
depth 19 by ncomp: 3:6 4:98063 5:8089893 6:97364653
depth 20 by ncomp: 3:1 4:117433 5:18064599
depth 21 by ncomp: 4:126521
depth 22 by ncomp:
depth 23 by ncomp:
depth 24 by ncomp:
