n=25 nodes=310478715 nsol=0 time=3485.71
depth: 0:1 1:1 2:2 3:8 4:41 5:184 6:732 7:2765 8:11371 9:45 10:220 11:1055 12:5627 13:30339 14:169276 15:977301 16:5819562 17:32458377 18:114439288 19:133178825 20:23240396 21:143299 22:0 23:0 24:0
depth  0 by ncomp: 0:1
depth  1 by ncomp: 1:1
depth  2 by ncomp: 1:1 2:1
depth  3 by ncomp: 1:4 2:3 3:1
depth  4 by ncomp: 1:16 2:18 3:6 4:1
depth  5 by ncomp: 1:30 2:96 3:47 4:10 5:1
depth  6 by ncomp: 1:38 2:277 3:303 4:98 5:15 6:1
depth  7 by ncomp: 1:34 2:503 3:1226 4:792 5:188 6:21 7:1
depth  8 by ncomp: 1:11 2:751 3:3767 4:4589 5:1895 6:329 7:29
depth  9 by ncomp: 3:14 4:21 5:9 6:1
depth 10 by ncomp: 3:25 4:106 5:73 6:15 7:1
depth 11 by ncomp: 3:42 4:372 5:454 6:165 7:22
depth 12 by ncomp: 3:70 4:1197 5:2536 6:1476 7:348
depth 13 by ncomp: 3:81 4:3256 5:11629 6:10967 7:4406
depth 14 by ncomp: 3:94 4:7852 5:46986 6:68576 7:45768
depth 15 by ncomp: 3:91 4:17077 5:169625 6:375339 7:415169
depth 16 by ncomp: 3:55 4:32626 5:552478 6:1847110 7:3387293
depth 17 by ncomp: 3:35 4:56165 5:1624377 6:8192276 7:22585524
depth 18 by ncomp: 3:17 4:85861 5:4349215 6:33174927 7:76829268
depth 19 by ncomp: 3:10 4:114606 5:10524071 6:122540138
depth 20 by ncomp: 3:3 4:136484 5:23103909
depth 21 by ncomp: 4:143299
depth 22 by ncomp:
depth 23 by ncomp:
depth 24 by ncomp:
