n=25 nodes=1322449951 nsol=0 time=14665.73
depth: 0:1 1:1 2:2 3:8 4:41 5:184 6:732 7:2765 8:11371 9:153 10:826 11:4432 12:24391 13:134663 14:762791 15:4454851 16:26586300 17:147946927 18:508636955 19:548755661 20:84605971 21:520920 22:5 23:0 24:0
depth  0 by ncomp: 0:1
depth  1 by ncomp: 1:1
depth  2 by ncomp: 1:1 2:1
depth  3 by ncomp: 1:4 2:3 3:1
depth  4 by ncomp: 1:16 2:18 3:6 4:1
depth  5 by ncomp: 1:30 2:96 3:47 4:10 5:1
depth  6 by ncomp: 1:38 2:277 3:303 4:98 5:15 6:1
depth  7 by ncomp: 1:34 2:503 3:1226 4:792 5:188 6:21 7:1
depth  8 by ncomp: 1:11 2:751 3:3767 4:4589 5:1895 6:329 7:29
depth  9 by ncomp: 3:13 4:94 5:41 6:5
depth 10 by ncomp: 3:33 4:376 5:341 6:71 7:5
depth 11 by ncomp: 3:67 4:1311 5:2124 6:818 7:112
depth 12 by ncomp: 3:108 4:4148 5:11186 6:7167 7:1782
depth 13 by ncomp: 3:170 4:10991 5:49812 6:51730 7:21960
depth 14 by ncomp: 3:215 4:25775 5:196563 6:317081 7:223157
depth 15 by ncomp: 3:229 4:53575 5:686769 6:1712312 7:2001966
depth 16 by ncomp: 3:189 4:102940 5:2159952 6:8196269 7:16126950
depth 17 by ncomp: 3:149 4:179361 5:6225163 6:35645580 7:105896674
depth 18 by ncomp: 3:106 4:280906 5:16302054 6:141154546 7:350899343
depth 19 by ncomp: 3:60 4:386852 5:38770764 6:509597985
depth 20 by ncomp: 3:19 4:475930 5:84130022
depth 21 by ncomp: 3:9 4:520911
depth 22 by ncomp: 3:5
depth 23 by ncomp:
depth 24 by ncomp:
