n=25 nodes=198713461 nsol=0 time=1671.76
depth: 0:1 1:1 2:2 3:8 4:41 5:184 6:732 7:2765 8:11371 9:38 10:151 11:680 12:3380 13:17238 14:89093 15:476271 16:2646852 17:14804817 18:60882667 19:95153359 20:24367328 21:256478 22:4 23:0 24:0
depth  0 by ncomp: 0:1
depth  1 by ncomp: 1:1
depth  2 by ncomp: 1:1 2:1
depth  3 by ncomp: 1:4 2:3 3:1
depth  4 by ncomp: 1:16 2:18 3:6 4:1
depth  5 by ncomp: 1:30 2:96 3:47 4:10 5:1
depth  6 by ncomp: 1:38 2:277 3:303 4:98 5:15 6:1
depth  7 by ncomp: 1:34 2:503 3:1226 4:792 5:188 6:21 7:1
depth  8 by ncomp: 1:11 2:751 3:3767 4:4589 5:1895 6:329 7:29
depth  9 by ncomp: 3:19 4:17 5:2
depth 10 by ncomp: 3:41 4:83 5:25 6:2
depth 11 by ncomp: 3:94 4:349 5:201 6:34 7:2
depth 12 by ncomp: 3:147 4:1342 5:1415 6:426 7:50
depth 13 by ncomp: 3:224 4:4134 5:7908 6:4109 7:863
depth 14 by ncomp: 3:293 4:10835 5:35997 6:30834 7:11134
depth 15 by ncomp: 3:280 4:25024 5:141431 6:192223 7:117313
depth 16 by ncomp: 3:219 4:50255 5:494495 6:1044307 7:1057576
depth 17 by ncomp: 3:167 4:90365 5:1546434 6:5068329 7:8099522
depth 18 by ncomp: 3:103 4:143487 5:4308528 6:21780898 7:34649651
depth 19 by ncomp: 3:58 4:196698 5:10742902 6:84213701
depth 20 by ncomp: 3:32 4:237982 5:24129314
depth 21 by ncomp: 3:13 4:256465
depth 22 by ncomp: 3:4
depth 23 by ncomp:
depth 24 by ncomp:
