n=25 nodes=378211688 nsol=0 time=3626.84
depth: 0:1 1:1 2:2 3:8 4:41 5:184 6:732 7:2765 8:11371 9:110 10:409 11:1708 12:8202 13:42995 14:236013 15:1362573 16:7997789 17:43346492 18:142632459 19:154094801 20:28204086 21:268946 22:0 23:0 24:0
depth  0 by ncomp: 0:1
depth  1 by ncomp: 1:1
depth  2 by ncomp: 1:1 2:1
depth  3 by ncomp: 1:4 2:3 3:1
depth  4 by ncomp: 1:16 2:18 3:6 4:1
depth  5 by ncomp: 1:30 2:96 3:47 4:10 5:1
depth  6 by ncomp: 1:38 2:277 3:303 4:98 5:15 6:1
depth  7 by ncomp: 1:34 2:503 3:1226 4:792 5:188 6:21 7:1
depth  8 by ncomp: 1:11 2:751 3:3767 4:4589 5:1895 6:329 7:29
depth  9 by ncomp: 2:5 3:26 4:38 5:36 6:5
depth 10 by ncomp: 2:1 3:68 4:135 5:148 6:52 7:5
depth 11 by ncomp: 3:134 4:472 5:698 6:332 7:72
depth 12 by ncomp: 3:242 4:1649 5:3269 6:2320 7:722
depth 13 by ncomp: 3:346 4:4758 5:14733 6:15626 7:7532
depth 14 by ncomp: 3:464 4:11894 5:58076 6:93207 7:72372
depth 15 by ncomp: 3:545 4:28351 5:208948 6:490848 7:633881
depth 16 by ncomp: 3:400 4:57198 5:675789 6:2321044 7:4943358
depth 17 by ncomp: 3:269 4:101329 5:1986626 6:9955500 7:31302768
depth 18 by ncomp: 3:176 4:156445 5:5290381 6:39131639 7:98053818
depth 19 by ncomp: 3:74 4:214474 5:12773524 6:141106729
depth 20 by ncomp: 3:12 4:256431 5:27947643
depth 21 by ncomp: 3:4 4:268942
depth 22 by ncomp:
depth 23 by ncomp:
depth 24 by ncomp:
