n=25 nodes=823748989 nsol=0 time=8024.79
depth: 0:1 1:1 2:2 3:8 4:41 5:184 6:732 7:2765 8:11371 9:124 10:631 11:3371 12:17408 13:95412 14:539125 15:3148539 16:18811021 17:103141795 18:335279283 19:322308191 20:40172348 21:216636 22:0 23:0 24:0
depth  0 by ncomp: 0:1
depth  1 by ncomp: 1:1
depth  2 by ncomp: 1:1 2:1
depth  3 by ncomp: 1:4 2:3 3:1
depth  4 by ncomp: 1:16 2:18 3:6 4:1
depth  5 by ncomp: 1:30 2:96 3:47 4:10 5:1
depth  6 by ncomp: 1:38 2:277 3:303 4:98 5:15 6:1
depth  7 by ncomp: 1:34 2:503 3:1226 4:792 5:188 6:21 7:1
depth  8 by ncomp: 1:11 2:751 3:3767 4:4589 5:1895 6:329 7:29
depth  9 by ncomp: 2:8 3:8 4:70 5:34 6:4
depth 10 by ncomp: 2:1 3:31 4:271 5:267 6:57 7:4
depth 11 by ncomp: 2:2 3:66 4:895 5:1670 6:648 7:90
depth 12 by ncomp: 3:112 4:2442 5:7946 6:5516 7:1392
depth 13 by ncomp: 3:196 4:6212 5:33960 6:38300 7:16744
depth 14 by ncomp: 3:274 4:13411 5:126420 6:229550 7:169470
depth 15 by ncomp: 3:247 4:26995 5:418762 6:1196510 7:1506025
depth 16 by ncomp: 3:237 4:48703 5:1247850 6:5521915 7:11992316
depth 17 by ncomp: 3:211 4:79458 5:3379028 6:22921998 7:76761100
depth 18 by ncomp: 3:113 4:119954 5:8395140 6:86889835 7:239874241
depth 19 by ncomp: 3:65 4:162069 5:19197582 6:302948475
depth 20 by ncomp: 3:27 4:199830 5:39972491
depth 21 by ncomp: 3:6 4:216630
depth 22 by ncomp:
depth 23 by ncomp:
depth 24 by ncomp:
