n=25 nodes=931467934 nsol=0 time=10549.33
depth: 0:1 1:1 2:2 3:8 4:41 5:184 6:732 7:2765 8:11371 9:125 10:616 11:3455 12:20175 13:121498 14:748359 15:4723755 16:29933192 17:155366225 18:404508505 19:301853320 20:34000510 21:173094 22:0 23:0 24:0
depth  0 by ncomp: 0:1
depth  1 by ncomp: 1:1
depth  2 by ncomp: 1:1 2:1
depth  3 by ncomp: 1:4 2:3 3:1
depth  4 by ncomp: 1:16 2:18 3:6 4:1
depth  5 by ncomp: 1:30 2:96 3:47 4:10 5:1
depth  6 by ncomp: 1:38 2:277 3:303 4:98 5:15 6:1
depth  7 by ncomp: 1:34 2:503 3:1226 4:792 5:188 6:21 7:1
depth  8 by ncomp: 1:11 2:751 3:3767 4:4589 5:1895 6:329 7:29
depth  9 by ncomp: 2:1 3:25 4:33 5:46 6:18 7:2
depth 10 by ncomp: 3:43 4:131 5:252 6:159 7:31
depth 11 by ncomp: 3:74 4:473 5:1223 6:1252 7:433
depth 12 by ncomp: 3:104 4:1524 5:5446 6:8207 7:4894
depth 13 by ncomp: 3:126 4:4161 5:22825 6:47192 7:47194
depth 14 by ncomp: 3:104 4:10371 5:85859 6:247190 7:404835
depth 15 by ncomp: 3:86 4:21418 5:294926 6:1185109 7:3222216
depth 16 by ncomp: 3:90 4:40096 5:919102 6:5276641 7:23697263
depth 17 by ncomp: 3:61 4:67324 5:2620054 6:21625522 7:131053264
depth 18 by ncomp: 3:31 4:98597 5:6762178 6:81874406 7:315773293
depth 19 by ncomp: 3:18 4:132524 5:15825319 6:285895459
depth 20 by ncomp: 3:6 4:159730 5:33840774
depth 21 by ncomp: 3:5 4:173089
depth 22 by ncomp:
depth 23 by ncomp:
depth 24 by ncomp:
