n=25 nodes=550907613 nsol=0 time=5387.76
depth: 0:1 1:1 2:2 3:8 4:41 5:184 6:732 7:2765 8:11371 9:77 10:430 11:2158 12:12543 13:75546 14:453670 15:2799549 16:17492318 17:90637516 18:240422327 19:179557805 20:19343578 21:94991 22:0 23:0 24:0
depth  0 by ncomp: 0:1
depth  1 by ncomp: 1:1
depth  2 by ncomp: 1:1 2:1
depth  3 by ncomp: 1:4 2:3 3:1
depth  4 by ncomp: 1:16 2:18 3:6 4:1
depth  5 by ncomp: 1:30 2:96 3:47 4:10 5:1
depth  6 by ncomp: 1:38 2:277 3:303 4:98 5:15 6:1
depth  7 by ncomp: 1:34 2:503 3:1226 4:792 5:188 6:21 7:1
depth  8 by ncomp: 1:11 2:751 3:3767 4:4589 5:1895 6:329 7:29
depth  9 by ncomp: 3:2 4:28 5:36 6:10 7:1
depth 10 by ncomp: 3:3 4:102 5:202 6:105 7:18
depth 11 by ncomp: 3:1 4:326 5:872 6:725 7:234
depth 12 by ncomp: 3:13 4:976 5:4123 6:4899 7:2532
depth 13 by ncomp: 3:31 4:2763 5:16873 6:30351 7:25528
depth 14 by ncomp: 3:30 4:6075 5:60699 6:159235 7:227631
depth 15 by ncomp: 3:40 4:11647 5:194854 6:764967 7:1828041
depth 16 by ncomp: 3:17 4:20899 5:583431 6:3334720 7:13553251
depth 17 by ncomp: 3:7 4:34478 5:1595158 6:13427194 7:75580679
depth 18 by ncomp: 3:5 4:50414 5:3982618 6:49773835 7:186615455
depth 19 by ncomp: 3:9 4:68471 5:9131196 6:170358129
depth 20 by ncomp: 3:6 4:84293 5:19259279
depth 21 by ncomp: 3:3 4:94988
depth 22 by ncomp:
depth 23 by ncomp:
depth 24 by ncomp:
