n=25 nodes=813554471 nsol=0 time=7847.22
depth: 0:1 1:1 2:2 3:8 4:41 5:184 6:732 7:2765 8:11371 9:84 10:514 11:2669 12:14747 13:82624 14:474945 15:2834649 16:17226527 17:97158390 18:326040329 19:327471347 20:42076700 21:155841 22:0 23:0 24:0
depth  0 by ncomp: 0:1
depth  1 by ncomp: 1:1
depth  2 by ncomp: 1:1 2:1
depth  3 by ncomp: 1:4 2:3 3:1
depth  4 by ncomp: 1:16 2:18 3:6 4:1
depth  5 by ncomp: 1:30 2:96 3:47 4:10 5:1
depth  6 by ncomp: 1:38 2:277 3:303 4:98 5:15 6:1
depth  7 by ncomp: 1:34 2:503 3:1226 4:792 5:188 6:21 7:1
depth  8 by ncomp: 1:11 2:751 3:3767 4:4589 5:1895 6:329 7:29
depth  9 by ncomp: 1:1 2:1 3:3 4:48 5:27 6:4
depth 10 by ncomp: 2:1 3:12 4:216 5:229 6:52 7:4
depth 11 by ncomp: 3:14 4:638 5:1355 6:577 7:85
depth 12 by ncomp: 3:24 4:1905 5:6736 6:4812 7:1270
depth 13 by ncomp: 3:59 4:4858 5:28800 6:33742 7:15165
depth 14 by ncomp: 3:61 4:11114 5:110207 6:201601 7:151962
depth 15 by ncomp: 3:63 4:22602 5:380041 6:1072928 7:1359015
depth 16 by ncomp: 3:30 4:41809 5:1179239 6:5105839 7:10899610
depth 17 by ncomp: 3:38 4:68153 5:3317404 6:22021537 7:71751258
depth 18 by ncomp: 3:9 4:100868 5:8470027 6:86014341 7:231455084
depth 19 by ncomp: 3:1 4:130535 5:19718249 6:307622562
depth 20 by ncomp: 4:152742 5:41923958
depth 21 by ncomp: 4:155841
depth 22 by ncomp:
depth 23 by ncomp:
depth 24 by ncomp:
