n=25 nodes=306990101 nsol=0 time=3310.60
depth: 0:1 1:1 2:2 3:8 4:41 5:184 6:732 7:2765 8:11371 9:71 10:266 11:1336 12:7063 13:38810 14:217486 15:1284752 16:7715499 17:41993032 18:129932720 19:114070325 20:11687517 21:26119 22:0 23:0 24:0
depth  0 by ncomp: 0:1
depth  1 by ncomp: 1:1
depth  2 by ncomp: 1:1 2:1
depth  3 by ncomp: 1:4 2:3 3:1
depth  4 by ncomp: 1:16 2:18 3:6 4:1
depth  5 by ncomp: 1:30 2:96 3:47 4:10 5:1
depth  6 by ncomp: 1:38 2:277 3:303 4:98 5:15 6:1
depth  7 by ncomp: 1:34 2:503 3:1226 4:792 5:188 6:21 7:1
depth  8 by ncomp: 1:11 2:751 3:3767 4:4589 5:1895 6:329 7:29
depth  9 by ncomp: 3:1 4:39 5:28 6:3
depth 10 by ncomp: 4:84 5:138 6:41 7:3
depth 11 by ncomp: 4:255 5:693 6:329 7:59
depth 12 by ncomp: 4:640 5:3118 6:2556 7:749
depth 13 by ncomp: 4:1345 5:12292 6:16794 7:8379
depth 14 by ncomp: 4:2840 5:42650 6:93306 7:78690
depth 15 by ncomp: 4:5422 5:138020 6:467589 7:673721
depth 16 by ncomp: 4:9193 5:398275 6:2092312 7:5215719
depth 17 by ncomp: 4:13966 5:1055566 6:8480191 7:32443309
depth 18 by ncomp: 4:18960 5:2562151 6:31508741 7:95842868
depth 19 by ncomp: 4:23042 5:5724653 6:108322630
depth 20 by ncomp: 4:25841 5:11661676
depth 21 by ncomp: 4:26119
depth 22 by ncomp:
depth 23 by ncomp:
depth 24 by ncomp:
