n=25 nodes=893036725 nsol=0 time=8544.71
depth: 0:1 1:1 2:2 3:8 4:41 5:184 6:732 7:2765 8:11371 9:116 10:652 11:3683 12:19688 13:112658 14:668171 15:4110626 16:25518584 17:134160641 18:376433862 19:313220325 20:38569583 21:203027 22:4 23:0 24:0
depth  0 by ncomp: 0:1
depth  1 by ncomp: 1:1
depth  2 by ncomp: 1:1 2:1
depth  3 by ncomp: 1:4 2:3 3:1
depth  4 by ncomp: 1:16 2:18 3:6 4:1
depth  5 by ncomp: 1:30 2:96 3:47 4:10 5:1
depth  6 by ncomp: 1:38 2:277 3:303 4:98 5:15 6:1
depth  7 by ncomp: 1:34 2:503 3:1226 4:792 5:188 6:21 7:1
depth  8 by ncomp: 1:11 2:751 3:3767 4:4589 5:1895 6:329 7:29
depth  9 by ncomp: 3:12 4:41 5:50 6:12 7:1
depth 10 by ncomp: 3:27 4:160 5:295 6:148 7:22
depth 11 by ncomp: 3:61 4:626 5:1480 6:1176 7:340
depth 12 by ncomp: 3:96 4:1885 5:6392 6:7491 7:3824
depth 13 by ncomp: 3:165 4:5184 5:26818 6:44176 7:36315
depth 14 by ncomp: 3:197 4:12468 5:102271 6:239254 7:313981
depth 15 by ncomp: 3:174 4:27107 5:352828 6:1189678 7:2540839
depth 16 by ncomp: 3:132 4:49562 5:1089716 6:5382943 7:18996231
depth 17 by ncomp: 3:58 4:83208 5:3066491 6:22238280 7:108772604
depth 18 by ncomp: 3:40 4:121907 5:7814840 6:84489916 7:284007159
depth 19 by ncomp: 3:20 4:161719 5:18125272 6:294933314
depth 20 by ncomp: 3:13 4:191271 5:38378299
depth 21 by ncomp: 3:3 4:203024
depth 22 by ncomp: 3:4
depth 23 by ncomp:
depth 24 by ncomp:
