n=25 nodes=515778416 nsol=0 time=7320.81
depth: 0:1 1:1 2:2 3:8 4:41 5:184 6:732 7:2765 8:11371 9:57 10:296 11:1537 12:9287 13:59419 14:377172 15:2404213 16:15268671 17:79744421 18:214277890 19:177020428 20:26411250 21:188669 22:1 23:0 24:0
depth  0 by ncomp: 0:1
depth  1 by ncomp: 1:1
depth  2 by ncomp: 1:1 2:1
depth  3 by ncomp: 1:4 2:3 3:1
depth  4 by ncomp: 1:16 2:18 3:6 4:1
depth  5 by ncomp: 1:30 2:96 3:47 4:10 5:1
depth  6 by ncomp: 1:38 2:277 3:303 4:98 5:15 6:1
depth  7 by ncomp: 1:34 2:503 3:1226 4:792 5:188 6:21 7:1
depth  8 by ncomp: 1:11 2:751 3:3767 4:4589 5:1895 6:329 7:29
depth  9 by ncomp: 3:1 4:16 5:29 6:10 7:1
depth 10 by ncomp: 3:7 4:49 5:134 6:89 7:17
depth 11 by ncomp: 3:8 4:170 5:556 6:588 7:215
depth 12 by ncomp: 3:53 4:633 5:2642 6:3743 7:2216
depth 13 by ncomp: 3:99 4:2297 5:11787 6:23244 7:21992
depth 14 by ncomp: 3:155 4:6642 5:46474 6:126428 7:197473
depth 15 by ncomp: 3:197 4:16239 5:168494 6:620870 7:1598413
depth 16 by ncomp: 3:121 4:33948 5:556044 6:2813332 7:11865226
depth 17 by ncomp: 3:119 4:61978 5:1665495 6:11766190 7:66250639
depth 18 by ncomp: 3:76 4:104588 5:4583309 6:45717891 7:163872026
depth 19 by ncomp: 3:37 4:151760 5:11549059 6:165319572
depth 20 by ncomp: 3:20 4:182359 5:26228871
depth 21 by ncomp: 3:7 4:188662
depth 22 by ncomp: 3:1
depth 23 by ncomp:
depth 24 by ncomp:
