n=25 nodes=662601817 nsol=0 time=7370.60
depth: 0:1 1:1 2:2 3:8 4:41 5:184 6:732 7:2765 8:11371 9:67 10:408 11:2306 12:14065 13:84290 14:520662 15:3302892 16:20985382 17:111477700 18:299015640 19:210035445 20:17116359 21:31496 22:0 23:0 24:0
depth  0 by ncomp: 0:1
depth  1 by ncomp: 1:1
depth  2 by ncomp: 1:1 2:1
depth  3 by ncomp: 1:4 2:3 3:1
depth  4 by ncomp: 1:16 2:18 3:6 4:1
depth  5 by ncomp: 1:30 2:96 3:47 4:10 5:1
depth  6 by ncomp: 1:38 2:277 3:303 4:98 5:15 6:1
depth  7 by ncomp: 1:34 2:503 3:1226 4:792 5:188 6:21 7:1
depth  8 by ncomp: 1:11 2:751 3:3767 4:4589 5:1895 6:329 7:29
depth  9 by ncomp: 3:5 4:25 5:28 6:8 7:1
depth 10 by ncomp: 3:1 4:100 5:202 6:89 7:16
depth 11 by ncomp: 4:310 5:955 6:805 7:236
depth 12 by ncomp: 4:742 5:4584 6:5856 7:2883
depth 13 by ncomp: 4:1854 5:17920 6:35268 7:29248
depth 14 by ncomp: 4:3758 5:63257 6:189799 7:263848
depth 15 by ncomp: 4:6817 5:202746 6:917266 7:2176063
depth 16 by ncomp: 4:11128 5:585405 6:4018802 7:16370047
depth 17 by ncomp: 4:17244 5:1552813 6:16108613 7:93799030
depth 18 by ncomp: 4:23388 5:3768636 6:59393638 7:235829978
depth 19 by ncomp: 4:28725 5:8358646 6:201648074
depth 20 by ncomp: 4:31714 5:17084645
depth 21 by ncomp: 4:31496
depth 22 by ncomp:
depth 23 by ncomp:
depth 24 by ncomp:
