n=25 nodes=676935990 nsol=0 time=6822.39
depth: 0:1 1:1 2:2 3:8 4:41 5:184 6:732 7:2765 8:11371 9:111 10:578 11:3202 12:16831 13:96328 14:572374 15:3521683 16:21760922 17:112107408 18:292568141 19:218531523 20:27504002 21:237782 22:0 23:0 24:0
depth  0 by ncomp: 0:1
depth  1 by ncomp: 1:1
depth  2 by ncomp: 1:1 2:1
depth  3 by ncomp: 1:4 2:3 3:1
depth  4 by ncomp: 1:16 2:18 3:6 4:1
depth  5 by ncomp: 1:30 2:96 3:47 4:10 5:1
depth  6 by ncomp: 1:38 2:277 3:303 4:98 5:15 6:1
depth  7 by ncomp: 1:34 2:503 3:1226 4:792 5:188 6:21 7:1
depth  8 by ncomp: 1:11 2:751 3:3767 4:4589 5:1895 6:329 7:29
depth  9 by ncomp: 3:18 4:38 5:43 6:11 7:1
depth 10 by ncomp: 3:42 4:140 5:255 6:122 7:19
depth 11 by ncomp: 3:113 4:492 5:1264 6:1045 7:288
depth 12 by ncomp: 3:147 4:1242 5:5049 6:6925 7:3468
depth 13 by ncomp: 3:233 4:3819 5:19442 6:38918 7:33916
depth 14 by ncomp: 3:397 4:10033 5:71235 6:199606 7:291103
depth 15 by ncomp: 3:388 4:23044 5:237380 6:939907 7:2320964
depth 16 by ncomp: 3:436 4:45934 5:720637 6:4043307 7:16950608
depth 17 by ncomp: 3:336 4:79798 5:2026592 6:16100846 7:93899836
depth 18 by ncomp: 3:222 4:127814 5:5280734 6:59655203 7:227504168
depth 19 by ncomp: 3:96 4:181489 5:12601775 6:205748163
depth 20 by ncomp: 3:28 4:221758 5:27282216
depth 21 by ncomp: 3:10 4:237772
depth 22 by ncomp:
depth 23 by ncomp:
depth 24 by ncomp:
