n=25 nodes=946931058 nsol=0 time=12279.34
depth: 0:1 1:1 2:2 3:8 4:41 5:184 6:732 7:2765 8:11371 9:175 10:831 11:4141 12:21866 13:122740 14:719238 15:4350607 16:26739304 17:140518097 18:395154863 19:332361122 20:46513391 21:409574 22:4 23:0 24:0
depth  0 by ncomp: 0:1
depth  1 by ncomp: 1:1
depth  2 by ncomp: 1:1 2:1
depth  3 by ncomp: 1:4 2:3 3:1
depth  4 by ncomp: 1:16 2:18 3:6 4:1
depth  5 by ncomp: 1:30 2:96 3:47 4:10 5:1
depth  6 by ncomp: 1:38 2:277 3:303 4:98 5:15 6:1
depth  7 by ncomp: 1:34 2:503 3:1226 4:792 5:188 6:21 7:1
depth  8 by ncomp: 1:11 2:751 3:3767 4:4589 5:1895 6:329 7:29
depth  9 by ncomp: 2:4 3:30 4:81 5:48 6:11 7:1
depth 10 by ncomp: 2:4 3:66 4:280 5:331 6:131 7:19
depth 11 by ncomp: 2:1 3:113 4:851 5:1751 6:1132 7:293
depth 12 by ncomp: 3:226 4:2406 5:7772 6:7901 7:3561
depth 13 by ncomp: 3:377 4:6266 5:31370 6:48502 7:36225
depth 14 by ncomp: 3:531 4:15054 5:115501 6:264544 7:323608
depth 15 by ncomp: 3:638 4:34165 5:384247 6:1290941 7:2640616
depth 16 by ncomp: 3:580 4:71686 5:1190304 6:5749564 7:19727170
depth 17 by ncomp: 3:447 4:130921 5:3377561 6:23550269 7:113458899
depth 18 by ncomp: 3:220 4:210449 5:8810419 6:89009212 7:297124563
depth 19 by ncomp: 3:121 4:301878 5:21059505 6:310999618
depth 20 by ncomp: 3:39 4:377173 5:46136179
depth 21 by ncomp: 3:12 4:409562
depth 22 by ncomp: 3:4
depth 23 by ncomp:
depth 24 by ncomp:
