n=25 nodes=486265819 nsol=0 time=7021.70
depth: 0:1 1:1 2:2 3:8 4:41 5:184 6:732 7:2765 8:11371 9:76 10:374 11:1853 12:9841 13:53414 14:292525 15:1676409 16:9888622 17:54318753 18:183791285 19:200126206 20:35700071 21:391281 22:4 23:0 24:0
depth  0 by ncomp: 0:1
depth  1 by ncomp: 1:1
depth  2 by ncomp: 1:1 2:1
depth  3 by ncomp: 1:4 2:3 3:1
depth  4 by ncomp: 1:16 2:18 3:6 4:1
depth  5 by ncomp: 1:30 2:96 3:47 4:10 5:1
depth  6 by ncomp: 1:38 2:277 3:303 4:98 5:15 6:1
depth  7 by ncomp: 1:34 2:503 3:1226 4:792 5:188 6:21 7:1
depth  8 by ncomp: 1:11 2:751 3:3767 4:4589 5:1895 6:329 7:29
depth  9 by ncomp: 2:1 3:19 4:37 5:17 6:2
depth 10 by ncomp: 3:56 4:165 5:124 6:27 7:2
depth 11 by ncomp: 3:118 4:619 5:775 6:298 7:43
depth 12 by ncomp: 3:284 4:2055 5:4222 6:2623 7:657
depth 13 by ncomp: 3:523 4:5912 5:19584 6:19269 7:8126
depth 14 by ncomp: 3:655 4:14656 5:76545 6:117815 7:82854
depth 15 by ncomp: 3:676 4:33956 5:272328 6:630166 7:739283
depth 16 by ncomp: 3:594 4:68539 5:872247 6:3014364 7:5932878
depth 17 by ncomp: 3:536 4:125230 5:2528324 6:13015599 7:38649064
depth 18 by ncomp: 3:235 4:201569 5:6687986 6:51114898 7:125786597
depth 19 by ncomp: 3:118 4:285008 5:16096123 6:183744957
depth 20 by ncomp: 3:34 4:355173 5:35344864
depth 21 by ncomp: 3:11 4:391270
depth 22 by ncomp: 3:4
depth 23 by ncomp:
depth 24 by ncomp:
