n=25 nodes=970157193 nsol=0 time=9686.36
depth: 0:1 1:1 2:2 3:8 4:41 5:184 6:732 7:2765 8:11371 9:191 10:855 11:4160 12:20658 13:109809 14:605713 15:3460131 16:20228119 17:110972909 18:375692872 19:399579447 20:59175602 21:291622 22:0 23:0 24:0
depth  0 by ncomp: 0:1
depth  1 by ncomp: 1:1
depth  2 by ncomp: 1:1 2:1
depth  3 by ncomp: 1:4 2:3 3:1
depth  4 by ncomp: 1:16 2:18 3:6 4:1
depth  5 by ncomp: 1:30 2:96 3:47 4:10 5:1
depth  6 by ncomp: 1:38 2:277 3:303 4:98 5:15 6:1
depth  7 by ncomp: 1:34 2:503 3:1226 4:792 5:188 6:21 7:1
depth  8 by ncomp: 1:11 2:751 3:3767 4:4589 5:1895 6:329 7:29
depth  9 by ncomp: 3:24 4:112 5:50 6:5
depth 10 by ncomp: 3:49 4:403 5:325 6:73 7:5
depth 11 by ncomp: 3:130 4:1343 5:1901 6:691 7:95
depth 12 by ncomp: 3:152 4:3837 5:9487 6:5782 7:1400
depth 13 by ncomp: 3:146 4:9842 5:42204 6:41084 7:16533
depth 14 by ncomp: 3:162 4:22304 5:162277 6:251979 7:168991
depth 15 by ncomp: 3:145 4:43908 5:557214 6:1348502 7:1510362
depth 16 by ncomp: 3:109 4:79191 5:1696450 6:6359789 7:12092580
depth 17 by ncomp: 3:67 4:129202 5:4733921 6:27106120 7:79003599
depth 18 by ncomp: 3:20 4:185990 5:12009010 6:104830861 7:258666991
depth 19 by ncomp: 3:8 4:240490 5:27793054 6:371545895
depth 20 by ncomp: 4:280799 5:58894803
depth 21 by ncomp: 3:2 4:291620
depth 22 by ncomp:
depth 23 by ncomp:
depth 24 by ncomp:
