n=25 nodes=279128729 nsol=0 time=2720.36
depth: 0:1 1:1 2:2 3:8 4:41 5:184 6:732 7:2765 8:11371 9:65 10:250 11:1219 12:6139 13:32000 14:174745 15:986853 16:5748262 17:31334586 18:106438262 19:116257272 20:18047105 21:86866 22:0 23:0 24:0
depth  0 by ncomp: 0:1
depth  1 by ncomp: 1:1
depth  2 by ncomp: 1:1 2:1
depth  3 by ncomp: 1:4 2:3 3:1
depth  4 by ncomp: 1:16 2:18 3:6 4:1
depth  5 by ncomp: 1:30 2:96 3:47 4:10 5:1
depth  6 by ncomp: 1:38 2:277 3:303 4:98 5:15 6:1
depth  7 by ncomp: 1:34 2:503 3:1226 4:792 5:188 6:21 7:1
depth  8 by ncomp: 1:11 2:751 3:3767 4:4589 5:1895 6:329 7:29
depth  9 by ncomp: 3:18 4:29 5:16 6:2
depth 10 by ncomp: 3:22 4:124 5:81 6:21 7:2
depth 11 by ncomp: 3:41 4:458 5:516 6:180 7:24
depth 12 by ncomp: 3:54 4:1306 5:2790 6:1608 7:381
depth 13 by ncomp: 3:44 4:3289 5:12374 6:11605 7:4688
depth 14 by ncomp: 3:47 4:7349 5:47672 6:71384 7:48293
depth 15 by ncomp: 3:42 4:14743 5:164751 6:378886 7:428431
depth 16 by ncomp: 3:26 4:26693 5:511364 6:1798368 7:3411811
depth 17 by ncomp: 3:15 4:42030 5:1437378 6:7712380 7:22142783
depth 18 by ncomp: 3:9 4:58037 5:3657226 6:30121269 7:72601721
depth 19 by ncomp: 3:5 4:73734 5:8482254 6:107701279
depth 20 by ncomp: 3:7 4:83880 5:17963218
depth 21 by ncomp: 3:3 4:86863
depth 22 by ncomp:
depth 23 by ncomp:
depth 24 by ncomp:
