n=25 nodes=704758883 nsol=0 time=10307.31
depth: 0:1 1:1 2:2 3:8 4:41 5:184 6:732 7:2765 8:11371 9:105 10:522 11:2533 12:15078 13:88828 14:528362 15:3257993 16:20287420 17:105752577 18:289430760 19:243652414 20:40884616 21:842290 22:280 23:0 24:0
depth  0 by ncomp: 0:1
depth  1 by ncomp: 1:1
depth  2 by ncomp: 1:1 2:1
depth  3 by ncomp: 1:4 2:3 3:1
depth  4 by ncomp: 1:16 2:18 3:6 4:1
depth  5 by ncomp: 1:30 2:96 3:47 4:10 5:1
depth  6 by ncomp: 1:38 2:277 3:303 4:98 5:15 6:1
depth  7 by ncomp: 1:34 2:503 3:1226 4:792 5:188 6:21 7:1
depth  8 by ncomp: 1:11 2:751 3:3767 4:4589 5:1895 6:329 7:29
depth  9 by ncomp: 2:7 3:12 4:34 5:41 6:10 7:1
depth 10 by ncomp: 2:11 3:43 4:103 5:234 6:113 7:18
depth 11 by ncomp: 2:15 3:132 4:393 5:941 6:807 7:245
depth 12 by ncomp: 2:13 3:359 4:1459 5:4381 6:5756 7:3110
depth 13 by ncomp: 2:5 3:735 4:4534 5:18572 6:34132 7:30850
depth 14 by ncomp: 2:1 3:1360 4:13237 5:71289 6:178901 7:263574
depth 15 by ncomp: 2:1 3:1924 4:34152 5:254374 6:872006 7:2095536
depth 16 by ncomp: 3:2332 4:78721 5:835539 6:3951414 7:15419414
depth 17 by ncomp: 3:2316 4:160864 5:2511143 6:16479561 7:86598693
depth 18 by ncomp: 3:1779 4:286794 5:6915585 6:63516570 7:218710032
depth 19 by ncomp: 3:1395 4:463740 5:17432790 6:225754489
depth 20 by ncomp: 3:852 4:660194 5:40223570
depth 21 by ncomp: 3:471 4:841819
depth 22 by ncomp: 3:280
depth 23 by ncomp:
depth 24 by ncomp:
