n=25 nodes=397092200 nsol=0 time=4365.14
depth: 0:1 1:1 2:2 3:8 4:41 5:184 6:732 7:2765 8:11371 9:75 10:373 11:1953 12:10742 13:63139 14:382990 15:2420461 16:15300812 17:77684457 18:185124199 19:108560150 20:7508583 21:19161 22:0 23:0 24:0
depth  0 by ncomp: 0:1
depth  1 by ncomp: 1:1
depth  2 by ncomp: 1:1 2:1
depth  3 by ncomp: 1:4 2:3 3:1
depth  4 by ncomp: 1:16 2:18 3:6 4:1
depth  5 by ncomp: 1:30 2:96 3:47 4:10 5:1
depth  6 by ncomp: 1:38 2:277 3:303 4:98 5:15 6:1
depth  7 by ncomp: 1:34 2:503 3:1226 4:792 5:188 6:21 7:1
depth  8 by ncomp: 1:11 2:751 3:3767 4:4589 5:1895 6:329 7:29
depth  9 by ncomp: 2:1 3:15 4:24 5:26 6:8 7:1
depth 10 by ncomp: 3:17 4:70 5:171 6:98 7:17
depth 11 by ncomp: 3:6 4:203 5:720 6:777 7:247
depth 12 by ncomp: 3:9 4:489 5:2669 6:4757 7:2818
depth 13 by ncomp: 3:8 4:1075 5:9579 6:25731 7:26746
depth 14 by ncomp: 3:13 4:2147 5:32006 6:123956 7:224868
depth 15 by ncomp: 3:11 4:4101 5:98609 6:561031 7:1756709
depth 16 by ncomp: 3:4 4:6881 5:280791 6:2330170 7:12682966
depth 17 by ncomp: 3:1 4:10226 5:725230 6:8963650 7:67985350
depth 18 by ncomp: 4:14101 5:1717471 6:31835831 7:151556796
depth 19 by ncomp: 4:17391 5:3740988 6:104801771
depth 20 by ncomp: 4:19464 5:7489119
depth 21 by ncomp: 4:19161
depth 22 by ncomp:
depth 23 by ncomp:
depth 24 by ncomp:
