n=25 nodes=1051819229 nsol=0 time=10286.54
depth: 0:1 1:1 2:2 3:8 4:41 5:184 6:732 7:2765 8:11371 9:138 10:716 11:4015 12:21389 13:121540 14:706031 15:4286668 16:26223693 17:139183271 18:413252452 19:398220826 20:68996689 21:786663 22:33 23:0 24:0
depth  0 by ncomp: 0:1
depth  1 by ncomp: 1:1
depth  2 by ncomp: 1:1 2:1
depth  3 by ncomp: 1:4 2:3 3:1
depth  4 by ncomp: 1:16 2:18 3:6 4:1
depth  5 by ncomp: 1:30 2:96 3:47 4:10 5:1
depth  6 by ncomp: 1:38 2:277 3:303 4:98 5:15 6:1
depth  7 by ncomp: 1:34 2:503 3:1226 4:792 5:188 6:21 7:1
depth  8 by ncomp: 1:11 2:751 3:3767 4:4589 5:1895 6:329 7:29
depth  9 by ncomp: 3:28 4:65 5:35 6:9 7:1
depth 10 by ncomp: 2:3 3:72 4:239 5:270 6:114 7:18
depth 11 by ncomp: 2:2 3:174 4:994 5:1544 6:1018 7:283
depth 12 by ncomp: 2:2 3:276 4:2985 5:7549 6:7245 7:3332
depth 13 by ncomp: 3:495 4:8867 5:33334 6:45282 7:33562
depth 14 by ncomp: 3:717 4:23338 5:131510 6:253301 7:297165
depth 15 by ncomp: 3:911 4:54452 5:477317 6:1305130 7:2448858
depth 16 by ncomp: 3:1108 4:112458 5:1540430 6:6062891 7:18506806
depth 17 by ncomp: 3:936 4:211208 5:4588123 6:25943261 7:108439743
depth 18 by ncomp: 3:755 4:350104 5:12382652 6:101747501 7:298771440
depth 19 by ncomp: 3:482 4:516039 5:30471209 6:367233096
depth 20 by ncomp: 3:233 4:678184 5:68318272
depth 21 by ncomp: 3:81 4:786582
depth 22 by ncomp: 3:33
depth 23 by ncomp:
depth 24 by ncomp:
