n=25 nodes=1197236122 nsol=0 time=11892.62
depth: 0:1 1:1 2:2 3:8 4:41 5:184 6:732 7:2765 8:11371 9:161 10:915 11:4884 12:26776 13:150929 14:875438 15:5264507 16:32093186 17:169999548 18:497088674 19:434647796 20:56629296 21:438895 22:12 23:0 24:0
depth  0 by ncomp: 0:1
depth  1 by ncomp: 1:1
depth  2 by ncomp: 1:1 2:1
depth  3 by ncomp: 1:4 2:3 3:1
depth  4 by ncomp: 1:16 2:18 3:6 4:1
depth  5 by ncomp: 1:30 2:96 3:47 4:10 5:1
depth  6 by ncomp: 1:38 2:277 3:303 4:98 5:15 6:1
depth  7 by ncomp: 1:34 2:503 3:1226 4:792 5:188 6:21 7:1
depth  8 by ncomp: 1:11 2:751 3:3767 4:4589 5:1895 6:329 7:29
depth  9 by ncomp: 2:3 3:16 4:79 5:51 6:11 7:1
depth 10 by ncomp: 2:1 3:45 4:347 5:374 6:129 7:19
depth 11 by ncomp: 2:1 3:87 4:1066 5:2173 6:1256 7:301
depth 12 by ncomp: 2:2 3:175 4:3045 5:10309 6:9409 7:3836
depth 13 by ncomp: 3:347 4:7780 5:42404 6:60096 7:40302
depth 14 by ncomp: 3:556 4:18514 5:156032 6:332815 7:367521
depth 15 by ncomp: 3:778 4:40136 5:522686 6:1663882 7:3037025
depth 16 by ncomp: 3:790 4:80177 5:1587141 6:7491865 7:22933213
depth 17 by ncomp: 3:633 4:141531 5:4428848 6:30814703 7:134613833
depth 18 by ncomp: 3:410 4:221573 5:11311653 6:116896870 7:368658168
depth 19 by ncomp: 3:189 4:306170 5:26331609 6:408009828
depth 20 by ncomp: 3:124 4:386751 5:56242421
depth 21 by ncomp: 3:80 4:438815
depth 22 by ncomp: 3:12
depth 23 by ncomp:
depth 24 by ncomp:
