n=25 nodes=401607247 nsol=0 time=3558.30
depth: 0:1 1:1 2:2 3:8 4:41 5:184 6:732 7:2765 8:11371 9:76 10:336 11:1513 12:7053 13:36662 14:199683 15:1150803 16:6797332 17:37719496 18:137043674 19:176885407 20:41113497 21:636577 22:33 23:0 24:0
depth  0 by ncomp: 0:1
depth  1 by ncomp: 1:1
depth  2 by ncomp: 1:1 2:1
depth  3 by ncomp: 1:4 2:3 3:1
depth  4 by ncomp: 1:16 2:18 3:6 4:1
depth  5 by ncomp: 1:30 2:96 3:47 4:10 5:1
depth  6 by ncomp: 1:38 2:277 3:303 4:98 5:15 6:1
depth  7 by ncomp: 1:34 2:503 3:1226 4:792 5:188 6:21 7:1
depth  8 by ncomp: 1:11 2:751 3:3767 4:4589 5:1895 6:329 7:29
depth  9 by ncomp: 2:5 3:17 4:40 5:13 6:1
depth 10 by ncomp: 2:9 3:66 4:145 5:98 6:17 7:1
depth 11 by ncomp: 2:3 3:171 4:539 5:580 6:195 7:25
depth 12 by ncomp: 2:6 3:353 4:1762 5:2916 6:1633 7:383
depth 13 by ncomp: 2:2 3:739 4:5767 5:13955 6:11681 7:4518
depth 14 by ncomp: 2:4 3:1086 4:15881 5:60948 6:75680 7:46084
depth 15 by ncomp: 2:1 3:1542 4:40171 5:233947 6:439214 7:435928
depth 16 by ncomp: 3:1493 4:89857 5:812690 6:2234186 7:3659106
depth 17 by ncomp: 3:1292 4:169782 5:2522837 6:10177522 7:24848063
depth 18 by ncomp: 3:843 4:282649 5:7015319 6:42015177 7:87729686
depth 19 by ncomp: 3:493 4:409457 5:17712138 6:158763319
depth 20 by ncomp: 3:246 4:538577 5:40574674
depth 21 by ncomp: 3:120 4:636457
depth 22 by ncomp: 3:33
depth 23 by ncomp:
depth 24 by ncomp:
