n=25 nodes=836572759 nsol=0 time=9546.15
depth: 0:1 1:1 2:2 3:8 4:41 5:184 6:732 7:2765 8:11371 9:93 10:555 11:3120 12:17727 13:103960 14:624388 15:3891713 16:24429883 17:129518869 18:361167906 19:287447278 20:29296544 21:55618 22:0 23:0 24:0
depth  0 by ncomp: 0:1
depth  1 by ncomp: 1:1
depth  2 by ncomp: 1:1 2:1
depth  3 by ncomp: 1:4 2:3 3:1
depth  4 by ncomp: 1:16 2:18 3:6 4:1
depth  5 by ncomp: 1:30 2:96 3:47 4:10 5:1
depth  6 by ncomp: 1:38 2:277 3:303 4:98 5:15 6:1
depth  7 by ncomp: 1:34 2:503 3:1226 4:792 5:188 6:21 7:1
depth  8 by ncomp: 1:11 2:751 3:3767 4:4589 5:1895 6:329 7:29
depth  9 by ncomp: 4:40 5:41 6:11 7:1
depth 10 by ncomp: 4:137 5:278 6:121 7:19
depth 11 by ncomp: 4:342 5:1416 6:1072 7:290
depth 12 by ncomp: 4:921 5:5942 6:7356 7:3508
depth 13 by ncomp: 4:2229 5:23489 6:43443 7:34799
depth 14 by ncomp: 4:4805 5:83028 6:229653 7:306902
depth 15 by ncomp: 4:9371 5:278035 6:1120211 7:2484096
depth 16 by ncomp: 4:16281 5:850050 6:5015678 7:18547874
depth 17 by ncomp: 4:25027 5:2359111 6:20632293 7:106502438
depth 18 by ncomp: 4:36263 5:5993225 6:78178847 7:276959571
depth 19 by ncomp: 4:45702 5:13888090 6:273513486
depth 20 by ncomp: 4:52835 5:29243709
depth 21 by ncomp: 4:55618
depth 22 by ncomp:
depth 23 by ncomp:
depth 24 by ncomp:
