n=25 nodes=471845766 nsol=0 time=6900.01
depth: 0:1 1:1 2:2 3:8 4:41 5:184 6:732 7:2765 8:11371 9:68 10:335 11:1884 12:10919 13:65124 14:402148 15:2527139 16:15904630 17:81615959 18:204960924 19:144103397 20:21704062 21:533979 22:93 23:0 24:0
depth  0 by ncomp: 0:1
depth  1 by ncomp: 1:1
depth  2 by ncomp: 1:1 2:1
depth  3 by ncomp: 1:4 2:3 3:1
depth  4 by ncomp: 1:16 2:18 3:6 4:1
depth  5 by ncomp: 1:30 2:96 3:47 4:10 5:1
depth  6 by ncomp: 1:38 2:277 3:303 4:98 5:15 6:1
depth  7 by ncomp: 1:34 2:503 3:1226 4:792 5:188 6:21 7:1
depth  8 by ncomp: 1:11 2:751 3:3767 4:4589 5:1895 6:329 7:29
depth  9 by ncomp: 2:9 3:9 4:16 5:24 6:9 7:1
depth 10 by ncomp: 2:13 3:40 4:53 5:133 6:80 7:16
depth 11 by ncomp: 2:12 3:112 4:213 5:660 6:662 7:225
depth 12 by ncomp: 2:7 3:242 4:742 5:2827 6:4492 7:2609
depth 13 by ncomp: 2:5 3:424 4:2356 5:11176 6:25716 7:25447
depth 14 by ncomp: 2:1 3:700 4:6815 5:40896 6:132319 7:221417
depth 15 by ncomp: 2:1 3:896 4:17919 5:138290 6:614195 7:1755838
depth 16 by ncomp: 3:1059 4:42370 5:436446 6:2633122 7:12791633
depth 17 by ncomp: 3:1062 4:89022 5:1292242 6:10496985 7:69736648
depth 18 by ncomp: 3:891 4:166582 5:3545042 6:38948651 7:162299758
depth 19 by ncomp: 3:600 4:281176 5:9050404 6:134771217
depth 20 by ncomp: 3:374 4:411611 5:21292077
depth 21 by ncomp: 3:232 4:533747
depth 22 by ncomp: 3:93
depth 23 by ncomp:
depth 24 by ncomp:
