n=25 nodes=757383055 nsol=0 time=9795.54
depth: 0:1 1:1 2:2 3:8 4:41 5:184 6:732 7:2765 8:11371 9:114 10:580 11:3130 12:17606 13:101980 14:614352 15:3807660 16:23754783 17:124005778 18:329482302 19:246484174 20:28897150 21:198340 22:1 23:0 24:0
depth  0 by ncomp: 0:1
depth  1 by ncomp: 1:1
depth  2 by ncomp: 1:1 2:1
depth  3 by ncomp: 1:4 2:3 3:1
depth  4 by ncomp: 1:16 2:18 3:6 4:1
depth  5 by ncomp: 1:30 2:96 3:47 4:10 5:1
depth  6 by ncomp: 1:38 2:277 3:303 4:98 5:15 6:1
depth  7 by ncomp: 1:34 2:503 3:1226 4:792 5:188 6:21 7:1
depth  8 by ncomp: 1:11 2:751 3:3767 4:4589 5:1895 6:329 7:29
depth  9 by ncomp: 2:1 3:14 4:31 5:54 6:13 7:1
depth 10 by ncomp: 3:37 4:109 5:277 6:136 7:21
depth 11 by ncomp: 3:70 4:340 5:1277 6:1129 7:314
depth 12 by ncomp: 3:148 4:1107 5:5270 6:7372 7:3709
depth 13 by ncomp: 3:206 4:3317 5:20789 6:42067 7:35601
depth 14 by ncomp: 3:226 4:8291 5:74698 6:218731 7:312406
depth 15 by ncomp: 3:224 4:19171 5:247962 6:1035001 7:2505302
depth 16 by ncomp: 3:154 4:38659 5:763046 6:4500783 7:18452141
depth 17 by ncomp: 3:119 4:68666 5:2156673 6:18109018 7:103671302
depth 18 by ncomp: 3:75 4:109782 5:5583911 6:67495083 7:256293451
depth 19 by ncomp: 3:28 4:153389 5:13247811 6:233082946
depth 20 by ncomp: 3:9 4:186822 5:28710319
depth 21 by ncomp: 3:5 4:198335
depth 22 by ncomp: 3:1
depth 23 by ncomp:
depth 24 by ncomp:
