n=25 nodes=442513767 nsol=0 time=4044.07
depth: 0:1 1:1 2:2 3:8 4:41 5:184 6:732 7:2765 8:11371 9:88 10:423 11:2014 12:10146 13:52370 14:288329 15:1652403 16:9727229 17:52680280 18:172234408 19:177485618 20:28142748 21:222606 22:0 23:0 24:0
depth  0 by ncomp: 0:1
depth  1 by ncomp: 1:1
depth  2 by ncomp: 1:1 2:1
depth  3 by ncomp: 1:4 2:3 3:1
depth  4 by ncomp: 1:16 2:18 3:6 4:1
depth  5 by ncomp: 1:30 2:96 3:47 4:10 5:1
depth  6 by ncomp: 1:38 2:277 3:303 4:98 5:15 6:1
depth  7 by ncomp: 1:34 2:503 3:1226 4:792 5:188 6:21 7:1
depth  8 by ncomp: 1:11 2:751 3:3767 4:4589 5:1895 6:329 7:29
depth  9 by ncomp: 2:1 3:17 4:47 5:21 6:2
depth 10 by ncomp: 3:38 4:190 5:161 6:32 7:2
depth 11 by ncomp: 3:75 4:615 5:927 6:350 7:47
depth 12 by ncomp: 3:97 4:1744 5:4581 6:2987 7:737
depth 13 by ncomp: 3:114 4:4451 5:18790 6:20217 7:8798
depth 14 by ncomp: 3:114 4:10378 5:70817 6:118832 7:88188
depth 15 by ncomp: 3:122 4:21967 5:241471 6:616977 7:771866
depth 16 by ncomp: 3:131 4:42062 5:747610 6:2865250 7:6072176
depth 17 by ncomp: 3:122 4:72118 5:2097579 6:12028416 7:38482045
depth 18 by ncomp: 3:65 4:111064 5:5431829 6:46392444 7:120299006
depth 19 by ncomp: 3:32 4:154522 5:12835310 6:164495754
depth 20 by ncomp: 3:15 4:195899 5:27946834
depth 21 by ncomp: 3:1 4:222605
depth 22 by ncomp:
depth 23 by ncomp:
depth 24 by ncomp:
