n=25 nodes=139808985 nsol=0 time=1383.32
depth: 0:1 1:1 2:2 3:8 4:41 5:184 6:732 7:2765 8:11371 9:45 10:140 11:564 12:2805 13:13048 14:66835 15:372884 16:2086376 17:11354760 18:44877524 19:65396537 20:15486262 21:136099 22:1 23:0 24:0
depth  0 by ncomp: 0:1
depth  1 by ncomp: 1:1
depth  2 by ncomp: 1:1 2:1
depth  3 by ncomp: 1:4 2:3 3:1
depth  4 by ncomp: 1:16 2:18 3:6 4:1
depth  5 by ncomp: 1:30 2:96 3:47 4:10 5:1
depth  6 by ncomp: 1:38 2:277 3:303 4:98 5:15 6:1
depth  7 by ncomp: 1:34 2:503 3:1226 4:792 5:188 6:21 7:1
depth  8 by ncomp: 1:11 2:751 3:3767 4:4589 5:1895 6:329 7:29
depth  9 by ncomp: 3:11 4:17 5:15 6:2
depth 10 by ncomp: 3:22 4:61 5:37 6:18 7:2
depth 11 by ncomp: 3:36 4:241 5:197 6:67 7:23
depth 12 by ncomp: 3:68 4:895 5:1222 6:462 7:158
depth 13 by ncomp: 3:90 4:2399 5:5731 6:3597 7:1231
depth 14 by ncomp: 3:138 4:6148 5:24220 6:24183 7:12146
depth 15 by ncomp: 3:108 4:14428 5:95744 6:149661 7:112943
depth 16 by ncomp: 3:80 4:29179 5:327011 6:783007 7:947099
depth 17 by ncomp: 3:39 4:50689 5:987505 6:3624306 7:6692221
depth 18 by ncomp: 3:30 4:79044 5:2733073 6:15303991 7:26761386
depth 19 by ncomp: 3:10 4:107353 5:6817962 6:58471212
depth 20 by ncomp: 3:10 4:128883 5:15357369
depth 21 by ncomp: 3:4 4:136095
depth 22 by ncomp: 3:1
depth 23 by ncomp:
depth 24 by ncomp:
