n=25 nodes=670853019 nsol=0 time=6140.52
depth: 0:1 1:1 2:2 3:8 4:41 5:184 6:732 7:2765 8:11371 9:102 10:487 11:2440 12:12314 13:64078 14:353469 15:2017166 16:11805330 17:65203010 18:234184907 19:292761950 20:63619746 21:812847 22:68 23:0 24:0
depth  0 by ncomp: 0:1
depth  1 by ncomp: 1:1
depth  2 by ncomp: 1:1 2:1
depth  3 by ncomp: 1:4 2:3 3:1
depth  4 by ncomp: 1:16 2:18 3:6 4:1
depth  5 by ncomp: 1:30 2:96 3:47 4:10 5:1
depth  6 by ncomp: 1:38 2:277 3:303 4:98 5:15 6:1
depth  7 by ncomp: 1:34 2:503 3:1226 4:792 5:188 6:21 7:1
depth  8 by ncomp: 1:11 2:751 3:3767 4:4589 5:1895 6:329 7:29
depth  9 by ncomp: 2:5 3:30 4:46 5:19 6:2
depth 10 by ncomp: 2:9 3:83 4:222 5:143 6:28 7:2
depth 11 by ncomp: 2:11 3:210 4:892 5:965 6:319 7:43
depth 12 by ncomp: 2:1 3:368 4:3076 5:5344 6:2864 7:661
depth 13 by ncomp: 2:1 3:631 4:8629 5:25032 6:21557 7:8228
depth 14 by ncomp: 2:1 3:1100 4:23970 5:105386 6:137323 7:85689
depth 15 by ncomp: 3:1363 4:57871 5:394748 6:772749 7:790435
depth 16 by ncomp: 3:1352 4:124152 5:1327235 6:3839627 7:6512964
depth 17 by ncomp: 3:1305 4:232113 5:4050148 6:17283331 7:43636113
depth 18 by ncomp: 3:972 4:387297 5:11151472 6:70892016 7:151753150
depth 19 by ncomp: 3:516 4:563863 5:27835462 6:264362109
depth 20 by ncomp: 3:339 4:723724 5:62895683
depth 21 by ncomp: 3:144 4:812703
depth 22 by ncomp: 3:68
depth 23 by ncomp:
depth 24 by ncomp:
