n=25 nodes=351544702 nsol=0 time=3185.49
depth: 0:1 1:1 2:2 3:8 4:41 5:184 6:732 7:2765 8:11371 9:82 10:380 11:1568 12:7365 13:36807 14:192404 15:1051156 16:5981806 17:32144714 18:113633886 19:155175407 20:42640500 21:663508 22:14 23:0 24:0
depth  0 by ncomp: 0:1
depth  1 by ncomp: 1:1
depth  2 by ncomp: 1:1 2:1
depth  3 by ncomp: 1:4 2:3 3:1
depth  4 by ncomp: 1:16 2:18 3:6 4:1
depth  5 by ncomp: 1:30 2:96 3:47 4:10 5:1
depth  6 by ncomp: 1:38 2:277 3:303 4:98 5:15 6:1
depth  7 by ncomp: 1:34 2:503 3:1226 4:792 5:188 6:21 7:1
depth  8 by ncomp: 1:11 2:751 3:3767 4:4589 5:1895 6:329 7:29
depth  9 by ncomp: 2:3 3:32 4:36 5:10 6:1
depth 10 by ncomp: 2:1 3:83 4:181 5:97 6:17 7:1
depth 11 by ncomp: 2:2 3:169 4:609 5:568 6:195 7:25
depth 12 by ncomp: 2:1 3:329 4:1997 5:2923 6:1701 7:414
depth 13 by ncomp: 3:622 4:6413 5:13589 6:11360 7:4823
depth 14 by ncomp: 3:856 4:17708 5:57986 6:69320 7:46534
depth 15 by ncomp: 3:983 4:42175 5:221136 6:381040 7:405822
depth 16 by ncomp: 3:983 4:91220 5:765464 6:1895877 7:3228262
depth 17 by ncomp: 3:881 4:175497 5:2390284 6:8600262 7:20977790
depth 18 by ncomp: 3:621 4:304136 5:6853618 6:35592394 7:70883117
depth 19 by ncomp: 3:363 4:454027 5:17881916 6:136839101
depth 20 by ncomp: 3:129 4:592253 5:42048118
depth 21 by ncomp: 3:48 4:663460
depth 22 by ncomp: 3:14
depth 23 by ncomp:
depth 24 by ncomp:
