n=25 nodes=338373535 nsol=0 time=4165.36
depth: 0:1 1:1 2:2 3:8 4:41 5:184 6:732 7:2765 8:11371 9:45 10:284 11:1318 12:6865 13:37779 14:220328 15:1310772 16:7887322 17:43391471 18:139890285 19:130606498 20:14960364 21:45099 22:0 23:0 24:0
depth  0 by ncomp: 0:1
depth  1 by ncomp: 1:1
depth  2 by ncomp: 1:1 2:1
depth  3 by ncomp: 1:4 2:3 3:1
depth  4 by ncomp: 1:16 2:18 3:6 4:1
depth  5 by ncomp: 1:30 2:96 3:47 4:10 5:1
depth  6 by ncomp: 1:38 2:277 3:303 4:98 5:15 6:1
depth  7 by ncomp: 1:34 2:503 3:1226 4:792 5:188 6:21 7:1
depth  8 by ncomp: 1:11 2:751 3:3767 4:4589 5:1895 6:329 7:29
depth  9 by ncomp: 2:1 3:5 4:24 5:13 6:2
depth 10 by ncomp: 3:17 4:127 5:112 6:26 7:2
depth 11 by ncomp: 3:15 4:355 5:644 6:264 7:40
depth 12 by ncomp: 3:18 4:880 5:3060 6:2291 7:616
depth 13 by ncomp: 3:11 4:2171 5:12764 6:15511 7:7322
depth 14 by ncomp: 3:8 4:4917 5:49263 6:92997 7:73143
depth 15 by ncomp: 3:8 4:9182 5:163299 6:487140 7:651143
depth 16 by ncomp: 3:6 4:15734 5:481140 6:2231134 7:5159308
depth 17 by ncomp: 3:1 4:23986 5:1306624 6:9285556 7:32775304
depth 18 by ncomp: 4:33272 5:3225766 6:35404496 7:101226751
depth 19 by ncomp: 4:41651 5:7240202 6:123324645
depth 20 by ncomp: 4:46597 5:14913767
depth 21 by ncomp: 4:45099
depth 22 by ncomp:
depth 23 by ncomp:
depth 24 by ncomp:
