n=25 nodes=785129162 nsol=0 time=11797.80
depth: 0:1 1:1 2:2 3:8 4:41 5:184 6:732 7:2765 8:11371 9:82 10:579 11:3602 12:23550 13:156674 14:1060861 15:7290891 16:47334720 17:205592421 18:347615919 19:156649576 20:19259085 21:126097 22:0 23:0 24:0
depth  0 by ncomp: 0:1
depth  1 by ncomp: 1:1
depth  2 by ncomp: 1:1 2:1
depth  3 by ncomp: 1:4 2:3 3:1
depth  4 by ncomp: 1:16 2:18 3:6 4:1
depth  5 by ncomp: 1:30 2:96 3:47 4:10 5:1
depth  6 by ncomp: 1:38 2:277 3:303 4:98 5:15 6:1
depth  7 by ncomp: 1:34 2:503 3:1226 4:792 5:188 6:21 7:1
depth  8 by ncomp: 1:11 2:751 3:3767 4:4589 5:1895 6:329 7:29
depth  9 by ncomp: 3:2 4:20 5:16 6:34 7:10
depth 10 by ncomp: 3:8 4:71 5:81 6:276 7:143
depth 11 by ncomp: 3:17 4:218 5:377 6:1465 7:1525
depth 12 by ncomp: 3:25 4:708 5:1794 6:7465 7:13558
depth 13 by ncomp: 3:33 4:2024 5:8164 6:36287 7:110166
depth 14 by ncomp: 3:19 4:5189 5:32365 6:166844 7:856444
depth 15 by ncomp: 3:31 4:12016 5:117319 6:724339 7:6437186
depth 16 by ncomp: 3:14 4:24184 5:391403 6:2998475 7:43920644
depth 17 by ncomp: 3:7 4:44136 5:1191358 6:11741078 7:192615842
depth 18 by ncomp: 3:2 4:70405 5:3303369 6:43088543 7:301153600
depth 19 by ncomp: 4:98119 5:8352077 6:148199380
depth 20 by ncomp: 4:118996 5:19140089
depth 21 by ncomp: 4:126097
depth 22 by ncomp:
depth 23 by ncomp:
depth 24 by ncomp:
