n=25 nodes=597678665 nsol=0 time=5909.18
depth: 0:1 1:1 2:2 3:8 4:41 5:184 6:732 7:2765 8:11371 9:125 10:547 11:2477 12:12718 13:67831 14:372821 15:2130476 16:12591892 17:68770521 18:226681784 19:241581060 20:44864790 21:586474 22:44 23:0 24:0
depth  0 by ncomp: 0:1
depth  1 by ncomp: 1:1
depth  2 by ncomp: 1:1 2:1
depth  3 by ncomp: 1:4 2:3 3:1
depth  4 by ncomp: 1:16 2:18 3:6 4:1
depth  5 by ncomp: 1:30 2:96 3:47 4:10 5:1
depth  6 by ncomp: 1:38 2:277 3:303 4:98 5:15 6:1
depth  7 by ncomp: 1:34 2:503 3:1226 4:792 5:188 6:21 7:1
depth  8 by ncomp: 1:11 2:751 3:3767 4:4589 5:1895 6:329 7:29
depth  9 by ncomp: 2:2 3:33 4:60 5:27 6:3
depth 10 by ncomp: 2:1 3:74 4:227 5:199 6:43 7:3
depth 11 by ncomp: 3:155 4:694 5:1095 6:466 7:67
depth 12 by ncomp: 3:310 4:2272 5:5355 6:3772 7:1009
depth 13 by ncomp: 3:534 4:6316 5:23029 6:25874 7:12078
depth 14 by ncomp: 3:805 4:16883 5:88833 6:149587 7:116713
depth 15 by ncomp: 3:835 4:39222 5:310929 6:775659 7:1003831
depth 16 by ncomp: 3:850 4:83644 5:996540 6:3629692 7:7881166
depth 17 by ncomp: 3:759 4:157524 5:2957916 6:15555056 7:50099266
depth 18 by ncomp: 3:527 4:266362 5:7993119 6:61233192 7:157188584
depth 19 by ncomp: 3:325 4:392246 5:19713444 6:221475045
depth 20 by ncomp: 3:172 4:510924 5:44353694
depth 21 by ncomp: 3:88 4:586386
depth 22 by ncomp: 3:44
depth 23 by ncomp:
depth 24 by ncomp:
