n=25 nodes=531206201 nsol=0 time=5317.05
depth: 0:1 1:1 2:2 3:8 4:41 5:184 6:732 7:2765 8:11371 9:81 10:320 11:1798 12:10388 13:58916 14:336708 15:2028801 16:12486997 17:69243921 18:219829558 19:203684474 20:23446902 21:62232 22:0 23:0 24:0
depth  0 by ncomp: 0:1
depth  1 by ncomp: 1:1
depth  2 by ncomp: 1:1 2:1
depth  3 by ncomp: 1:4 2:3 3:1
depth  4 by ncomp: 1:16 2:18 3:6 4:1
depth  5 by ncomp: 1:30 2:96 3:47 4:10 5:1
depth  6 by ncomp: 1:38 2:277 3:303 4:98 5:15 6:1
depth  7 by ncomp: 1:34 2:503 3:1226 4:792 5:188 6:21 7:1
depth  8 by ncomp: 1:11 2:751 3:3767 4:4589 5:1895 6:329 7:29
depth  9 by ncomp: 3:1 4:46 5:30 6:4
depth 10 by ncomp: 4:104 5:164 6:48 7:4
depth 11 by ncomp: 3:1 4:387 5:894 6:442 7:74
depth 12 by ncomp: 3:2 4:1101 5:4443 6:3727 7:1115
depth 13 by ncomp: 3:1 4:2637 5:18857 6:24884 7:12537
depth 14 by ncomp: 4:5468 5:67186 6:141397 7:122657
depth 15 by ncomp: 4:10484 5:227899 6:731315 7:1059103
depth 16 by ncomp: 4:17615 5:687212 6:3388665 7:8393505
depth 17 by ncomp: 4:28228 5:1891149 6:14205172 7:53119372
depth 18 by ncomp: 4:41018 5:4783322 6:54417587 7:160587631
depth 19 by ncomp: 4:51708 5:11088349 6:192544417
depth 20 by ncomp: 4:60018 5:23386884
depth 21 by ncomp: 4:62232
depth 22 by ncomp:
depth 23 by ncomp:
depth 24 by ncomp:
