n=25 nodes=1322833717 nsol=0 time=12865.93
depth: 0:1 1:1 2:2 3:8 4:41 5:184 6:732 7:2765 8:11371 9:155 10:881 11:5055 12:30005 13:179652 14:1090845 15:6856530 16:43282223 17:227366278 18:597763644 19:412237397 20:33924363 21:81584 22:0 23:0 24:0
depth  0 by ncomp: 0:1
depth  1 by ncomp: 1:1
depth  2 by ncomp: 1:1 2:1
depth  3 by ncomp: 1:4 2:3 3:1
depth  4 by ncomp: 1:16 2:18 3:6 4:1
depth  5 by ncomp: 1:30 2:96 3:47 4:10 5:1
depth  6 by ncomp: 1:38 2:277 3:303 4:98 5:15 6:1
depth  7 by ncomp: 1:34 2:503 3:1226 4:792 5:188 6:21 7:1
depth  8 by ncomp: 1:11 2:751 3:3767 4:4589 5:1895 6:329 7:29
depth  9 by ncomp: 3:14 4:45 5:73 6:21 7:2
depth 10 by ncomp: 3:16 4:167 5:438 6:223 7:37
depth 11 by ncomp: 3:25 4:527 5:2139 6:1828 7:536
depth 12 by ncomp: 3:31 4:1453 5:9305 6:12754 7:6462
depth 13 by ncomp: 3:30 4:3629 5:35547 6:75674 7:64772
depth 14 by ncomp: 3:29 4:7927 5:122378 6:393907 7:566604
depth 15 by ncomp: 3:26 4:15376 5:389501 6:1864416 7:4587211
depth 16 by ncomp: 3:7 4:27162 5:1131389 6:8051503 7:34072162
depth 17 by ncomp: 3:3 4:43041 5:3025159 6:31923278 7:192374797
depth 18 by ncomp: 3:1 4:61055 5:7399064 6:116851772 7:473451752
depth 19 by ncomp: 4:75465 5:16536147 6:395625785
depth 20 by ncomp: 3:1 4:84302 5:33840060
depth 21 by ncomp: 4:81584
depth 22 by ncomp:
depth 23 by ncomp:
depth 24 by ncomp:
