n=25 nodes=687247386 nsol=0 time=6833.67
depth: 0:1 1:1 2:2 3:8 4:41 5:184 6:732 7:2765 8:11371 9:96 10:468 11:2777 12:15607 13:89562 14:537759 15:3302835 16:20441120 17:106148089 18:285108449 19:233111542 20:37768194 21:705719 22:64 23:0 24:0
depth  0 by ncomp: 0:1
depth  1 by ncomp: 1:1
depth  2 by ncomp: 1:1 2:1
depth  3 by ncomp: 1:4 2:3 3:1
depth  4 by ncomp: 1:16 2:18 3:6 4:1
depth  5 by ncomp: 1:30 2:96 3:47 4:10 5:1
depth  6 by ncomp: 1:38 2:277 3:303 4:98 5:15 6:1
depth  7 by ncomp: 1:34 2:503 3:1226 4:792 5:188 6:21 7:1
depth  8 by ncomp: 1:11 2:751 3:3767 4:4589 5:1895 6:329 7:29
depth  9 by ncomp: 2:5 3:8 4:30 5:41 6:11 7:1
depth 10 by ncomp: 2:11 3:37 4:106 5:197 6:100 7:17
depth 11 by ncomp: 2:3 3:107 4:449 5:1087 6:870 7:261
depth 12 by ncomp: 2:4 3:217 4:1412 5:4869 6:6029 7:3076
depth 13 by ncomp: 3:330 4:4074 5:19588 6:35324 7:30246
depth 14 by ncomp: 3:638 4:11101 5:73387 6:187320 7:265313
depth 15 by ncomp: 3:889 4:27581 5:251965 6:896807 7:2125593
depth 16 by ncomp: 3:1156 4:60056 5:798585 6:3958580 7:15622743
depth 17 by ncomp: 3:1371 4:120682 5:2351988 6:16161149 7:87512899
depth 18 by ncomp: 3:1249 4:224669 5:6415153 6:61343805 7:217123573
depth 19 by ncomp: 3:895 4:367235 5:16125639 6:216617773
depth 20 by ncomp: 3:561 4:535373 5:37232260
depth 21 by ncomp: 3:209 4:705510
depth 22 by ncomp: 3:64
depth 23 by ncomp:
depth 24 by ncomp:
