n=25 nodes=347880474 nsol=0 time=3560.14
depth: 0:1 1:1 2:2 3:8 4:41 5:184 6:732 7:2765 8:11371 9:71 10:276 11:1188 12:6516 13:36297 14:208534 15:1225983 16:7394960 17:40867844 18:135600601 19:141199676 20:21199310 21:124113 22:0 23:0 24:0
depth  0 by ncomp: 0:1
depth  1 by ncomp: 1:1
depth  2 by ncomp: 1:1 2:1
depth  3 by ncomp: 1:4 2:3 3:1
depth  4 by ncomp: 1:16 2:18 3:6 4:1
depth  5 by ncomp: 1:30 2:96 3:47 4:10 5:1
depth  6 by ncomp: 1:38 2:277 3:303 4:98 5:15 6:1
depth  7 by ncomp: 1:34 2:503 3:1226 4:792 5:188 6:21 7:1
depth  8 by ncomp: 1:11 2:751 3:3767 4:4589 5:1895 6:329 7:29
depth  9 by ncomp: 3:9 4:43 5:17 6:2
depth 10 by ncomp: 3:16 4:120 5:111 6:27 7:2
depth 11 by ncomp: 3:35 4:338 5:547 6:231 7:37
depth 12 by ncomp: 3:64 4:1071 5:2834 6:1998 7:549
depth 13 by ncomp: 3:82 4:2948 5:12820 6:14014 7:6433
depth 14 by ncomp: 3:103 4:6908 5:49523 6:85585 7:66415
depth 15 by ncomp: 3:105 4:14958 5:174100 6:452159 7:584661
depth 16 by ncomp: 3:53 4:28172 5:549978 6:2150278 7:4666479
depth 17 by ncomp: 3:34 4:48160 5:1573100 6:9251216 7:29995334
depth 18 by ncomp: 3:31 4:73239 5:4106349 6:36402508 7:95018474
depth 19 by ncomp: 3:6 4:97596 5:9746556 6:131355518
depth 20 by ncomp: 3:4 4:116610 5:21082696
depth 21 by ncomp: 4:124113
depth 22 by ncomp:
depth 23 by ncomp:
depth 24 by ncomp:
