n=25 nodes=318430156 nsol=0 time=2926.51
depth: 0:1 1:1 2:2 3:8 4:41 5:184 6:732 7:2765 8:11371 9:65 10:299 11:1338 12:7029 13:37818 14:218092 15:1286140 16:7756970 17:42393545 18:133793190 19:120701219 20:12201891 21:17455 22:0 23:0 24:0
depth  0 by ncomp: 0:1
depth  1 by ncomp: 1:1
depth  2 by ncomp: 1:1 2:1
depth  3 by ncomp: 1:4 2:3 3:1
depth  4 by ncomp: 1:16 2:18 3:6 4:1
depth  5 by ncomp: 1:30 2:96 3:47 4:10 5:1
depth  6 by ncomp: 1:38 2:277 3:303 4:98 5:15 6:1
depth  7 by ncomp: 1:34 2:503 3:1226 4:792 5:188 6:21 7:1
depth  8 by ncomp: 1:11 2:751 3:3767 4:4589 5:1895 6:329 7:29
depth  9 by ncomp: 4:43 5:20 6:2
depth 10 by ncomp: 4:115 5:149 6:33 7:2
depth 11 by ncomp: 4:272 5:700 6:319 7:47
depth 12 by ncomp: 4:684 5:3162 6:2494 7:689
depth 13 by ncomp: 4:1388 5:12347 6:16268 7:7815
depth 14 by ncomp: 4:2869 5:44032 6:93565 7:77626
depth 15 by ncomp: 4:4879 5:142064 6:471702 7:667495
depth 16 by ncomp: 4:7472 5:413510 6:2137333 7:5198655
depth 17 by ncomp: 4:10705 5:1093862 6:8762486 7:32526492
depth 18 by ncomp: 4:14383 5:2664924 6:33029059 7:98084824
depth 19 by ncomp: 4:17241 5:5957874 6:114726104
depth 20 by ncomp: 4:18301 5:12183590
depth 21 by ncomp: 4:17455
depth 22 by ncomp:
depth 23 by ncomp:
depth 24 by ncomp:
