n=25 nodes=853175950 nsol=0 time=11146.65
depth: 0:1 1:1 2:2 3:8 4:41 5:184 6:732 7:2765 8:11371 9:97 10:692 11:4065 12:25395 13:165584 14:1101751 15:7487095 16:48184267 17:209348607 18:371124377 19:192813187 20:22793637 21:112091 22:0 23:0 24:0
depth  0 by ncomp: 0:1
depth  1 by ncomp: 1:1
depth  2 by ncomp: 1:1 2:1
depth  3 by ncomp: 1:4 2:3 3:1
depth  4 by ncomp: 1:16 2:18 3:6 4:1
depth  5 by ncomp: 1:30 2:96 3:47 4:10 5:1
depth  6 by ncomp: 1:38 2:277 3:303 4:98 5:15 6:1
depth  7 by ncomp: 1:34 2:503 3:1226 4:792 5:188 6:21 7:1
depth  8 by ncomp: 1:11 2:751 3:3767 4:4589 5:1895 6:329 7:29
depth  9 by ncomp: 3:17 4:25 5:11 6:34 7:10
depth 10 by ncomp: 3:26 4:110 5:108 6:301 7:147
depth 11 by ncomp: 3:50 4:378 5:478 6:1556 7:1603
depth 12 by ncomp: 3:75 4:1279 5:2485 6:7546 7:14010
depth 13 by ncomp: 3:66 4:3560 5:11761 6:37525 7:112672
depth 14 by ncomp: 3:65 4:8858 5:48843 6:176811 7:867174
depth 15 by ncomp: 3:48 4:18764 5:178934 6:800431 7:6488918
depth 16 by ncomp: 3:25 4:34336 5:582488 6:3459677 7:44107741
depth 17 by ncomp: 3:12 4:57062 5:1710444 6:14003469 7:193577620
depth 18 by ncomp: 3:1 4:80858 5:4489824 6:52564311 7:313989383
depth 19 by ncomp: 4:102921 5:10621226 6:182089040
depth 20 by ncomp: 4:114188 5:22679449
depth 21 by ncomp: 4:112091
depth 22 by ncomp:
depth 23 by ncomp:
depth 24 by ncomp:
