n=25 nodes=603093610 nsol=0 time=6071.45
depth: 0:1 1:1 2:2 3:8 4:41 5:184 6:732 7:2765 8:11371 9:84 10:448 11:2631 12:14787 13:84280 14:495863 15:3037638 16:18754692 17:97085796 18:259756023 19:201119737 20:22637058 21:89468 22:0 23:0 24:0
depth  0 by ncomp: 0:1
depth  1 by ncomp: 1:1
depth  2 by ncomp: 1:1 2:1
depth  3 by ncomp: 1:4 2:3 3:1
depth  4 by ncomp: 1:16 2:18 3:6 4:1
depth  5 by ncomp: 1:30 2:96 3:47 4:10 5:1
depth  6 by ncomp: 1:38 2:277 3:303 4:98 5:15 6:1
depth  7 by ncomp: 1:34 2:503 3:1226 4:792 5:188 6:21 7:1
depth  8 by ncomp: 1:11 2:751 3:3767 4:4589 5:1895 6:329 7:29
depth  9 by ncomp: 3:8 4:33 5:33 6:9 7:1
depth 10 by ncomp: 3:16 4:139 5:181 6:95 7:17
depth 11 by ncomp: 3:27 4:533 5:1080 6:764 7:227
depth 12 by ncomp: 3:36 4:1477 5:5013 6:5521 7:2740
depth 13 by ncomp: 3:28 4:3566 5:20009 6:33081 7:27596
depth 14 by ncomp: 3:45 4:7498 5:71438 6:176078 7:240804
depth 15 by ncomp: 3:26 4:15010 5:233888 6:846818 7:1941896
depth 16 by ncomp: 3:13 4:26637 5:696828 6:3711048 7:14320166
depth 17 by ncomp: 3:8 4:42747 5:1906228 6:14949593 7:80187220
depth 18 by ncomp: 3:3 4:60400 5:4766135 6:55468588 7:199460897
depth 19 by ncomp: 4:76900 5:10853001 6:190189836
depth 20 by ncomp: 4:87226 5:22549832
depth 21 by ncomp: 4:89468
depth 22 by ncomp:
depth 23 by ncomp:
depth 24 by ncomp:
