n=25 nodes=403614076 nsol=0 time=3694.27
depth: 0:1 1:1 2:2 3:8 4:41 5:184 6:732 7:2765 8:11371 9:57 10:270 11:1234 12:6520 13:35579 14:196688 15:1134614 16:6701145 17:37476566 18:137928429 19:179523480 20:40151996 21:442384 22:9 23:0 24:0
depth  0 by ncomp: 0:1
depth  1 by ncomp: 1:1
depth  2 by ncomp: 1:1 2:1
depth  3 by ncomp: 1:4 2:3 3:1
depth  4 by ncomp: 1:16 2:18 3:6 4:1
depth  5 by ncomp: 1:30 2:96 3:47 4:10 5:1
depth  6 by ncomp: 1:38 2:277 3:303 4:98 5:15 6:1
depth  7 by ncomp: 1:34 2:503 3:1226 4:792 5:188 6:21 7:1
depth  8 by ncomp: 1:11 2:751 3:3767 4:4589 5:1895 6:329 7:29
depth  9 by ncomp: 3:16 4:29 5:11 6:1
depth 10 by ncomp: 3:42 4:130 5:81 6:16 7:1
depth 11 by ncomp: 3:94 4:469 5:482 6:166 7:23
depth 12 by ncomp: 3:142 4:1696 5:2844 6:1497 7:341
depth 13 by ncomp: 3:215 4:5087 5:14088 6:11737 7:4452
depth 14 by ncomp: 3:297 4:12973 5:59149 6:76737 7:47532
depth 15 by ncomp: 3:346 4:31020 5:224516 6:435736 7:442996
depth 16 by ncomp: 3:343 4:66212 5:774216 6:2199831 7:3660543
depth 17 by ncomp: 3:244 4:123054 5:2411060 6:10119241 7:24822967
depth 18 by ncomp: 3:195 4:199746 5:6782082 6:42460956 7:88485450
depth 19 by ncomp: 3:115 4:294187 5:17216922 6:162012256
depth 20 by ncomp: 3:52 4:383172 5:39768772
depth 21 by ncomp: 3:23 4:442361
depth 22 by ncomp: 3:9
depth 23 by ncomp:
depth 24 by ncomp:
