n=25 nodes=812410848 nsol=0 time=7881.63
depth: 0:1 1:1 2:2 3:8 4:41 5:184 6:732 7:2765 8:11371 9:115 10:581 11:3054 12:17705 13:103431 14:614346 15:3741404 16:23057687 17:121517484 18:343360312 19:286449347 20:33403163 21:127114 22:0 23:0 24:0
depth  0 by ncomp: 0:1
depth  1 by ncomp: 1:1
depth  2 by ncomp: 1:1 2:1
depth  3 by ncomp: 1:4 2:3 3:1
depth  4 by ncomp: 1:16 2:18 3:6 4:1
depth  5 by ncomp: 1:30 2:96 3:47 4:10 5:1
depth  6 by ncomp: 1:38 2:277 3:303 4:98 5:15 6:1
depth  7 by ncomp: 1:34 2:503 3:1226 4:792 5:188 6:21 7:1
depth  8 by ncomp: 1:11 2:751 3:3767 4:4589 5:1895 6:329 7:29
depth  9 by ncomp: 3:5 4:51 5:46 6:12 7:1
depth 10 by ncomp: 3:2 4:185 5:264 6:111 7:19
depth 11 by ncomp: 3:2 4:548 5:1381 6:884 7:239
depth 12 by ncomp: 3:4 4:1655 5:6532 6:6588 7:2926
depth 13 by ncomp: 3:2 4:4203 5:27125 6:41634 7:30467
depth 14 by ncomp: 3:1 4:9030 5:99769 6:229789 7:275757
depth 15 by ncomp: 3:4 4:17605 5:325208 6:1131141 7:2267446
depth 16 by ncomp: 3:1 4:31341 5:981617 6:5045149 7:16999579
depth 17 by ncomp: 3:2 4:51169 5:2699211 6:20654430 7:98112672
depth 18 by ncomp: 4:74093 5:6766001 6:77827748 7:258692470
depth 19 by ncomp: 4:98281 5:15651643 6:270699423
depth 20 by ncomp: 4:118051 5:33285112
depth 21 by ncomp: 4:127114
depth 22 by ncomp:
depth 23 by ncomp:
depth 24 by ncomp:
