n=25 nodes=388764463 nsol=0 time=3466.77
depth: 0:1 1:1 2:2 3:8 4:41 5:184 6:732 7:2765 8:11371 9:77 10:287 11:1411 12:6768 13:33603 14:176287 15:953213 16:5346804 17:29726444 18:120994988 19:184826505 20:46222967 21:459999 22:5 23:0 24:0
depth  0 by ncomp: 0:1
depth  1 by ncomp: 1:1
depth  2 by ncomp: 1:1 2:1
depth  3 by ncomp: 1:4 2:3 3:1
depth  4 by ncomp: 1:16 2:18 3:6 4:1
depth  5 by ncomp: 1:30 2:96 3:47 4:10 5:1
depth  6 by ncomp: 1:38 2:277 3:303 4:98 5:15 6:1
depth  7 by ncomp: 1:34 2:503 3:1226 4:792 5:188 6:21 7:1
depth  8 by ncomp: 1:11 2:751 3:3767 4:4589 5:1895 6:329 7:29
depth  9 by ncomp: 3:35 4:33 5:8 6:1
depth 10 by ncomp: 3:65 4:163 5:54 6:5
depth 11 by ncomp: 3:149 4:724 5:450 6:83 7:5
depth 12 by ncomp: 3:263 4:2556 5:2923 6:918 7:108
depth 13 by ncomp: 3:341 4:7509 5:15492 6:8445 7:1816
depth 14 by ncomp: 3:362 4:19415 5:70161 6:62942 7:23407
depth 15 by ncomp: 3:345 4:44025 5:273647 6:390183 7:245013
depth 16 by ncomp: 3:271 4:85955 5:945523 6:2106005 7:2209050
depth 17 by ncomp: 3:235 4:151875 5:2896036 6:10031335 7:16646963
depth 18 by ncomp: 3:123 4:238367 5:8006559 6:42684546 7:70065393
depth 19 by ncomp: 3:54 4:334099 5:20063881 6:164428471
depth 20 by ncomp: 3:30 4:415932 5:45807005
depth 21 by ncomp: 3:13 4:459986
depth 22 by ncomp: 3:5
depth 23 by ncomp:
depth 24 by ncomp:
