n=25 nodes=1054355183 nsol=0 time=12294.84
depth: 0:1 1:1 2:2 3:8 4:41 5:184 6:732 7:2765 8:11371 9:198 10:918 11:4671 12:24339 13:133678 14:768360 15:4589221 16:27831711 17:146355844 18:427336024 19:390362029 20:56576968 21:356117 22:0 23:0 24:0
depth  0 by ncomp: 0:1
depth  1 by ncomp: 1:1
depth  2 by ncomp: 1:1 2:1
depth  3 by ncomp: 1:4 2:3 3:1
depth  4 by ncomp: 1:16 2:18 3:6 4:1
depth  5 by ncomp: 1:30 2:96 3:47 4:10 5:1
depth  6 by ncomp: 1:38 2:277 3:303 4:98 5:15 6:1
depth  7 by ncomp: 1:34 2:503 3:1226 4:792 5:188 6:21 7:1
depth  8 by ncomp: 1:11 2:751 3:3767 4:4589 5:1895 6:329 7:29
depth  9 by ncomp: 3:49 4:86 5:51 6:11 7:1
depth 10 by ncomp: 3:74 4:361 5:338 6:126 7:19
depth 11 by ncomp: 3:131 4:1216 5:1840 6:1166 7:318
depth 12 by ncomp: 3:203 4:3514 5:8766 6:8101 7:3755
depth 13 by ncomp: 3:231 4:9442 5:37758 6:49979 7:36268
depth 14 by ncomp: 3:244 4:22232 5:144993 6:277459 7:323432
depth 15 by ncomp: 3:253 4:45673 5:501879 6:1409775 7:2631641
depth 16 by ncomp: 3:207 4:84951 5:1559775 6:6474613 7:19712165
depth 17 by ncomp: 3:139 4:141253 5:4384936 6:27068900 7:114760616
depth 18 by ncomp: 3:93 4:213412 5:11221939 6:103578945 7:312321635
depth 19 by ncomp: 3:28 4:286030 5:26242530 6:363833441
depth 20 by ncomp: 3:11 4:340889 5:56236068
depth 21 by ncomp: 4:356117
depth 22 by ncomp:
depth 23 by ncomp:
depth 24 by ncomp:
