n=25 nodes=720862538 nsol=0 time=7587.19
depth: 0:1 1:1 2:2 3:8 4:41 5:184 6:732 7:2765 8:11371 9:124 10:518 11:2484 12:12895 13:68424 14:385673 15:2219205 16:13152784 17:73959011 18:264554583 19:311960503 20:54164641 21:366588 22:0 23:0 24:0
depth  0 by ncomp: 0:1
depth  1 by ncomp: 1:1
depth  2 by ncomp: 1:1 2:1
depth  3 by ncomp: 1:4 2:3 3:1
depth  4 by ncomp: 1:16 2:18 3:6 4:1
depth  5 by ncomp: 1:30 2:96 3:47 4:10 5:1
depth  6 by ncomp: 1:38 2:277 3:303 4:98 5:15 6:1
depth  7 by ncomp: 1:34 2:503 3:1226 4:792 5:188 6:21 7:1
depth  8 by ncomp: 1:11 2:751 3:3767 4:4589 5:1895 6:329 7:29
depth  9 by ncomp: 2:6 3:41 4:56 5:19 6:2
depth 10 by ncomp: 2:2 3:94 4:232 5:157 6:31 7:2
depth 11 by ncomp: 3:177 4:908 5:1013 6:341 7:45
depth 12 by ncomp: 3:308 4:2955 5:5622 6:3263 7:747
depth 13 by ncomp: 3:448 4:8208 5:26403 6:23932 7:9433
depth 14 by ncomp: 3:608 4:21226 5:110537 6:153747 7:99555
depth 15 by ncomp: 3:516 4:45779 5:401682 6:857702 7:913526
depth 16 by ncomp: 3:417 4:88663 5:1313786 6:4255650 7:7494268
depth 17 by ncomp: 3:204 4:150485 5:3888750 6:19111371 7:50808201
depth 18 by ncomp: 3:97 4:222960 5:10327795 6:77603127 7:176400604
depth 19 by ncomp: 3:60 4:295967 5:24809956 6:286854520
depth 20 by ncomp: 3:32 4:347088 5:53817521
depth 21 by ncomp: 3:10 4:366578
depth 22 by ncomp:
depth 23 by ncomp:
depth 24 by ncomp:
