n=25 nodes=1126025094 nsol=0 time=12688.62
depth: 0:1 1:1 2:2 3:8 4:41 5:184 6:732 7:2765 8:11371 9:127 10:720 11:3880 12:21556 13:125259 14:735225 15:4486642 16:27605219 17:147287146 18:443536997 19:432857477 20:68854535 21:495194 22:12 23:0 24:0
depth  0 by ncomp: 0:1
depth  1 by ncomp: 1:1
depth  2 by ncomp: 1:1 2:1
depth  3 by ncomp: 1:4 2:3 3:1
depth  4 by ncomp: 1:16 2:18 3:6 4:1
depth  5 by ncomp: 1:30 2:96 3:47 4:10 5:1
depth  6 by ncomp: 1:38 2:277 3:303 4:98 5:15 6:1
depth  7 by ncomp: 1:34 2:503 3:1226 4:792 5:188 6:21 7:1
depth  8 by ncomp: 1:11 2:751 3:3767 4:4589 5:1895 6:329 7:29
depth  9 by ncomp: 3:16 4:58 5:42 6:10 7:1
depth 10 by ncomp: 3:52 4:232 5:293 6:124 7:19
depth 11 by ncomp: 3:113 4:849 5:1557 6:1072 7:289
depth 12 by ncomp: 3:189 4:2982 5:7558 6:7387 7:3440
depth 13 by ncomp: 3:236 4:8630 5:34425 6:47061 7:34907
depth 14 by ncomp: 3:275 4:21699 5:137309 6:266057 7:309885
depth 15 by ncomp: 3:271 4:48642 5:499292 6:1377908 7:2560529
depth 16 by ncomp: 3:254 4:94971 5:1638165 6:6507304 7:19364525
depth 17 by ncomp: 3:202 4:165462 5:4811136 6:28085454 7:114224892
depth 18 by ncomp: 3:148 4:259040 5:12811304 6:110808707 7:319657798
depth 19 by ncomp: 3:100 4:360383 5:31024893 6:401472101
depth 20 by ncomp: 3:57 4:446615 5:68407863
depth 21 by ncomp: 3:20 4:495174
depth 22 by ncomp: 3:12
depth 23 by ncomp:
depth 24 by ncomp:
