n=25 nodes=853971271 nsol=0 time=8379.73
depth: 0:1 1:1 2:2 3:8 4:41 5:184 6:732 7:2765 8:11371 9:90 10:542 11:2974 12:17376 13:102607 14:621758 15:3868269 16:24226595 17:129576568 18:364980446 19:295392729 20:34970012 21:196199 22:1 23:0 24:0
depth  0 by ncomp: 0:1
depth  1 by ncomp: 1:1
depth  2 by ncomp: 1:1 2:1
depth  3 by ncomp: 1:4 2:3 3:1
depth  4 by ncomp: 1:16 2:18 3:6 4:1
depth  5 by ncomp: 1:30 2:96 3:47 4:10 5:1
depth  6 by ncomp: 1:38 2:277 3:303 4:98 5:15 6:1
depth  7 by ncomp: 1:34 2:503 3:1226 4:792 5:188 6:21 7:1
depth  8 by ncomp: 1:11 2:751 3:3767 4:4589 5:1895 6:329 7:29
depth  9 by ncomp: 3:11 4:39 5:31 6:8 7:1
depth 10 by ncomp: 3:33 4:155 5:236 6:101 7:17
depth 11 by ncomp: 3:86 4:501 5:1253 6:886 7:248
depth 12 by ncomp: 3:106 4:1598 5:6071 6:6601 7:3000
depth 13 by ncomp: 3:160 4:4479 5:24878 6:41638 7:31452
depth 14 by ncomp: 3:178 4:11020 5:93339 6:229455 7:287766
depth 15 by ncomp: 3:191 4:23797 5:318061 6:1139085 7:2387135
depth 16 by ncomp: 3:114 4:43754 5:971066 6:5113220 7:18098441
depth 17 by ncomp: 3:153 4:72679 5:2719335 6:21105829 7:105678572
depth 18 by ncomp: 3:86 4:110095 5:6943224 6:79852262 7:278074779
depth 19 by ncomp: 3:47 4:150365 5:16276782 6:278965535
depth 20 by ncomp: 3:22 4:181987 5:34788003
depth 21 by ncomp: 3:11 4:196188
depth 22 by ncomp: 3:1
depth 23 by ncomp:
depth 24 by ncomp:
