n=25 nodes=916748180 nsol=0 time=8146.01
depth: 0:1 1:1 2:2 3:8 4:41 5:184 6:732 7:2765 8:11371 9:101 10:497 11:3026 12:17237 13:104524 14:644740 15:4069015 16:25786158 17:138798897 18:392310370 19:317428118 20:37362331 21:208059 22:2 23:0 24:0
depth  0 by ncomp: 0:1
depth  1 by ncomp: 1:1
depth  2 by ncomp: 1:1 2:1
depth  3 by ncomp: 1:4 2:3 3:1
depth  4 by ncomp: 1:16 2:18 3:6 4:1
depth  5 by ncomp: 1:30 2:96 3:47 4:10 5:1
depth  6 by ncomp: 1:38 2:277 3:303 4:98 5:15 6:1
depth  7 by ncomp: 1:34 2:503 3:1226 4:792 5:188 6:21 7:1
depth  8 by ncomp: 1:11 2:751 3:3767 4:4589 5:1895 6:329 7:29
depth  9 by ncomp: 3:6 4:41 5:42 6:11 7:1
depth 10 by ncomp: 3:8 4:135 5:234 6:103 7:17
depth 11 by ncomp: 3:20 4:473 5:1301 6:967 7:265
depth 12 by ncomp: 3:50 4:1390 5:5794 6:6803 7:3200
depth 13 by ncomp: 3:74 4:3758 5:24655 6:43021 7:33016
depth 14 by ncomp: 3:78 4:8962 5:92639 6:239384 7:303677
depth 15 by ncomp: 3:89 4:19775 5:314298 6:1198577 7:2536276
depth 16 by ncomp: 3:97 4:38764 5:972574 6:5396488 7:19378235
depth 17 by ncomp: 3:88 4:68352 5:2773693 6:22330328 7:113626436
depth 18 by ncomp: 3:67 4:107631 5:7205776 6:85245220 7:299751676
depth 19 by ncomp: 3:50 4:152187 5:17125225 6:300150656
depth 20 by ncomp: 3:31 4:186891 5:37175409
depth 21 by ncomp: 3:13 4:208046
depth 22 by ncomp: 3:2
depth 23 by ncomp:
depth 24 by ncomp:
