n=25 nodes=341468674 nsol=0 time=3367.66
depth: 0:1 1:1 2:2 3:8 4:41 5:184 6:732 7:2765 8:11371 9:65 10:254 11:1173 12:5963 13:32101 14:178867 15:1025894 16:6057444 17:33896210 18:122468947 19:149751063 20:27851875 21:183713 22:0 23:0 24:0
depth  0 by ncomp: 0:1
depth  1 by ncomp: 1:1
depth  2 by ncomp: 1:1 2:1
depth  3 by ncomp: 1:4 2:3 3:1
depth  4 by ncomp: 1:16 2:18 3:6 4:1
depth  5 by ncomp: 1:30 2:96 3:47 4:10 5:1
depth  6 by ncomp: 1:38 2:277 3:303 4:98 5:15 6:1
depth  7 by ncomp: 1:34 2:503 3:1226 4:792 5:188 6:21 7:1
depth  8 by ncomp: 1:11 2:751 3:3767 4:4589 5:1895 6:329 7:29
depth  9 by ncomp: 3:18 4:25 5:14 6:7 7:1
depth 10 by ncomp: 3:47 4:113 5:72 6:20 7:2
depth 11 by ncomp: 3:95 4:455 5:441 6:154 7:28
depth 12 by ncomp: 3:159 4:1544 5:2563 6:1358 7:339
depth 13 by ncomp: 3:198 4:4380 5:12663 6:10771 7:4089
depth 14 by ncomp: 3:233 4:11026 5:53240 6:70052 7:44316
depth 15 by ncomp: 3:190 4:24396 5:196367 6:394806 7:410135
depth 16 by ncomp: 3:105 4:47564 5:651558 6:1973475 7:3384742
depth 17 by ncomp: 3:61 4:79928 5:1956748 6:8951918 7:22907555
depth 18 by ncomp: 3:29 4:117982 5:5239627 6:36754321 7:80356988
depth 19 by ncomp: 3:9 4:155571 5:12663430 6:136932053
depth 20 by ncomp: 3:1 4:179552 5:27672322
depth 21 by ncomp: 3:2 4:183711
depth 22 by ncomp:
depth 23 by ncomp:
depth 24 by ncomp:
