n=25 nodes=430855574 nsol=0 time=5431.75
depth: 0:1 1:1 2:2 3:8 4:41 5:184 6:732 7:2765 8:11371 9:48 10:287 11:1669 12:10451 13:67049 14:420187 15:2629368 16:16408669 17:83030219 18:197273652 19:118382359 20:12407602 21:208894 22:15 23:0 24:0
depth  0 by ncomp: 0:1
depth  1 by ncomp: 1:1
depth  2 by ncomp: 1:1 2:1
depth  3 by ncomp: 1:4 2:3 3:1
depth  4 by ncomp: 1:16 2:18 3:6 4:1
depth  5 by ncomp: 1:30 2:96 3:47 4:10 5:1
depth  6 by ncomp: 1:38 2:277 3:303 4:98 5:15 6:1
depth  7 by ncomp: 1:34 2:503 3:1226 4:792 5:188 6:21 7:1
depth  8 by ncomp: 1:11 2:751 3:3767 4:4589 5:1895 6:329 7:29
depth  9 by ncomp: 3:5 4:2 5:30 6:10 7:1
depth 10 by ncomp: 3:10 4:9 5:150 6:100 7:18
depth 11 by ncomp: 3:17 4:36 5:599 6:764 7:253
depth 12 by ncomp: 3:40 4:173 5:2540 6:4845 7:2853
depth 13 by ncomp: 3:70 4:625 5:9524 6:28384 7:28446
depth 14 by ncomp: 3:120 4:2078 5:30852 6:140134 7:247003
depth 15 by ncomp: 3:191 4:5922 5:93602 6:608570 7:1921083
depth 16 by ncomp: 3:190 4:15707 5:278211 6:2478680 7:13635881
depth 17 by ncomp: 3:205 4:34267 5:785405 6:9473655 7:72736687
depth 18 by ncomp: 3:137 4:65322 5:2082367 6:33825160 7:161300666
depth 19 by ncomp: 3:61 4:110182 5:5179399 6:113092717
depth 20 by ncomp: 3:28 4:166503 5:12241071
depth 21 by ncomp: 3:23 4:208871
depth 22 by ncomp: 3:15
depth 23 by ncomp:
depth 24 by ncomp:
