n=25 nodes=686052899 nsol=0 time=6613.68
depth: 0:1 1:1 2:2 3:8 4:41 5:184 6:732 7:2765 8:11371 9:133 10:644 11:3097 12:14994 13:78083 14:422530 15:2392296 16:13981794 17:75614004 18:251352561 19:282808972 20:58554162 21:814516 22:8 23:0 24:0
depth  0 by ncomp: 0:1
depth  1 by ncomp: 1:1
depth  2 by ncomp: 1:1 2:1
depth  3 by ncomp: 1:4 2:3 3:1
depth  4 by ncomp: 1:16 2:18 3:6 4:1
depth  5 by ncomp: 1:30 2:96 3:47 4:10 5:1
depth  6 by ncomp: 1:38 2:277 3:303 4:98 5:15 6:1
depth  7 by ncomp: 1:34 2:503 3:1226 4:792 5:188 6:21 7:1
depth  8 by ncomp: 1:11 2:751 3:3767 4:4589 5:1895 6:329 7:29
depth  9 by ncomp: 2:1 3:36 4:66 5:27 6:3
depth 10 by ncomp: 2:4 3:102 4:265 5:224 6:46 7:3
depth 11 by ncomp: 2:3 3:257 4:953 5:1285 6:526 7:73
depth 12 by ncomp: 3:438 4:3126 5:6155 6:4159 7:1116
depth 13 by ncomp: 3:656 4:8792 5:27208 6:28259 7:13168
depth 14 by ncomp: 3:945 4:23095 5:105884 6:165466 7:127140
depth 15 by ncomp: 3:1034 4:53782 5:379086 6:864925 7:1093469
depth 16 by ncomp: 3:1043 4:115983 5:1255321 6:4103875 7:8505572
depth 17 by ncomp: 3:845 4:217591 5:3756745 6:17746242 7:53892581
depth 18 by ncomp: 3:519 4:364721 5:10263344 6:70342401 7:170381576
depth 19 by ncomp: 3:284 4:531124 5:25545547 6:256732017
depth 20 by ncomp: 3:137 4:700178 5:57853847
depth 21 by ncomp: 3:45 4:814471
depth 22 by ncomp: 3:8
depth 23 by ncomp:
depth 24 by ncomp:
