n=25 nodes=288484554 nsol=0 time=2876.96
depth: 0:1 1:1 2:2 3:8 4:41 5:184 6:732 7:2765 8:11371 9:51 10:197 11:918 12:4604 13:24353 14:135826 15:782695 16:4635905 17:25888004 18:94329598 19:127544457 20:34500373 21:622451 22:17 23:0 24:0
depth  0 by ncomp: 0:1
depth  1 by ncomp: 1:1
depth  2 by ncomp: 1:1 2:1
depth  3 by ncomp: 1:4 2:3 3:1
depth  4 by ncomp: 1:16 2:18 3:6 4:1
depth  5 by ncomp: 1:30 2:96 3:47 4:10 5:1
depth  6 by ncomp: 1:38 2:277 3:303 4:98 5:15 6:1
depth  7 by ncomp: 1:34 2:503 3:1226 4:792 5:188 6:21 7:1
depth  8 by ncomp: 1:11 2:751 3:3767 4:4589 5:1895 6:329 7:29
depth  9 by ncomp: 2:6 3:23 4:14 5:7 6:1
depth 10 by ncomp: 2:7 3:68 4:71 5:39 6:11 7:1
depth 11 by ncomp: 2:4 3:172 4:354 5:269 6:101 7:18
depth 12 by ncomp: 3:363 4:1332 5:1703 6:957 7:249
depth 13 by ncomp: 3:637 4:4438 5:8743 6:7376 7:3159
depth 14 by ncomp: 3:870 4:13090 5:40139 6:48744 7:32983
depth 15 by ncomp: 3:1035 4:33081 5:160746 6:282701 7:305132
depth 16 by ncomp: 3:1051 4:73261 5:573329 6:1459307 7:2528957
depth 17 by ncomp: 3:959 4:143880 5:1846576 6:6805222 7:17091367
depth 18 by ncomp: 3:660 4:253740 5:5380586 6:28986876 7:59707736
depth 19 by ncomp: 3:345 4:391425 5:14217481 6:112935206
depth 20 by ncomp: 3:153 4:529748 5:33970472
depth 21 by ncomp: 3:51 4:622400
depth 22 by ncomp: 3:17
depth 23 by ncomp:
depth 24 by ncomp:
