n=25 nodes=659598316 nsol=0 time=6934.06
depth: 0:1 1:1 2:2 3:8 4:41 5:184 6:732 7:2765 8:11371 9:109 10:546 11:3186 12:16948 13:95994 14:560832 15:3421894 16:20949561 17:107305644 18:284842600 19:218234021 20:24042407 21:109468 22:1 23:0 24:0
depth  0 by ncomp: 0:1
depth  1 by ncomp: 1:1
depth  2 by ncomp: 1:1 2:1
depth  3 by ncomp: 1:4 2:3 3:1
depth  4 by ncomp: 1:16 2:18 3:6 4:1
depth  5 by ncomp: 1:30 2:96 3:47 4:10 5:1
depth  6 by ncomp: 1:38 2:277 3:303 4:98 5:15 6:1
depth  7 by ncomp: 1:34 2:503 3:1226 4:792 5:188 6:21 7:1
depth  8 by ncomp: 1:11 2:751 3:3767 4:4589 5:1895 6:329 7:29
depth  9 by ncomp: 3:10 4:43 5:45 6:10 7:1
depth 10 by ncomp: 3:12 4:138 5:263 6:115 7:18
depth 11 by ncomp: 3:33 4:480 5:1304 6:1058 7:311
depth 12 by ncomp: 3:44 4:1176 5:5246 6:6783 7:3699
depth 13 by ncomp: 3:74 4:3108 5:20406 6:38121 7:34285
depth 14 by ncomp: 3:62 4:7162 5:73439 6:195624 7:284545
depth 15 by ncomp: 3:74 4:15071 5:242860 6:931364 7:2232525
depth 16 by ncomp: 3:64 4:27522 5:726252 6:4058766 7:16136957
depth 17 by ncomp: 3:34 4:45788 5:1984540 6:16282349 7:88992933
depth 18 by ncomp: 3:12 4:66716 5:4963076 6:60314370 7:219498426
depth 19 by ncomp: 3:3 4:86965 5:11386066 6:206760987
depth 20 by ncomp: 3:5 4:103544 5:23938858
depth 21 by ncomp: 3:2 4:109466
depth 22 by ncomp: 3:1
depth 23 by ncomp:
depth 24 by ncomp:
