n=25 nodes=915909279 nsol=0 time=9083.91
depth: 0:1 1:1 2:2 3:8 4:41 5:184 6:732 7:2765 8:11371 9:135 10:622 11:3441 12:19503 13:114579 14:690529 15:4281862 16:26761297 17:142085070 18:393029464 19:309790047 20:38797617 21:320007 22:1 23:0 24:0
depth  0 by ncomp: 0:1
depth  1 by ncomp: 1:1
depth  2 by ncomp: 1:1 2:1
depth  3 by ncomp: 1:4 2:3 3:1
depth  4 by ncomp: 1:16 2:18 3:6 4:1
depth  5 by ncomp: 1:30 2:96 3:47 4:10 5:1
depth  6 by ncomp: 1:38 2:277 3:303 4:98 5:15 6:1
depth  7 by ncomp: 1:34 2:503 3:1226 4:792 5:188 6:21 7:1
depth  8 by ncomp: 1:11 2:751 3:3767 4:4589 5:1895 6:329 7:29
depth  9 by ncomp: 2:1 3:29 4:43 5:49 6:12 7:1
depth 10 by ncomp: 3:60 4:151 5:268 6:123 7:20
depth 11 by ncomp: 3:129 4:588 5:1378 6:1046 7:300
depth 12 by ncomp: 3:208 4:1791 5:6397 6:7495 7:3612
depth 13 by ncomp: 3:339 4:5210 5:26502 6:46336 7:36192
depth 14 by ncomp: 3:402 4:13389 5:98257 6:251857 7:326624
depth 15 by ncomp: 3:415 4:29820 5:332621 6:1236074 7:2682932
depth 16 by ncomp: 3:370 4:60790 5:1026472 6:5490512 7:20183153
depth 17 by ncomp: 3:309 4:109994 5:2914142 6:22376197 7:116684428
depth 18 by ncomp: 3:153 4:172288 5:7560685 6:84031906 7:301264432
depth 19 by ncomp: 3:76 4:239319 5:17897657 6:291652995
depth 20 by ncomp: 3:30 4:293349 5:38504238
depth 21 by ncomp: 3:14 4:319993
depth 22 by ncomp: 3:1
depth 23 by ncomp:
depth 24 by ncomp:
