n=25 nodes=607364863 nsol=0 time=6495.43
depth: 0:1 1:1 2:2 3:8 4:41 5:184 6:732 7:2765 8:11371 9:89 10:408 11:2170 12:11535 13:62122 14:350831 15:2034056 16:12152337 17:67939178 18:234491869 19:252703159 20:37412365 21:189639 22:0 23:0 24:0
depth  0 by ncomp: 0:1
depth  1 by ncomp: 1:1
depth  2 by ncomp: 1:1 2:1
depth  3 by ncomp: 1:4 2:3 3:1
depth  4 by ncomp: 1:16 2:18 3:6 4:1
depth  5 by ncomp: 1:30 2:96 3:47 4:10 5:1
depth  6 by ncomp: 1:38 2:277 3:303 4:98 5:15 6:1
depth  7 by ncomp: 1:34 2:503 3:1226 4:792 5:188 6:21 7:1
depth  8 by ncomp: 1:11 2:751 3:3767 4:4589 5:1895 6:329 7:29
depth  9 by ncomp: 3:22 4:46 5:19 6:2
depth 10 by ncomp: 3:29 4:188 5:158 6:31 7:2
depth 11 by ncomp: 3:50 4:708 5:1007 6:358 7:47
depth 12 by ncomp: 3:62 4:2119 5:5315 6:3276 7:763
depth 13 by ncomp: 3:80 4:5455 5:23390 6:23649 7:9548
depth 14 by ncomp: 3:75 4:12800 5:92143 6:146412 7:99401
depth 15 by ncomp: 3:84 4:26395 5:322480 6:788210 7:896887
depth 16 by ncomp: 3:60 4:49225 5:1011182 6:3803607 7:7288263
depth 17 by ncomp: 3:32 4:80582 5:2881597 6:16559899 7:48417068
depth 18 by ncomp: 3:20 4:117268 5:7405955 6:65248376 7:161720250
depth 19 by ncomp: 3:12 4:153006 5:17416140 6:235134001
depth 20 by ncomp: 3:1 4:180008 5:37232356
depth 21 by ncomp: 4:189639
depth 22 by ncomp:
depth 23 by ncomp:
depth 24 by ncomp:
