n=25 nodes=1422829485 nsol=0 time=14076.33
depth: 0:1 1:1 2:2 3:8 4:41 5:184 6:732 7:2765 8:11371 9:158 10:964 11:5683 12:35246 13:220434 14:1408740 15:9281481 16:59054956 17:272082147 18:585390730 19:424756697 20:69618102 21:958997 22:45 23:0 24:0
depth  0 by ncomp: 0:1
depth  1 by ncomp: 1:1
depth  2 by ncomp: 1:1 2:1
depth  3 by ncomp: 1:4 2:3 3:1
depth  4 by ncomp: 1:16 2:18 3:6 4:1
depth  5 by ncomp: 1:30 2:96 3:47 4:10 5:1
depth  6 by ncomp: 1:38 2:277 3:303 4:98 5:15 6:1
depth  7 by ncomp: 1:34 2:503 3:1226 4:792 5:188 6:21 7:1
depth  8 by ncomp: 1:11 2:751 3:3767 4:4589 5:1895 6:329 7:29
depth  9 by ncomp: 2:2 3:17 4:66 5:28 6:35 7:10
depth 10 by ncomp: 2:2 3:56 4:275 5:239 6:260 7:132
depth 11 by ncomp: 2:4 3:134 4:919 5:1459 6:1733 7:1434
depth 12 by ncomp: 2:1 3:284 4:2947 5:7335 6:10844 7:13835
depth 13 by ncomp: 2:1 3:562 4:8615 5:32713 6:60757 7:117786
depth 14 by ncomp: 3:938 4:22447 5:129524 6:316100 7:939731
depth 15 by ncomp: 3:1194 4:53620 5:464670 6:1535788 7:7226209
depth 16 by ncomp: 3:1303 4:114796 5:1510253 6:6894521 7:50534083
depth 17 by ncomp: 3:1176 4:215580 5:4506172 6:28758440 7:238600779
depth 18 by ncomp: 3:935 4:365222 5:12239847 6:110722282 7:462062444
depth 19 by ncomp: 3:625 4:555205 5:30295338 6:393905529
depth 20 by ncomp: 3:382 4:773657 5:68844063
depth 21 by ncomp: 3:183 4:958814
depth 22 by ncomp: 3:45
depth 23 by ncomp:
depth 24 by ncomp:
