n=25 nodes=167687303 nsol=0 time=1419.08
depth: 0:1 1:1 2:2 3:8 4:41 5:184 6:732 7:2765 8:11371 9:38 10:111 11:483 12:2400 13:11170 14:58386 15:319438 16:1797748 17:10113035 18:44154064 19:81375118 20:29204348 21:635815 22:44 23:0 24:0
depth  0 by ncomp: 0:1
depth  1 by ncomp: 1:1
depth  2 by ncomp: 1:1 2:1
depth  3 by ncomp: 1:4 2:3 3:1
depth  4 by ncomp: 1:16 2:18 3:6 4:1
depth  5 by ncomp: 1:30 2:96 3:47 4:10 5:1
depth  6 by ncomp: 1:38 2:277 3:303 4:98 5:15 6:1
depth  7 by ncomp: 1:34 2:503 3:1226 4:792 5:188 6:21 7:1
depth  8 by ncomp: 1:11 2:751 3:3767 4:4589 5:1895 6:329 7:29
depth  9 by ncomp: 2:5 3:12 4:12 5:8 6:1
depth 10 by ncomp: 2:2 3:36 4:40 5:22 6:10 7:1
depth 11 by ncomp: 2:1 3:97 4:197 5:118 6:55 7:15
depth 12 by ncomp: 3:210 4:898 5:809 6:351 7:132
depth 13 by ncomp: 2:1 3:404 4:2979 5:4488 6:2350 7:948
depth 14 by ncomp: 3:596 4:9532 5:23000 6:17380 7:7878
depth 15 by ncomp: 3:825 4:25419 5:102361 6:118101 7:72732
depth 16 by ncomp: 3:934 4:58678 5:389021 6:696351 7:652764
depth 17 by ncomp: 3:807 4:123244 5:1336829 6:3587000 7:5065155
depth 18 by ncomp: 3:635 4:225313 5:4144463 6:16609150 7:23174503
depth 19 by ncomp: 3:381 4:365537 5:11488294 6:69520906
depth 20 by ncomp: 3:200 4:516786 5:28687362
depth 21 by ncomp: 3:102 4:635713
depth 22 by ncomp: 3:44
depth 23 by ncomp:
depth 24 by ncomp:
