n=25 nodes=105589045 nsol=0 time=882.09
depth: 0:1 1:1 2:2 3:8 4:41 5:184 6:732 7:2765 8:11371 9:45 10:131 11:516 12:2182 13:9989 14:49704 15:260279 16:1415500 17:7675034 18:31627657 19:50410447 20:13950294 21:172157 22:5 23:0 24:0
depth  0 by ncomp: 0:1
depth  1 by ncomp: 1:1
depth  2 by ncomp: 1:1 2:1
depth  3 by ncomp: 1:4 2:3 3:1
depth  4 by ncomp: 1:16 2:18 3:6 4:1
depth  5 by ncomp: 1:30 2:96 3:47 4:10 5:1
depth  6 by ncomp: 1:38 2:277 3:303 4:98 5:15 6:1
depth  7 by ncomp: 1:34 2:503 3:1226 4:792 5:188 6:21 7:1
depth  8 by ncomp: 1:11 2:751 3:3767 4:4589 5:1895 6:329 7:29
depth  9 by ncomp: 2:6 3:18 4:18 5:3
depth 10 by ncomp: 2:3 3:49 4:50 5:26 6:3
depth 11 by ncomp: 2:1 3:113 4:234 5:129 6:36 7:3
depth 12 by ncomp: 3:206 4:861 5:798 6:266 7:51
depth 13 by ncomp: 3:326 4:2697 5:4268 6:2163 7:535
depth 14 by ncomp: 3:343 4:7251 5:19872 6:16189 7:6049
depth 15 by ncomp: 3:383 4:17181 5:79551 6:101479 7:61685
depth 16 by ncomp: 3:288 4:34408 5:276775 6:551692 7:552337
depth 17 by ncomp: 3:181 4:61084 5:853291 6:2623503 7:4136975
depth 18 by ncomp: 3:65 4:97966 5:2418363 6:11388835 7:17722428
depth 19 by ncomp: 3:30 4:133620 5:6068048 6:44208749
depth 20 by ncomp: 3:12 4:160561 5:13789721
depth 21 by ncomp: 3:3 4:172154
depth 22 by ncomp: 3:5
depth 23 by ncomp:
depth 24 by ncomp:
