n=25 nodes=461522247 nsol=0 time=4741.56
depth: 0:1 1:1 2:2 3:8 4:41 5:184 6:732 7:2765 8:11371 9:84 10:410 11:1977 12:10578 13:57443 14:325757 15:1901472 16:11358910 17:61642170 18:192141167 19:174121508 20:19887837 21:57829 22:0 23:0 24:0
depth  0 by ncomp: 0:1
depth  1 by ncomp: 1:1
depth  2 by ncomp: 1:1 2:1
depth  3 by ncomp: 1:4 2:3 3:1
depth  4 by ncomp: 1:16 2:18 3:6 4:1
depth  5 by ncomp: 1:30 2:96 3:47 4:10 5:1
depth  6 by ncomp: 1:38 2:277 3:303 4:98 5:15 6:1
depth  7 by ncomp: 1:34 2:503 3:1226 4:792 5:188 6:21 7:1
depth  8 by ncomp: 1:11 2:751 3:3767 4:4589 5:1895 6:329 7:29
depth  9 by ncomp: 3:6 4:49 5:26 6:3
depth 10 by ncomp: 3:4 4:160 5:199 6:44 7:3
depth 11 by ncomp: 3:9 4:402 5:1016 6:480 7:70
depth 12 by ncomp: 3:11 4:1045 5:4589 6:3834 7:1099
depth 13 by ncomp: 3:16 4:2406 5:17929 6:24607 7:12485
depth 14 by ncomp: 3:15 4:5249 5:64123 6:137130 7:119240
depth 15 by ncomp: 3:22 4:10351 5:208343 6:680166 7:1002590
depth 16 by ncomp: 3:9 4:18436 5:620297 6:3053293 7:7666875
depth 17 by ncomp: 4:28832 5:1686292 6:12552931 7:47374115
depth 18 by ncomp: 4:40350 5:4199678 6:47324947 7:140576192
depth 19 by ncomp: 4:51261 5:9554739 6:164515508
depth 20 by ncomp: 4:58897 5:19828940
depth 21 by ncomp: 4:57829
depth 22 by ncomp:
depth 23 by ncomp:
depth 24 by ncomp:
