n=25 nodes=342933812 nsol=0 time=2885.15
depth: 0:1 1:1 2:2 3:8 4:41 5:184 6:732 7:2765 8:11371 9:78 10:318 11:1273 12:6222 13:29392 14:151435 15:822753 16:4725129 17:26472158 18:107371946 19:163242313 20:39766430 21:329260 22:0 23:0 24:0
depth  0 by ncomp: 0:1
depth  1 by ncomp: 1:1
depth  2 by ncomp: 1:1 2:1
depth  3 by ncomp: 1:4 2:3 3:1
depth  4 by ncomp: 1:16 2:18 3:6 4:1
depth  5 by ncomp: 1:30 2:96 3:47 4:10 5:1
depth  6 by ncomp: 1:38 2:277 3:303 4:98 5:15 6:1
depth  7 by ncomp: 1:34 2:503 3:1226 4:792 5:188 6:21 7:1
depth  8 by ncomp: 1:11 2:751 3:3767 4:4589 5:1895 6:329 7:29
depth  9 by ncomp: 3:34 4:39 5:5
depth 10 by ncomp: 3:68 4:181 5:64 6:5
depth 11 by ncomp: 3:110 4:643 5:430 6:85 7:5
depth 12 by ncomp: 3:251 4:2256 5:2682 6:910 7:123
depth 13 by ncomp: 3:312 4:6191 5:13404 6:7686 7:1799
depth 14 by ncomp: 3:350 4:16288 5:59446 6:54284 7:21067
depth 15 by ncomp: 3:370 4:37835 5:234362 6:335594 7:214592
depth 16 by ncomp: 3:240 4:77926 5:835525 6:1854480 7:1956958
depth 17 by ncomp: 3:126 4:135404 5:2577113 6:8900623 7:14858892
depth 18 by ncomp: 3:44 4:206613 5:7057434 6:37762090 7:62345765
depth 19 by ncomp: 3:18 4:275660 5:17586459 6:145380176
depth 20 by ncomp: 3:2 4:324787 5:39441641
depth 21 by ncomp: 4:329260
depth 22 by ncomp:
depth 23 by ncomp:
depth 24 by ncomp:
