n=25 nodes=599033952 nsol=0 time=5830.17
depth: 0:1 1:1 2:2 3:8 4:41 5:184 6:732 7:2765 8:11371 9:91 10:438 11:2255 12:11563 13:63421 14:364744 15:2149073 16:12868127 17:70741797 18:232499723 19:240314379 20:39598062 21:405169 22:5 23:0 24:0
depth  0 by ncomp: 0:1
depth  1 by ncomp: 1:1
depth  2 by ncomp: 1:1 2:1
depth  3 by ncomp: 1:4 2:3 3:1
depth  4 by ncomp: 1:16 2:18 3:6 4:1
depth  5 by ncomp: 1:30 2:96 3:47 4:10 5:1
depth  6 by ncomp: 1:38 2:277 3:303 4:98 5:15 6:1
depth  7 by ncomp: 1:34 2:503 3:1226 4:792 5:188 6:21 7:1
depth  8 by ncomp: 1:11 2:751 3:3767 4:4589 5:1895 6:329 7:29
depth  9 by ncomp: 3:5 4:55 5:28 6:3
depth 10 by ncomp: 3:21 4:182 5:189 6:43 7:3
depth 11 by ncomp: 3:61 4:580 5:1096 6:453 7:65
depth 12 by ncomp: 3:121 4:1616 5:5099 6:3738 7:989
depth 13 by ncomp: 3:205 4:4530 5:21722 6:25384 7:11580
depth 14 by ncomp: 3:316 4:11516 5:84550 6:151484 7:116878
depth 15 by ncomp: 3:364 4:26561 5:290967 6:795397 7:1035784
depth 16 by ncomp: 3:391 4:54799 5:913598 6:3706232 7:8193107
depth 17 by ncomp: 3:330 4:102866 5:2654916 6:15740694 7:52242991
depth 18 by ncomp: 3:188 4:171173 5:7107718 6:61613103 7:163607541
depth 19 by ncomp: 3:89 4:256879 5:17439110 6:222618301
depth 20 by ncomp: 3:30 4:343493 5:39254539
depth 21 by ncomp: 3:9 4:405160
depth 22 by ncomp: 3:5
depth 23 by ncomp:
depth 24 by ncomp:
