n=25 nodes=554418891 nsol=0 time=5449.81
depth: 0:1 1:1 2:2 3:8 4:41 5:184 6:732 7:2765 8:11371 9:115 10:508 11:2315 12:11489 13:60701 14:331196 15:1894705 16:11222859 17:61905665 18:209728701 19:228889814 20:39974502 21:381205 22:11 23:0 24:0
depth  0 by ncomp: 0:1
depth  1 by ncomp: 1:1
depth  2 by ncomp: 1:1 2:1
depth  3 by ncomp: 1:4 2:3 3:1
depth  4 by ncomp: 1:16 2:18 3:6 4:1
depth  5 by ncomp: 1:30 2:96 3:47 4:10 5:1
depth  6 by ncomp: 1:38 2:277 3:303 4:98 5:15 6:1
depth  7 by ncomp: 1:34 2:503 3:1226 4:792 5:188 6:21 7:1
depth  8 by ncomp: 1:11 2:751 3:3767 4:4589 5:1895 6:329 7:29
depth  9 by ncomp: 2:4 3:27 4:53 5:28 6:3
depth 10 by ncomp: 2:4 3:61 4:218 5:179 6:43 7:3
depth 11 by ncomp: 2:3 3:126 4:702 5:1024 6:398 7:62
depth 12 by ncomp: 2:2 3:242 4:2061 5:5073 6:3284 7:827
depth 13 by ncomp: 3:382 4:5758 5:21781 6:23015 7:9765
depth 14 by ncomp: 3:443 4:13996 5:83072 6:135678 7:98007
depth 15 by ncomp: 3:471 4:31601 5:291441 6:713162 7:858030
depth 16 by ncomp: 3:414 4:64037 5:936751 6:3391514 7:6830143
depth 17 by ncomp: 3:259 4:115538 5:2741526 6:14673323 7:44375019
depth 18 by ncomp: 3:190 4:186143 5:7294600 6:58021120 7:144226648
depth 19 by ncomp: 3:112 4:266114 5:17808082 6:210815506
depth 20 by ncomp: 3:52 4:337829 5:39636621
depth 21 by ncomp: 3:23 4:381182
depth 22 by ncomp: 3:11
depth 23 by ncomp:
depth 24 by ncomp:
