n=25 nodes=788332729 nsol=0 time=11425.48
depth: 0:1 1:1 2:2 3:8 4:41 5:184 6:732 7:2765 8:11371 9:122 10:592 11:3154 12:18777 13:109819 14:683403 15:4329230 16:27446517 17:140992007 18:352038676 19:237694308 20:24680275 21:320298 22:446 23:0 24:0
depth  0 by ncomp: 0:1
depth  1 by ncomp: 1:1
depth  2 by ncomp: 1:1 2:1
depth  3 by ncomp: 1:4 2:3 3:1
depth  4 by ncomp: 1:16 2:18 3:6 4:1
depth  5 by ncomp: 1:30 2:96 3:47 4:10 5:1
depth  6 by ncomp: 1:38 2:277 3:303 4:98 5:15 6:1
depth  7 by ncomp: 1:34 2:503 3:1226 4:792 5:188 6:21 7:1
depth  8 by ncomp: 1:11 2:751 3:3767 4:4589 5:1895 6:329 7:29
depth  9 by ncomp: 2:2 3:11 4:32 5:55 6:20 7:2
depth 10 by ncomp: 3:30 4:104 5:254 6:170 7:34
depth 11 by ncomp: 3:43 4:351 5:1161 6:1177 7:422
depth 12 by ncomp: 3:86 4:1141 5:5197 6:7722 7:4631
depth 13 by ncomp: 3:126 4:3076 5:19764 6:43240 7:43613
depth 14 by ncomp: 3:165 4:6903 5:73269 6:227873 7:375193
depth 15 by ncomp: 3:297 4:14521 5:235237 6:1078134 7:3001041
depth 16 by ncomp: 3:450 4:29133 5:696136 6:4624097 7:22096701
depth 17 by ncomp: 3:605 4:54200 5:1901625 6:18255952 7:120779625
depth 18 by ncomp: 3:779 4:94218 5:4835532 6:66721960 7:280386187
depth 19 by ncomp: 3:985 4:148437 5:11313479 6:226231407
depth 20 by ncomp: 3:878 4:224944 5:24454453
depth 21 by ncomp: 3:653 4:319645
depth 22 by ncomp: 3:446
depth 23 by ncomp:
depth 24 by ncomp:
