n=25 nodes=635204216 nsol=0 time=5990.32
depth: 0:1 1:1 2:2 3:8 4:41 5:184 6:732 7:2765 8:11371 9:95 10:431 11:2268 12:12423 13:69016 14:388716 15:2279261 16:13729964 17:76019435 18:251939855 19:254484266 20:36004700 21:258676 22:5 23:0 24:0
depth  0 by ncomp: 0:1
depth  1 by ncomp: 1:1
depth  2 by ncomp: 1:1 2:1
depth  3 by ncomp: 1:4 2:3 3:1
depth  4 by ncomp: 1:16 2:18 3:6 4:1
depth  5 by ncomp: 1:30 2:96 3:47 4:10 5:1
depth  6 by ncomp: 1:38 2:277 3:303 4:98 5:15 6:1
depth  7 by ncomp: 1:34 2:503 3:1226 4:792 5:188 6:21 7:1
depth  8 by ncomp: 1:11 2:751 3:3767 4:4589 5:1895 6:329 7:29
depth  9 by ncomp: 2:4 3:10 4:52 5:26 6:3
depth 10 by ncomp: 2:7 3:29 4:169 5:181 6:42 7:3
depth 11 by ncomp: 3:59 4:613 5:1093 6:439 7:64
depth 12 by ncomp: 3:157 4:1886 5:5603 6:3808 7:969
depth 13 by ncomp: 3:260 4:5078 5:24475 6:27201 7:12002
depth 14 by ncomp: 3:368 4:11912 5:93901 6:162380 7:120155
depth 15 by ncomp: 3:467 4:25486 5:321944 6:860587 7:1070777
depth 16 by ncomp: 3:456 4:50068 5:998567 6:4076088 7:8604785
depth 17 by ncomp: 3:236 4:85179 5:2793228 6:17311682 7:55829110
depth 18 by ncomp: 3:148 4:133168 5:7174914 6:67065906 7:177565719
depth 19 by ncomp: 3:78 4:188005 5:16712968 6:237583215
depth 20 by ncomp: 3:38 4:237441 5:35767221
depth 21 by ncomp: 3:25 4:258651
depth 22 by ncomp: 3:5
depth 23 by ncomp:
depth 24 by ncomp:
