n=25 nodes=552012474 nsol=0 time=5104.82
depth: 0:1 1:1 2:2 3:8 4:41 5:184 6:732 7:2765 8:11371 9:116 10:517 11:2321 12:11199 13:55098 14:289582 15:1593708 16:9082210 17:49560973 18:181352990 19:245665179 20:63351442 21:1031997 22:37 23:0 24:0
depth  0 by ncomp: 0:1
depth  1 by ncomp: 1:1
depth  2 by ncomp: 1:1 2:1
depth  3 by ncomp: 1:4 2:3 3:1
depth  4 by ncomp: 1:16 2:18 3:6 4:1
depth  5 by ncomp: 1:30 2:96 3:47 4:10 5:1
depth  6 by ncomp: 1:38 2:277 3:303 4:98 5:15 6:1
depth  7 by ncomp: 1:34 2:503 3:1226 4:792 5:188 6:21 7:1
depth  8 by ncomp: 1:11 2:751 3:3767 4:4589 5:1895 6:329 7:29
depth  9 by ncomp: 2:10 3:49 4:43 5:13 6:1
depth 10 by ncomp: 2:7 3:148 4:227 5:115 6:19 7:1
depth 11 by ncomp: 2:16 3:338 4:925 5:781 6:234 7:27
depth 12 by ncomp: 2:16 3:709 4:3355 5:4485 6:2180 7:454
depth 13 by ncomp: 2:3 3:1172 4:9988 5:21489 6:16542 7:5904
depth 14 by ncomp: 3:1615 4:27682 5:92507 6:105581 7:62197
depth 15 by ncomp: 3:1857 4:66167 5:355656 6:601389 7:568639
depth 16 by ncomp: 3:1911 4:142503 5:1226095 6:3046371 7:4665330
depth 17 by ncomp: 3:1757 4:269713 5:3803560 6:13940856 7:31545087
depth 18 by ncomp: 3:1220 4:452884 5:10607071 6:57628924 7:112662891
depth 19 by ncomp: 3:720 4:677244 5:27001510 6:217985705
depth 20 by ncomp: 3:287 4:893120 5:62458035
depth 21 by ncomp: 3:115 4:1031882
depth 22 by ncomp: 3:37
depth 23 by ncomp:
depth 24 by ncomp:
