n=25 nodes=504767485 nsol=0 time=4816.15
depth: 0:1 1:1 2:2 3:8 4:41 5:184 6:732 7:2765 8:11371 9:61 10:272 11:1409 12:7637 13:42795 14:251566 15:1516866 16:9327785 17:53174724 18:188551113 19:215538853 20:36110463 21:228836 22:0 23:0 24:0
depth  0 by ncomp: 0:1
depth  1 by ncomp: 1:1
depth  2 by ncomp: 1:1 2:1
depth  3 by ncomp: 1:4 2:3 3:1
depth  4 by ncomp: 1:16 2:18 3:6 4:1
depth  5 by ncomp: 1:30 2:96 3:47 4:10 5:1
depth  6 by ncomp: 1:38 2:277 3:303 4:98 5:15 6:1
depth  7 by ncomp: 1:34 2:503 3:1226 4:792 5:188 6:21 7:1
depth  8 by ncomp: 1:11 2:751 3:3767 4:4589 5:1895 6:329 7:29
depth  9 by ncomp: 2:1 3:12 4:31 5:15 6:2
depth 10 by ncomp: 3:23 4:121 5:101 6:25 7:2
depth 11 by ncomp: 3:50 4:430 5:637 6:253 7:39
depth 12 by ncomp: 3:68 4:1331 5:3418 6:2235 7:585
depth 13 by ncomp: 3:84 4:3869 5:15607 6:16157 7:7078
depth 14 by ncomp: 3:115 4:9968 5:65542 6:102904 7:73037
depth 15 by ncomp: 3:163 4:22681 5:244306 6:579275 7:670441
depth 16 by ncomp: 3:159 4:45224 5:810339 6:2899027 7:5573036
depth 17 by ncomp: 3:119 4:79491 5:2427247 6:13041229 7:37626638
depth 18 by ncomp: 3:52 4:124890 5:6577157 6:53384899 7:128464115
depth 19 by ncomp: 3:44 4:171958 5:16128913 6:199237938
depth 20 by ncomp: 3:20 4:212218 5:35898225
depth 21 by ncomp: 3:2 4:228834
depth 22 by ncomp:
depth 23 by ncomp:
depth 24 by ncomp:
