n=25 nodes=355473526 nsol=0 time=4438.49
depth: 0:1 1:1 2:2 3:8 4:41 5:184 6:732 7:2765 8:11371 9:54 10:266 11:1516 12:8178 13:46737 14:289139 15:1866717 16:11887840 17:60419413 18:150555553 19:113295984 20:16948603 21:138421 22:0 23:0 24:0
depth  0 by ncomp: 0:1
depth  1 by ncomp: 1:1
depth  2 by ncomp: 1:1 2:1
depth  3 by ncomp: 1:4 2:3 3:1
depth  4 by ncomp: 1:16 2:18 3:6 4:1
depth  5 by ncomp: 1:30 2:96 3:47 4:10 5:1
depth  6 by ncomp: 1:38 2:277 3:303 4:98 5:15 6:1
depth  7 by ncomp: 1:34 2:503 3:1226 4:792 5:188 6:21 7:1
depth  8 by ncomp: 1:11 2:751 3:3767 4:4589 5:1895 6:329 7:29
depth  9 by ncomp: 3:12 4:11 5:21 6:9 7:1
depth 10 by ncomp: 3:19 4:43 5:108 6:80 7:16
depth 11 by ncomp: 3:69 4:220 5:445 6:562 7:220
depth 12 by ncomp: 3:93 4:802 5:1873 6:3178 7:2232
depth 13 by ncomp: 3:122 4:2238 5:8087 6:17126 7:19164
depth 14 by ncomp: 3:151 4:5921 5:32067 6:89720 7:161280
depth 15 by ncomp: 3:156 4:14033 5:117816 6:435347 7:1299365
depth 16 by ncomp: 3:121 4:29179 5:395482 6:1948818 7:9514240
depth 17 by ncomp: 3:83 4:51028 5:1172420 6:7993110 7:51202772
depth 18 by ncomp: 3:58 4:77242 5:3102833 6:30172793 7:117202627
depth 19 by ncomp: 3:41 4:108462 5:7545026 6:105642455
depth 20 by ncomp: 3:22 4:131230 5:16817351
depth 21 by ncomp: 3:4 4:138417
depth 22 by ncomp:
depth 23 by ncomp:
depth 24 by ncomp:
