n=25 nodes=723289716 nsol=0 time=11055.16
depth: 0:1 1:1 2:2 3:8 4:41 5:184 6:732 7:2765 8:11371 9:110 10:513 11:2776 12:15998 13:93074 14:560168 15:3455975 16:21458756 17:112665454 18:310127726 19:246781838 20:27994740 21:117483 22:0 23:0 24:0
depth  0 by ncomp: 0:1
depth  1 by ncomp: 1:1
depth  2 by ncomp: 1:1 2:1
depth  3 by ncomp: 1:4 2:3 3:1
depth  4 by ncomp: 1:16 2:18 3:6 4:1
depth  5 by ncomp: 1:30 2:96 3:47 4:10 5:1
depth  6 by ncomp: 1:38 2:277 3:303 4:98 5:15 6:1
depth  7 by ncomp: 1:34 2:503 3:1226 4:792 5:188 6:21 7:1
depth  8 by ncomp: 1:11 2:751 3:3767 4:4589 5:1895 6:329 7:29
depth  9 by ncomp: 3:13 4:43 5:42 6:11 7:1
depth 10 by ncomp: 3:25 4:136 5:227 6:107 7:18
depth 11 by ncomp: 3:61 4:451 5:1178 6:849 7:237
depth 12 by ncomp: 3:100 4:1472 5:5296 6:6121 7:3009
depth 13 by ncomp: 3:124 4:3871 5:21950 6:37138 7:29991
depth 14 by ncomp: 3:83 4:8911 5:80548 6:202412 7:268214
depth 15 by ncomp: 3:62 4:18400 5:269876 6:985167 7:2182470
depth 16 by ncomp: 3:40 4:32970 5:817002 6:4384869 7:16223875
depth 17 by ncomp: 3:30 4:53854 5:2251865 6:17861002 7:92498703
depth 18 by ncomp: 3:12 4:77784 5:5710330 6:67215246 7:237124354
depth 19 by ncomp: 3:5 4:99396 5:13193328 6:233489109
depth 20 by ncomp: 4:114239 5:27880501
depth 21 by ncomp: 4:117483
depth 22 by ncomp:
depth 23 by ncomp:
depth 24 by ncomp:
