n=25 nodes=242467760 nsol=0 time=2232.73
depth: 0:1 1:1 2:2 3:8 4:41 5:184 6:732 7:2765 8:11371 9:47 10:171 11:834 12:4479 13:24655 14:144850 15:848588 16:5053470 17:28001796 18:95044284 19:99716254 20:13564825 21:48402 22:0 23:0 24:0
depth  0 by ncomp: 0:1
depth  1 by ncomp: 1:1
depth  2 by ncomp: 1:1 2:1
depth  3 by ncomp: 1:4 2:3 3:1
depth  4 by ncomp: 1:16 2:18 3:6 4:1
depth  5 by ncomp: 1:30 2:96 3:47 4:10 5:1
depth  6 by ncomp: 1:38 2:277 3:303 4:98 5:15 6:1
depth  7 by ncomp: 1:34 2:503 3:1226 4:792 5:188 6:21 7:1
depth  8 by ncomp: 1:11 2:751 3:3767 4:4589 5:1895 6:329 7:29
depth  9 by ncomp: 3:4 4:21 5:19 6:3
depth 10 by ncomp: 3:4 4:64 5:73 6:27 7:3
depth 11 by ncomp: 3:10 4:231 5:398 6:158 7:37
depth 12 by ncomp: 3:6 4:657 5:2087 6:1350 7:379
depth 13 by ncomp: 3:10 4:1806 5:9158 6:9561 7:4120
depth 14 by ncomp: 3:15 4:3994 5:36459 6:61080 7:43302
depth 15 by ncomp: 3:16 4:7980 5:125000 6:326867 7:388725
depth 16 by ncomp: 3:12 4:14960 5:386292 6:1542437 7:3109769
depth 17 by ncomp: 3:7 4:23553 5:1089580 6:6630502 7:20258154
depth 18 by ncomp: 4:33440 5:2783144 6:26019053 7:66208647
depth 19 by ncomp: 4:41882 5:6440270 6:93234102
depth 20 by ncomp: 4:48338 5:13516487
depth 21 by ncomp: 4:48402
depth 22 by ncomp:
depth 23 by ncomp:
depth 24 by ncomp:
