n=25 nodes=125196393 nsol=0 time=965.72
depth: 0:1 1:1 2:2 3:8 4:41 5:184 6:732 7:2765 8:11371 9:32 10:101 11:341 12:1824 13:9753 14:50741 15:267415 16:1474402 17:8214493 18:35207125 19:61092765 20:18598655 21:263640 22:1 23:0 24:0
depth  0 by ncomp: 0:1
depth  1 by ncomp: 1:1
depth  2 by ncomp: 1:1 2:1
depth  3 by ncomp: 1:4 2:3 3:1
depth  4 by ncomp: 1:16 2:18 3:6 4:1
depth  5 by ncomp: 1:30 2:96 3:47 4:10 5:1
depth  6 by ncomp: 1:38 2:277 3:303 4:98 5:15 6:1
depth  7 by ncomp: 1:34 2:503 3:1226 4:792 5:188 6:21 7:1
depth  8 by ncomp: 1:11 2:751 3:3767 4:4589 5:1895 6:329 7:29
depth  9 by ncomp: 2:5 3:11 4:8 5:7 6:1
depth 10 by ncomp: 2:4 3:35 4:40 5:14 6:7 7:1
depth 11 by ncomp: 2:1 3:59 4:164 5:94 6:21 7:2
depth 12 by ncomp: 3:156 4:752 5:683 6:202 7:31
depth 13 by ncomp: 3:274 4:2732 5:4277 6:2034 7:436
depth 14 by ncomp: 3:357 4:7687 5:20962 6:16197 7:5538
depth 15 by ncomp: 3:365 4:18227 5:84735 6:104406 7:59682
depth 16 by ncomp: 3:408 4:40162 5:306206 6:580667 7:546959
depth 17 by ncomp: 3:291 4:82182 5:1020007 6:2889104 7:4222909
depth 18 by ncomp: 3:143 4:137819 5:3038622 6:13064532 7:18966009
depth 19 by ncomp: 3:51 4:195597 5:7969109 6:52928008
depth 20 by ncomp: 3:10 4:243840 5:18354805
depth 21 by ncomp: 3:3 4:263637
depth 22 by ncomp: 3:1
depth 23 by ncomp:
depth 24 by ncomp:
