n=25 nodes=997300466 nsol=0 time=10444.20
depth: 0:1 1:1 2:2 3:8 4:41 5:184 6:732 7:2765 8:11371 9:129 10:718 11:3989 12:22228 13:126846 14:751577 15:4576929 16:28326050 17:150148191 18:425379041 19:348816009 20:38974322 21:159332 22:0 23:0 24:0
depth  0 by ncomp: 0:1
depth  1 by ncomp: 1:1
depth  2 by ncomp: 1:1 2:1
depth  3 by ncomp: 1:4 2:3 3:1
depth  4 by ncomp: 1:16 2:18 3:6 4:1
depth  5 by ncomp: 1:30 2:96 3:47 4:10 5:1
depth  6 by ncomp: 1:38 2:277 3:303 4:98 5:15 6:1
depth  7 by ncomp: 1:34 2:503 3:1226 4:792 5:188 6:21 7:1
depth  8 by ncomp: 1:11 2:751 3:3767 4:4589 5:1895 6:329 7:29
depth  9 by ncomp: 3:4 4:53 5:58 6:13 7:1
depth 10 by ncomp: 3:12 4:191 5:337 6:156 7:22
depth 11 by ncomp: 3:33 4:640 5:1712 6:1267 7:337
depth 12 by ncomp: 3:41 4:1661 5:7743 6:8707 7:4076
depth 13 by ncomp: 3:67 4:4442 5:30687 6:51584 7:40066
depth 14 by ncomp: 3:73 4:9949 5:112289 6:280566 7:348700
depth 15 by ncomp: 3:68 4:21155 5:371509 6:1366294 7:2817903
depth 16 by ncomp: 3:52 4:39184 5:1131108 6:6140122 7:21015584
depth 17 by ncomp: 3:38 4:65824 5:3124187 6:25171048 7:121787094
depth 18 by ncomp: 3:17 4:96932 5:7918972 6:94992181 7:322370939
depth 19 by ncomp: 3:13 4:128071 5:18317775 6:330370150
depth 20 by ncomp: 3:5 4:151490 5:38822827
depth 21 by ncomp: 3:3 4:159329
depth 22 by ncomp:
depth 23 by ncomp:
depth 24 by ncomp:
