n=25 nodes=237057766 nsol=0 time=2247.77
depth: 0:1 1:1 2:2 3:8 4:41 5:184 6:732 7:2765 8:11371 9:47 10:187 11:789 12:3771 13:20431 14:114204 15:654626 16:3894467 17:21702457 18:78824205 19:105264581 20:26193026 21:369849 22:21 23:0 24:0
depth  0 by ncomp: 0:1
depth  1 by ncomp: 1:1
depth  2 by ncomp: 1:1 2:1
depth  3 by ncomp: 1:4 2:3 3:1
depth  4 by ncomp: 1:16 2:18 3:6 4:1
depth  5 by ncomp: 1:30 2:96 3:47 4:10 5:1
depth  6 by ncomp: 1:38 2:277 3:303 4:98 5:15 6:1
depth  7 by ncomp: 1:34 2:503 3:1226 4:792 5:188 6:21 7:1
depth  8 by ncomp: 1:11 2:751 3:3767 4:4589 5:1895 6:329 7:29
depth  9 by ncomp: 2:5 3:22 4:12 5:7 6:1
depth 10 by ncomp: 2:7 3:55 4:70 5:44 6:10 7:1
depth 11 by ncomp: 2:2 3:122 4:299 5:255 6:94 7:17
depth 12 by ncomp: 3:249 4:1083 5:1458 6:776 7:205
depth 13 by ncomp: 3:448 4:3573 5:7579 6:6192 7:2639
depth 14 by ncomp: 3:598 4:10239 5:34094 6:41207 7:28066
depth 15 by ncomp: 3:722 4:25447 5:134108 6:237181 7:257168
depth 16 by ncomp: 3:678 4:55561 5:478887 6:1228117 7:2131224
depth 17 by ncomp: 3:488 4:106593 5:1525634 6:5739567 7:14330175
depth 18 by ncomp: 3:382 4:176776 5:4354514 6:24319158 7:49973375
depth 19 by ncomp: 3:223 4:258536 5:11181985 6:93823837
depth 20 by ncomp: 3:91 4:331714 5:25861221
depth 21 by ncomp: 3:39 4:369810
depth 22 by ncomp: 3:21
depth 23 by ncomp:
depth 24 by ncomp:
