n=25 nodes=565446008 nsol=0 time=5724.30
depth: 0:1 1:1 2:2 3:8 4:41 5:184 6:732 7:2765 8:11371 9:71 10:465 11:2562 12:14383 13:82293 14:495146 15:3057570 16:19038605 17:98549877 18:253516704 19:174831388 20:15792011 21:49828 22:0 23:0 24:0
depth  0 by ncomp: 0:1
depth  1 by ncomp: 1:1
depth  2 by ncomp: 1:1 2:1
depth  3 by ncomp: 1:4 2:3 3:1
depth  4 by ncomp: 1:16 2:18 3:6 4:1
depth  5 by ncomp: 1:30 2:96 3:47 4:10 5:1
depth  6 by ncomp: 1:38 2:277 3:303 4:98 5:15 6:1
depth  7 by ncomp: 1:34 2:503 3:1226 4:792 5:188 6:21 7:1
depth  8 by ncomp: 1:11 2:751 3:3767 4:4589 5:1895 6:329 7:29
depth  9 by ncomp: 3:4 4:25 5:32 6:9 7:1
depth 10 by ncomp: 3:7 4:108 5:224 6:108 7:18
depth 11 by ncomp: 3:2 4:311 5:1055 6:917 7:277
depth 12 by ncomp: 3:5 4:794 5:4464 6:5991 7:3129
depth 13 by ncomp: 3:8 4:1741 5:16327 6:34035 7:30182
depth 14 by ncomp: 3:9 4:3878 5:55123 6:174346 7:261790
depth 15 by ncomp: 3:9 4:7743 5:173357 6:801110 7:2075351
depth 16 by ncomp: 3:2 4:13773 5:510266 6:3428882 7:15085682
depth 17 by ncomp: 3:1 4:22297 5:1370511 6:13565202 7:83591866
depth 18 by ncomp: 4:31838 5:3377008 6:49451276 7:200656582
depth 19 by ncomp: 4:41582 5:7620549 6:167169257
depth 20 by ncomp: 4:48293 5:15743718
depth 21 by ncomp: 4:49828
depth 22 by ncomp:
depth 23 by ncomp:
depth 24 by ncomp:
