n=25 nodes=489144160 nsol=0 time=4674.83
depth: 0:1 1:1 2:2 3:8 4:41 5:184 6:732 7:2765 8:11371 9:115 10:461 11:2014 12:9218 13:45159 14:238230 15:1309345 16:7463214 17:40894091 18:153763155 19:221682301 20:62503890 21:1217797 22:65 23:0 24:0
depth  0 by ncomp: 0:1
depth  1 by ncomp: 1:1
depth  2 by ncomp: 1:1 2:1
depth  3 by ncomp: 1:4 2:3 3:1
depth  4 by ncomp: 1:16 2:18 3:6 4:1
depth  5 by ncomp: 1:30 2:96 3:47 4:10 5:1
depth  6 by ncomp: 1:38 2:277 3:303 4:98 5:15 6:1
depth  7 by ncomp: 1:34 2:503 3:1226 4:792 5:188 6:21 7:1
depth  8 by ncomp: 1:11 2:751 3:3767 4:4589 5:1895 6:329 7:29
depth  9 by ncomp: 2:20 3:49 4:35 5:10 6:1
depth 10 by ncomp: 2:20 3:151 4:196 5:79 6:14 7:1
depth 11 by ncomp: 2:19 3:357 4:843 5:607 6:167 7:21
depth 12 by ncomp: 2:15 3:698 4:2984 5:3571 6:1607 7:343
depth 13 by ncomp: 2:10 3:1246 4:9454 5:17918 6:12276 7:4255
depth 14 by ncomp: 2:3 3:1844 4:26372 5:79829 6:83967 7:46215
depth 15 by ncomp: 3:2552 4:67355 5:314476 6:488411 7:436551
depth 16 by ncomp: 3:2472 4:147348 5:1109987 6:2543053 7:3660354
depth 17 by ncomp: 3:2059 4:286159 5:3527312 6:11897022 7:25181539
depth 18 by ncomp: 3:1490 4:489645 5:10100515 6:50402030 7:92769475
depth 19 by ncomp: 3:943 4:744881 5:26152134 6:194784343
depth 20 by ncomp: 3:475 4:1008495 5:61494920
depth 21 by ncomp: 3:197 4:1217600
depth 22 by ncomp: 3:65
depth 23 by ncomp:
depth 24 by ncomp:
