n=25 nodes=437595425 nsol=0 time=3932.48
depth: 0:1 1:1 2:2 3:8 4:41 5:184 6:732 7:2765 8:11371 9:98 10:415 11:1973 12:10179 13:52594 14:289009 15:1653853 16:9725590 17:52609834 18:171933307 19:174613975 20:26487661 21:201832 22:0 23:0 24:0
depth  0 by ncomp: 0:1
depth  1 by ncomp: 1:1
depth  2 by ncomp: 1:1 2:1
depth  3 by ncomp: 1:4 2:3 3:1
depth  4 by ncomp: 1:16 2:18 3:6 4:1
depth  5 by ncomp: 1:30 2:96 3:47 4:10 5:1
depth  6 by ncomp: 1:38 2:277 3:303 4:98 5:15 6:1
depth  7 by ncomp: 1:34 2:503 3:1226 4:792 5:188 6:21 7:1
depth  8 by ncomp: 1:11 2:751 3:3767 4:4589 5:1895 6:329 7:29
depth  9 by ncomp: 2:6 3:11 4:52 5:26 6:3
depth 10 by ncomp: 2:10 3:35 4:159 5:167 6:41 7:3
depth 11 by ncomp: 2:2 3:95 4:542 5:908 6:368 7:58
depth 12 by ncomp: 3:169 4:1658 5:4462 6:3056 7:834
depth 13 by ncomp: 3:342 4:4397 5:18374 6:20383 7:9098
depth 14 by ncomp: 3:436 4:10968 5:69972 6:118930 7:88703
depth 15 by ncomp: 3:337 4:23636 5:238497 6:616544 7:774839
depth 16 by ncomp: 3:240 4:45125 5:736746 6:2860178 7:6083301
depth 17 by ncomp: 3:143 4:77158 5:2056959 6:11980192 7:38495382
depth 18 by ncomp: 3:94 4:119642 5:5276695 6:46029759 7:120507117
depth 19 by ncomp: 3:36 4:165055 5:12333256 6:162115628
depth 20 by ncomp: 3:8 4:196797 5:26290856
depth 21 by ncomp: 3:2 4:201830
depth 22 by ncomp:
depth 23 by ncomp:
depth 24 by ncomp:
