n=25 nodes=580092903 nsol=0 time=5281.44
depth: 0:1 1:1 2:2 3:8 4:41 5:184 6:732 7:2765 8:11371 9:132 10:552 11:2531 12:12588 13:65409 14:353845 15:2015619 16:11747418 17:64041586 18:215672929 19:238579224 20:46825126 21:760794 22:45 23:0 24:0
depth  0 by ncomp: 0:1
depth  1 by ncomp: 1:1
depth  2 by ncomp: 1:1 2:1
depth  3 by ncomp: 1:4 2:3 3:1
depth  4 by ncomp: 1:16 2:18 3:6 4:1
depth  5 by ncomp: 1:30 2:96 3:47 4:10 5:1
depth  6 by ncomp: 1:38 2:277 3:303 4:98 5:15 6:1
depth  7 by ncomp: 1:34 2:503 3:1226 4:792 5:188 6:21 7:1
depth  8 by ncomp: 1:11 2:751 3:3767 4:4589 5:1895 6:329 7:29
depth  9 by ncomp: 2:7 3:32 4:68 5:23 6:2
depth 10 by ncomp: 2:7 3:73 4:239 5:195 6:36 7:2
depth 11 by ncomp: 2:4 3:186 4:779 5:1104 6:406 7:52
depth 12 by ncomp: 2:1 3:411 4:2359 5:5511 6:3477 7:829
depth 13 by ncomp: 3:742 4:6777 5:23585 6:24200 7:10105
depth 14 by ncomp: 3:1211 4:18067 5:90942 6:143054 7:100571
depth 15 by ncomp: 3:1803 4:44213 5:322003 6:756734 7:890866
depth 16 by ncomp: 3:2073 4:96324 5:1038022 6:3562833 7:7048166
depth 17 by ncomp: 3:1971 4:188605 5:3079700 6:15325855 7:45445455
depth 18 by ncomp: 3:1626 4:320450 5:8277292 6:60215246 7:146858315
depth 19 by ncomp: 3:944 4:488026 5:20477193 6:217613061
depth 20 by ncomp: 3:342 4:648942 5:46175842
depth 21 by ncomp: 3:154 4:760640
depth 22 by ncomp: 3:45
depth 23 by ncomp:
depth 24 by ncomp:
