n=25 nodes=660858375 nsol=0 time=7849.33
depth: 0:1 1:1 2:2 3:8 4:41 5:184 6:732 7:2765 8:11371 9:82 10:506 11:2779 12:15562 13:90019 14:538527 15:3316103 16:20667318 17:107368031 18:285938950 19:217652844 20:25130403 21:122146 22:0 23:0 24:0
depth  0 by ncomp: 0:1
depth  1 by ncomp: 1:1
depth  2 by ncomp: 1:1 2:1
depth  3 by ncomp: 1:4 2:3 3:1
depth  4 by ncomp: 1:16 2:18 3:6 4:1
depth  5 by ncomp: 1:30 2:96 3:47 4:10 5:1
depth  6 by ncomp: 1:38 2:277 3:303 4:98 5:15 6:1
depth  7 by ncomp: 1:34 2:503 3:1226 4:792 5:188 6:21 7:1
depth  8 by ncomp: 1:11 2:751 3:3767 4:4589 5:1895 6:329 7:29
depth  9 by ncomp: 2:1 3:12 4:26 5:32 6:10 7:1
depth 10 by ncomp: 3:38 4:141 5:203 6:106 7:18
depth 11 by ncomp: 3:46 4:488 5:1111 6:874 7:260
depth 12 by ncomp: 3:93 4:1404 5:4930 6:6055 7:3080
depth 13 by ncomp: 3:117 4:3743 5:19976 6:35553 7:30630
depth 14 by ncomp: 3:120 4:8677 5:73637 6:189406 7:266687
depth 15 by ncomp: 3:111 4:18000 5:244326 6:910688 7:2142978
depth 16 by ncomp: 3:68 4:33506 5:741911 6:4014414 7:15877419
depth 17 by ncomp: 3:41 4:55377 5:2032835 6:16149240 7:89130538
depth 18 by ncomp: 3:21 4:82349 5:5122757 6:59901316 7:220832507
depth 19 by ncomp: 3:13 4:106581 5:11840990 6:205705260
depth 20 by ncomp: 3:4 4:121437 5:25008962
depth 21 by ncomp: 4:122146
depth 22 by ncomp:
depth 23 by ncomp:
depth 24 by ncomp:
