n=25 nodes=1160299747 nsol=0 time=11887.88
depth: 0:1 1:1 2:2 3:8 4:41 5:184 6:732 7:2765 8:11371 9:138 10:745 11:4302 12:26645 13:174737 14:1163106 15:7845122 16:50612721 17:232731820 18:481607601 19:324439694 20:60483297 21:1194590 22:124 23:0 24:0
depth  0 by ncomp: 0:1
depth  1 by ncomp: 1:1
depth  2 by ncomp: 1:1 2:1
depth  3 by ncomp: 1:4 2:3 3:1
depth  4 by ncomp: 1:16 2:18 3:6 4:1
depth  5 by ncomp: 1:30 2:96 3:47 4:10 5:1
depth  6 by ncomp: 1:38 2:277 3:303 4:98 5:15 6:1
depth  7 by ncomp: 1:34 2:503 3:1226 4:792 5:188 6:21 7:1
depth  8 by ncomp: 1:11 2:751 3:3767 4:4589 5:1895 6:329 7:29
depth  9 by ncomp: 2:13 3:34 4:21 5:29 6:31 7:10
depth 10 by ncomp: 2:18 3:105 4:114 5:177 6:216 7:115
depth 11 by ncomp: 2:18 3:258 4:513 5:948 6:1404 7:1161
depth 12 by ncomp: 2:8 3:678 4:2209 5:4650 6:8594 7:10506
depth 13 by ncomp: 2:2 3:1276 4:7684 5:21631 6:49894 7:94250
depth 14 by ncomp: 3:1988 4:23053 5:87243 6:259050 7:791772
depth 15 by ncomp: 3:2806 4:61451 5:325722 6:1225023 7:6230120
depth 16 by ncomp: 3:2723 4:137050 5:1106552 6:5343397 7:44022999
depth 17 by ncomp: 3:2396 4:270696 5:3464542 6:21857973 7:207136213
depth 18 by ncomp: 3:1794 4:475479 5:9863767 6:83779395 7:387487166
depth 19 by ncomp: 3:1045 4:729502 5:25332913 6:298376234
depth 20 by ncomp: 3:587 4:996931 5:59485779
depth 21 by ncomp: 3:251 4:1194339
depth 22 by ncomp: 3:124
depth 23 by ncomp:
depth 24 by ncomp:
