n=25 nodes=934128542 nsol=0 time=9867.93
depth: 0:1 1:1 2:2 3:8 4:41 5:184 6:732 7:2765 8:11371 9:169 10:769 11:3586 12:18836 13:99356 14:549438 15:3117469 16:18218724 17:100422629 18:348181436 19:395465856 20:67591662 21:443506 22:1 23:0 24:0
depth  0 by ncomp: 0:1
depth  1 by ncomp: 1:1
depth  2 by ncomp: 1:1 2:1
depth  3 by ncomp: 1:4 2:3 3:1
depth  4 by ncomp: 1:16 2:18 3:6 4:1
depth  5 by ncomp: 1:30 2:96 3:47 4:10 5:1
depth  6 by ncomp: 1:38 2:277 3:303 4:98 5:15 6:1
depth  7 by ncomp: 1:34 2:503 3:1226 4:792 5:188 6:21 7:1
depth  8 by ncomp: 1:11 2:751 3:3767 4:4589 5:1895 6:329 7:29
depth  9 by ncomp: 2:1 3:43 4:87 5:34 6:4
depth 10 by ncomp: 2:2 3:99 4:366 5:251 6:48 7:3
depth 11 by ncomp: 3:171 4:1289 5:1537 6:521 7:68
depth 12 by ncomp: 3:233 4:4054 5:8538 6:4899 7:1112
depth 13 by ncomp: 3:291 4:10544 5:38287 6:35964 7:14270
depth 14 by ncomp: 3:304 4:25071 5:152610 6:223823 7:147630
depth 15 by ncomp: 3:310 4:52788 5:536501 6:1205094 7:1322776
depth 16 by ncomp: 3:238 4:99667 5:1702180 6:5798636 7:10618003
depth 17 by ncomp: 3:199 4:169115 5:4900832 6:25268044 7:70084439
depth 18 by ncomp: 3:97 4:257585 5:12869125 6:100247905 7:234806724
depth 19 by ncomp: 3:40 4:344643 5:30792638 6:364328535
depth 20 by ncomp: 3:28 4:415285 5:67176349
depth 21 by ncomp: 3:5 4:443501
depth 22 by ncomp: 3:1
depth 23 by ncomp:
depth 24 by ncomp:
