n=25 nodes=731496048 nsol=0 time=7303.49
depth: 0:1 1:1 2:2 3:8 4:41 5:184 6:732 7:2765 8:11371 9:141 10:657 11:3247 12:16652 13:92008 14:535251 15:3205671 16:19567150 17:101706236 18:290503785 19:267778784 20:47437991 21:633342 22:28 23:0 24:0
depth  0 by ncomp: 0:1
depth  1 by ncomp: 1:1
depth  2 by ncomp: 1:1 2:1
depth  3 by ncomp: 1:4 2:3 3:1
depth  4 by ncomp: 1:16 2:18 3:6 4:1
depth  5 by ncomp: 1:30 2:96 3:47 4:10 5:1
depth  6 by ncomp: 1:38 2:277 3:303 4:98 5:15 6:1
depth  7 by ncomp: 1:34 2:503 3:1226 4:792 5:188 6:21 7:1
depth  8 by ncomp: 1:11 2:751 3:3767 4:4589 5:1895 6:329 7:29
depth  9 by ncomp: 2:5 3:38 4:54 5:34 6:9 7:1
depth 10 by ncomp: 2:7 3:88 4:244 5:209 6:92 7:17
depth 11 by ncomp: 2:13 3:191 4:826 5:1259 6:739 7:219
depth 12 by ncomp: 2:2 3:330 4:2443 5:5776 6:5441 7:2660
depth 13 by ncomp: 2:10 3:761 4:6983 5:24506 6:33679 7:26069
depth 14 by ncomp: 2:1 3:1287 4:18721 5:94394 6:187009 7:233839
depth 15 by ncomp: 3:1347 4:43788 5:333526 6:935436 7:1891574
depth 16 by ncomp: 3:1395 4:93489 5:1077378 6:4282106 7:14112782
depth 17 by ncomp: 3:1208 4:171474 5:3150287 6:17955437 7:80427830
depth 18 by ncomp: 3:981 4:295325 5:8473726 6:69303800 7:212429953
depth 19 by ncomp: 3:604 4:435389 5:20822804 6:246519987
depth 20 by ncomp: 3:312 4:562168 5:46875511
depth 21 by ncomp: 3:100 4:633242
depth 22 by ncomp: 3:28
depth 23 by ncomp:
depth 24 by ncomp:
