n=25 nodes=167681183 nsol=0 time=1584.09
depth: 0:1 1:1 2:2 3:8 4:41 5:184 6:732 7:2765 8:11371 9:45 10:184 11:798 12:4133 13:20237 14:112144 15:637148 16:3739297 17:20183107 18:64569013 19:67147541 20:11178757 21:73674 22:0 23:0 24:0
depth  0 by ncomp: 0:1
depth  1 by ncomp: 1:1
depth  2 by ncomp: 1:1 2:1
depth  3 by ncomp: 1:4 2:3 3:1
depth  4 by ncomp: 1:16 2:18 3:6 4:1
depth  5 by ncomp: 1:30 2:96 3:47 4:10 5:1
depth  6 by ncomp: 1:38 2:277 3:303 4:98 5:15 6:1
depth  7 by ncomp: 1:34 2:503 3:1226 4:792 5:188 6:21 7:1
depth  8 by ncomp: 1:11 2:751 3:3767 4:4589 5:1895 6:329 7:29
depth  9 by ncomp: 2:1 3:10 4:24 5:9 6:1
depth 10 by ncomp: 3:17 4:78 5:72 6:16 7:1
depth 11 by ncomp: 3:40 4:266 5:323 6:146 7:23
depth 12 by ncomp: 3:80 4:842 5:1660 6:1194 7:357
depth 13 by ncomp: 3:103 4:2066 5:6699 6:7527 7:3842
depth 14 by ncomp: 3:115 4:5175 5:27013 6:43750 7:36091
depth 15 by ncomp: 3:84 4:10417 5:92847 6:225841 7:307959
depth 16 by ncomp: 3:74 4:20266 5:294222 6:1051177 7:2373558
depth 17 by ncomp: 3:48 4:34214 5:844505 6:4488745 7:14815595
depth 18 by ncomp: 3:21 4:49841 5:2194218 6:17320073 7:45004860
depth 19 by ncomp: 3:6 4:66227 5:5202651 6:61878657
depth 20 by ncomp: 3:1 4:74291 5:11104465
depth 21 by ncomp: 4:73674
depth 22 by ncomp:
depth 23 by ncomp:
depth 24 by ncomp:
