n=25 nodes=424217693 nsol=0 time=4240.85
depth: 0:1 1:1 2:2 3:8 4:41 5:184 6:732 7:2765 8:11371 9:80 10:386 11:2007 12:11055 13:63784 14:393692 15:2450189 16:15368370 17:78636418 18:195517123 19:123172794 20:8574287 21:12403 22:0 23:0 24:0
depth  0 by ncomp: 0:1
depth  1 by ncomp: 1:1
depth  2 by ncomp: 1:1 2:1
depth  3 by ncomp: 1:4 2:3 3:1
depth  4 by ncomp: 1:16 2:18 3:6 4:1
depth  5 by ncomp: 1:30 2:96 3:47 4:10 5:1
depth  6 by ncomp: 1:38 2:277 3:303 4:98 5:15 6:1
depth  7 by ncomp: 1:34 2:503 3:1226 4:792 5:188 6:21 7:1
depth  8 by ncomp: 1:11 2:751 3:3767 4:4589 5:1895 6:329 7:29
depth  9 by ncomp: 3:2 4:19 5:39 6:18 7:2
depth 10 by ncomp: 4:55 5:188 6:115 7:28
depth 11 by ncomp: 4:147 5:793 6:780 7:287
depth 12 by ncomp: 4:374 5:3205 6:4719 7:2757
depth 13 by ncomp: 4:939 5:11666 6:26452 7:24727
depth 14 by ncomp: 4:1963 5:39342 6:136908 7:215479
depth 15 by ncomp: 4:3396 5:119354 6:625467 7:1701972
depth 16 by ncomp: 4:5616 5:333252 6:2627625 7:12401877
depth 17 by ncomp: 4:8066 5:852995 6:10130783 7:67644574
depth 18 by ncomp: 4:11112 5:2000067 6:36057161 7:157448783
depth 19 by ncomp: 4:12795 5:4313079 6:118846920
depth 20 by ncomp: 4:13301 5:8560986
depth 21 by ncomp: 4:12403
depth 22 by ncomp:
depth 23 by ncomp:
depth 24 by ncomp:
