n=25 nodes=939954830 nsol=0 time=9634.01
depth: 0:1 1:1 2:2 3:8 4:41 5:184 6:732 7:2765 8:11371 9:120 10:643 11:3628 12:21061 13:122491 14:734230 15:4539757 16:28201871 17:148861620 18:410889670 19:315733256 20:30755276 21:76102 22:0 23:0 24:0
depth  0 by ncomp: 0:1
depth  1 by ncomp: 1:1
depth  2 by ncomp: 1:1 2:1
depth  3 by ncomp: 1:4 2:3 3:1
depth  4 by ncomp: 1:16 2:18 3:6 4:1
depth  5 by ncomp: 1:30 2:96 3:47 4:10 5:1
depth  6 by ncomp: 1:38 2:277 3:303 4:98 5:15 6:1
depth  7 by ncomp: 1:34 2:503 3:1226 4:792 5:188 6:21 7:1
depth  8 by ncomp: 1:11 2:751 3:3767 4:4589 5:1895 6:329 7:29
depth  9 by ncomp: 2:2 3:1 4:44 5:58 6:14 7:1
depth 10 by ncomp: 3:4 4:165 5:314 6:139 7:21
depth 11 by ncomp: 3:2 4:536 5:1615 6:1162 7:313
depth 12 by ncomp: 4:1399 5:7309 6:8499 7:3854
depth 13 by ncomp: 3:2 4:3230 5:28698 6:51178 7:39383
depth 14 by ncomp: 4:6839 5:101679 6:275186 7:350526
depth 15 by ncomp: 3:1 4:13650 5:330578 6:1335028 7:2860500
depth 16 by ncomp: 3:2 4:23820 5:972390 6:5866717 7:21338942
depth 17 by ncomp: 4:37755 5:2625999 6:23631461 7:122566405
depth 18 by ncomp: 4:52711 5:6492891 6:87666021 7:316678047
depth 19 by ncomp: 4:68314 5:14757760 6:300907182
depth 20 by ncomp: 4:76445 5:30678831
depth 21 by ncomp: 4:76102
depth 22 by ncomp:
depth 23 by ncomp:
depth 24 by ncomp:
