n=25 nodes=284923319 nsol=0 time=2972.01
depth: 0:1 1:1 2:2 3:8 4:41 5:184 6:732 7:2765 8:11371 9:68 10:234 11:1165 12:5868 13:30657 14:170119 15:976139 16:5764019 17:31749109 18:108434389 19:118068073 20:19559495 21:148879 22:0 23:0 24:0
depth  0 by ncomp: 0:1
depth  1 by ncomp: 1:1
depth  2 by ncomp: 1:1 2:1
depth  3 by ncomp: 1:4 2:3 3:1
depth  4 by ncomp: 1:16 2:18 3:6 4:1
depth  5 by ncomp: 1:30 2:96 3:47 4:10 5:1
depth  6 by ncomp: 1:38 2:277 3:303 4:98 5:15 6:1
depth  7 by ncomp: 1:34 2:503 3:1226 4:792 5:188 6:21 7:1
depth  8 by ncomp: 1:11 2:751 3:3767 4:4589 5:1895 6:329 7:29
depth  9 by ncomp: 3:15 4:33 5:18 6:2
depth 10 by ncomp: 3:22 4:96 5:90 6:24 7:2
depth 11 by ncomp: 3:50 4:333 5:514 6:228 7:40
depth 12 by ncomp: 3:79 4:1087 5:2581 6:1642 7:479
depth 13 by ncomp: 3:103 4:2779 5:11192 6:11486 7:5097
depth 14 by ncomp: 3:128 4:6744 5:43881 6:69387 7:49979
depth 15 by ncomp: 3:125 4:14369 5:154882 6:371629 7:435134
depth 16 by ncomp: 3:148 4:28662 5:487994 6:1778361 7:3468854
depth 17 by ncomp: 3:85 4:51326 5:1397417 6:7673899 7:22626382
depth 18 by ncomp: 3:54 4:81588 5:3674636 6:30225756 7:74452355
depth 19 by ncomp: 3:26 4:114673 5:8821336 6:109132038
depth 20 by ncomp: 3:1 4:140425 5:19419069
depth 21 by ncomp: 3:1 4:148878
depth 22 by ncomp:
depth 23 by ncomp:
depth 24 by ncomp:
