n=25 nodes=293831226 nsol=0 time=2708.82
depth: 0:1 1:1 2:2 3:8 4:41 5:184 6:732 7:2765 8:11371 9:58 10:242 11:1115 12:5770 13:30793 14:170541 15:968750 16:5676710 17:31219206 18:108021081 19:124678354 20:22843005 21:200485 22:11 23:0 24:0
depth  0 by ncomp: 0:1
depth  1 by ncomp: 1:1
depth  2 by ncomp: 1:1 2:1
depth  3 by ncomp: 1:4 2:3 3:1
depth  4 by ncomp: 1:16 2:18 3:6 4:1
depth  5 by ncomp: 1:30 2:96 3:47 4:10 5:1
depth  6 by ncomp: 1:38 2:277 3:303 4:98 5:15 6:1
depth  7 by ncomp: 1:34 2:503 3:1226 4:792 5:188 6:21 7:1
depth  8 by ncomp: 1:11 2:751 3:3767 4:4589 5:1895 6:329 7:29
depth  9 by ncomp: 3:11 4:30 5:15 6:2
depth 10 by ncomp: 3:25 4:109 5:90 6:17 7:1
depth 11 by ncomp: 3:61 4:359 5:486 6:184 7:25
depth 12 by ncomp: 3:109 4:1228 5:2580 6:1494 7:359
depth 13 by ncomp: 3:140 4:3229 5:11899 6:11142 7:4383
depth 14 by ncomp: 3:153 4:7947 5:46461 6:69325 7:46655
depth 15 by ncomp: 3:180 4:17833 5:164660 6:370267 7:415810
depth 16 by ncomp: 3:152 4:35689 5:532862 6:1781220 7:3326787
depth 17 by ncomp: 3:114 4:62948 5:1564260 6:7790934 7:21800950
depth 18 by ncomp: 3:88 4:100467 5:4194430 6:31187752 7:72538344
depth 19 by ncomp: 3:51 4:143080 5:10213278 6:114321945
depth 20 by ncomp: 3:50 4:178541 5:22664414
depth 21 by ncomp: 3:33 4:200452
depth 22 by ncomp: 3:11
depth 23 by ncomp:
depth 24 by ncomp:
