n=25 nodes=414328217 nsol=0 time=3627.23
depth: 0:1 1:1 2:2 3:8 4:41 5:184 6:732 7:2765 8:11371 9:83 10:369 11:1687 12:8052 13:40437 14:220037 15:1256343 16:7386257 17:41070333 18:149705610 19:182758452 20:31707596 21:157856 22:0 23:0 24:0
depth  0 by ncomp: 0:1
depth  1 by ncomp: 1:1
depth  2 by ncomp: 1:1 2:1
depth  3 by ncomp: 1:4 2:3 3:1
depth  4 by ncomp: 1:16 2:18 3:6 4:1
depth  5 by ncomp: 1:30 2:96 3:47 4:10 5:1
depth  6 by ncomp: 1:38 2:277 3:303 4:98 5:15 6:1
depth  7 by ncomp: 1:34 2:503 3:1226 4:792 5:188 6:21 7:1
depth  8 by ncomp: 1:11 2:751 3:3767 4:4589 5:1895 6:329 7:29
depth  9 by ncomp: 3:22 4:47 5:13 6:1
depth 10 by ncomp: 3:54 4:183 5:112 6:19 7:1
depth 11 by ncomp: 3:150 4:651 5:657 6:204 7:25
depth 12 by ncomp: 3:227 4:2147 5:3491 6:1786 7:401
depth 13 by ncomp: 3:248 4:6021 5:16461 6:12993 7:4714
depth 14 by ncomp: 3:217 4:14789 5:70496 6:85541 7:48994
depth 15 by ncomp: 3:148 4:30353 5:260402 6:497685 7:467755
depth 16 by ncomp: 3:75 4:56012 5:855627 6:2524254 7:3950289
depth 17 by ncomp: 3:51 4:87732 5:2465497 6:11324520 7:27192533
depth 18 by ncomp: 3:19 4:120743 5:6383077 6:45787391 7:97414380
depth 19 by ncomp: 3:7 4:147448 5:14866226 6:167744771
depth 20 by ncomp: 3:2 4:163652 5:31543942
depth 21 by ncomp: 3:2 4:157854
depth 22 by ncomp:
depth 23 by ncomp:
depth 24 by ncomp:
