n=25 nodes=873049462 nsol=0 time=9524.69
depth: 0:1 1:1 2:2 3:8 4:41 5:184 6:732 7:2765 8:11371 9:130 10:664 11:3795 12:21810 13:129257 14:788846 15:4939027 16:31033988 17:158481982 18:392949282 19:260367326 20:24212842 21:105408 22:0 23:0 24:0
depth  0 by ncomp: 0:1
depth  1 by ncomp: 1:1
depth  2 by ncomp: 1:1 2:1
depth  3 by ncomp: 1:4 2:3 3:1
depth  4 by ncomp: 1:16 2:18 3:6 4:1
depth  5 by ncomp: 1:30 2:96 3:47 4:10 5:1
depth  6 by ncomp: 1:38 2:277 3:303 4:98 5:15 6:1
depth  7 by ncomp: 1:34 2:503 3:1226 4:792 5:188 6:21 7:1
depth  8 by ncomp: 1:11 2:751 3:3767 4:4589 5:1895 6:329 7:29
depth  9 by ncomp: 2:1 3:13 4:36 5:59 6:19 7:2
depth 10 by ncomp: 3:33 4:128 5:293 6:177 7:33
depth 11 by ncomp: 3:71 4:445 5:1465 6:1370 7:444
depth 12 by ncomp: 3:106 4:1281 5:5987 6:9166 7:5270
depth 13 by ncomp: 3:107 4:3451 5:22971 6:52042 7:50686
depth 14 by ncomp: 3:108 4:8116 5:79829 6:264520 7:436273
depth 15 by ncomp: 3:77 4:16892 5:257957 6:1216840 7:3447261
depth 16 by ncomp: 3:60 4:31085 5:763070 6:5170789 7:25068984
depth 17 by ncomp: 3:52 4:51196 5:2072815 6:20270995 7:136086924
depth 18 by ncomp: 3:42 4:71707 5:5167965 6:73716392 7:313993176
depth 19 by ncomp: 3:23 4:89397 5:11684952 6:248592954
depth 20 by ncomp: 3:9 4:101145 5:24111688
depth 21 by ncomp: 4:105408
depth 22 by ncomp:
depth 23 by ncomp:
depth 24 by ncomp:
