n=25 nodes=597791598 nsol=0 time=6493.91
depth: 0:1 1:1 2:2 3:8 4:41 5:184 6:732 7:2765 8:11371 9:107 10:507 11:2403 12:13288 13:80094 14:480326 15:2983616 16:18648078 17:97173936 18:258064466 19:194958144 20:24998160 21:373339 22:29 23:0 24:0
depth  0 by ncomp: 0:1
depth  1 by ncomp: 1:1
depth  2 by ncomp: 1:1 2:1
depth  3 by ncomp: 1:4 2:3 3:1
depth  4 by ncomp: 1:16 2:18 3:6 4:1
depth  5 by ncomp: 1:30 2:96 3:47 4:10 5:1
depth  6 by ncomp: 1:38 2:277 3:303 4:98 5:15 6:1
depth  7 by ncomp: 1:34 2:503 3:1226 4:792 5:188 6:21 7:1
depth  8 by ncomp: 1:11 2:751 3:3767 4:4589 5:1895 6:329 7:29
depth  9 by ncomp: 2:9 3:13 4:36 5:38 6:10 7:1
depth 10 by ncomp: 2:5 3:56 4:114 5:214 6:101 7:17
depth 11 by ncomp: 2:2 3:79 4:340 5:936 6:801 7:245
depth 12 by ncomp: 2:5 3:165 4:979 5:4267 6:5201 7:2671
depth 13 by ncomp: 2:3 3:307 4:2815 5:16923 6:32440 7:27606
depth 14 by ncomp: 2:3 3:556 4:7702 5:60421 6:169162 7:242482
depth 15 by ncomp: 2:1 3:678 4:17765 5:203918 6:812240 7:1949014
depth 16 by ncomp: 3:819 4:38206 5:618365 6:3554043 7:14436645
depth 17 by ncomp: 3:785 4:73841 5:1743756 6:14264330 7:81091224
depth 18 by ncomp: 3:608 4:131433 5:4577653 6:53190650 7:200164122
depth 19 by ncomp: 3:365 4:207384 5:11063941 6:183686454
depth 20 by ncomp: 3:177 4:295310 5:24702673
depth 21 by ncomp: 3:68 4:373271
depth 22 by ncomp: 3:29
depth 23 by ncomp:
depth 24 by ncomp:
