n=25 nodes=544129310 nsol=0 time=4730.48
depth: 0:1 1:1 2:2 3:8 4:41 5:184 6:732 7:2765 8:11371 9:111 10:496 11:2219 12:10714 13:55632 14:299523 15:1658813 16:9567769 17:52771623 18:191681018 19:239974216 20:47726719 21:365352 22:0 23:0 24:0
depth  0 by ncomp: 0:1
depth  1 by ncomp: 1:1
depth  2 by ncomp: 1:1 2:1
depth  3 by ncomp: 1:4 2:3 3:1
depth  4 by ncomp: 1:16 2:18 3:6 4:1
depth  5 by ncomp: 1:30 2:96 3:47 4:10 5:1
depth  6 by ncomp: 1:38 2:277 3:303 4:98 5:15 6:1
depth  7 by ncomp: 1:34 2:503 3:1226 4:792 5:188 6:21 7:1
depth  8 by ncomp: 1:11 2:751 3:3767 4:4589 5:1895 6:329 7:29
depth  9 by ncomp: 3:35 4:56 5:18 6:2
depth 10 by ncomp: 2:1 3:95 4:241 5:131 6:26 7:2
depth 11 by ncomp: 3:159 4:897 5:876 6:258 7:29
depth 12 by ncomp: 3:281 4:2866 5:4734 6:2347 7:486
depth 13 by ncomp: 3:428 4:8326 5:22831 6:17877 7:6170
depth 14 by ncomp: 3:481 4:21057 5:95564 6:116597 7:65824
depth 15 by ncomp: 3:403 4:45640 5:346750 6:654334 7:611686
depth 16 by ncomp: 3:258 4:87792 5:1142223 6:3270263 7:5067233
depth 17 by ncomp: 3:152 4:147098 5:3351730 6:14639091 7:34633552
depth 18 by ncomp: 3:63 4:225959 5:8940316 6:59138257 7:123376423
depth 19 by ncomp: 3:34 4:302365 5:21644371 6:218027446
depth 20 by ncomp: 3:8 4:355579 5:47371132
depth 21 by ncomp: 3:3 4:365349
depth 22 by ncomp:
depth 23 by ncomp:
depth 24 by ncomp:
