n=25 nodes=281824889 nsol=0 time=2953.39
depth: 0:1 1:1 2:2 3:8 4:41 5:184 6:732 7:2765 8:11371 9:65 10:252 11:1038 12:4954 13:24379 14:126320 15:676538 16:3764302 17:20742188 18:84458795 19:133097670 20:38105352 21:807900 22:31 23:0 24:0
depth  0 by ncomp: 0:1
depth  1 by ncomp: 1:1
depth  2 by ncomp: 1:1 2:1
depth  3 by ncomp: 1:4 2:3 3:1
depth  4 by ncomp: 1:16 2:18 3:6 4:1
depth  5 by ncomp: 1:30 2:96 3:47 4:10 5:1
depth  6 by ncomp: 1:38 2:277 3:303 4:98 5:15 6:1
depth  7 by ncomp: 1:34 2:503 3:1226 4:792 5:188 6:21 7:1
depth  8 by ncomp: 1:11 2:751 3:3767 4:4589 5:1895 6:329 7:29
depth  9 by ncomp: 2:8 3:30 4:24 5:3
depth 10 by ncomp: 2:15 3:67 4:129 5:38 6:3
depth 11 by ncomp: 2:18 3:162 4:496 5:305 6:54 7:3
depth 12 by ncomp: 2:7 3:338 4:1851 5:2039 6:642 7:77
depth 13 by ncomp: 2:1 3:564 4:5793 5:10866 6:5867 7:1288
depth 14 by ncomp: 2:4 3:1096 4:16307 5:49363 6:43232 7:16318
depth 15 by ncomp: 3:1352 4:39405 5:196986 6:268551 7:170244
depth 16 by ncomp: 3:1668 4:88569 5:698448 6:1452436 7:1523181
depth 17 by ncomp: 3:1500 4:168539 5:2208781 6:6972487 7:11390881
depth 18 by ncomp: 3:1438 4:295170 5:6266668 6:29981122 7:47914397
depth 19 by ncomp: 3:912 4:455675 5:16081878 6:116559205
depth 20 by ncomp: 3:508 4:632518 5:37472326
depth 21 by ncomp: 3:247 4:807653
depth 22 by ncomp: 3:31
depth 23 by ncomp:
depth 24 by ncomp:
