n=25 nodes=644146571 nsol=0 time=6521.36
depth: 0:1 1:1 2:2 3:8 4:41 5:184 6:732 7:2765 8:11371 9:144 10:710 11:3087 12:14552 13:72647 14:381961 15:2130270 16:12298220 17:65896053 18:227952224 19:275690002 20:59073167 21:618424 22:5 23:0 24:0
depth  0 by ncomp: 0:1
depth  1 by ncomp: 1:1
depth  2 by ncomp: 1:1 2:1
depth  3 by ncomp: 1:4 2:3 3:1
depth  4 by ncomp: 1:16 2:18 3:6 4:1
depth  5 by ncomp: 1:30 2:96 3:47 4:10 5:1
depth  6 by ncomp: 1:38 2:277 3:303 4:98 5:15 6:1
depth  7 by ncomp: 1:34 2:503 3:1226 4:792 5:188 6:21 7:1
depth  8 by ncomp: 1:11 2:751 3:3767 4:4589 5:1895 6:329 7:29
depth  9 by ncomp: 3:46 4:74 5:22 6:2
depth 10 by ncomp: 2:1 3:118 4:339 5:212 6:38 7:2
depth 11 by ncomp: 3:241 4:1134 5:1227 6:431 7:54
depth 12 by ncomp: 3:419 4:3395 5:6146 6:3694 7:898
depth 13 by ncomp: 3:599 4:9722 5:26827 6:24819 7:10680
depth 14 by ncomp: 3:756 4:25607 5:107205 6:146131 7:102262
depth 15 by ncomp: 3:724 4:58118 5:395163 6:789668 7:886597
depth 16 by ncomp: 3:671 4:120306 5:1334210 6:3857480 7:6985553
depth 17 by ncomp: 3:583 4:208154 5:3927067 6:16877184 7:44883065
depth 18 by ncomp: 3:401 4:332738 5:10657946 6:67999536 7:148961603
depth 19 by ncomp: 3:147 4:470070 5:26046354 6:249173431
depth 20 by ncomp: 3:44 4:576614 5:58496509
depth 21 by ncomp: 3:24 4:618400
depth 22 by ncomp: 3:5
depth 23 by ncomp:
depth 24 by ncomp:
