n=25 nodes=397812082 nsol=0 time=4918.41
depth: 0:1 1:1 2:2 3:8 4:41 5:184 6:732 7:2765 8:11371 9:58 10:320 11:1576 12:7997 13:43538 14:246362 15:1447376 16:8687980 17:47873716 18:156954551 19:159166871 20:23244531 21:122101 22:0 23:0 24:0
depth  0 by ncomp: 0:1
depth  1 by ncomp: 1:1
depth  2 by ncomp: 1:1 2:1
depth  3 by ncomp: 1:4 2:3 3:1
depth  4 by ncomp: 1:16 2:18 3:6 4:1
depth  5 by ncomp: 1:30 2:96 3:47 4:10 5:1
depth  6 by ncomp: 1:38 2:277 3:303 4:98 5:15 6:1
depth  7 by ncomp: 1:34 2:503 3:1226 4:792 5:188 6:21 7:1
depth  8 by ncomp: 1:11 2:751 3:3767 4:4589 5:1895 6:329 7:29
depth  9 by ncomp: 3:3 4:36 5:17 6:2
depth 10 by ncomp: 3:13 4:124 5:149 6:32 7:2
depth 11 by ncomp: 3:27 4:365 5:796 6:341 7:47
depth 12 by ncomp: 3:34 4:1022 5:3526 6:2689 7:726
depth 13 by ncomp: 3:57 4:2590 5:14499 6:17918 7:8474
depth 14 by ncomp: 3:72 4:6339 5:54335 6:102800 7:82816
depth 15 by ncomp: 3:76 4:14219 5:187202 6:531205 7:714674
depth 16 by ncomp: 3:51 4:27377 5:586865 6:2477205 7:5596482
depth 17 by ncomp: 3:52 4:48034 5:1687934 6:10550183 7:35587513
depth 18 by ncomp: 3:13 4:73216 5:4437467 6:41246705 7:111197150
depth 19 by ncomp: 3:9 4:97778 5:10614669 6:148454415
depth 20 by ncomp: 3:4 4:117480 5:23127047
depth 21 by ncomp: 4:122101
depth 22 by ncomp:
depth 23 by ncomp:
depth 24 by ncomp:
