n=25 nodes=504273765 nsol=0 time=4910.97
depth: 0:1 1:1 2:2 3:8 4:41 5:184 6:732 7:2765 8:11371 9:88 10:380 11:1782 12:9207 13:52291 14:300335 15:1763501 16:10566559 17:58825354 18:199281592 19:205895392 20:27467368 21:94811 22:0 23:0 24:0
depth  0 by ncomp: 0:1
depth  1 by ncomp: 1:1
depth  2 by ncomp: 1:1 2:1
depth  3 by ncomp: 1:4 2:3 3:1
depth  4 by ncomp: 1:16 2:18 3:6 4:1
depth  5 by ncomp: 1:30 2:96 3:47 4:10 5:1
depth  6 by ncomp: 1:38 2:277 3:303 4:98 5:15 6:1
depth  7 by ncomp: 1:34 2:503 3:1226 4:792 5:188 6:21 7:1
depth  8 by ncomp: 1:11 2:751 3:3767 4:4589 5:1895 6:329 7:29
depth  9 by ncomp: 3:10 4:43 5:31 6:4
depth 10 by ncomp: 3:23 4:155 5:159 6:40 7:3
depth 11 by ncomp: 3:47 4:498 5:830 6:349 7:58
depth 12 by ncomp: 3:62 4:1593 5:4163 6:2705 7:684
depth 13 by ncomp: 3:63 4:4257 5:19596 6:20035 7:8340
depth 14 by ncomp: 3:65 4:9871 5:76301 6:126125 7:87973
depth 15 by ncomp: 3:62 4:19990 5:264903 6:680423 7:798123
depth 16 by ncomp: 3:16 4:34526 5:813996 6:3237686 7:6480335
depth 17 by ncomp: 3:5 4:54790 5:2271559 6:13874418 7:42624582
depth 18 by ncomp: 3:2 4:75927 5:5751470 6:54136330 7:139317863
depth 19 by ncomp: 3:1 4:92577 5:13147907 6:192654907
depth 20 by ncomp: 3:1 4:100012 5:27367355
depth 21 by ncomp: 4:94811
depth 22 by ncomp:
depth 23 by ncomp:
depth 24 by ncomp:
