n=25 nodes=676994434 nsol=0 time=6976.06
depth: 0:1 1:1 2:2 3:8 4:41 5:184 6:732 7:2765 8:11371 9:125 10:504 11:2421 12:13205 13:74406 14:427273 15:2538942 16:15394703 17:80173152 18:243402130 19:274523701 20:59830346 21:598414 22:7 23:0 24:0
depth  0 by ncomp: 0:1
depth  1 by ncomp: 1:1
depth  2 by ncomp: 1:1 2:1
depth  3 by ncomp: 1:4 2:3 3:1
depth  4 by ncomp: 1:16 2:18 3:6 4:1
depth  5 by ncomp: 1:30 2:96 3:47 4:10 5:1
depth  6 by ncomp: 1:38 2:277 3:303 4:98 5:15 6:1
depth  7 by ncomp: 1:34 2:503 3:1226 4:792 5:188 6:21 7:1
depth  8 by ncomp: 1:11 2:751 3:3767 4:4589 5:1895 6:329 7:29
depth  9 by ncomp: 3:41 4:50 5:25 6:8 7:1
depth 10 by ncomp: 3:69 4:221 5:129 6:70 7:15
depth 11 by ncomp: 3:155 4:874 5:788 6:438 7:166
depth 12 by ncomp: 3:272 4:3054 5:4523 6:3484 7:1872
depth 13 by ncomp: 3:478 4:9333 5:22552 6:23368 7:18675
depth 14 by ncomp: 3:401 4:24171 5:96498 6:138904 7:167299
depth 15 by ncomp: 3:373 4:53533 5:363512 6:741975 7:1379549
depth 16 by ncomp: 3:361 4:106444 5:1230269 6:3633288 7:10424341
depth 17 by ncomp: 3:250 4:190352 5:3755948 6:16186804 7:60039798
depth 18 by ncomp: 3:106 4:302033 5:10372121 6:66143290 7:166584580
depth 19 by ncomp: 3:58 4:428117 5:26030938 6:248064588
depth 20 by ncomp: 3:47 4:536302 5:59293997
depth 21 by ncomp: 3:9 4:598405
depth 22 by ncomp: 3:7
depth 23 by ncomp:
depth 24 by ncomp:
