n=25 nodes=647003699 nsol=0 time=5926.39
depth: 0:1 1:1 2:2 3:8 4:41 5:184 6:732 7:2765 8:11371 9:93 10:422 11:2111 12:11746 13:67501 14:402922 15:2489328 16:15629520 17:82992326 18:242075471 19:247414224 20:55085648 21:817251 22:31 23:0 24:0
depth  0 by ncomp: 0:1
depth  1 by ncomp: 1:1
depth  2 by ncomp: 1:1 2:1
depth  3 by ncomp: 1:4 2:3 3:1
depth  4 by ncomp: 1:16 2:18 3:6 4:1
depth  5 by ncomp: 1:30 2:96 3:47 4:10 5:1
depth  6 by ncomp: 1:38 2:277 3:303 4:98 5:15 6:1
depth  7 by ncomp: 1:34 2:503 3:1226 4:792 5:188 6:21 7:1
depth  8 by ncomp: 1:11 2:751 3:3767 4:4589 5:1895 6:329 7:29
depth  9 by ncomp: 2:5 3:43 4:25 5:12 6:7 7:1
depth 10 by ncomp: 2:5 3:117 4:141 5:87 6:58 7:14
depth 11 by ncomp: 2:2 3:267 4:686 5:559 6:435 7:162
depth 12 by ncomp: 2:2 3:551 4:2716 5:3391 6:3203 7:1883
depth 13 by ncomp: 2:1 3:932 4:8708 5:17305 6:21364 7:19191
depth 14 by ncomp: 3:1275 4:24258 5:77033 6:126326 7:174030
depth 15 by ncomp: 3:1401 4:56663 5:299024 6:676505 7:1455735
depth 16 by ncomp: 3:1389 4:124840 5:1053214 6:3293040 7:11157037
depth 17 by ncomp: 3:1089 4:235961 5:3292827 6:14654113 7:64808336
depth 18 by ncomp: 3:662 4:394713 5:9293523 6:59694060 7:172692513
depth 19 by ncomp: 3:394 4:568594 5:23682586 6:223162650
depth 20 by ncomp: 3:208 4:729460 5:54355980
depth 21 by ncomp: 3:50 4:817201
depth 22 by ncomp: 3:31
depth 23 by ncomp:
depth 24 by ncomp:
