n=25 nodes=1083111012 nsol=0 time=10239.19
depth: 0:1 1:1 2:2 3:8 4:41 5:184 6:732 7:2765 8:11371 9:131 10:746 11:4306 12:24248 13:139725 14:827870 15:5087289 16:31571790 17:168229012 18:474362662 19:368972541 20:33795925 21:79662 22:0 23:0 24:0
depth  0 by ncomp: 0:1
depth  1 by ncomp: 1:1
depth  2 by ncomp: 1:1 2:1
depth  3 by ncomp: 1:4 2:3 3:1
depth  4 by ncomp: 1:16 2:18 3:6 4:1
depth  5 by ncomp: 1:30 2:96 3:47 4:10 5:1
depth  6 by ncomp: 1:38 2:277 3:303 4:98 5:15 6:1
depth  7 by ncomp: 1:34 2:503 3:1226 4:792 5:188 6:21 7:1
depth  8 by ncomp: 1:11 2:751 3:3767 4:4589 5:1895 6:329 7:29
depth  9 by ncomp: 3:1 4:62 5:55 6:12 7:1
depth 10 by ncomp: 3:7 4:223 5:358 6:138 7:20
depth 11 by ncomp: 3:3 4:679 5:2017 6:1292 7:315
depth 12 by ncomp: 3:1 4:1584 5:9175 6:9550 7:3938
depth 13 by ncomp: 4:3444 5:35313 6:59829 7:41139
depth 14 by ncomp: 4:7242 5:121771 6:321903 7:376954
depth 15 by ncomp: 4:13652 5:389856 6:1569323 7:3114458
depth 16 by ncomp: 3:4 4:24342 5:1119956 6:6879757 7:23547731
depth 17 by ncomp: 4:38206 5:2992591 6:27617096 7:137581119
depth 18 by ncomp: 4:53352 5:7353532 6:102626399 7:364329379
depth 19 by ncomp: 4:66959 5:16501683 6:352403899
depth 20 by ncomp: 4:77255 5:33718670
depth 21 by ncomp: 4:79662
depth 22 by ncomp:
depth 23 by ncomp:
depth 24 by ncomp:
