n=25 nodes=268681231 nsol=0 time=2894.12
depth: 0:1 1:1 2:2 3:8 4:41 5:184 6:732 7:2765 8:11371 9:66 10:240 11:952 12:4208 13:21992 14:111099 15:605233 16:3427064 17:19330773 18:80110552 19:128061048 20:36391684 21:601203 22:12 23:0 24:0
depth  0 by ncomp: 0:1
depth  1 by ncomp: 1:1
depth  2 by ncomp: 1:1 2:1
depth  3 by ncomp: 1:4 2:3 3:1
depth  4 by ncomp: 1:16 2:18 3:6 4:1
depth  5 by ncomp: 1:30 2:96 3:47 4:10 5:1
depth  6 by ncomp: 1:38 2:277 3:303 4:98 5:15 6:1
depth  7 by ncomp: 1:34 2:503 3:1226 4:792 5:188 6:21 7:1
depth  8 by ncomp: 1:11 2:751 3:3767 4:4589 5:1895 6:329 7:29
depth  9 by ncomp: 2:5 3:17 4:27 5:15 6:2
depth 10 by ncomp: 2:5 3:50 4:97 5:64 6:22 7:2
depth 11 by ncomp: 2:6 3:127 4:377 5:306 6:115 7:21
depth 12 by ncomp: 2:1 3:261 4:1383 5:1625 6:727 7:211
depth 13 by ncomp: 2:1 3:523 4:4846 5:9292 6:5499 7:1831
depth 14 by ncomp: 3:708 4:13006 5:41761 6:38355 7:17269
depth 15 by ncomp: 3:874 4:32153 5:169101 6:239849 7:163256
depth 16 by ncomp: 3:961 4:71235 5:610847 6:1314596 7:1429425
depth 17 by ncomp: 3:790 4:141817 5:1979900 6:6446406 7:10761860
depth 18 by ncomp: 3:555 4:245344 5:5784493 6:28310039 7:45770121
depth 19 by ncomp: 3:277 4:378229 5:15203497 6:112479045
depth 20 by ncomp: 3:125 4:507131 5:35884428
depth 21 by ncomp: 3:43 4:601160
depth 22 by ncomp: 3:12
depth 23 by ncomp:
depth 24 by ncomp:
