n=25 nodes=1073899474 nsol=0 time=11568.02
depth: 0:1 1:1 2:2 3:8 4:41 5:184 6:732 7:2765 8:11371 9:141 10:820 11:4686 12:28404 13:175894 14:1158962 15:7920404 16:51341008 17:229987564 18:444634432 19:284945153 20:52789417 21:897431 22:53 23:0 24:0
depth  0 by ncomp: 0:1
depth  1 by ncomp: 1:1
depth  2 by ncomp: 1:1 2:1
depth  3 by ncomp: 1:4 2:3 3:1
depth  4 by ncomp: 1:16 2:18 3:6 4:1
depth  5 by ncomp: 1:30 2:96 3:47 4:10 5:1
depth  6 by ncomp: 1:38 2:277 3:303 4:98 5:15 6:1
depth  7 by ncomp: 1:34 2:503 3:1226 4:792 5:188 6:21 7:1
depth  8 by ncomp: 1:11 2:751 3:3767 4:4589 5:1895 6:329 7:29
depth  9 by ncomp: 2:3 3:25 4:50 5:19 6:34 7:10
depth 10 by ncomp: 2:1 3:59 4:190 5:161 6:266 7:143
depth 11 by ncomp: 2:2 3:178 4:700 5:892 6:1446 7:1468
depth 12 by ncomp: 2:3 3:317 4:2378 5:4834 6:8037 7:12835
depth 13 by ncomp: 3:636 4:6923 5:20793 6:42557 7:104985
depth 14 by ncomp: 3:847 4:18578 5:83884 6:221179 7:834474
depth 15 by ncomp: 3:1164 4:46875 5:312028 6:1072731 7:6487606
depth 16 by ncomp: 3:1317 4:101679 5:1039421 6:4765838 7:45432753
depth 17 by ncomp: 3:1180 4:201112 5:3157799 6:19470278 7:207157195
depth 18 by ncomp: 3:831 4:348406 5:8745377 6:73824915 7:361714903
depth 19 by ncomp: 3:570 4:541185 5:22361409 6:262041989
depth 20 by ncomp: 3:282 4:741845 5:52047290
depth 21 by ncomp: 3:118 4:897313
depth 22 by ncomp: 3:53
depth 23 by ncomp:
depth 24 by ncomp:
