n=25 nodes=240115469 nsol=0 time=1979.57
depth: 0:1 1:1 2:2 3:8 4:41 5:184 6:732 7:2765 8:11371 9:58 10:205 11:966 12:5120 13:26855 14:145978 15:822828 16:4853849 17:27011594 18:92519497 19:99890149 20:14761521 21:61744 22:0 23:0 24:0
depth  0 by ncomp: 0:1
depth  1 by ncomp: 1:1
depth  2 by ncomp: 1:1 2:1
depth  3 by ncomp: 1:4 2:3 3:1
depth  4 by ncomp: 1:16 2:18 3:6 4:1
depth  5 by ncomp: 1:30 2:96 3:47 4:10 5:1
depth  6 by ncomp: 1:38 2:277 3:303 4:98 5:15 6:1
depth  7 by ncomp: 1:34 2:503 3:1226 4:792 5:188 6:21 7:1
depth  8 by ncomp: 1:11 2:751 3:3767 4:4589 5:1895 6:329 7:29
depth  9 by ncomp: 3:11 4:24 5:14 6:8 7:1
depth 10 by ncomp: 3:12 4:90 5:70 6:23 7:10
depth 11 by ncomp: 3:17 4:317 5:442 6:166 7:24
depth 12 by ncomp: 3:21 4:999 5:2381 6:1391 7:328
depth 13 by ncomp: 3:19 4:2335 5:10234 6:10152 7:4115
depth 14 by ncomp: 3:20 4:5350 5:38795 6:60636 7:41177
depth 15 by ncomp: 3:13 4:10849 5:133611 6:317095 7:361260
depth 16 by ncomp: 3:10 4:19295 5:418875 6:1533021 7:2882648
depth 17 by ncomp: 3:4 4:31243 5:1175612 6:6650226 7:19154509
depth 18 by ncomp: 3:1 4:44595 5:2991880 6:25962660 7:63520361
depth 19 by ncomp: 4:55049 5:6951060 6:92884040
depth 20 by ncomp: 4:62640 5:14698881
depth 21 by ncomp: 4:61744
depth 22 by ncomp:
depth 23 by ncomp:
depth 24 by ncomp:
