n=25 nodes=992892378 nsol=0 time=10502.63
depth: 0:1 1:1 2:2 3:8 4:41 5:184 6:732 7:2765 8:11371 9:167 10:872 11:4547 12:24406 13:132829 14:749813 15:4491719 16:27135131 17:141181223 18:399292739 19:359408937 20:59735170 21:719684 22:36 23:0 24:0
depth  0 by ncomp: 0:1
depth  1 by ncomp: 1:1
depth  2 by ncomp: 1:1 2:1
depth  3 by ncomp: 1:4 2:3 3:1
depth  4 by ncomp: 1:16 2:18 3:6 4:1
depth  5 by ncomp: 1:30 2:96 3:47 4:10 5:1
depth  6 by ncomp: 1:38 2:277 3:303 4:98 5:15 6:1
depth  7 by ncomp: 1:34 2:503 3:1226 4:792 5:188 6:21 7:1
depth  8 by ncomp: 1:11 2:751 3:3767 4:4589 5:1895 6:329 7:29
depth  9 by ncomp: 2:2 3:37 4:63 5:52 6:12 7:1
depth 10 by ncomp: 3:92 4:274 5:348 6:138 7:20
depth 11 by ncomp: 3:191 4:950 5:1860 6:1235 7:311
depth 12 by ncomp: 3:361 4:3037 5:8494 6:8696 7:3818
depth 13 by ncomp: 3:629 4:8792 5:33777 6:51090 7:38541
depth 14 by ncomp: 3:798 4:22290 5:124246 6:268207 7:334272
depth 15 by ncomp: 3:1002 4:52690 5:435864 6:1311666 7:2690497
depth 16 by ncomp: 3:1052 4:107294 5:1387142 6:5868943 7:19770700
depth 17 by ncomp: 3:942 4:201857 5:4096549 6:24391202 7:112490673
depth 18 by ncomp: 3:714 4:328634 5:10895960 6:93526294 7:294541137
depth 19 by ncomp: 3:445 4:479653 5:26673984 6:332254855
depth 20 by ncomp: 3:229 4:618793 5:59116148
depth 21 by ncomp: 3:86 4:719598
depth 22 by ncomp: 3:36
depth 23 by ncomp:
depth 24 by ncomp:
