n=25 nodes=319080284 nsol=0 time=3073.94
depth: 0:1 1:1 2:2 3:8 4:41 5:184 6:732 7:2765 8:11371 9:56 10:204 11:1091 12:5549 13:30203 14:170950 15:988933 16:5895272 17:32998150 18:117059895 19:137340689 20:24412492 21:161695 22:0 23:0 24:0
depth  0 by ncomp: 0:1
depth  1 by ncomp: 1:1
depth  2 by ncomp: 1:1 2:1
depth  3 by ncomp: 1:4 2:3 3:1
depth  4 by ncomp: 1:16 2:18 3:6 4:1
depth  5 by ncomp: 1:30 2:96 3:47 4:10 5:1
depth  6 by ncomp: 1:38 2:277 3:303 4:98 5:15 6:1
depth  7 by ncomp: 1:34 2:503 3:1226 4:792 5:188 6:21 7:1
depth  8 by ncomp: 1:11 2:751 3:3767 4:4589 5:1895 6:329 7:29
depth  9 by ncomp: 3:17 4:28 5:10 6:1
depth 10 by ncomp: 3:21 4:100 5:67 6:15 7:1
depth 11 by ncomp: 3:53 4:436 5:434 6:147 7:21
depth 12 by ncomp: 3:62 4:1303 5:2469 6:1386 7:329
depth 13 by ncomp: 3:83 4:3600 5:11786 6:10565 7:4169
depth 14 by ncomp: 3:88 4:8972 5:49154 6:68239 7:44497
depth 15 by ncomp: 3:64 4:19104 5:177703 6:381189 7:410873
depth 16 by ncomp: 3:56 4:35955 5:578469 6:1892039 7:3388753
depth 17 by ncomp: 3:26 4:60984 5:1695030 6:8421291 7:22820819
depth 18 by ncomp: 3:15 4:92090 5:4519439 6:34110131 7:78338220
depth 19 by ncomp: 3:10 4:124477 5:10962319 6:126253883
depth 20 by ncomp: 3:3 4:148898 5:24263591
depth 21 by ncomp: 4:161695
depth 22 by ncomp:
depth 23 by ncomp:
depth 24 by ncomp:
