n=25 nodes=265404324 nsol=0 time=2096.85
depth: 0:1 1:1 2:2 3:8 4:41 5:184 6:732 7:2765 8:11371 9:66 10:216 11:885 12:4038 13:19984 14:106296 15:590651 16:3377671 17:19167661 18:79832290 19:127062371 20:34703868 21:523190 22:32 23:0 24:0
depth  0 by ncomp: 0:1
depth  1 by ncomp: 1:1
depth  2 by ncomp: 1:1 2:1
depth  3 by ncomp: 1:4 2:3 3:1
depth  4 by ncomp: 1:16 2:18 3:6 4:1
depth  5 by ncomp: 1:30 2:96 3:47 4:10 5:1
depth  6 by ncomp: 1:38 2:277 3:303 4:98 5:15 6:1
depth  7 by ncomp: 1:34 2:503 3:1226 4:792 5:188 6:21 7:1
depth  8 by ncomp: 1:11 2:751 3:3767 4:4589 5:1895 6:329 7:29
depth  9 by ncomp: 3:21 4:33 5:11 6:1
depth 10 by ncomp: 3:35 4:105 5:60 6:15 7:1
depth 11 by ncomp: 2:3 3:90 4:379 5:299 6:97 7:17
depth 12 by ncomp: 2:1 3:146 4:1305 5:1730 6:691 7:165
depth 13 by ncomp: 3:246 4:3977 5:8781 6:5375 7:1605
depth 14 by ncomp: 3:395 4:11031 5:40214 6:38342 7:16314
depth 15 by ncomp: 3:504 4:27031 5:162239 6:239371 7:161506
depth 16 by ncomp: 3:573 4:59113 5:581502 6:1305905 7:1430578
depth 17 by ncomp: 3:615 4:114300 5:1882624 6:6386124 7:10783998
depth 18 by ncomp: 3:453 4:200187 5:5478267 6:28146492 7:46006891
depth 19 by ncomp: 3:327 4:312016 5:14427642 6:112322386
depth 20 by ncomp: 3:190 4:431770 5:34271908
depth 21 by ncomp: 3:75 4:523115
depth 22 by ncomp: 3:32
depth 23 by ncomp:
depth 24 by ncomp:
