n=25 nodes=1611738725 nsol=0 time=18767.85
depth: 0:1 1:1 2:2 3:8 4:41 5:184 6:732 7:2765 8:11371 9:191 10:1129 11:6060 12:33116 13:182801 14:1072696 15:6442523 16:39240250 17:211520783 18:651156427 19:616487932 20:85137477 21:442235 22:0 23:0 24:0
depth  0 by ncomp: 0:1
depth  1 by ncomp: 1:1
depth  2 by ncomp: 1:1 2:1
depth  3 by ncomp: 1:4 2:3 3:1
depth  4 by ncomp: 1:16 2:18 3:6 4:1
depth  5 by ncomp: 1:30 2:96 3:47 4:10 5:1
depth  6 by ncomp: 1:38 2:277 3:303 4:98 5:15 6:1
depth  7 by ncomp: 1:34 2:503 3:1226 4:792 5:188 6:21 7:1
depth  8 by ncomp: 1:11 2:751 3:3767 4:4589 5:1895 6:329 7:29
depth  9 by ncomp: 3:10 4:100 5:66 6:14 7:1
depth 10 by ncomp: 3:37 4:421 5:494 6:156 7:21
depth 11 by ncomp: 3:91 4:1387 5:2830 6:1442 7:310
depth 12 by ncomp: 3:182 4:4103 5:13496 6:11279 7:4056
depth 13 by ncomp: 3:234 4:10387 5:56451 6:72867 7:42862
depth 14 by ncomp: 3:306 4:25223 5:215156 6:423193 7:408818
depth 15 by ncomp: 3:323 4:54840 5:735419 6:2172361 7:3479580
depth 16 by ncomp: 3:268 4:104474 5:2279857 6:10022755 7:26832896
depth 17 by ncomp: 3:187 4:176442 5:6454913 6:42134052 7:162755189
depth 18 by ncomp: 3:126 4:268327 5:16680211 6:162577647 7:471630116
depth 19 by ncomp: 3:47 4:358947 5:39317365 6:576811573
depth 20 by ncomp: 3:19 4:423050 5:84714408
depth 21 by ncomp: 3:4 4:442231
depth 22 by ncomp:
depth 23 by ncomp:
depth 24 by ncomp:
