n=25 nodes=1017451115 nsol=0 time=9485.76
depth: 0:1 1:1 2:2 3:8 4:41 5:184 6:732 7:2765 8:11371 9:117 10:608 11:3331 12:18380 13:101274 14:582525 15:3421442 16:20596344 17:115174470 18:395091460 19:419795816 20:62271628 21:378615 22:0 23:0 24:0
depth  0 by ncomp: 0:1
depth  1 by ncomp: 1:1
depth  2 by ncomp: 1:1 2:1
depth  3 by ncomp: 1:4 2:3 3:1
depth  4 by ncomp: 1:16 2:18 3:6 4:1
depth  5 by ncomp: 1:30 2:96 3:47 4:10 5:1
depth  6 by ncomp: 1:38 2:277 3:303 4:98 5:15 6:1
depth  7 by ncomp: 1:34 2:503 3:1226 4:792 5:188 6:21 7:1
depth  8 by ncomp: 1:11 2:751 3:3767 4:4589 5:1895 6:329 7:29
depth  9 by ncomp: 2:7 3:11 4:62 5:33 6:4
depth 10 by ncomp: 2:10 3:45 4:252 5:243 6:54 7:4
depth 11 by ncomp: 2:3 3:109 4:938 5:1580 6:614 7:87
depth 12 by ncomp: 2:1 3:220 4:3108 5:8341 6:5375 7:1335
depth 13 by ncomp: 3:322 4:8165 5:37073 6:39165 7:16549
depth 14 by ncomp: 3:424 4:19360 5:148551 6:243818 7:170372
depth 15 by ncomp: 3:427 4:41837 5:516217 6:1315500 7:1547461
depth 16 by ncomp: 3:406 4:80778 5:1620570 6:6323651 7:12570939
depth 17 by ncomp: 3:289 4:140429 5:4646135 6:27413226 7:82974391
depth 18 by ncomp: 3:145 4:214878 5:12085241 6:108310513 7:274480683
depth 19 by ncomp: 3:103 4:292947 5:28674995 6:390827771
depth 20 by ncomp: 3:39 4:351808 5:61919781
depth 21 by ncomp: 3:17 4:378598
depth 22 by ncomp:
depth 23 by ncomp:
depth 24 by ncomp:
