n=25 nodes=1333785689 nsol=0 time=16563.14
depth: 0:1 1:1 2:2 3:8 4:41 5:184 6:732 7:2765 8:11371 9:162 10:1052 11:5730 12:32607 13:186838 14:1119881 15:6925084 16:43124951 17:224319716 18:593634345 19:426254663 20:38061932 21:103622 22:1 23:0 24:0
depth  0 by ncomp: 0:1
depth  1 by ncomp: 1:1
depth  2 by ncomp: 1:1 2:1
depth  3 by ncomp: 1:4 2:3 3:1
depth  4 by ncomp: 1:16 2:18 3:6 4:1
depth  5 by ncomp: 1:30 2:96 3:47 4:10 5:1
depth  6 by ncomp: 1:38 2:277 3:303 4:98 5:15 6:1
depth  7 by ncomp: 1:34 2:503 3:1226 4:792 5:188 6:21 7:1
depth  8 by ncomp: 1:11 2:751 3:3767 4:4589 5:1895 6:329 7:29
depth  9 by ncomp: 3:8 4:60 5:72 6:20 7:2
depth 10 by ncomp: 3:25 4:245 5:502 6:242 7:38
depth 11 by ncomp: 3:14 4:724 5:2386 6:2024 7:582
depth 12 by ncomp: 3:40 4:2160 5:10193 6:13311 7:6903
depth 13 by ncomp: 3:43 4:5351 5:39457 6:75911 7:66076
depth 14 by ncomp: 3:43 4:12033 5:142517 6:397584 7:567704
depth 15 by ncomp: 3:49 4:24306 5:467803 6:1901650 7:4531276
depth 16 by ncomp: 3:45 4:39393 5:1376059 6:8320999 7:33388455
depth 17 by ncomp: 3:54 4:55915 5:3612604 6:33216329 7:187434814
depth 18 by ncomp: 3:20 4:76639 5:8594547 6:121114937 7:463848202
depth 19 by ncomp: 3:19 4:93328 5:18868729 6:407292587
depth 20 by ncomp: 3:5 4:102193 5:37959734
depth 21 by ncomp: 3:2 4:103620
depth 22 by ncomp: 3:1
depth 23 by ncomp:
depth 24 by ncomp:
