n=25 nodes=550409877 nsol=0 time=6939.81
depth: 0:1 1:1 2:2 3:8 4:41 5:184 6:732 7:2765 8:11371 9:63 10:364 11:2600 12:17263 13:116270 14:806594 15:5677993 16:37103024 17:156070422 18:240923279 19:95462368 20:14031754 21:182776 22:2 23:0 24:0
depth  0 by ncomp: 0:1
depth  1 by ncomp: 1:1
depth  2 by ncomp: 1:1 2:1
depth  3 by ncomp: 1:4 2:3 3:1
depth  4 by ncomp: 1:16 2:18 3:6 4:1
depth  5 by ncomp: 1:30 2:96 3:47 4:10 5:1
depth  6 by ncomp: 1:38 2:277 3:303 4:98 5:15 6:1
depth  7 by ncomp: 1:34 2:503 3:1226 4:792 5:188 6:21 7:1
depth  8 by ncomp: 1:11 2:751 3:3767 4:4589 5:1895 6:329 7:29
depth  9 by ncomp: 3:9 4:12 5:8 6:25 7:9
depth 10 by ncomp: 3:23 4:46 5:33 6:160 7:102
depth 11 by ncomp: 3:55 4:194 5:179 6:1011 7:1161
depth 12 by ncomp: 3:86 4:692 5:853 6:4931 7:10701
depth 13 by ncomp: 3:141 4:2046 5:4070 6:22874 7:87139
depth 14 by ncomp: 3:188 4:5684 5:18494 6:102927 7:679301
depth 15 by ncomp: 3:265 4:14149 5:74374 6:442918 7:5146287
depth 16 by ncomp: 3:220 4:29745 5:268460 6:1828326 7:34976273
depth 17 by ncomp: 3:203 4:55766 5:850990 6:7102052 7:148061411
depth 18 by ncomp: 3:127 4:87821 5:2409365 6:26008492 7:212417474
depth 19 by ncomp: 3:60 4:125071 5:6085192 6:89252045
depth 20 by ncomp: 3:34 4:159054 5:13872666
depth 21 by ncomp: 3:5 4:182771
depth 22 by ncomp: 3:2
depth 23 by ncomp:
depth 24 by ncomp:
