n=25 nodes=166050800 nsol=0 time=1585.87
depth: 0:1 1:1 2:2 3:8 4:41 5:184 6:732 7:2765 8:11371 9:38 10:175 11:729 12:3299 13:15678 14:80534 15:432295 16:2392113 17:13174381 18:52788256 19:78468832 20:18501408 21:177956 22:1 23:0 24:0
depth  0 by ncomp: 0:1
depth  1 by ncomp: 1:1
depth  2 by ncomp: 1:1 2:1
depth  3 by ncomp: 1:4 2:3 3:1
depth  4 by ncomp: 1:16 2:18 3:6 4:1
depth  5 by ncomp: 1:30 2:96 3:47 4:10 5:1
depth  6 by ncomp: 1:38 2:277 3:303 4:98 5:15 6:1
depth  7 by ncomp: 1:34 2:503 3:1226 4:792 5:188 6:21 7:1
depth  8 by ncomp: 1:11 2:751 3:3767 4:4589 5:1895 6:329 7:29
depth  9 by ncomp: 3:13 4:16 5:8 6:1
depth 10 by ncomp: 3:34 4:83 5:45 6:12 7:1
depth 11 by ncomp: 3:71 4:319 5:239 6:83 7:17
depth 12 by ncomp: 3:97 4:1109 5:1362 6:564 7:167
depth 13 by ncomp: 3:111 4:3156 5:6977 6:4088 7:1346
depth 14 by ncomp: 3:181 4:7851 5:30385 6:28654 7:13463
depth 15 by ncomp: 3:257 4:17868 5:117087 6:173297 7:123786
depth 16 by ncomp: 3:198 4:36462 5:399858 6:918040 7:1037555
depth 17 by ncomp: 3:114 4:63749 5:1228147 6:4348161 7:7534210
depth 18 by ncomp: 3:65 4:96211 5:3347919 6:18391766 7:30952295
depth 19 by ncomp: 3:33 4:131948 5:8220215 6:70116636
depth 20 by ncomp: 3:7 4:161727 5:18339674
depth 21 by ncomp: 3:6 4:177950
depth 22 by ncomp: 3:1
depth 23 by ncomp:
depth 24 by ncomp:
