n=25 nodes=801235391 nsol=0 time=7643.47
depth: 0:1 1:1 2:2 3:8 4:41 5:184 6:732 7:2765 8:11371 9:137 10:613 11:3220 12:17697 13:102490 14:625639 15:3941478 16:24748700 17:126673890 18:327079527 19:269323214 20:47957322 21:746293 22:66 23:0 24:0
depth  0 by ncomp: 0:1
depth  1 by ncomp: 1:1
depth  2 by ncomp: 1:1 2:1
depth  3 by ncomp: 1:4 2:3 3:1
depth  4 by ncomp: 1:16 2:18 3:6 4:1
depth  5 by ncomp: 1:30 2:96 3:47 4:10 5:1
depth  6 by ncomp: 1:38 2:277 3:303 4:98 5:15 6:1
depth  7 by ncomp: 1:34 2:503 3:1226 4:792 5:188 6:21 7:1
depth  8 by ncomp: 1:11 2:751 3:3767 4:4589 5:1895 6:329 7:29
depth  9 by ncomp: 2:7 3:32 4:31 5:47 6:18 7:2
depth 10 by ncomp: 2:3 3:90 4:147 5:187 6:153 7:33
depth 11 by ncomp: 2:8 3:207 4:664 5:964 6:990 7:387
depth 12 by ncomp: 2:4 3:383 4:2319 5:4639 6:6287 7:4065
depth 13 by ncomp: 2:4 3:658 4:7220 5:20749 6:36306 7:37553
depth 14 by ncomp: 2:2 3:850 4:18914 5:84466 6:196348 7:325059
depth 15 by ncomp: 2:2 3:1322 4:45616 5:312293 6:964552 7:2617693
depth 16 by ncomp: 3:1469 4:94425 5:1022870 6:4359725 7:19270211
depth 17 by ncomp: 3:1383 4:177413 5:3079837 6:18141364 7:105273893
depth 18 by ncomp: 3:1222 4:295534 5:8377375 6:69694149 7:248711247
depth 19 by ncomp: 3:864 4:443173 5:20847851 6:248031326
depth 20 by ncomp: 3:468 4:605268 5:47351586
depth 21 by ncomp: 3:240 4:746053
depth 22 by ncomp: 3:66
depth 23 by ncomp:
depth 24 by ncomp:
