n=25 nodes=105372731 nsol=0 time=798.86
depth: 0:1 1:1 2:2 3:8 4:41 5:184 6:732 7:2765 8:11371 9:25 10:111 11:481 12:2108 13:9990 14:51032 15:273479 16:1517373 17:8376243 18:33898547 19:50183313 20:10969985 21:74939 22:0 23:0 24:0
depth  0 by ncomp: 0:1
depth  1 by ncomp: 1:1
depth  2 by ncomp: 1:1 2:1
depth  3 by ncomp: 1:4 2:3 3:1
depth  4 by ncomp: 1:16 2:18 3:6 4:1
depth  5 by ncomp: 1:30 2:96 3:47 4:10 5:1
depth  6 by ncomp: 1:38 2:277 3:303 4:98 5:15 6:1
depth  7 by ncomp: 1:34 2:503 3:1226 4:792 5:188 6:21 7:1
depth  8 by ncomp: 1:11 2:751 3:3767 4:4589 5:1895 6:329 7:29
depth  9 by ncomp: 3:13 4:11 5:1
depth 10 by ncomp: 3:33 4:61 5:16 6:1
depth 11 by ncomp: 3:56 4:258 5:144 6:22 7:1
depth 12 by ncomp: 3:50 4:816 5:934 6:278 7:30
depth 13 by ncomp: 3:74 4:2162 5:4728 6:2509 7:517
depth 14 by ncomp: 3:52 4:5401 5:20639 6:18328 7:6612
depth 15 by ncomp: 3:72 4:11495 5:79253 6:113431 7:69228
depth 16 by ncomp: 3:53 4:21639 5:265999 6:605943 7:623739
depth 17 by ncomp: 3:28 4:35342 5:796019 6:2849296 7:4695558
depth 18 by ncomp: 3:13 4:50019 5:2119335 6:11952348 7:19776832
depth 19 by ncomp: 3:2 4:64165 5:5052502 6:45066644
depth 20 by ncomp: 3:1 4:73005 5:10896979
depth 21 by ncomp: 4:74939
depth 22 by ncomp:
depth 23 by ncomp:
depth 24 by ncomp:
