n=25 nodes=489555036 nsol=0 time=4088.77
depth: 0:1 1:1 2:2 3:8 4:41 5:184 6:732 7:2765 8:11371 9:82 10:355 11:1676 12:8639 13:45292 14:246071 15:1388838 16:8047720 17:44516588 18:164375369 19:219697731 20:50686777 21:524788 22:5 23:0 24:0
depth  0 by ncomp: 0:1
depth  1 by ncomp: 1:1
depth  2 by ncomp: 1:1 2:1
depth  3 by ncomp: 1:4 2:3 3:1
depth  4 by ncomp: 1:16 2:18 3:6 4:1
depth  5 by ncomp: 1:30 2:96 3:47 4:10 5:1
depth  6 by ncomp: 1:38 2:277 3:303 4:98 5:15 6:1
depth  7 by ncomp: 1:34 2:503 3:1226 4:792 5:188 6:21 7:1
depth  8 by ncomp: 1:11 2:751 3:3767 4:4589 5:1895 6:329 7:29
depth  9 by ncomp: 3:28 4:37 5:15 6:2
depth 10 by ncomp: 3:79 4:157 5:95 6:22 7:2
depth 11 by ncomp: 3:196 4:648 5:608 6:199 7:25
depth 12 by ncomp: 3:398 4:2461 5:3541 6:1833 7:406
depth 13 by ncomp: 3:588 4:7877 5:17722 6:13977 7:5128
depth 14 by ncomp: 3:712 4:22005 5:78104 6:90970 7:54280
depth 15 by ncomp: 3:719 4:52707 5:305826 6:525802 7:503784
depth 16 by ncomp: 3:632 4:107432 5:1058990 6:2702509 7:4178157
depth 17 by ncomp: 3:453 4:191878 5:3265763 6:12478211 7:28580283
depth 18 by ncomp: 3:259 4:297801 5:9038162 6:51996330 7:103042817
depth 19 by ncomp: 3:131 4:411998 5:22429102 6:196856500
depth 20 by ncomp: 3:37 4:498768 5:50187972
depth 21 by ncomp: 3:22 4:524766
depth 22 by ncomp: 3:5
depth 23 by ncomp:
depth 24 by ncomp:
