n=25 nodes=631769074 nsol=0 time=6308.98
depth: 0:1 1:1 2:2 3:8 4:41 5:184 6:732 7:2765 8:11371 9:143 10:628 11:2605 12:12842 13:67825 14:372172 15:2108192 16:12321370 17:67444926 18:232173758 19:266748567 20:50017243 21:483687 22:11 23:0 24:0
depth  0 by ncomp: 0:1
depth  1 by ncomp: 1:1
depth  2 by ncomp: 1:1 2:1
depth  3 by ncomp: 1:4 2:3 3:1
depth  4 by ncomp: 1:16 2:18 3:6 4:1
depth  5 by ncomp: 1:30 2:96 3:47 4:10 5:1
depth  6 by ncomp: 1:38 2:277 3:303 4:98 5:15 6:1
depth  7 by ncomp: 1:34 2:503 3:1226 4:792 5:188 6:21 7:1
depth  8 by ncomp: 1:11 2:751 3:3767 4:4589 5:1895 6:329 7:29
depth  9 by ncomp: 3:21 4:86 5:33 6:3
depth 10 by ncomp: 2:1 3:61 4:273 5:239 6:51 7:3
depth 11 by ncomp: 3:108 4:801 5:1145 6:479 7:72
depth 12 by ncomp: 3:197 4:2473 5:5573 6:3620 7:979
depth 13 by ncomp: 3:282 4:6853 5:24978 6:24834 7:10878
depth 14 by ncomp: 3:395 4:17336 5:98653 6:149396 7:106392
depth 15 by ncomp: 3:442 4:39178 5:352469 6:797919 7:918184
depth 16 by ncomp: 3:425 4:78700 5:1139944 6:3833869 7:7268432
depth 17 by ncomp: 3:358 4:143946 5:3363151 6:16734461 7:47203010
depth 18 by ncomp: 3:267 4:234044 5:9058662 6:66717946 7:156162839
depth 19 by ncomp: 3:151 4:335318 5:22208787 6:244204311
depth 20 by ncomp: 3:63 4:426684 5:49590496
depth 21 by ncomp: 3:28 4:483659
depth 22 by ncomp: 3:11
depth 23 by ncomp:
depth 24 by ncomp:
