n=25 nodes=190682731 nsol=0 time=1706.06
depth: 0:1 1:1 2:2 3:8 4:41 5:184 6:732 7:2765 8:11371 9:40 10:167 11:743 12:4183 13:23048 14:127105 15:753545 16:4552136 17:24929240 18:79516176 19:72583198 20:8152196 21:25849 22:0 23:0 24:0
depth  0 by ncomp: 0:1
depth  1 by ncomp: 1:1
depth  2 by ncomp: 1:1 2:1
depth  3 by ncomp: 1:4 2:3 3:1
depth  4 by ncomp: 1:16 2:18 3:6 4:1
depth  5 by ncomp: 1:30 2:96 3:47 4:10 5:1
depth  6 by ncomp: 1:38 2:277 3:303 4:98 5:15 6:1
depth  7 by ncomp: 1:34 2:503 3:1226 4:792 5:188 6:21 7:1
depth  8 by ncomp: 1:11 2:751 3:3767 4:4589 5:1895 6:329 7:29
depth  9 by ncomp: 3:6 4:24 5:9 6:1
depth 10 by ncomp: 3:1 4:69 5:80 6:16 7:1
depth 11 by ncomp: 4:150 5:392 6:177 7:24
depth 12 by ncomp: 4:496 5:1913 6:1407 7:367
depth 13 by ncomp: 3:2 4:1045 5:7803 6:9753 7:4445
depth 14 by ncomp: 3:6 4:2297 5:27385 6:54304 7:43113
depth 15 by ncomp: 3:2 4:4400 5:90665 6:282808 7:375670
depth 16 by ncomp: 3:1 4:7814 5:263372 6:1287672 7:2993277
depth 17 by ncomp: 4:12021 5:704634 6:5282970 7:18929615
depth 18 by ncomp: 4:16857 5:1724696 6:19854567 7:57920056
depth 19 by ncomp: 4:21819 5:3905417 6:68655962
depth 20 by ncomp: 4:25066 5:8127130
depth 21 by ncomp: 4:25849
depth 22 by ncomp:
depth 23 by ncomp:
depth 24 by ncomp:
