n=25 nodes=711102260 nsol=0 time=7594.31
depth: 0:1 1:1 2:2 3:8 4:41 5:184 6:732 7:2765 8:11371 9:132 10:651 11:3437 12:18483 13:105836 14:626887 15:3850472 16:23867744 17:123680775 18:321467150 19:219319587 20:18099210 21:46791 22:0 23:0 24:0
depth  0 by ncomp: 0:1
depth  1 by ncomp: 1:1
depth  2 by ncomp: 1:1 2:1
depth  3 by ncomp: 1:4 2:3 3:1
depth  4 by ncomp: 1:16 2:18 3:6 4:1
depth  5 by ncomp: 1:30 2:96 3:47 4:10 5:1
depth  6 by ncomp: 1:38 2:277 3:303 4:98 5:15 6:1
depth  7 by ncomp: 1:34 2:503 3:1226 4:792 5:188 6:21 7:1
depth  8 by ncomp: 1:11 2:751 3:3767 4:4589 5:1895 6:329 7:29
depth  9 by ncomp: 2:2 3:15 4:50 5:52 6:12 7:1
depth 10 by ncomp: 3:14 4:158 5:317 6:141 7:21
depth 11 by ncomp: 3:21 4:418 5:1493 6:1179 7:326
depth 12 by ncomp: 3:16 4:1034 5:5982 6:7709 7:3742
depth 13 by ncomp: 3:24 4:2234 5:21964 6:44671 7:36943
depth 14 by ncomp: 3:9 4:4715 5:73698 6:229079 7:319386
depth 15 by ncomp: 3:6 4:8829 5:227577 6:1061469 7:2552591
depth 16 by ncomp: 3:4 4:15363 5:640886 6:4491550 7:18719941
depth 17 by ncomp: 3:4 4:23524 5:1672700 6:17483164 7:104501383
depth 18 by ncomp: 4:33326 5:4024210 6:62997601 7:254412013
depth 19 by ncomp: 4:41258 5:8896936 6:210381393
depth 20 by ncomp: 4:46712 5:18052498
depth 21 by ncomp: 4:46791
depth 22 by ncomp:
depth 23 by ncomp:
depth 24 by ncomp:
