n=25 nodes=446740304 nsol=0 time=4172.47
depth: 0:1 1:1 2:2 3:8 4:41 5:184 6:732 7:2765 8:11371 9:82 10:396 11:1920 12:9565 13:50410 14:276311 15:1574094 16:9234936 17:50125047 18:166611138 19:183844183 20:34615805 21:381299 22:13 23:0 24:0
depth  0 by ncomp: 0:1
depth  1 by ncomp: 1:1
depth  2 by ncomp: 1:1 2:1
depth  3 by ncomp: 1:4 2:3 3:1
depth  4 by ncomp: 1:16 2:18 3:6 4:1
depth  5 by ncomp: 1:30 2:96 3:47 4:10 5:1
depth  6 by ncomp: 1:38 2:277 3:303 4:98 5:15 6:1
depth  7 by ncomp: 1:34 2:503 3:1226 4:792 5:188 6:21 7:1
depth  8 by ncomp: 1:11 2:751 3:3767 4:4589 5:1895 6:329 7:29
depth  9 by ncomp: 3:14 4:47 5:19 6:2
depth 10 by ncomp: 3:34 4:176 5:153 6:31 7:2
depth 11 by ncomp: 3:67 4:602 5:861 6:343 7:47
depth 12 by ncomp: 3:106 4:1709 5:4185 6:2832 7:733
depth 13 by ncomp: 3:146 4:4635 5:17879 6:19073 7:8677
depth 14 by ncomp: 3:185 4:11374 5:68945 6:111583 7:84224
depth 15 by ncomp: 3:232 4:24994 5:240200 6:582184 7:726484
depth 16 by ncomp: 3:242 4:51676 5:766498 6:2733743 7:5682777
depth 17 by ncomp: 3:196 4:96056 5:2253503 6:11726917 7:36048375
depth 18 by ncomp: 3:140 4:158716 5:6103447 6:46243904 7:114104931
depth 19 by ncomp: 3:111 4:233310 5:15109649 6:168501113
depth 20 by ncomp: 3:69 4:313738 5:34301998
depth 21 by ncomp: 3:26 4:381273
depth 22 by ncomp: 3:13
depth 23 by ncomp:
depth 24 by ncomp:
