n=25 nodes=703561458 nsol=0 time=9166.35
depth: 0:1 1:1 2:2 3:8 4:41 5:184 6:732 7:2765 8:11371 9:98 10:529 11:3118 12:17391 13:100858 14:598073 15:3695059 16:22905159 17:118849021 18:312713300 19:223357990 20:21216443 21:89314 22:0 23:0 24:0
depth  0 by ncomp: 0:1
depth  1 by ncomp: 1:1
depth  2 by ncomp: 1:1 2:1
depth  3 by ncomp: 1:4 2:3 3:1
depth  4 by ncomp: 1:16 2:18 3:6 4:1
depth  5 by ncomp: 1:30 2:96 3:47 4:10 5:1
depth  6 by ncomp: 1:38 2:277 3:303 4:98 5:15 6:1
depth  7 by ncomp: 1:34 2:503 3:1226 4:792 5:188 6:21 7:1
depth  8 by ncomp: 1:11 2:751 3:3767 4:4589 5:1895 6:329 7:29
depth  9 by ncomp: 3:5 4:40 5:41 6:11 7:1
depth 10 by ncomp: 3:15 4:130 5:248 6:117 7:19
depth 11 by ncomp: 3:24 4:462 5:1333 6:1016 7:283
depth 12 by ncomp: 3:46 4:1189 5:5712 6:7057 7:3387
depth 13 by ncomp: 3:70 4:2756 5:22019 6:41744 7:34269
depth 14 by ncomp: 3:85 4:6114 5:76267 6:216808 7:298799
depth 15 by ncomp: 3:71 4:12106 5:242683 6:1029893 7:2410306
depth 16 by ncomp: 3:48 4:21564 5:699168 6:4427307 7:17757072
depth 17 by ncomp: 3:25 4:35746 5:1845564 6:17416668 7:99551018
depth 18 by ncomp: 3:20 4:54529 5:4521563 6:63213921 7:244923267
depth 19 by ncomp: 3:6 4:73146 5:10211661 6:213073177
depth 20 by ncomp: 3:4 4:86245 5:21130194
depth 21 by ncomp: 4:89314
depth 22 by ncomp:
depth 23 by ncomp:
depth 24 by ncomp:
