n=25 nodes=916140219 nsol=0 time=8786.53
depth: 0:1 1:1 2:2 3:8 4:41 5:184 6:732 7:2765 8:11371 9:110 10:586 11:3202 12:17675 13:103334 14:623494 15:3864404 16:24066130 17:128775804 18:377418905 19:333846029 20:46819262 21:586142 22:37 23:0 24:0
depth  0 by ncomp: 0:1
depth  1 by ncomp: 1:1
depth  2 by ncomp: 1:1 2:1
depth  3 by ncomp: 1:4 2:3 3:1
depth  4 by ncomp: 1:16 2:18 3:6 4:1
depth  5 by ncomp: 1:30 2:96 3:47 4:10 5:1
depth  6 by ncomp: 1:38 2:277 3:303 4:98 5:15 6:1
depth  7 by ncomp: 1:34 2:503 3:1226 4:792 5:188 6:21 7:1
depth  8 by ncomp: 1:11 2:751 3:3767 4:4589 5:1895 6:329 7:29
depth  9 by ncomp: 2:5 3:7 4:43 5:42 6:12 7:1
depth 10 by ncomp: 2:4 3:27 4:164 5:261 6:112 7:18
depth 11 by ncomp: 2:1 3:75 4:563 5:1339 6:959 7:265
depth 12 by ncomp: 3:138 4:1801 5:6310 6:6440 7:2986
depth 13 by ncomp: 2:1 3:414 4:5419 5:27133 6:40744 7:29623
depth 14 by ncomp: 3:664 4:13902 5:106521 6:232826 7:269581
depth 15 by ncomp: 3:1137 4:34732 5:373686 6:1185353 7:2269496
depth 16 by ncomp: 3:1343 4:72902 5:1188035 6:5475946 7:17327904
depth 17 by ncomp: 3:1188 4:134495 5:3402290 6:23053697 7:102184134
depth 18 by ncomp: 3:943 4:227350 5:8829563 6:88461953 7:279899096
depth 19 by ncomp: 3:569 4:346326 5:21162342 6:312336792
depth 20 by ncomp: 3:260 4:477938 5:46341064
depth 21 by ncomp: 3:108 4:586034
depth 22 by ncomp: 3:37
depth 23 by ncomp:
depth 24 by ncomp:
