n=25 nodes=929341891 nsol=0 time=10026.21
depth: 0:1 1:1 2:2 3:8 4:41 5:184 6:732 7:2765 8:11371 9:151 10:817 11:4231 12:22472 13:124387 14:713310 15:4309995 16:26465557 17:138368054 18:386019609 19:326395755 20:46502034 21:400414 22:0 23:0 24:0
depth  0 by ncomp: 0:1
depth  1 by ncomp: 1:1
depth  2 by ncomp: 1:1 2:1
depth  3 by ncomp: 1:4 2:3 3:1
depth  4 by ncomp: 1:16 2:18 3:6 4:1
depth  5 by ncomp: 1:30 2:96 3:47 4:10 5:1
depth  6 by ncomp: 1:38 2:277 3:303 4:98 5:15 6:1
depth  7 by ncomp: 1:34 2:503 3:1226 4:792 5:188 6:21 7:1
depth  8 by ncomp: 1:11 2:751 3:3767 4:4589 5:1895 6:329 7:29
depth  9 by ncomp: 2:1 3:26 4:57 5:54 6:12 7:1
depth 10 by ncomp: 2:1 3:76 4:235 5:331 6:152 7:22
depth 11 by ncomp: 3:166 4:846 5:1636 6:1231 7:352
depth 12 by ncomp: 3:217 4:2562 5:7461 6:8235 7:3997
depth 13 by ncomp: 3:329 4:7074 5:30094 6:48447 7:38443
depth 14 by ncomp: 3:450 4:16925 5:111331 6:254309 7:330295
depth 15 by ncomp: 3:487 4:37722 5:382852 6:1241751 7:2647183
depth 16 by ncomp: 3:470 4:73792 5:1203139 6:5566871 7:19621285
depth 17 by ncomp: 3:361 4:131145 5:3430148 6:22962420 7:111843980
depth 18 by ncomp: 3:225 4:205643 5:8918462 6:87098511 7:289796768
depth 19 by ncomp: 3:76 4:290950 5:21170921 6:304933808
depth 20 by ncomp: 3:31 4:361346 5:46140657
depth 21 by ncomp: 3:6 4:400408
depth 22 by ncomp:
depth 23 by ncomp:
depth 24 by ncomp:
