n=25 nodes=709665509 nsol=0 time=6981.13
depth: 0:1 1:1 2:2 3:8 4:41 5:184 6:732 7:2765 8:11371 9:108 10:542 11:2858 12:15858 13:92901 14:553198 15:3423017 16:21360496 17:111483418 18:301075555 19:237119327 20:33985486 21:537570 22:70 23:0 24:0
depth  0 by ncomp: 0:1
depth  1 by ncomp: 1:1
depth  2 by ncomp: 1:1 2:1
depth  3 by ncomp: 1:4 2:3 3:1
depth  4 by ncomp: 1:16 2:18 3:6 4:1
depth  5 by ncomp: 1:30 2:96 3:47 4:10 5:1
depth  6 by ncomp: 1:38 2:277 3:303 4:98 5:15 6:1
depth  7 by ncomp: 1:34 2:503 3:1226 4:792 5:188 6:21 7:1
depth  8 by ncomp: 1:11 2:751 3:3767 4:4589 5:1895 6:329 7:29
depth  9 by ncomp: 2:6 3:14 4:25 5:49 6:13 7:1
depth 10 by ncomp: 2:8 3:47 4:93 5:243 6:130 7:21
depth 11 by ncomp: 2:3 3:106 4:357 5:1118 6:982 7:292
depth 12 by ncomp: 2:8 3:268 4:1219 5:4704 6:6365 7:3294
depth 13 by ncomp: 2:4 3:568 4:3906 5:19221 6:37107 7:32095
depth 14 by ncomp: 3:760 4:10954 5:70577 6:192946 7:277961
depth 15 by ncomp: 3:1223 4:28690 5:245371 6:929564 7:2218169
depth 16 by ncomp: 3:1278 4:64419 5:780807 6:4116828 7:16397164
depth 17 by ncomp: 3:1096 4:124387 5:2283901 6:16821762 7:92252272
depth 18 by ncomp: 3:788 4:219505 5:6147413 6:63593880 7:231113969
depth 19 by ncomp: 3:608 4:334192 5:15019173 6:221765354
depth 20 by ncomp: 3:376 4:447452 5:33537658
depth 21 by ncomp: 3:158 4:537412
depth 22 by ncomp: 3:70
depth 23 by ncomp:
depth 24 by ncomp:
