n=25 nodes=760122864 nsol=0 time=11154.65
depth: 0:1 1:1 2:2 3:8 4:41 5:184 6:732 7:2765 8:11371 9:93 10:528 11:3261 12:18561 13:106944 14:638038 15:3919826 16:24391520 17:127122108 18:336289133 19:242570499 20:24833843 21:213398 22:7 23:0 24:0
depth  0 by ncomp: 0:1
depth  1 by ncomp: 1:1
depth  2 by ncomp: 1:1 2:1
depth  3 by ncomp: 1:4 2:3 3:1
depth  4 by ncomp: 1:16 2:18 3:6 4:1
depth  5 by ncomp: 1:30 2:96 3:47 4:10 5:1
depth  6 by ncomp: 1:38 2:277 3:303 4:98 5:15 6:1
depth  7 by ncomp: 1:34 2:503 3:1226 4:792 5:188 6:21 7:1
depth  8 by ncomp: 1:11 2:751 3:3767 4:4589 5:1895 6:329 7:29
depth  9 by ncomp: 3:4 4:30 5:46 6:12 7:1
depth 10 by ncomp: 4:103 5:277 6:128 7:20
depth 11 by ncomp: 3:10 4:387 5:1427 6:1134 7:303
depth 12 by ncomp: 3:15 4:977 5:6033 6:7830 7:3706
depth 13 by ncomp: 3:42 4:2502 5:22446 6:44963 7:36991
depth 14 by ncomp: 3:62 4:5565 5:76925 6:232425 7:323061
depth 15 by ncomp: 3:66 4:11423 5:246096 6:1088660 7:2573581
depth 16 by ncomp: 3:88 4:22729 5:720636 6:4683515 7:18964552
depth 17 by ncomp: 3:63 4:41032 5:1954281 6:18538146 7:106588586
depth 18 by ncomp: 3:57 4:70595 5:4891421 6:67979611 7:263347449
depth 19 by ncomp: 3:43 4:111259 5:11382210 6:231076987
depth 20 by ncomp: 3:29 4:163014 5:24670800
depth 21 by ncomp: 3:13 4:213385
depth 22 by ncomp: 3:7
depth 23 by ncomp:
depth 24 by ncomp:
