n=25 nodes=515453337 nsol=0 time=5684.41
depth: 0:1 1:1 2:2 3:8 4:41 5:184 6:732 7:2765 8:11371 9:84 10:388 11:2097 12:12171 13:71253 14:434636 15:2717404 16:17035151 17:87339282 18:224335372 19:165264798 20:18166501 21:59095 22:0 23:0 24:0
depth  0 by ncomp: 0:1
depth  1 by ncomp: 1:1
depth  2 by ncomp: 1:1 2:1
depth  3 by ncomp: 1:4 2:3 3:1
depth  4 by ncomp: 1:16 2:18 3:6 4:1
depth  5 by ncomp: 1:30 2:96 3:47 4:10 5:1
depth  6 by ncomp: 1:38 2:277 3:303 4:98 5:15 6:1
depth  7 by ncomp: 1:34 2:503 3:1226 4:792 5:188 6:21 7:1
depth  8 by ncomp: 1:11 2:751 3:3767 4:4589 5:1895 6:329 7:29
depth  9 by ncomp: 2:1 3:18 4:20 5:34 6:10 7:1
depth 10 by ncomp: 3:19 4:85 5:166 6:100 7:18
depth 11 by ncomp: 3:31 4:312 5:722 6:768 7:264
depth 12 by ncomp: 3:51 4:978 5:3354 6:4886 7:2902
depth 13 by ncomp: 3:55 4:2691 5:13597 6:27496 7:27414
depth 14 by ncomp: 3:69 4:6436 5:51395 6:143156 7:233580
depth 15 by ncomp: 3:48 4:13301 5:175767 6:681237 7:1847051
depth 16 by ncomp: 3:22 4:24335 5:543476 6:2997060 7:13470258
depth 17 by ncomp: 3:15 4:37862 5:1509157 6:12117980 7:73674268
depth 18 by ncomp: 3:2 4:51742 5:3820568 6:45271283 7:175191777
depth 19 by ncomp: 4:61674 5:8747791 6:156455333
depth 20 by ncomp: 4:64112 5:18102389
depth 21 by ncomp: 4:59095
depth 22 by ncomp:
depth 23 by ncomp:
depth 24 by ncomp:
