n=25 nodes=502488129 nsol=0 time=4820.17
depth: 0:1 1:1 2:2 3:8 4:41 5:184 6:732 7:2765 8:11371 9:86 10:403 11:1946 12:10262 13:54995 14:307234 15:1774440 16:10591943 17:58320054 18:196135168 19:205603541 20:29528023 21:144929 22:0 23:0 24:0
depth  0 by ncomp: 0:1
depth  1 by ncomp: 1:1
depth  2 by ncomp: 1:1 2:1
depth  3 by ncomp: 1:4 2:3 3:1
depth  4 by ncomp: 1:16 2:18 3:6 4:1
depth  5 by ncomp: 1:30 2:96 3:47 4:10 5:1
depth  6 by ncomp: 1:38 2:277 3:303 4:98 5:15 6:1
depth  7 by ncomp: 1:34 2:503 3:1226 4:792 5:188 6:21 7:1
depth  8 by ncomp: 1:11 2:751 3:3767 4:4589 5:1895 6:329 7:29
depth  9 by ncomp: 3:16 4:49 5:19 6:2
depth 10 by ncomp: 3:41 4:187 5:143 6:30 7:2
depth 11 by ncomp: 3:35 4:655 5:897 6:316 7:43
depth 12 by ncomp: 3:51 4:1820 5:4714 6:2964 7:713
depth 13 by ncomp: 3:72 4:4720 5:20390 6:21030 7:8783
depth 14 by ncomp: 3:71 4:10912 5:78737 6:127691 7:89823
depth 15 by ncomp: 3:56 4:22262 5:273685 6:678199 7:800238
depth 16 by ncomp: 3:80 4:39732 5:852617 6:3238490 7:6461024
depth 17 by ncomp: 3:69 4:64651 5:2378448 6:13844600 7:42032286
depth 18 by ncomp: 3:33 4:92973 5:6051383 6:53812427 7:136178352
depth 19 by ncomp: 3:8 4:120159 5:13962488 6:191520886
depth 20 by ncomp: 3:9 4:138965 5:29389049
depth 21 by ncomp: 3:1 4:144928
depth 22 by ncomp:
depth 23 by ncomp:
depth 24 by ncomp:
