n=25 nodes=767235049 nsol=0 time=7873.76
depth: 0:1 1:1 2:2 3:8 4:41 5:184 6:732 7:2765 8:11371 9:117 10:583 11:3055 12:17842 13:102777 14:602556 15:3666525 16:22736054 17:119500037 18:329312747 19:261307068 20:29848166 21:122417 22:0 23:0 24:0
depth  0 by ncomp: 0:1
depth  1 by ncomp: 1:1
depth  2 by ncomp: 1:1 2:1
depth  3 by ncomp: 1:4 2:3 3:1
depth  4 by ncomp: 1:16 2:18 3:6 4:1
depth  5 by ncomp: 1:30 2:96 3:47 4:10 5:1
depth  6 by ncomp: 1:38 2:277 3:303 4:98 5:15 6:1
depth  7 by ncomp: 1:34 2:503 3:1226 4:792 5:188 6:21 7:1
depth  8 by ncomp: 1:11 2:751 3:3767 4:4589 5:1895 6:329 7:29
depth  9 by ncomp: 2:1 3:13 4:51 5:40 6:11 7:1
depth 10 by ncomp: 2:1 3:27 4:193 5:239 6:105 7:18
depth 11 by ncomp: 3:50 4:586 5:1317 6:864 7:238
depth 12 by ncomp: 3:72 4:1846 5:6269 6:6597 7:3058
depth 13 by ncomp: 3:83 4:4726 5:25522 6:40931 7:31515
depth 14 by ncomp: 3:88 4:10340 5:91795 6:220157 7:280176
depth 15 by ncomp: 3:47 4:20588 5:300691 6:1067141 7:2278058
depth 16 by ncomp: 3:43 4:36805 5:899434 6:4749727 7:17050045
depth 17 by ncomp: 3:15 4:58343 5:2467182 6:19251246 7:97723251
depth 18 by ncomp: 3:8 4:82885 5:6163386 6:71742821 7:251323647
depth 19 by ncomp: 3:3 4:106194 5:14145330 6:247055541
depth 20 by ncomp: 3:2 4:122279 5:29725885
depth 21 by ncomp: 3:2 4:122415
depth 22 by ncomp:
depth 23 by ncomp:
depth 24 by ncomp:
