n=25 nodes=596479560 nsol=0 time=6658.35
depth: 0:1 1:1 2:2 3:8 4:41 5:184 6:732 7:2765 8:11371 9:81 10:526 11:2818 12:15127 13:83799 14:494756 15:3006693 16:18547040 17:95000786 18:251662552 19:200971142 20:26516214 21:162920 22:1 23:0 24:0
depth  0 by ncomp: 0:1
depth  1 by ncomp: 1:1
depth  2 by ncomp: 1:1 2:1
depth  3 by ncomp: 1:4 2:3 3:1
depth  4 by ncomp: 1:16 2:18 3:6 4:1
depth  5 by ncomp: 1:30 2:96 3:47 4:10 5:1
depth  6 by ncomp: 1:38 2:277 3:303 4:98 5:15 6:1
depth  7 by ncomp: 1:34 2:503 3:1226 4:792 5:188 6:21 7:1
depth  8 by ncomp: 1:11 2:751 3:3767 4:4589 5:1895 6:329 7:29
depth  9 by ncomp: 3:11 4:28 5:32 6:9 7:1
depth 10 by ncomp: 3:33 4:107 5:233 6:132 7:21
depth 11 by ncomp: 3:47 4:391 5:1042 6:1005 7:333
depth 12 by ncomp: 3:84 4:1211 5:4278 6:6018 7:3536
depth 13 by ncomp: 3:133 4:3475 5:16838 6:32072 7:31281
depth 14 by ncomp: 3:152 4:8471 5:62939 6:165379 7:257815
depth 15 by ncomp: 3:124 4:18430 5:215163 6:780524 7:1992452
depth 16 by ncomp: 3:103 4:35001 5:676807 6:3452912 7:14382217
depth 17 by ncomp: 3:63 4:59523 5:1937627 6:14156319 7:78847254
depth 18 by ncomp: 3:36 4:92185 5:5059629 6:53689043 7:192821659
depth 19 by ncomp: 3:25 4:124621 5:12093562 6:188752934
depth 20 by ncomp: 3:6 4:150635 5:26365573
depth 21 by ncomp: 4:162920
depth 22 by ncomp: 3:1
depth 23 by ncomp:
depth 24 by ncomp:
