n=25 nodes=1446952873 nsol=0 time=18482.86
depth: 0:1 1:1 2:2 3:8 4:41 5:184 6:732 7:2765 8:11371 9:151 10:956 11:5778 12:35832 13:228510 14:1509572 15:10223089 16:66412340 17:309304922 18:635883529 19:377224163 20:45648161 21:460745 22:20 23:0 24:0
depth  0 by ncomp: 0:1
depth  1 by ncomp: 1:1
depth  2 by ncomp: 1:1 2:1
depth  3 by ncomp: 1:4 2:3 3:1
depth  4 by ncomp: 1:16 2:18 3:6 4:1
depth  5 by ncomp: 1:30 2:96 3:47 4:10 5:1
depth  6 by ncomp: 1:38 2:277 3:303 4:98 5:15 6:1
depth  7 by ncomp: 1:34 2:503 3:1226 4:792 5:188 6:21 7:1
depth  8 by ncomp: 1:11 2:751 3:3767 4:4589 5:1895 6:329 7:29
depth  9 by ncomp: 3:17 4:43 5:38 6:42 7:11
depth 10 by ncomp: 3:50 4:161 5:247 6:348 7:150
depth 11 by ncomp: 3:139 4:582 5:1241 6:2140 7:1676
depth 12 by ncomp: 2:1 3:322 4:2134 5:5850 6:12043 7:15482
depth 13 by ncomp: 3:471 4:6726 5:25853 6:64706 7:130754
depth 14 by ncomp: 3:698 4:17588 5:102011 6:331725 7:1057550
depth 15 by ncomp: 3:814 4:40350 5:360603 6:1576272 7:8245050
depth 16 by ncomp: 3:692 4:82320 5:1148742 6:6908876 7:58271710
depth 17 by ncomp: 3:618 4:147046 5:3301234 6:27828365 7:278027659
depth 18 by ncomp: 3:314 4:233774 5:8651654 6:103357704 7:523640083
depth 19 by ncomp: 3:222 4:331790 5:20817424 6:356074727
depth 20 by ncomp: 3:131 4:411810 5:45236220
depth 21 by ncomp: 3:42 4:460703
depth 22 by ncomp: 3:20
depth 23 by ncomp:
depth 24 by ncomp:
