n=25 nodes=855804460 nsol=0 time=7944.20
depth: 0:1 1:1 2:2 3:8 4:41 5:184 6:732 7:2765 8:11371 9:126 10:717 11:3673 12:19431 13:110750 14:650216 15:3942622 16:24180946 17:125674793 18:344145500 19:294351464 20:61016007 21:1692819 22:291 23:0 24:0
depth  0 by ncomp: 0:1
depth  1 by ncomp: 1:1
depth  2 by ncomp: 1:1 2:1
depth  3 by ncomp: 1:4 2:3 3:1
depth  4 by ncomp: 1:16 2:18 3:6 4:1
depth  5 by ncomp: 1:30 2:96 3:47 4:10 5:1
depth  6 by ncomp: 1:38 2:277 3:303 4:98 5:15 6:1
depth  7 by ncomp: 1:34 2:503 3:1226 4:792 5:188 6:21 7:1
depth  8 by ncomp: 1:11 2:751 3:3767 4:4589 5:1895 6:329 7:29
depth  9 by ncomp: 2:9 3:19 4:38 5:47 6:12 7:1
depth 10 by ncomp: 2:16 3:65 4:170 5:313 6:133 7:20
depth 11 by ncomp: 2:34 3:222 4:531 5:1457 6:1126 7:303
depth 12 by ncomp: 2:18 3:586 4:1738 5:6096 6:7433 7:3560
depth 13 by ncomp: 2:8 3:1213 4:5944 5:24436 6:43896 7:35253
depth 14 by ncomp: 2:3 3:2113 4:17883 5:89837 6:230136 7:310244
depth 15 by ncomp: 3:3085 4:49685 5:314016 6:1096553 7:2479283
depth 16 by ncomp: 3:3979 4:123714 5:1034699 6:4835130 7:18183424
depth 17 by ncomp: 3:4102 4:271537 5:3197360 6:19797910 7:102403884
depth 18 by ncomp: 3:3711 4:532762 5:9199263 6:75533614 7:258876150
depth 19 by ncomp: 3:2674 4:897075 5:24438923 6:269012792
depth 20 by ncomp: 3:1577 4:1330406 5:59684024
depth 21 by ncomp: 3:721 4:1692098
depth 22 by ncomp: 3:291
depth 23 by ncomp:
depth 24 by ncomp:
