n=25 nodes=138223049 nsol=0 time=1197.74
depth: 0:1 1:1 2:2 3:8 4:41 5:184 6:732 7:2765 8:11371 9:67 10:216 11:791 12:2968 13:13386 14:69562 15:370314 16:2077138 17:11529076 18:45558370 19:64115320 20:14322364 21:148372 22:0 23:0 24:0
depth  0 by ncomp: 0:1
depth  1 by ncomp: 1:1
depth  2 by ncomp: 1:1 2:1
depth  3 by ncomp: 1:4 2:3 3:1
depth  4 by ncomp: 1:16 2:18 3:6 4:1
depth  5 by ncomp: 1:30 2:96 3:47 4:10 5:1
depth  6 by ncomp: 1:38 2:277 3:303 4:98 5:15 6:1
depth  7 by ncomp: 1:34 2:503 3:1226 4:792 5:188 6:21 7:1
depth  8 by ncomp: 1:11 2:751 3:3767 4:4589 5:1895 6:329 7:29
depth  9 by ncomp: 2:6 3:23 4:33 5:5
depth 10 by ncomp: 2:2 3:54 4:107 5:48 6:5
depth 11 by ncomp: 3:104 4:339 5:274 6:69 7:5
depth 12 by ncomp: 3:146 4:932 5:1264 6:530 7:96
depth 13 by ncomp: 3:210 4:2640 5:5897 6:3649 7:990
depth 14 by ncomp: 3:239 4:6594 5:25745 6:25997 7:10987
depth 15 by ncomp: 3:220 4:14708 5:95383 6:153017 7:106986
depth 16 by ncomp: 3:110 4:28883 5:318416 6:795926 7:933803
depth 17 by ncomp: 3:78 4:51375 5:962990 6:3678302 7:6836331
depth 18 by ncomp: 3:27 4:77594 5:2610126 6:15329173 7:27541450
depth 19 by ncomp: 3:17 4:106373 5:6362704 6:57646226
depth 20 by ncomp: 3:6 4:134875 5:14187483
depth 21 by ncomp: 4:148372
depth 22 by ncomp:
depth 23 by ncomp:
depth 24 by ncomp:
