n=25 nodes=580031021 nsol=0 time=5032.20
depth: 0:1 1:1 2:2 3:8 4:41 5:184 6:732 7:2765 8:11371 9:95 10:435 11:2164 12:11162 13:61843 14:350595 15:2084109 16:12545265 17:68542121 18:227542082 19:236559700 20:32193758 21:122587 22:0 23:0 24:0
depth  0 by ncomp: 0:1
depth  1 by ncomp: 1:1
depth  2 by ncomp: 1:1 2:1
depth  3 by ncomp: 1:4 2:3 3:1
depth  4 by ncomp: 1:16 2:18 3:6 4:1
depth  5 by ncomp: 1:30 2:96 3:47 4:10 5:1
depth  6 by ncomp: 1:38 2:277 3:303 4:98 5:15 6:1
depth  7 by ncomp: 1:34 2:503 3:1226 4:792 5:188 6:21 7:1
depth  8 by ncomp: 1:11 2:751 3:3767 4:4589 5:1895 6:329 7:29
depth  9 by ncomp: 4:44 5:37 6:13 7:1
depth 10 by ncomp: 4:156 5:184 6:77 7:18
depth 11 by ncomp: 4:443 5:1003 6:550 7:168
depth 12 by ncomp: 3:1 4:1435 5:4647 6:3638 7:1441
depth 13 by ncomp: 3:14 4:4183 5:20643 6:23927 7:13076
depth 14 by ncomp: 3:13 4:9768 5:81918 6:142518 7:116378
depth 15 by ncomp: 3:8 4:20785 5:294166 6:767934 7:1001216
depth 16 by ncomp: 3:8 4:36148 5:927426 6:3678923 7:7902760
depth 17 by ncomp: 4:56163 5:2599291 6:15730911 7:50155756
depth 18 by ncomp: 4:79187 5:6690223 6:61602019 7:159170653
depth 19 by ncomp: 4:100684 5:15426807 6:221032209
depth 20 by ncomp: 4:116169 5:32077589
depth 21 by ncomp: 4:122587
depth 22 by ncomp:
depth 23 by ncomp:
depth 24 by ncomp:
