n=25 nodes=569416686 nsol=0 time=5210.14
depth: 0:1 1:1 2:2 3:8 4:41 5:184 6:732 7:2765 8:11371 9:85 10:385 11:1905 12:10117 13:54944 14:304022 15:1753285 16:10406405 17:57723447 18:202904273 19:245437197 20:50333451 21:472062 22:3 23:0 24:0
depth  0 by ncomp: 0:1
depth  1 by ncomp: 1:1
depth  2 by ncomp: 1:1 2:1
depth  3 by ncomp: 1:4 2:3 3:1
depth  4 by ncomp: 1:16 2:18 3:6 4:1
depth  5 by ncomp: 1:30 2:96 3:47 4:10 5:1
depth  6 by ncomp: 1:38 2:277 3:303 4:98 5:15 6:1
depth  7 by ncomp: 1:34 2:503 3:1226 4:792 5:188 6:21 7:1
depth  8 by ncomp: 1:11 2:751 3:3767 4:4589 5:1895 6:329 7:29
depth  9 by ncomp: 3:23 4:32 5:20 6:9 7:1
depth 10 by ncomp: 3:77 4:164 5:117 6:25 7:2
depth 11 by ncomp: 3:170 4:647 5:749 6:297 7:42
depth 12 by ncomp: 3:350 4:2413 5:4162 6:2545 7:647
depth 13 by ncomp: 3:608 4:7378 5:20076 6:18835 7:8047
depth 14 by ncomp: 3:651 4:20101 5:84313 6:117167 7:81790
depth 15 by ncomp: 3:624 4:45943 5:318377 6:652223 7:736118
depth 16 by ncomp: 3:511 4:93698 5:1072417 6:3238086 7:6001693
depth 17 by ncomp: 3:362 4:166821 5:3275253 6:14558831 7:39722180
depth 18 by ncomp: 3:225 4:260087 5:8962524 6:59540743 7:134140694
depth 19 by ncomp: 3:86 4:360587 5:22263909 6:222812615
depth 20 by ncomp: 3:27 4:436367 5:49897057
depth 21 by ncomp: 3:15 4:472047
depth 22 by ncomp: 3:3
depth 23 by ncomp:
depth 24 by ncomp:
