n=25 nodes=424644452 nsol=0 time=4598.64
depth: 0:1 1:1 2:2 3:8 4:41 5:184 6:732 7:2765 8:11371 9:59 10:274 11:1538 12:9389 13:56367 14:344663 15:2179124 16:13766718 17:70380113 18:177297043 19:136674518 20:23610700 21:308841 22:0 23:0 24:0
depth  0 by ncomp: 0:1
depth  1 by ncomp: 1:1
depth  2 by ncomp: 1:1 2:1
depth  3 by ncomp: 1:4 2:3 3:1
depth  4 by ncomp: 1:16 2:18 3:6 4:1
depth  5 by ncomp: 1:30 2:96 3:47 4:10 5:1
depth  6 by ncomp: 1:38 2:277 3:303 4:98 5:15 6:1
depth  7 by ncomp: 1:34 2:503 3:1226 4:792 5:188 6:21 7:1
depth  8 by ncomp: 1:11 2:751 3:3767 4:4589 5:1895 6:329 7:29
depth  9 by ncomp: 3:7 4:14 5:28 6:9 7:1
depth 10 by ncomp: 3:23 4:44 5:117 6:75 7:15
depth 11 by ncomp: 3:50 4:186 5:528 6:569 7:205
depth 12 by ncomp: 3:88 4:752 5:2369 6:3841 7:2339
depth 13 by ncomp: 3:171 4:2525 5:9615 6:21696 7:22360
depth 14 by ncomp: 3:249 4:7196 5:36751 6:109673 7:190794
depth 15 by ncomp: 3:254 4:17674 5:133949 6:516990 7:1510257
depth 16 by ncomp: 3:245 4:38911 5:443981 6:2265406 7:11018175
depth 17 by ncomp: 3:208 4:77742 5:1373904 6:9267472 7:59660787
depth 18 by ncomp: 3:125 4:135839 5:3886738 6:35400889 7:137873452
depth 19 by ncomp: 3:57 4:203883 5:10004405 6:126466173
depth 20 by ncomp: 3:10 4:270923 5:23339767
depth 21 by ncomp: 3:4 4:308837
depth 22 by ncomp:
depth 23 by ncomp:
depth 24 by ncomp:
