n=25 nodes=742096136 nsol=0 time=7008.73
depth: 0:1 1:1 2:2 3:8 4:41 5:184 6:732 7:2765 8:11371 9:130 10:510 11:2551 12:13639 13:74090 14:419466 15:2437394 16:14525442 17:80605350 18:276677286 19:310864517 20:55972017 21:488634 22:5 23:0 24:0
depth  0 by ncomp: 0:1
depth  1 by ncomp: 1:1
depth  2 by ncomp: 1:1 2:1
depth  3 by ncomp: 1:4 2:3 3:1
depth  4 by ncomp: 1:16 2:18 3:6 4:1
depth  5 by ncomp: 1:30 2:96 3:47 4:10 5:1
depth  6 by ncomp: 1:38 2:277 3:303 4:98 5:15 6:1
depth  7 by ncomp: 1:34 2:503 3:1226 4:792 5:188 6:21 7:1
depth  8 by ncomp: 1:11 2:751 3:3767 4:4589 5:1895 6:329 7:29
depth  9 by ncomp: 3:33 4:62 5:31 6:4
depth 10 by ncomp: 3:54 4:222 5:191 6:40 7:3
depth 11 by ncomp: 3:131 4:825 5:1102 6:430 7:63
depth 12 by ncomp: 3:186 4:2622 5:6016 6:3852 7:963
depth 13 by ncomp: 3:377 4:7477 5:26965 6:27418 7:11853
depth 14 by ncomp: 3:536 4:19656 5:109097 6:169197 7:120980
depth 15 by ncomp: 3:620 4:45452 5:395330 6:914608 7:1081384
depth 16 by ncomp: 3:530 4:91480 5:1291154 6:4435501 7:8706777
depth 17 by ncomp: 3:382 4:165354 5:3830300 6:19491689 7:57117625
depth 18 by ncomp: 3:244 4:263984 5:10272282 6:77938372 7:188202404
depth 19 by ncomp: 3:111 4:372636 5:25054345 6:285437425
depth 20 by ncomp: 3:67 4:462614 5:55509336
depth 21 by ncomp: 3:26 4:488608
depth 22 by ncomp: 3:5
depth 23 by ncomp:
depth 24 by ncomp:
