n=25 nodes=686759772 nsol=0 time=10575.40
depth: 0:1 1:1 2:2 3:8 4:41 5:184 6:732 7:2765 8:11371 9:109 10:533 11:3041 12:16830 13:96207 14:572317 15:3526153 16:21848570 17:113191750 18:301550584 19:223716187 20:22150358 21:72028 22:0 23:0 24:0
depth  0 by ncomp: 0:1
depth  1 by ncomp: 1:1
depth  2 by ncomp: 1:1 2:1
depth  3 by ncomp: 1:4 2:3 3:1
depth  4 by ncomp: 1:16 2:18 3:6 4:1
depth  5 by ncomp: 1:30 2:96 3:47 4:10 5:1
depth  6 by ncomp: 1:38 2:277 3:303 4:98 5:15 6:1
depth  7 by ncomp: 1:34 2:503 3:1226 4:792 5:188 6:21 7:1
depth  8 by ncomp: 1:11 2:751 3:3767 4:4589 5:1895 6:329 7:29
depth  9 by ncomp: 3:9 4:45 5:43 6:11 7:1
depth 10 by ncomp: 3:9 4:150 5:243 6:113 7:18
depth 11 by ncomp: 3:13 4:452 5:1256 6:1017 7:303
depth 12 by ncomp: 3:10 4:1138 5:5391 6:6750 7:3541
depth 13 by ncomp: 3:12 4:2705 5:20914 6:38991 7:33585
depth 14 by ncomp: 3:9 4:5744 5:74247 6:204097 7:288220
depth 15 by ncomp: 3:8 4:11349 5:235958 6:975683 7:2303155
depth 16 by ncomp: 3:1 4:19658 5:694180 6:4234629 7:16900102
depth 17 by ncomp: 3:2 4:32060 5:1870943 6:16933644 7:94355101
depth 18 by ncomp: 4:47499 5:4622012 6:62486688 7:234394385
depth 19 by ncomp: 4:62762 5:10543701 6:213109724
depth 20 by ncomp: 4:71980 5:22078378
depth 21 by ncomp: 4:72028
depth 22 by ncomp:
depth 23 by ncomp:
depth 24 by ncomp:
