n=25 nodes=135258962 nsol=0 time=1111.42
depth: 0:1 1:1 2:2 3:8 4:41 5:184 6:732 7:2765 8:11371 9:35 10:139 11:504 12:2521 13:12421 14:61668 15:318638 16:1737499 17:9532511 18:39457136 19:64436099 20:19366455 21:318227 22:4 23:0 24:0
depth  0 by ncomp: 0:1
depth  1 by ncomp: 1:1
depth  2 by ncomp: 1:1 2:1
depth  3 by ncomp: 1:4 2:3 3:1
depth  4 by ncomp: 1:16 2:18 3:6 4:1
depth  5 by ncomp: 1:30 2:96 3:47 4:10 5:1
depth  6 by ncomp: 1:38 2:277 3:303 4:98 5:15 6:1
depth  7 by ncomp: 1:34 2:503 3:1226 4:792 5:188 6:21 7:1
depth  8 by ncomp: 1:11 2:751 3:3767 4:4589 5:1895 6:329 7:29
depth  9 by ncomp: 2:2 3:16 4:14 5:3
depth 10 by ncomp: 2:4 3:51 4:66 5:17 6:1
depth 11 by ncomp: 2:1 3:87 4:258 5:135 6:22 7:1
depth 12 by ncomp: 3:193 4:1051 5:973 6:274 7:30
depth 13 by ncomp: 3:317 4:3451 5:5505 6:2627 7:521
depth 14 by ncomp: 3:451 4:9335 5:25225 6:19849 7:6808
depth 15 by ncomp: 3:503 4:21740 5:100252 6:124553 7:71590
depth 16 by ncomp: 3:563 4:47590 5:357787 6:681126 7:650433
depth 17 by ncomp: 3:423 4:90518 5:1148132 6:3323304 7:4970134
depth 18 by ncomp: 3:275 4:148388 5:3256875 6:14447674 7:21603924
depth 19 by ncomp: 3:148 4:216424 5:8268359 6:55951168
depth 20 by ncomp: 3:53 4:278002 5:19088400
depth 21 by ncomp: 3:20 4:318207
depth 22 by ncomp: 3:4
depth 23 by ncomp:
depth 24 by ncomp:
