n=25 nodes=472164481 nsol=0 time=4634.39
depth: 0:1 1:1 2:2 3:8 4:41 5:184 6:732 7:2765 8:11371 9:113 10:464 11:2029 12:9458 13:47019 14:255432 15:1435203 16:8248485 17:45062197 18:162337940 19:207579453 20:46523272 21:648290 22:21 23:0 24:0
depth  0 by ncomp: 0:1
depth  1 by ncomp: 1:1
depth  2 by ncomp: 1:1 2:1
depth  3 by ncomp: 1:4 2:3 3:1
depth  4 by ncomp: 1:16 2:18 3:6 4:1
depth  5 by ncomp: 1:30 2:96 3:47 4:10 5:1
depth  6 by ncomp: 1:38 2:277 3:303 4:98 5:15 6:1
depth  7 by ncomp: 1:34 2:503 3:1226 4:792 5:188 6:21 7:1
depth  8 by ncomp: 1:11 2:751 3:3767 4:4589 5:1895 6:329 7:29
depth  9 by ncomp: 3:26 4:42 5:32 6:12 7:1
depth 10 by ncomp: 3:56 4:178 5:146 6:67 7:17
depth 11 by ncomp: 2:2 3:106 4:635 5:777 6:365 7:144
depth 12 by ncomp: 2:2 3:241 4:2085 5:3835 6:2339 7:956
depth 13 by ncomp: 3:398 4:6054 5:17433 6:15511 7:7623
depth 14 by ncomp: 3:574 4:16300 5:73444 6:97361 7:67753
depth 15 by ncomp: 3:739 4:39335 5:275828 6:538708 7:580593
depth 16 by ncomp: 3:861 4:83757 5:927093 6:2676440 7:4560334
depth 17 by ncomp: 3:811 4:159048 5:2845188 6:12091261 7:29965889
depth 18 by ncomp: 3:760 4:269057 5:7909978 6:49669630 7:104488515
depth 19 by ncomp: 3:460 4:408157 5:20007163 6:187163673
depth 20 by ncomp: 3:249 4:551206 5:45971817
depth 21 by ncomp: 3:78 4:648212
depth 22 by ncomp: 3:21
depth 23 by ncomp:
depth 24 by ncomp:
