n=25 nodes=734992238 nsol=0 time=8323.80
depth: 0:1 1:1 2:2 3:8 4:41 5:184 6:732 7:2765 8:11371 9:142 10:645 11:2940 12:14405 13:74342 14:403668 15:2287840 16:13263058 17:72739684 18:257525633 19:319733979 20:68201644 21:729138 22:15 23:0 24:0
depth  0 by ncomp: 0:1
depth  1 by ncomp: 1:1
depth  2 by ncomp: 1:1 2:1
depth  3 by ncomp: 1:4 2:3 3:1
depth  4 by ncomp: 1:16 2:18 3:6 4:1
depth  5 by ncomp: 1:30 2:96 3:47 4:10 5:1
depth  6 by ncomp: 1:38 2:277 3:303 4:98 5:15 6:1
depth  7 by ncomp: 1:34 2:503 3:1226 4:792 5:188 6:21 7:1
depth  8 by ncomp: 1:11 2:751 3:3767 4:4589 5:1895 6:329 7:29
depth  9 by ncomp: 2:5 3:42 4:71 5:22 6:2
depth 10 by ncomp: 2:7 3:112 4:295 5:195 6:34 7:2
depth 11 by ncomp: 2:4 3:207 4:1078 5:1194 6:406 7:51
depth 12 by ncomp: 2:1 3:415 4:3450 5:6114 6:3562 7:863
depth 13 by ncomp: 3:608 4:10379 5:28290 6:24951 7:10114
depth 14 by ncomp: 3:815 4:27086 5:118098 6:155736 7:101933
depth 15 by ncomp: 3:800 4:63093 5:443667 6:864193 7:916087
depth 16 by ncomp: 3:778 4:128110 5:1482416 6:4275029 7:7376725
depth 17 by ncomp: 3:580 4:226736 5:4462940 6:19160563 7:48888865
depth 18 by ncomp: 3:339 4:361017 5:12107873 6:77795456 7:167260948
depth 19 by ncomp: 3:227 4:513524 5:29948662 6:289271566
depth 20 by ncomp: 3:111 4:647706 5:67553827
depth 21 by ncomp: 3:52 4:729086
depth 22 by ncomp: 3:15
depth 23 by ncomp:
depth 24 by ncomp:
