n=25 nodes=277037180 nsol=0 time=3129.43
depth: 0:1 1:1 2:2 3:8 4:41 5:184 6:732 7:2765 8:11371 9:55 10:242 11:1149 12:5726 13:30428 14:165991 15:937853 16:5432898 17:29685803 18:103690400 19:118101390 20:18883409 21:86731 22:0 23:0 24:0
depth  0 by ncomp: 0:1
depth  1 by ncomp: 1:1
depth  2 by ncomp: 1:1 2:1
depth  3 by ncomp: 1:4 2:3 3:1
depth  4 by ncomp: 1:16 2:18 3:6 4:1
depth  5 by ncomp: 1:30 2:96 3:47 4:10 5:1
depth  6 by ncomp: 1:38 2:277 3:303 4:98 5:15 6:1
depth  7 by ncomp: 1:34 2:503 3:1226 4:792 5:188 6:21 7:1
depth  8 by ncomp: 1:11 2:751 3:3767 4:4589 5:1895 6:329 7:29
depth  9 by ncomp: 3:8 4:33 5:13 6:1
depth 10 by ncomp: 3:25 4:107 5:91 6:18 7:1
depth 11 by ncomp: 3:39 4:408 5:490 6:187 7:25
depth 12 by ncomp: 3:38 4:1249 5:2598 6:1489 7:352
depth 13 by ncomp: 3:46 4:3305 5:11847 6:10847 7:4383
depth 14 by ncomp: 3:43 4:7876 5:47048 6:66448 7:44576
depth 15 by ncomp: 3:21 4:16007 5:169709 6:361263 7:390853
depth 16 by ncomp: 3:12 4:28383 5:533935 6:1751213 7:3119355
depth 17 by ncomp: 3:5 4:44009 5:1501630 6:7664753 7:20475406
depth 18 by ncomp: 3:3 4:60960 5:3822816 6:30286136 7:69520485
depth 19 by ncomp: 3:2 4:77329 5:8872733 6:109151326
depth 20 by ncomp: 3:3 4:87822 5:18795584
depth 21 by ncomp: 4:86731
depth 22 by ncomp:
depth 23 by ncomp:
depth 24 by ncomp:
