n=25 nodes=1051936609 nsol=0 time=13229.73
depth: 0:1 1:1 2:2 3:8 4:41 5:184 6:732 7:2765 8:11371 9:145 10:722 11:3816 12:20169 13:117302 14:683587 15:4138445 16:25459295 17:135839056 18:411683036 19:407468319 20:66062368 21:445234 22:10 23:0 24:0
depth  0 by ncomp: 0:1
depth  1 by ncomp: 1:1
depth  2 by ncomp: 1:1 2:1
depth  3 by ncomp: 1:4 2:3 3:1
depth  4 by ncomp: 1:16 2:18 3:6 4:1
depth  5 by ncomp: 1:30 2:96 3:47 4:10 5:1
depth  6 by ncomp: 1:38 2:277 3:303 4:98 5:15 6:1
depth  7 by ncomp: 1:34 2:503 3:1226 4:792 5:188 6:21 7:1
depth  8 by ncomp: 1:11 2:751 3:3767 4:4589 5:1895 6:329 7:29
depth  9 by ncomp: 3:29 4:61 5:43 6:11 7:1
depth 10 by ncomp: 3:63 4:248 5:286 6:108 7:17
depth 11 by ncomp: 3:111 4:899 5:1554 6:986 7:266
depth 12 by ncomp: 3:222 4:2950 5:7372 6:6671 7:2954
depth 13 by ncomp: 3:326 4:8766 5:33238 6:43653 7:31319
depth 14 by ncomp: 3:424 4:22542 5:132794 6:247963 7:279864
depth 15 by ncomp: 3:362 4:51850 5:479278 6:1285545 7:2321410
depth 16 by ncomp: 3:276 4:103919 5:1573937 6:6071814 7:17709349
depth 17 by ncomp: 3:157 4:178702 5:4674497 6:26261127 7:104724573
depth 18 by ncomp: 3:128 4:268826 5:12494375 6:103970070 7:294949637
depth 19 by ncomp: 3:69 4:354725 5:30098548 6:377014977
depth 20 by ncomp: 3:50 4:421099 5:65641219
depth 21 by ncomp: 3:25 4:445209
depth 22 by ncomp: 3:10
depth 23 by ncomp:
depth 24 by ncomp:
