n=25 nodes=688209437 nsol=0 time=7266.19
depth: 0:1 1:1 2:2 3:8 4:41 5:184 6:732 7:2765 8:11371 9:118 10:571 11:2787 12:14282 13:76310 14:424283 15:2449437 16:14562195 17:80072792 18:267516408 19:280517411 20:42304575 21:253160 22:3 23:0 24:0
depth  0 by ncomp: 0:1
depth  1 by ncomp: 1:1
depth  2 by ncomp: 1:1 2:1
depth  3 by ncomp: 1:4 2:3 3:1
depth  4 by ncomp: 1:16 2:18 3:6 4:1
depth  5 by ncomp: 1:30 2:96 3:47 4:10 5:1
depth  6 by ncomp: 1:38 2:277 3:303 4:98 5:15 6:1
depth  7 by ncomp: 1:34 2:503 3:1226 4:792 5:188 6:21 7:1
depth  8 by ncomp: 1:11 2:751 3:3767 4:4589 5:1895 6:329 7:29
depth  9 by ncomp: 3:31 4:59 5:25 6:3
depth 10 by ncomp: 3:66 4:257 5:201 6:44 7:3
depth 11 by ncomp: 3:106 4:920 5:1223 6:472 7:66
depth 12 by ncomp: 3:151 4:2553 5:6370 6:4164 7:1044
depth 13 by ncomp: 3:207 4:6642 5:27501 6:29227 7:12733
depth 14 by ncomp: 3:172 4:15538 5:105956 6:174576 7:128041
depth 15 by ncomp: 3:164 4:32299 5:366597 6:923215 7:1127162
depth 16 by ncomp: 3:147 4:59519 5:1143124 6:4368877 7:8990528
depth 17 by ncomp: 3:101 4:99904 5:3241060 6:18671353 7:58060374
depth 18 by ncomp: 3:117 4:146220 5:8345539 6:72790350 7:186234182
depth 19 by ncomp: 3:71 4:195122 5:19600644 6:260721574
depth 20 by ncomp: 3:24 4:235270 5:42069281
depth 21 by ncomp: 3:14 4:253146
depth 22 by ncomp: 3:3
depth 23 by ncomp:
depth 24 by ncomp:
