n=25 nodes=515411023 nsol=0 time=5129.02
depth: 0:1 1:1 2:2 3:8 4:41 5:184 6:732 7:2765 8:11371 9:86 10:474 11:2461 12:13493 13:76740 14:453728 15:2825158 16:17720707 17:90993883 18:229525456 19:157356928 20:16338873 21:87931 22:0 23:0 24:0
depth  0 by ncomp: 0:1
depth  1 by ncomp: 1:1
depth  2 by ncomp: 1:1 2:1
depth  3 by ncomp: 1:4 2:3 3:1
depth  4 by ncomp: 1:16 2:18 3:6 4:1
depth  5 by ncomp: 1:30 2:96 3:47 4:10 5:1
depth  6 by ncomp: 1:38 2:277 3:303 4:98 5:15 6:1
depth  7 by ncomp: 1:34 2:503 3:1226 4:792 5:188 6:21 7:1
depth  8 by ncomp: 1:11 2:751 3:3767 4:4589 5:1895 6:329 7:29
depth  9 by ncomp: 3:19 4:25 5:32 6:9 7:1
depth 10 by ncomp: 3:39 4:106 5:201 6:110 7:18
depth 11 by ncomp: 3:35 4:374 5:922 6:866 7:264
depth 12 by ncomp: 3:40 4:1043 5:3781 6:5530 7:3099
depth 13 by ncomp: 3:52 4:2610 5:14321 6:30605 7:29152
depth 14 by ncomp: 3:42 4:5677 5:49043 6:152621 7:246345
depth 15 by ncomp: 3:43 4:11707 5:163422 6:711293 7:1938693
depth 16 by ncomp: 3:31 4:20673 5:487020 6:3060014 7:14152969
depth 17 by ncomp: 3:27 4:33825 5:1327001 6:12089366 7:77543664
depth 18 by ncomp: 3:10 4:50216 5:3326028 6:44205719 7:181943483
depth 19 by ncomp: 3:2 4:67636 5:7656861 6:149632429
depth 20 by ncomp: 4:82107 5:16256766
depth 21 by ncomp: 4:87931
depth 22 by ncomp:
depth 23 by ncomp:
depth 24 by ncomp:
