n=25 nodes=488034427 nsol=0 time=5031.79
depth: 0:1 1:1 2:2 3:8 4:41 5:184 6:732 7:2765 8:11371 9:99 10:432 11:2122 12:10541 13:54999 14:304707 15:1735055 16:10176427 17:55647014 18:186175491 19:200635970 20:33000103 21:276352 22:10 23:0 24:0
depth  0 by ncomp: 0:1
depth  1 by ncomp: 1:1
depth  2 by ncomp: 1:1 2:1
depth  3 by ncomp: 1:4 2:3 3:1
depth  4 by ncomp: 1:16 2:18 3:6 4:1
depth  5 by ncomp: 1:30 2:96 3:47 4:10 5:1
depth  6 by ncomp: 1:38 2:277 3:303 4:98 5:15 6:1
depth  7 by ncomp: 1:34 2:503 3:1226 4:792 5:188 6:21 7:1
depth  8 by ncomp: 1:11 2:751 3:3767 4:4589 5:1895 6:329 7:29
depth  9 by ncomp: 2:1 3:24 4:52 5:20 6:2
depth 10 by ncomp: 3:38 4:193 5:166 6:33 7:2
depth 11 by ncomp: 3:58 4:694 5:966 6:357 7:47
depth 12 by ncomp: 3:87 4:1914 5:4731 6:3065 7:744
depth 13 by ncomp: 3:107 4:5156 5:20122 6:20764 7:8850
depth 14 by ncomp: 3:131 4:12453 5:79058 6:124802 7:88263
depth 15 by ncomp: 3:213 4:26782 5:273478 6:655285 7:779297
depth 16 by ncomp: 3:160 4:49112 5:859521 6:3092523 7:6175111
depth 17 by ncomp: 3:149 4:83160 5:2449700 6:13260983 7:39853022
depth 18 by ncomp: 3:104 4:128504 5:6339410 6:51724459 7:127983014
depth 19 by ncomp: 3:78 4:185006 5:15035063 6:185415823
depth 20 by ncomp: 3:59 4:238335 5:32761709
depth 21 by ncomp: 3:29 4:276323
depth 22 by ncomp: 3:10
depth 23 by ncomp:
depth 24 by ncomp:
