n=25 nodes=1021817581 nsol=0 time=13871.10
depth: 0:1 1:1 2:2 3:8 4:41 5:184 6:732 7:2765 8:11371 9:121 10:861 11:5152 12:30640 13:185728 14:1190427 15:7915516 16:50709770 17:227672684 18:445255762 19:259154546 20:29531615 21:149654 22:0 23:0 24:0
depth  0 by ncomp: 0:1
depth  1 by ncomp: 1:1
depth  2 by ncomp: 1:1 2:1
depth  3 by ncomp: 1:4 2:3 3:1
depth  4 by ncomp: 1:16 2:18 3:6 4:1
depth  5 by ncomp: 1:30 2:96 3:47 4:10 5:1
depth  6 by ncomp: 1:38 2:277 3:303 4:98 5:15 6:1
depth  7 by ncomp: 1:34 2:503 3:1226 4:792 5:188 6:21 7:1
depth  8 by ncomp: 1:11 2:751 3:3767 4:4589 5:1895 6:329 7:29
depth  9 by ncomp: 3:8 4:47 5:21 6:35 7:10
depth 10 by ncomp: 3:28 4:186 5:191 6:308 7:148
depth 11 by ncomp: 3:49 4:692 5:1062 6:1768 7:1581
depth 12 by ncomp: 3:63 4:1970 5:5190 6:9543 7:13874
depth 13 by ncomp: 3:96 4:4646 5:21254 6:48535 7:111197
depth 14 by ncomp: 3:103 4:10350 5:78837 6:235130 7:866007
depth 15 by ncomp: 3:82 4:21067 5:268647 6:1096282 7:6529438
depth 16 by ncomp: 3:54 4:38580 5:829346 6:4766223 7:45075567
depth 17 by ncomp: 3:30 4:63339 5:2324159 6:19237144 7:206048012
depth 18 by ncomp: 3:14 4:92688 5:5909132 6:71501588 7:367752340
depth 19 by ncomp: 3:13 4:122247 5:13768752 6:245263534
depth 20 by ncomp: 3:3 4:142879 5:29388733
depth 21 by ncomp: 3:3 4:149651
depth 22 by ncomp:
depth 23 by ncomp:
depth 24 by ncomp:
