n=25 nodes=326569849 nsol=0 time=2946.57
depth: 0:1 1:1 2:2 3:8 4:41 5:184 6:732 7:2765 8:11371 9:46 10:248 11:1258 12:6507 13:34947 14:191589 15:1104594 16:6489775 17:35868187 18:123739881 19:137004675 20:21964420 21:148617 22:0 23:0 24:0
depth  0 by ncomp: 0:1
depth  1 by ncomp: 1:1
depth  2 by ncomp: 1:1 2:1
depth  3 by ncomp: 1:4 2:3 3:1
depth  4 by ncomp: 1:16 2:18 3:6 4:1
depth  5 by ncomp: 1:30 2:96 3:47 4:10 5:1
depth  6 by ncomp: 1:38 2:277 3:303 4:98 5:15 6:1
depth  7 by ncomp: 1:34 2:503 3:1226 4:792 5:188 6:21 7:1
depth  8 by ncomp: 1:11 2:751 3:3767 4:4589 5:1895 6:329 7:29
depth  9 by ncomp: 3:11 4:25 5:9 6:1
depth 10 by ncomp: 3:26 4:115 5:89 6:17 7:1
depth 11 by ncomp: 3:43 4:421 5:568 6:201 7:25
depth 12 by ncomp: 3:76 4:1293 5:2966 6:1767 7:405
depth 13 by ncomp: 3:107 4:3486 5:13433 6:12865 7:5056
depth 14 by ncomp: 3:122 4:8300 5:52261 6:78653 7:52253
depth 15 by ncomp: 3:130 4:17257 5:185127 6:429551 7:472529
depth 16 by ncomp: 3:108 4:32064 5:579854 6:2059550 7:3818199
depth 17 by ncomp: 3:80 4:53451 5:1649158 6:8909206 7:25256292
depth 18 by ncomp: 3:36 4:80527 5:4268189 6:35124048 7:84267081
depth 19 by ncomp: 3:21 4:109396 5:10094262 6:126800996
depth 20 by ncomp: 3:8 4:135029 5:21829383
depth 21 by ncomp: 3:1 4:148616
depth 22 by ncomp:
depth 23 by ncomp:
depth 24 by ncomp:
