n=25 nodes=1176197284 nsol=0 time=10374.74
depth: 0:1 1:1 2:2 3:8 4:41 5:184 6:732 7:2765 8:11371 9:202 10:928 11:4349 12:21940 13:117885 14:661404 15:3867545 16:23091348 17:124547547 18:414933450 19:498544570 20:109215436 21:1175554 22:21 23:0 24:0
depth  0 by ncomp: 0:1
depth  1 by ncomp: 1:1
depth  2 by ncomp: 1:1 2:1
depth  3 by ncomp: 1:4 2:3 3:1
depth  4 by ncomp: 1:16 2:18 3:6 4:1
depth  5 by ncomp: 1:30 2:96 3:47 4:10 5:1
depth  6 by ncomp: 1:38 2:277 3:303 4:98 5:15 6:1
depth  7 by ncomp: 1:34 2:503 3:1226 4:792 5:188 6:21 7:1
depth  8 by ncomp: 1:11 2:751 3:3767 4:4589 5:1895 6:329 7:29
depth  9 by ncomp: 3:71 4:91 5:32 6:7 7:1
depth 10 by ncomp: 2:1 3:172 4:435 5:240 6:67 7:13
depth 11 by ncomp: 3:369 4:1609 5:1623 6:604 7:144
depth 12 by ncomp: 3:699 4:5479 5:8621 6:5290 7:1851
depth 13 by ncomp: 3:1241 4:16524 5:41091 6:37859 7:21170
depth 14 by ncomp: 3:1775 4:46223 5:176632 6:233662 7:203112
depth 15 by ncomp: 3:2058 4:107771 5:677383 6:1306562 7:1773771
depth 16 by ncomp: 3:1959 4:227687 5:2311297 6:6520390 7:14030015
depth 17 by ncomp: 3:1539 4:417577 5:7040189 6:29339610 7:87748632
depth 18 by ncomp: 3:875 4:662721 5:19436278 6:120181008 7:274652568
depth 19 by ncomp: 3:459 4:928688 5:48332108 6:449283315
depth 20 by ncomp: 3:197 4:1111658 5:108103581
depth 21 by ncomp: 3:47 4:1175507
depth 22 by ncomp: 3:21
depth 23 by ncomp:
depth 24 by ncomp:
