n=25 nodes=483270364 nsol=0 time=5978.86
depth: 0:1 1:1 2:2 3:8 4:41 5:184 6:732 7:2765 8:11371 9:71 10:343 11:2140 12:12353 13:72477 14:438428 15:2766914 16:17373542 17:89103265 18:222109514 19:141023544 20:10338590 21:14078 22:0 23:0 24:0
depth  0 by ncomp: 0:1
depth  1 by ncomp: 1:1
depth  2 by ncomp: 1:1 2:1
depth  3 by ncomp: 1:4 2:3 3:1
depth  4 by ncomp: 1:16 2:18 3:6 4:1
depth  5 by ncomp: 1:30 2:96 3:47 4:10 5:1
depth  6 by ncomp: 1:38 2:277 3:303 4:98 5:15 6:1
depth  7 by ncomp: 1:34 2:503 3:1226 4:792 5:188 6:21 7:1
depth  8 by ncomp: 1:11 2:751 3:3767 4:4589 5:1895 6:329 7:29
depth  9 by ncomp: 2:1 4:21 5:37 6:11 7:1
depth 10 by ncomp: 4:66 5:167 6:93 7:17
depth 11 by ncomp: 4:193 5:872 6:819 7:256
depth 12 by ncomp: 4:424 5:3479 6:5455 7:2995
depth 13 by ncomp: 4:897 5:12350 6:30193 7:29037
depth 14 by ncomp: 4:1806 5:41228 6:150114 7:245280
depth 15 by ncomp: 4:3509 5:127928 6:692410 7:1943067
depth 16 by ncomp: 4:5815 5:366028 6:2899955 7:14101744
depth 17 by ncomp: 4:8851 5:955533 6:11298236 7:76840645
depth 18 by ncomp: 4:11959 5:2296799 6:40713832 7:179086924
depth 19 by ncomp: 4:14322 5:5085926 6:135923296
depth 20 by ncomp: 4:15133 5:10323457
depth 21 by ncomp: 4:14078
depth 22 by ncomp:
depth 23 by ncomp:
depth 24 by ncomp:
