n=25 nodes=634492179 nsol=0 time=6976.62
depth: 0:1 1:1 2:2 3:8 4:41 5:184 6:732 7:2765 8:11371 9:99 10:466 11:2489 12:13910 13:82381 14:493385 15:3076187 16:19251716 17:100872155 18:273171767 19:212766764 20:24610595 21:135158 22:2 23:0 24:0
depth  0 by ncomp: 0:1
depth  1 by ncomp: 1:1
depth  2 by ncomp: 1:1 2:1
depth  3 by ncomp: 1:4 2:3 3:1
depth  4 by ncomp: 1:16 2:18 3:6 4:1
depth  5 by ncomp: 1:30 2:96 3:47 4:10 5:1
depth  6 by ncomp: 1:38 2:277 3:303 4:98 5:15 6:1
depth  7 by ncomp: 1:34 2:503 3:1226 4:792 5:188 6:21 7:1
depth  8 by ncomp: 1:11 2:751 3:3767 4:4589 5:1895 6:329 7:29
depth  9 by ncomp: 3:13 4:36 5:38 6:11 7:1
depth 10 by ncomp: 3:24 4:131 5:193 6:100 7:18
depth 11 by ncomp: 3:48 4:442 5:997 6:766 7:236
depth 12 by ncomp: 3:45 4:1204 5:4601 6:5385 7:2675
depth 13 by ncomp: 3:60 4:2998 5:18208 6:33072 7:28043
depth 14 by ncomp: 3:78 4:6844 5:66290 6:174248 7:245925
depth 15 by ncomp: 3:120 4:15044 5:223070 6:853150 7:1984803
depth 16 by ncomp: 3:127 4:28730 5:681217 6:3780727 7:14760915
depth 17 by ncomp: 3:96 4:48601 5:1909745 6:15396358 7:83517355
depth 18 by ncomp: 3:73 4:75723 5:4887323 6:57928417 7:210280231
depth 19 by ncomp: 3:32 4:104687 5:11435473 6:201226572
depth 20 by ncomp: 3:13 4:126757 5:24483825
depth 21 by ncomp: 3:4 4:135154
depth 22 by ncomp: 3:2
depth 23 by ncomp:
depth 24 by ncomp:
