n=25 nodes=388241110 nsol=0 time=3096.55
depth: 0:1 1:1 2:2 3:8 4:41 5:184 6:732 7:2765 8:11371 9:42 10:196 11:1070 12:5994 13:33296 14:195187 15:1133255 16:6749304 17:38156933 18:139115356 19:169176884 20:33292252 21:366211 22:25 23:0 24:0
depth  0 by ncomp: 0:1
depth  1 by ncomp: 1:1
depth  2 by ncomp: 1:1 2:1
depth  3 by ncomp: 1:4 2:3 3:1
depth  4 by ncomp: 1:16 2:18 3:6 4:1
depth  5 by ncomp: 1:30 2:96 3:47 4:10 5:1
depth  6 by ncomp: 1:38 2:277 3:303 4:98 5:15 6:1
depth  7 by ncomp: 1:34 2:503 3:1226 4:792 5:188 6:21 7:1
depth  8 by ncomp: 1:11 2:751 3:3767 4:4589 5:1895 6:329 7:29
depth  9 by ncomp: 2:1 3:8 4:18 5:13 6:2
depth 10 by ncomp: 3:26 4:85 5:69 6:15 7:1
depth 11 by ncomp: 3:73 4:371 5:439 6:164 7:23
depth 12 by ncomp: 3:149 4:1388 5:2624 6:1478 7:355
depth 13 by ncomp: 3:290 4:4276 5:13130 6:11254 7:4346
depth 14 by ncomp: 3:434 4:11465 5:58848 6:77491 7:46949
depth 15 by ncomp: 3:519 4:26346 5:215801 6:444152 7:446437
depth 16 by ncomp: 3:524 4:55110 5:716762 6:2238947 7:3737961
depth 17 by ncomp: 3:422 4:102215 5:2155272 6:10129925 7:25769099
depth 18 by ncomp: 3:312 4:171682 5:5879834 6:41392639 7:91670889
depth 19 by ncomp: 3:203 4:250844 5:14664683 6:154261154
depth 20 by ncomp: 3:129 4:320368 5:32971755
depth 21 by ncomp: 3:59 4:366152
depth 22 by ncomp: 3:25
depth 23 by ncomp:
depth 24 by ncomp:
