n=25 nodes=1250633353 nsol=0 time=15791.41
depth: 0:1 1:1 2:2 3:8 4:41 5:184 6:732 7:2765 8:11371 9:153 10:963 11:5499 12:32797 13:205491 14:1325758 15:8759315 16:55957995 17:255660985 18:530525140 19:351753502 20:46135694 21:254955 22:1 23:0 24:0
depth  0 by ncomp: 0:1
depth  1 by ncomp: 1:1
depth  2 by ncomp: 1:1 2:1
depth  3 by ncomp: 1:4 2:3 3:1
depth  4 by ncomp: 1:16 2:18 3:6 4:1
depth  5 by ncomp: 1:30 2:96 3:47 4:10 5:1
depth  6 by ncomp: 1:38 2:277 3:303 4:98 5:15 6:1
depth  7 by ncomp: 1:34 2:503 3:1226 4:792 5:188 6:21 7:1
depth  8 by ncomp: 1:11 2:751 3:3767 4:4589 5:1895 6:329 7:29
depth  9 by ncomp: 3:24 4:58 5:26 6:35 7:10
depth 10 by ncomp: 3:77 4:243 5:215 6:293 7:135
depth 11 by ncomp: 3:127 4:922 5:1203 6:1763 7:1484
depth 12 by ncomp: 3:183 4:2828 5:6110 6:9961 7:13715
depth 13 by ncomp: 3:180 4:7587 5:27860 6:55305 7:114559
depth 14 by ncomp: 3:168 4:17520 5:110059 6:283982 7:914029
depth 15 by ncomp: 3:191 4:36764 5:388527 6:1361145 7:6972688
depth 16 by ncomp: 3:126 4:66100 5:1227481 6:6066251 7:48598037
depth 17 by ncomp: 3:107 4:108567 5:3495179 6:24924136 7:227132996
depth 18 by ncomp: 3:77 4:159717 5:9065160 6:94522832 7:426777354
depth 19 by ncomp: 3:39 4:208324 5:21345703 6:330199436
depth 20 by ncomp: 3:21 4:244457 5:45891216
depth 21 by ncomp: 3:1 4:254954
depth 22 by ncomp: 3:1
depth 23 by ncomp:
depth 24 by ncomp:
