n=25 nodes=236713887 nsol=0 time=2304.41
depth: 0:1 1:1 2:2 3:8 4:41 5:184 6:732 7:2765 8:11371 9:47 10:177 11:859 12:4174 13:23343 14:130503 15:746318 16:4397100 17:24247357 18:85616735 19:102518885 20:18905910 21:107374 22:0 23:0 24:0
depth  0 by ncomp: 0:1
depth  1 by ncomp: 1:1
depth  2 by ncomp: 1:1 2:1
depth  3 by ncomp: 1:4 2:3 3:1
depth  4 by ncomp: 1:16 2:18 3:6 4:1
depth  5 by ncomp: 1:30 2:96 3:47 4:10 5:1
depth  6 by ncomp: 1:38 2:277 3:303 4:98 5:15 6:1
depth  7 by ncomp: 1:34 2:503 3:1226 4:792 5:188 6:21 7:1
depth  8 by ncomp: 1:11 2:751 3:3767 4:4589 5:1895 6:329 7:29
depth  9 by ncomp: 3:15 4:21 5:10 6:1
depth 10 by ncomp: 3:23 4:89 5:53 6:11 7:1
depth 11 by ncomp: 3:36 4:350 5:334 6:120 7:19
depth 12 by ncomp: 3:44 4:1072 5:1866 6:949 7:243
depth 13 by ncomp: 3:50 4:3133 5:9359 6:7733 7:3068
depth 14 by ncomp: 3:51 4:7286 5:38907 6:51215 7:33044
depth 15 by ncomp: 3:48 4:15548 5:139870 6:285762 7:305090
depth 16 by ncomp: 3:34 4:29385 5:455165 6:1406867 7:2505649
depth 17 by ncomp: 3:16 4:47925 5:1330764 6:6253770 7:16614882
depth 18 by ncomp: 3:10 4:70722 5:3557696 6:25370551 7:56617756
depth 19 by ncomp: 3:5 4:92123 5:8594497 6:93832260
depth 20 by ncomp: 4:104912 5:18800998
depth 21 by ncomp: 4:107374
depth 22 by ncomp:
depth 23 by ncomp:
depth 24 by ncomp:
