n=25 nodes=685527871 nsol=0 time=7103.16
depth: 0:1 1:1 2:2 3:8 4:41 5:184 6:732 7:2765 8:11371 9:98 10:482 11:2819 12:15550 13:88938 14:530833 15:3262617 16:20249829 17:106248249 18:293332002 19:234832456 20:26841760 21:107133 22:0 23:0 24:0
depth  0 by ncomp: 0:1
depth  1 by ncomp: 1:1
depth  2 by ncomp: 1:1 2:1
depth  3 by ncomp: 1:4 2:3 3:1
depth  4 by ncomp: 1:16 2:18 3:6 4:1
depth  5 by ncomp: 1:30 2:96 3:47 4:10 5:1
depth  6 by ncomp: 1:38 2:277 3:303 4:98 5:15 6:1
depth  7 by ncomp: 1:34 2:503 3:1226 4:792 5:188 6:21 7:1
depth  8 by ncomp: 1:11 2:751 3:3767 4:4589 5:1895 6:329 7:29
depth  9 by ncomp: 2:4 3:11 4:40 5:33 6:9 7:1
depth 10 by ncomp: 2:2 3:28 4:153 5:196 6:87 7:16
depth 11 by ncomp: 3:29 4:573 5:1170 6:810 7:237
depth 12 by ncomp: 3:40 4:1461 5:5373 6:5834 7:2842
depth 13 by ncomp: 3:42 4:3600 5:21531 6:35268 7:28497
depth 14 by ncomp: 3:43 4:8019 5:80171 6:191644 7:250956
depth 15 by ncomp: 3:26 4:16300 5:265764 6:941513 7:2039014
depth 16 by ncomp: 3:21 4:29437 5:797328 6:4197695 7:15225348
depth 17 by ncomp: 3:22 4:47905 5:2188556 6:17145800 7:86865966
depth 18 by ncomp: 3:6 4:69507 5:5512797 6:64158519 7:223591173
depth 19 by ncomp: 3:8 4:90410 5:12704459 6:222037579
depth 20 by ncomp: 3:3 4:104069 5:26737688
depth 21 by ncomp: 3:1 4:107132
depth 22 by ncomp:
depth 23 by ncomp:
depth 24 by ncomp:
