n=25 nodes=484889389 nsol=0 time=4736.86
depth: 0:1 1:1 2:2 3:8 4:41 5:184 6:732 7:2765 8:11371 9:78 10:394 11:1739 12:8990 13:46731 14:251736 15:1420517 16:8192541 17:45387705 18:166094312 19:215558162 20:47386500 21:524865 22:14 23:0 24:0
depth  0 by ncomp: 0:1
depth  1 by ncomp: 1:1
depth  2 by ncomp: 1:1 2:1
depth  3 by ncomp: 1:4 2:3 3:1
depth  4 by ncomp: 1:16 2:18 3:6 4:1
depth  5 by ncomp: 1:30 2:96 3:47 4:10 5:1
depth  6 by ncomp: 1:38 2:277 3:303 4:98 5:15 6:1
depth  7 by ncomp: 1:34 2:503 3:1226 4:792 5:188 6:21 7:1
depth  8 by ncomp: 1:11 2:751 3:3767 4:4589 5:1895 6:329 7:29
depth  9 by ncomp: 3:25 4:40 5:12 6:1
depth 10 by ncomp: 3:86 4:183 5:107 6:17 7:1
depth 11 by ncomp: 3:129 4:696 5:671 6:217 7:26
depth 12 by ncomp: 3:241 4:2430 5:3909 6:1983 7:427
depth 13 by ncomp: 3:391 4:7236 5:18778 6:14947 7:5379
depth 14 by ncomp: 3:500 4:18077 5:78623 6:97405 7:57131
depth 15 by ncomp: 3:552 4:43235 5:299111 6:551265 7:526354
depth 16 by ncomp: 3:555 4:86142 5:996980 6:2770915 7:4337949
depth 17 by ncomp: 3:393 4:157163 5:3021334 6:12585036 7:29623779
depth 18 by ncomp: 3:285 4:251113 5:8255537 6:51659499 7:105927878
depth 19 by ncomp: 3:153 4:360371 5:20617120 6:194580518
depth 20 by ncomp: 3:98 4:465647 5:46920755
depth 21 by ncomp: 3:45 4:524820
depth 22 by ncomp: 3:14
depth 23 by ncomp:
depth 24 by ncomp:
