n=25 nodes=641644903 nsol=0 time=5984.63
depth: 0:1 1:1 2:2 3:8 4:41 5:184 6:732 7:2765 8:11371 9:110 10:532 11:2565 12:13196 13:73014 14:412361 15:2376300 16:14035614 17:76491407 18:250708085 19:256219215 20:40798499 21:498876 22:24 23:0 24:0
depth  0 by ncomp: 0:1
depth  1 by ncomp: 1:1
depth  2 by ncomp: 1:1 2:1
depth  3 by ncomp: 1:4 2:3 3:1
depth  4 by ncomp: 1:16 2:18 3:6 4:1
depth  5 by ncomp: 1:30 2:96 3:47 4:10 5:1
depth  6 by ncomp: 1:38 2:277 3:303 4:98 5:15 6:1
depth  7 by ncomp: 1:34 2:503 3:1226 4:792 5:188 6:21 7:1
depth  8 by ncomp: 1:11 2:751 3:3767 4:4589 5:1895 6:329 7:29
depth  9 by ncomp: 2:1 3:12 4:65 5:29 6:3
depth 10 by ncomp: 2:1 3:32 4:227 5:222 6:47 7:3
depth 11 by ncomp: 2:3 3:51 4:716 5:1234 6:492 7:69
depth 12 by ncomp: 2:2 3:109 4:2123 5:5959 6:3989 7:1014
depth 13 by ncomp: 2:2 3:221 4:5600 5:26501 6:28397 7:12293
depth 14 by ncomp: 3:361 4:12764 5:99931 6:172651 7:126654
depth 15 by ncomp: 3:532 4:28059 5:335561 6:894097 7:1118051
depth 16 by ncomp: 3:613 4:56132 5:1031772 6:4133706 7:8813391
depth 17 by ncomp: 3:551 4:106003 5:2921875 6:17388242 7:56074736
depth 18 by ncomp: 3:475 4:183281 5:7613066 6:67027773 7:175883490
depth 19 by ncomp: 3:276 4:285861 5:18239760 6:237693318
depth 20 by ncomp: 3:140 4:401684 5:40396675
depth 21 by ncomp: 3:68 4:498808
depth 22 by ncomp: 3:24
depth 23 by ncomp:
depth 24 by ncomp:
