n=25 nodes=1517688615 nsol=0 time=18575.25
depth: 0:1 1:1 2:2 3:8 4:41 5:184 6:732 7:2765 8:11371 9:193 10:1325 11:7428 12:44086 13:275284 14:1787500 15:11897661 16:76120407 17:349391987 18:687760701 19:357041217 20:33128694 21:217025 22:2 23:0 24:0
depth  0 by ncomp: 0:1
depth  1 by ncomp: 1:1
depth  2 by ncomp: 1:1 2:1
depth  3 by ncomp: 1:4 2:3 3:1
depth  4 by ncomp: 1:16 2:18 3:6 4:1
depth  5 by ncomp: 1:30 2:96 3:47 4:10 5:1
depth  6 by ncomp: 1:38 2:277 3:303 4:98 5:15 6:1
depth  7 by ncomp: 1:34 2:503 3:1226 4:792 5:188 6:21 7:1
depth  8 by ncomp: 1:11 2:751 3:3767 4:4589 5:1895 6:329 7:29
depth  9 by ncomp: 2:4 3:17 4:43 5:65 6:52 7:12
depth 10 by ncomp: 2:1 3:42 4:151 5:431 6:514 7:186
depth 11 by ncomp: 3:89 4:471 5:1664 6:3059 7:2145
depth 12 by ncomp: 3:156 4:1498 5:6550 6:16160 7:19722
depth 13 by ncomp: 3:231 4:4350 5:25965 6:82560 7:162178
depth 14 by ncomp: 3:260 4:11012 5:93528 6:400278 7:1282422
depth 15 by ncomp: 3:251 4:24495 5:307837 6:1784739 7:9780339
depth 16 by ncomp: 3:232 4:48596 5:932499 6:7393042 7:67746038
depth 17 by ncomp: 3:140 4:84143 5:2594304 6:28499880 7:318213520
depth 18 by ncomp: 3:36 4:127733 5:6612407 6:102148339 7:578872186
depth 19 by ncomp: 3:30 4:171922 5:15448856 6:341420409
depth 20 by ncomp: 3:10 4:204499 5:32924185
depth 21 by ncomp: 3:8 4:217017
depth 22 by ncomp: 3:2
depth 23 by ncomp:
depth 24 by ncomp:
