n=25 nodes=469202646 nsol=0 time=6822.72
depth: 0:1 1:1 2:2 3:8 4:41 5:184 6:732 7:2765 8:11371 9:44 10:271 11:1643 12:10767 13:69858 14:444635 15:2788553 16:17540597 17:90137832 18:221959134 19:129919246 20:6314892 21:69 22:0 23:0 24:0
depth  0 by ncomp: 0:1
depth  1 by ncomp: 1:1
depth  2 by ncomp: 1:1 2:1
depth  3 by ncomp: 1:4 2:3 3:1
depth  4 by ncomp: 1:16 2:18 3:6 4:1
depth  5 by ncomp: 1:30 2:96 3:47 4:10 5:1
depth  6 by ncomp: 1:38 2:277 3:303 4:98 5:15 6:1
depth  7 by ncomp: 1:34 2:503 3:1226 4:792 5:188 6:21 7:1
depth  8 by ncomp: 1:11 2:751 3:3767 4:4589 5:1895 6:329 7:29
depth  9 by ncomp: 3:1 5:32 6:10 7:1
depth 10 by ncomp: 3:1 4:1 5:148 6:103 7:18
depth 11 by ncomp: 4:6 5:642 6:743 7:252
depth 12 by ncomp: 4:21 5:2869 6:5023 7:2854
depth 13 by ncomp: 4:51 5:10857 6:30331 7:28619
depth 14 by ncomp: 4:105 5:35042 6:155801 7:253687
depth 15 by ncomp: 4:79 5:99521 6:697334 7:1991619
depth 16 by ncomp: 4:94 5:265498 6:2869003 7:14406002
depth 17 by ncomp: 4:101 5:655660 6:10927440 7:78554631
depth 18 by ncomp: 4:105 5:1510459 6:38574807 7:181873763
depth 19 by ncomp: 4:120 5:3211680 6:126707446
depth 20 by ncomp: 4:88 5:6314804
depth 21 by ncomp: 4:69
depth 22 by ncomp:
depth 23 by ncomp:
depth 24 by ncomp:
