n=25 nodes=771614276 nsol=0 time=8525.00
depth: 0:1 1:1 2:2 3:8 4:41 5:184 6:732 7:2765 8:11371 9:140 10:639 11:3264 12:18166 13:103572 14:603115 15:3645747 16:22408710 17:115993363 18:317316176 19:268744104 20:42335816 21:426329 22:30 23:0 24:0
depth  0 by ncomp: 0:1
depth  1 by ncomp: 1:1
depth  2 by ncomp: 1:1 2:1
depth  3 by ncomp: 1:4 2:3 3:1
depth  4 by ncomp: 1:16 2:18 3:6 4:1
depth  5 by ncomp: 1:30 2:96 3:47 4:10 5:1
depth  6 by ncomp: 1:38 2:277 3:303 4:98 5:15 6:1
depth  7 by ncomp: 1:34 2:503 3:1226 4:792 5:188 6:21 7:1
depth  8 by ncomp: 1:11 2:751 3:3767 4:4589 5:1895 6:329 7:29
depth  9 by ncomp: 3:21 4:48 5:57 6:13 7:1
depth 10 by ncomp: 3:35 4:166 5:273 6:143 7:22
depth 11 by ncomp: 3:97 4:606 5:1221 6:1017 7:323
depth 12 by ncomp: 3:213 4:2012 5:5626 6:6725 7:3590
depth 13 by ncomp: 3:321 4:5833 5:23336 6:39641 7:34441
depth 14 by ncomp: 3:426 4:14949 5:88672 6:207306 7:291762
depth 15 by ncomp: 3:459 4:33736 5:306469 6:1002087 7:2302996
depth 16 by ncomp: 3:397 4:70998 5:990724 6:4502096 7:16844495
depth 17 by ncomp: 3:332 4:131948 5:2896899 6:18564639 7:94399545
depth 18 by ncomp: 3:175 4:215996 5:7748916 6:70815229 7:238535860
depth 19 by ncomp: 3:118 4:304830 5:18892156 6:249547000
depth 20 by ncomp: 3:69 4:380196 5:41955551
depth 21 by ncomp: 3:46 4:426283
depth 22 by ncomp: 3:30
depth 23 by ncomp:
depth 24 by ncomp:
