n=25 nodes=289889329 nsol=0 time=2781.37
depth: 0:1 1:1 2:2 3:8 4:41 5:184 6:732 7:2765 8:11371 9:80 10:304 11:1352 12:6491 13:32899 14:175864 15:988818 16:5754664 17:31319779 18:106946818 19:121615653 20:22804386 21:227115 22:1 23:0 24:0
depth  0 by ncomp: 0:1
depth  1 by ncomp: 1:1
depth  2 by ncomp: 1:1 2:1
depth  3 by ncomp: 1:4 2:3 3:1
depth  4 by ncomp: 1:16 2:18 3:6 4:1
depth  5 by ncomp: 1:30 2:96 3:47 4:10 5:1
depth  6 by ncomp: 1:38 2:277 3:303 4:98 5:15 6:1
depth  7 by ncomp: 1:34 2:503 3:1226 4:792 5:188 6:21 7:1
depth  8 by ncomp: 1:11 2:751 3:3767 4:4589 5:1895 6:329 7:29
depth  9 by ncomp: 2:5 3:28 4:35 5:11 6:1
depth 10 by ncomp: 2:4 3:55 4:142 5:86 6:16 7:1
depth 11 by ncomp: 3:109 4:495 5:542 6:182 7:24
depth 12 by ncomp: 3:173 4:1494 5:2820 6:1621 7:383
depth 13 by ncomp: 3:303 4:3974 5:12370 6:11577 7:4675
depth 14 by ncomp: 3:364 4:9762 5:48482 6:69683 7:47573
depth 15 by ncomp: 3:328 4:21213 5:173387 6:374851 7:419039
depth 16 by ncomp: 3:234 4:41385 5:554446 6:1801778 7:3356821
depth 17 by ncomp: 3:166 4:73076 5:1600909 6:7793375 7:21852253
depth 18 by ncomp: 3:117 4:115555 5:4239832 6:30744446 7:71846868
depth 19 by ncomp: 3:58 4:163735 5:10221605 6:111230255
depth 20 by ncomp: 3:19 4:203059 5:22601308
depth 21 by ncomp: 3:6 4:227109
depth 22 by ncomp: 3:1
depth 23 by ncomp:
depth 24 by ncomp:
