n=25 nodes=426815735 nsol=0 time=5035.17
depth: 0:1 1:1 2:2 3:8 4:41 5:184 6:732 7:2765 8:11371 9:78 10:364 11:1658 12:8510 13:46907 14:259775 15:1499103 16:8928391 17:49243202 18:164496683 19:174092228 20:28040536 21:183195 22:0 23:0 24:0
depth  0 by ncomp: 0:1
depth  1 by ncomp: 1:1
depth  2 by ncomp: 1:1 2:1
depth  3 by ncomp: 1:4 2:3 3:1
depth  4 by ncomp: 1:16 2:18 3:6 4:1
depth  5 by ncomp: 1:30 2:96 3:47 4:10 5:1
depth  6 by ncomp: 1:38 2:277 3:303 4:98 5:15 6:1
depth  7 by ncomp: 1:34 2:503 3:1226 4:792 5:188 6:21 7:1
depth  8 by ncomp: 1:11 2:751 3:3767 4:4589 5:1895 6:329 7:29
depth  9 by ncomp: 3:16 4:43 5:17 6:2
depth 10 by ncomp: 3:40 4:155 5:137 6:30 7:2
depth 11 by ncomp: 3:68 4:505 5:737 6:304 7:44
depth 12 by ncomp: 3:89 4:1653 5:3648 6:2462 7:658
depth 13 by ncomp: 3:112 4:4422 5:16766 6:17774 7:7833
depth 14 by ncomp: 3:93 4:10282 5:64836 6:105697 7:78867
depth 15 by ncomp: 3:58 4:22086 5:226387 6:558786 7:691786
depth 16 by ncomp: 3:35 4:42671 5:716314 6:2652841 7:5516530
depth 17 by ncomp: 3:29 4:72234 5:2060544 6:11444358 7:35666037
depth 18 by ncomp: 3:18 4:108961 5:5368034 6:44810741 7:114208929
depth 19 by ncomp: 3:5 4:146784 5:12793443 6:161151996
depth 20 by ncomp: 4:174675 5:27865861
depth 21 by ncomp: 4:183195
depth 22 by ncomp:
depth 23 by ncomp:
depth 24 by ncomp:
