n=25 nodes=546635473 nsol=0 time=7700.15
depth: 0:1 1:1 2:2 3:8 4:41 5:184 6:732 7:2765 8:11371 9:113 10:508 11:2266 12:11279 13:57663 14:307737 15:1708260 16:9759621 17:53295915 18:192101693 19:240143148 20:48790047 21:442118 22:0 23:0 24:0
depth  0 by ncomp: 0:1
depth  1 by ncomp: 1:1
depth  2 by ncomp: 1:1 2:1
depth  3 by ncomp: 1:4 2:3 3:1
depth  4 by ncomp: 1:16 2:18 3:6 4:1
depth  5 by ncomp: 1:30 2:96 3:47 4:10 5:1
depth  6 by ncomp: 1:38 2:277 3:303 4:98 5:15 6:1
depth  7 by ncomp: 1:34 2:503 3:1226 4:792 5:188 6:21 7:1
depth  8 by ncomp: 1:11 2:751 3:3767 4:4589 5:1895 6:329 7:29
depth  9 by ncomp: 2:3 3:36 4:58 5:15 6:1
depth 10 by ncomp: 2:6 3:97 4:240 5:142 6:22 7:1
depth 11 by ncomp: 2:5 3:177 4:854 5:914 6:285 7:31
depth 12 by ncomp: 3:350 4:2909 5:4918 6:2561 7:541
depth 13 by ncomp: 3:500 4:8230 5:22999 6:18979 7:6955
depth 14 by ncomp: 3:745 4:21269 5:94654 6:119407 7:71662
depth 15 by ncomp: 3:814 4:47555 5:346237 6:662804 7:650850
depth 16 by ncomp: 3:609 4:95137 5:1136603 6:3263611 7:5263661
depth 17 by ncomp: 3:488 4:166731 5:3382997 6:14579319 7:35166380
depth 18 by ncomp: 3:244 4:253991 5:9070146 6:59089791 7:123687521
depth 19 by ncomp: 3:127 4:345718 5:21948247 6:217849056
depth 20 by ncomp: 3:55 4:417252 5:48372740
depth 21 by ncomp: 3:9 4:442109
depth 22 by ncomp:
depth 23 by ncomp:
depth 24 by ncomp:
