n=25 nodes=165693216 nsol=0 time=1420.12
depth: 0:1 1:1 2:2 3:8 4:41 5:184 6:732 7:2765 8:11371 9:24 10:121 11:562 12:2783 13:13884 14:73287 15:402298 16:2282897 17:12879346 18:52548666 19:78980516 20:18346884 21:146842 22:1 23:0 24:0
depth  0 by ncomp: 0:1
depth  1 by ncomp: 1:1
depth  2 by ncomp: 1:1 2:1
depth  3 by ncomp: 1:4 2:3 3:1
depth  4 by ncomp: 1:16 2:18 3:6 4:1
depth  5 by ncomp: 1:30 2:96 3:47 4:10 5:1
depth  6 by ncomp: 1:38 2:277 3:303 4:98 5:15 6:1
depth  7 by ncomp: 1:34 2:503 3:1226 4:792 5:188 6:21 7:1
depth  8 by ncomp: 1:11 2:751 3:3767 4:4589 5:1895 6:329 7:29
depth  9 by ncomp: 2:1 3:9 4:12 5:2
depth 10 by ncomp: 2:1 3:27 4:69 5:22 6:2
depth 11 by ncomp: 3:55 4:288 5:184 6:33 7:2
depth 12 by ncomp: 3:74 4:1001 5:1246 6:411 7:51
depth 13 by ncomp: 3:106 4:2793 5:6439 6:3716 7:830
depth 14 by ncomp: 3:114 4:7004 5:28576 6:27104 7:10489
depth 15 by ncomp: 3:92 4:15839 5:110415 6:167024 7:108928
depth 16 by ncomp: 3:66 4:31031 5:378884 6:892983 7:979933
depth 17 by ncomp: 3:56 4:54659 5:1171177 6:4271420 7:7382034
depth 18 by ncomp: 3:41 4:85322 5:3242656 6:18276926 7:30943721
depth 19 by ncomp: 3:12 4:117284 5:8093949 6:70769271
depth 20 by ncomp: 3:1 4:139982 5:18206901
depth 21 by ncomp: 3:1 4:146841
depth 22 by ncomp: 3:1
depth 23 by ncomp:
depth 24 by ncomp:
