n=25 nodes=619468951 nsol=0 time=5963.56
depth: 0:1 1:1 2:2 3:8 4:41 5:184 6:732 7:2765 8:11371 9:103 10:509 11:2778 12:15643 13:88768 14:533619 15:3294471 16:20436602 17:105723748 18:275513189 19:195433479 20:18357652 21:53285 22:0 23:0 24:0
depth  0 by ncomp: 0:1
depth  1 by ncomp: 1:1
depth  2 by ncomp: 1:1 2:1
depth  3 by ncomp: 1:4 2:3 3:1
depth  4 by ncomp: 1:16 2:18 3:6 4:1
depth  5 by ncomp: 1:30 2:96 3:47 4:10 5:1
depth  6 by ncomp: 1:38 2:277 3:303 4:98 5:15 6:1
depth  7 by ncomp: 1:34 2:503 3:1226 4:792 5:188 6:21 7:1
depth  8 by ncomp: 1:11 2:751 3:3767 4:4589 5:1895 6:329 7:29
depth  9 by ncomp: 3:6 4:42 5:43 6:11 7:1
depth 10 by ncomp: 3:3 4:132 5:251 6:106 7:17
depth 11 by ncomp: 4:340 5:1213 6:955 7:270
depth 12 by ncomp: 3:2 4:997 5:5078 6:6393 7:3173
depth 13 by ncomp: 3:8 4:2193 5:18613 6:36706 7:31248
depth 14 by ncomp: 3:3 4:4516 5:64535 6:191551 7:273014
depth 15 by ncomp: 3:3 4:8819 5:200291 6:895435 7:2189923
depth 16 by ncomp: 4:15872 5:581498 6:3812862 7:16026370
depth 17 by ncomp: 3:1 4:25423 5:1563073 6:15058514 7:89076737
depth 18 by ncomp: 4:36929 5:3871594 6:55004889 7:216599777
depth 19 by ncomp: 4:46898 5:8802377 6:186584204
depth 20 by ncomp: 4:53206 5:18304446
depth 21 by ncomp: 4:53285
depth 22 by ncomp:
depth 23 by ncomp:
depth 24 by ncomp:
