n=25 nodes=889075458 nsol=0 time=8897.62
depth: 0:1 1:1 2:2 3:8 4:41 5:184 6:732 7:2765 8:11371 9:114 10:597 11:3188 12:18359 13:108275 14:651675 15:4030998 16:25342375 17:136193561 18:385540075 19:304942479 20:32093540 21:135116 22:1 23:0 24:0
depth  0 by ncomp: 0:1
depth  1 by ncomp: 1:1
depth  2 by ncomp: 1:1 2:1
depth  3 by ncomp: 1:4 2:3 3:1
depth  4 by ncomp: 1:16 2:18 3:6 4:1
depth  5 by ncomp: 1:30 2:96 3:47 4:10 5:1
depth  6 by ncomp: 1:38 2:277 3:303 4:98 5:15 6:1
depth  7 by ncomp: 1:34 2:503 3:1226 4:792 5:188 6:21 7:1
depth  8 by ncomp: 1:11 2:751 3:3767 4:4589 5:1895 6:329 7:29
depth  9 by ncomp: 3:19 4:49 5:36 6:9 7:1
depth 10 by ncomp: 3:29 4:205 5:245 6:101 7:17
depth 11 by ncomp: 3:38 4:609 5:1351 6:936 7:254
depth 12 by ncomp: 3:43 4:1883 5:6531 6:6813 7:3089
depth 13 by ncomp: 3:76 4:4753 5:27863 6:43629 7:31954
depth 14 by ncomp: 3:71 4:10158 5:101873 6:244824 7:294749
depth 15 by ncomp: 3:47 4:20269 5:333572 6:1215648 7:2461462
depth 16 by ncomp: 3:52 4:36440 5:999957 6:5458159 7:18847767
depth 17 by ncomp: 3:34 4:58277 5:2727347 6:22385525 7:111022378
depth 18 by ncomp: 3:28 4:85348 5:6772437 6:83979647 7:294702615
depth 19 by ncomp: 3:12 4:111102 5:15384113 6:289447252
depth 20 by ncomp: 3:9 4:129983 5:31963548
depth 21 by ncomp: 3:4 4:135112
depth 22 by ncomp: 3:1
depth 23 by ncomp:
depth 24 by ncomp:
