n=25 nodes=51700995 nsol=0 time=436.61
depth: 0:1 1:1 2:2 3:8 4:41 5:184 6:732 7:2765 8:11371 9:17 10:45 11:198 12:899 13:4475 14:23333 15:129217 16:748032 17:4234424 18:16914963 19:24155971 20:5406459 21:67857 22:0 23:0 24:0
depth  0 by ncomp: 0:1
depth  1 by ncomp: 1:1
depth  2 by ncomp: 1:1 2:1
depth  3 by ncomp: 1:4 2:3 3:1
depth  4 by ncomp: 1:16 2:18 3:6 4:1
depth  5 by ncomp: 1:30 2:96 3:47 4:10 5:1
depth  6 by ncomp: 1:38 2:277 3:303 4:98 5:15 6:1
depth  7 by ncomp: 1:34 2:503 3:1226 4:792 5:188 6:21 7:1
depth  8 by ncomp: 1:11 2:751 3:3767 4:4589 5:1895 6:329 7:29
depth  9 by ncomp: 3:3 4:7 5:6 6:1
depth 10 by ncomp: 3:3 4:21 5:12 6:8 7:1
depth 11 by ncomp: 3:8 4:70 5:59 6:46 7:15
depth 12 by ncomp: 3:24 4:248 5:362 6:180 7:85
depth 13 by ncomp: 3:42 4:778 5:1877 6:1223 7:555
depth 14 by ncomp: 3:61 4:1971 5:8473 6:8665 7:4163
depth 15 by ncomp: 3:55 4:4438 5:32386 6:53031 7:39307
depth 16 by ncomp: 3:28 4:9021 5:112820 6:284143 7:342020
depth 17 by ncomp: 3:28 4:15410 5:342670 6:1344526 7:2531790
depth 18 by ncomp: 3:24 4:24907 5:940040 6:5686176 7:10263816
depth 19 by ncomp: 3:23 4:37781 5:2338857 6:21779310
depth 20 by ncomp: 3:24 4:53607 5:5352828
depth 21 by ncomp: 3:7 4:67850
depth 22 by ncomp:
depth 23 by ncomp:
depth 24 by ncomp:
