n=25 nodes=972323798 nsol=0 time=10394.95
depth: 0:1 1:1 2:2 3:8 4:41 5:184 6:732 7:2765 8:11371 9:142 10:743 11:3999 12:23474 13:139328 14:845131 15:5256252 16:32734296 17:167032591 18:420353460 19:302611093 20:42692844 21:615321 22:19 23:0 24:0
depth  0 by ncomp: 0:1
depth  1 by ncomp: 1:1
depth  2 by ncomp: 1:1 2:1
depth  3 by ncomp: 1:4 2:3 3:1
depth  4 by ncomp: 1:16 2:18 3:6 4:1
depth  5 by ncomp: 1:30 2:96 3:47 4:10 5:1
depth  6 by ncomp: 1:38 2:277 3:303 4:98 5:15 6:1
depth  7 by ncomp: 1:34 2:503 3:1226 4:792 5:188 6:21 7:1
depth  8 by ncomp: 1:11 2:751 3:3767 4:4589 5:1895 6:329 7:29
depth  9 by ncomp: 2:5 3:23 4:36 5:57 6:19 7:2
depth 10 by ncomp: 2:6 3:64 4:152 5:306 6:182 7:33
depth 11 by ncomp: 2:8 3:149 4:539 5:1423 6:1418 7:462
depth 12 by ncomp: 2:4 3:370 4:1951 5:6324 6:9417 7:5408
depth 13 by ncomp: 2:11 3:732 4:5746 5:25639 6:54419 7:52781
depth 14 by ncomp: 2:1 3:988 4:16106 5:94297 6:278458 7:455281
depth 15 by ncomp: 3:1377 4:38700 5:322454 6:1297645 7:3596076
depth 16 by ncomp: 3:1524 4:81678 5:992513 6:5554330 7:26104251
depth 17 by ncomp: 3:1382 4:158273 5:2896904 6:22158083 7:141817949
depth 18 by ncomp: 3:923 4:265859 5:7667108 6:82158517 7:330261053
depth 19 by ncomp: 3:532 4:401330 5:18801920 6:283407311
depth 20 by ncomp: 3:244 4:529123 5:42163477
depth 21 by ncomp: 3:104 4:615217
depth 22 by ncomp: 3:19
depth 23 by ncomp:
depth 24 by ncomp:
