n=25 nodes=242754979 nsol=0 time=3718.60
depth: 0:1 1:1 2:2 3:8 4:41 5:184 6:732 7:2765 8:11371 9:64 10:219 11:943 12:4489 13:24350 14:136057 15:776420 16:4560941 17:25162699 18:87925704 19:102724274 20:21118478 21:305230 22:6 23:0 24:0
depth  0 by ncomp: 0:1
depth  1 by ncomp: 1:1
depth  2 by ncomp: 1:1 2:1
depth  3 by ncomp: 1:4 2:3 3:1
depth  4 by ncomp: 1:16 2:18 3:6 4:1
depth  5 by ncomp: 1:30 2:96 3:47 4:10 5:1
depth  6 by ncomp: 1:38 2:277 3:303 4:98 5:15 6:1
depth  7 by ncomp: 1:34 2:503 3:1226 4:792 5:188 6:21 7:1
depth  8 by ncomp: 1:11 2:751 3:3767 4:4589 5:1895 6:329 7:29
depth  9 by ncomp: 2:7 3:23 4:25 5:8 6:1
depth 10 by ncomp: 2:12 3:47 4:95 5:52 6:12 7:1
depth 11 by ncomp: 2:13 3:95 4:361 5:342 6:114 7:18
depth 12 by ncomp: 2:20 3:213 4:1113 5:1895 6:1008 7:240
depth 13 by ncomp: 2:26 3:493 4:3415 5:9230 6:8109 7:3077
depth 14 by ncomp: 2:2 3:706 4:8967 5:38572 6:53157 7:34653
depth 15 by ncomp: 3:829 4:20565 5:139200 6:294216 7:321610
depth 16 by ncomp: 3:861 4:44181 5:455881 6:1429944 7:2630074
depth 17 by ncomp: 3:735 4:82087 5:1351941 6:6298321 7:17429615
depth 18 by ncomp: 3:498 4:144429 5:3703536 6:25363401 7:58713840
depth 19 by ncomp: 3:237 4:209756 5:9144500 6:93369781
depth 20 by ncomp: 3:91 4:276894 5:20841493
depth 21 by ncomp: 3:19 4:305211
depth 22 by ncomp: 3:6
depth 23 by ncomp:
depth 24 by ncomp:
