n=25 nodes=690617703 nsol=0 time=6940.46
depth: 0:1 1:1 2:2 3:8 4:41 5:184 6:732 7:2765 8:11371 9:71 10:362 11:2086 12:12115 13:76289 14:475262 15:3018935 16:19200846 17:102832746 18:292419771 19:244684158 20:27795878 21:84079 22:0 23:0 24:0
depth  0 by ncomp: 0:1
depth  1 by ncomp: 1:1
depth  2 by ncomp: 1:1 2:1
depth  3 by ncomp: 1:4 2:3 3:1
depth  4 by ncomp: 1:16 2:18 3:6 4:1
depth  5 by ncomp: 1:30 2:96 3:47 4:10 5:1
depth  6 by ncomp: 1:38 2:277 3:303 4:98 5:15 6:1
depth  7 by ncomp: 1:34 2:503 3:1226 4:792 5:188 6:21 7:1
depth  8 by ncomp: 1:11 2:751 3:3767 4:4589 5:1895 6:329 7:29
depth  9 by ncomp: 3:4 4:18 5:37 6:11 7:1
depth 10 by ncomp: 4:68 5:181 6:96 7:17
depth 11 by ncomp: 3:1 4:262 5:846 6:736 7:241
depth 12 by ncomp: 4:782 5:3917 6:4828 7:2588
depth 13 by ncomp: 3:1 4:2299 5:17921 6:30821 7:25247
depth 14 by ncomp: 3:1 4:5338 5:67208 6:172646 7:230069
depth 15 by ncomp: 3:2 4:11688 5:235084 6:870675 7:1901486
depth 16 by ncomp: 4:22726 5:731640 6:4013874 7:14432606
depth 17 by ncomp: 3:2 4:39158 5:2107837 6:16818673 7:83867076
depth 18 by ncomp: 3:1 4:58400 5:5519098 6:65109829 7:221732443
depth 19 by ncomp: 4:75279 5:13001834 6:231607045
depth 20 by ncomp: 4:84461 5:27711417
depth 21 by ncomp: 4:84079
depth 22 by ncomp:
depth 23 by ncomp:
depth 24 by ncomp:
