n=25 nodes=506005060 nsol=0 time=5079.82
depth: 0:1 1:1 2:2 3:8 4:41 5:184 6:732 7:2765 8:11371 9:75 10:366 11:1920 12:10137 13:54491 14:301762 15:1759452 16:10472393 17:57827329 18:196106172 19:207860333 20:31386779 21:208746 22:0 23:0 24:0
depth  0 by ncomp: 0:1
depth  1 by ncomp: 1:1
depth  2 by ncomp: 1:1 2:1
depth  3 by ncomp: 1:4 2:3 3:1
depth  4 by ncomp: 1:16 2:18 3:6 4:1
depth  5 by ncomp: 1:30 2:96 3:47 4:10 5:1
depth  6 by ncomp: 1:38 2:277 3:303 4:98 5:15 6:1
depth  7 by ncomp: 1:34 2:503 3:1226 4:792 5:188 6:21 7:1
depth  8 by ncomp: 1:11 2:751 3:3767 4:4589 5:1895 6:329 7:29
depth  9 by ncomp: 2:1 3:14 4:41 5:17 6:2
depth 10 by ncomp: 3:29 4:163 5:142 6:30 7:2
depth 11 by ncomp: 3:66 4:619 5:872 6:319 7:44
depth 12 by ncomp: 3:91 4:1882 5:4610 6:2855 7:699
depth 13 by ncomp: 3:139 4:4830 5:20455 6:20512 7:8555
depth 14 by ncomp: 3:152 4:10844 5:78681 6:125370 7:86715
depth 15 by ncomp: 3:126 4:22662 5:272343 6:676537 7:787784
depth 16 by ncomp: 3:156 4:42601 5:848466 6:3223030 7:6358140
depth 17 by ncomp: 3:119 4:72226 5:2400807 6:13838258 7:41515919
depth 18 by ncomp: 3:94 4:111539 5:6167098 6:54094333 7:135733108
depth 19 by ncomp: 3:37 4:151957 5:14470170 6:193238169
depth 20 by ncomp: 3:21 4:189848 5:31196910
depth 21 by ncomp: 3:3 4:208743
depth 22 by ncomp:
depth 23 by ncomp:
depth 24 by ncomp:
