n=25 nodes=623936215 nsol=0 time=5942.99
depth: 0:1 1:1 2:2 3:8 4:41 5:184 6:732 7:2765 8:11371 9:93 10:486 11:2421 12:12556 13:69706 14:395449 15:2283347 16:13514072 17:74219664 18:244865704 19:250185597 20:38062108 21:309907 22:0 23:0 24:0
depth  0 by ncomp: 0:1
depth  1 by ncomp: 1:1
depth  2 by ncomp: 1:1 2:1
depth  3 by ncomp: 1:4 2:3 3:1
depth  4 by ncomp: 1:16 2:18 3:6 4:1
depth  5 by ncomp: 1:30 2:96 3:47 4:10 5:1
depth  6 by ncomp: 1:38 2:277 3:303 4:98 5:15 6:1
depth  7 by ncomp: 1:34 2:503 3:1226 4:792 5:188 6:21 7:1
depth  8 by ncomp: 1:11 2:751 3:3767 4:4589 5:1895 6:329 7:29
depth  9 by ncomp: 2:4 3:11 4:50 5:25 6:3
depth 10 by ncomp: 2:1 3:32 4:207 5:199 6:44 7:3
depth 11 by ncomp: 3:67 4:685 5:1144 6:459 7:66
depth 12 by ncomp: 3:135 4:2041 5:5568 6:3830 7:982
depth 13 by ncomp: 3:209 4:5577 5:24842 6:27073 7:12005
depth 14 by ncomp: 3:353 4:13353 5:96093 6:163809 7:121841
depth 15 by ncomp: 3:348 4:28654 5:325692 6:854280 7:1074373
depth 16 by ncomp: 3:312 4:55660 5:1004832 6:3972862 7:8480406
depth 17 by ncomp: 3:244 4:100324 5:2852575 6:16896650 7:54369871
depth 18 by ncomp: 3:121 4:160675 5:7390887 6:65429300 7:171884721
depth 19 by ncomp: 3:54 4:226337 5:17500895 6:232458311
depth 20 by ncomp: 3:14 4:281763 5:37780331
depth 21 by ncomp: 4:309907
depth 22 by ncomp:
depth 23 by ncomp:
depth 24 by ncomp:
