n=25 nodes=527996597 nsol=0 time=4682.09
depth: 0:1 1:1 2:2 3:8 4:41 5:184 6:732 7:2765 8:11371 9:92 10:427 11:2095 12:10952 13:57564 14:317684 15:1826442 16:10840734 17:59944937 18:202747248 19:216213173 20:35566205 21:453844 22:95 23:0 24:0
depth  0 by ncomp: 0:1
depth  1 by ncomp: 1:1
depth  2 by ncomp: 1:1 2:1
depth  3 by ncomp: 1:4 2:3 3:1
depth  4 by ncomp: 1:16 2:18 3:6 4:1
depth  5 by ncomp: 1:30 2:96 3:47 4:10 5:1
depth  6 by ncomp: 1:38 2:277 3:303 4:98 5:15 6:1
depth  7 by ncomp: 1:34 2:503 3:1226 4:792 5:188 6:21 7:1
depth  8 by ncomp: 1:11 2:751 3:3767 4:4589 5:1895 6:329 7:29
depth  9 by ncomp: 2:4 3:24 4:45 5:17 6:2
depth 10 by ncomp: 2:6 3:52 4:194 5:144 6:29 7:2
depth 11 by ncomp: 2:6 3:99 4:655 5:942 6:347 7:46
depth 12 by ncomp: 2:5 3:206 4:2000 5:4916 6:3090 7:735
depth 13 by ncomp: 2:2 3:366 4:5332 5:21086 6:21762 7:9016
depth 14 by ncomp: 2:2 3:586 4:13228 5:81201 6:130745 7:91922
depth 15 by ncomp: 2:1 3:892 4:29400 5:284128 6:695586 7:816435
depth 16 by ncomp: 3:975 4:57509 5:896026 6:3316552 7:6569672
depth 17 by ncomp: 3:1105 4:106913 5:2565130 6:14238995 7:43032794
depth 18 by ncomp: 3:979 4:183267 5:6723531 6:55728213 7:140111258
depth 19 by ncomp: 3:633 4:277342 5:16091052 6:199844146
depth 20 by ncomp: 3:407 4:373145 5:35192653
depth 21 by ncomp: 3:224 4:453620
depth 22 by ncomp: 3:95
depth 23 by ncomp:
depth 24 by ncomp:
