n=25 nodes=140423931 nsol=0 time=1187.82
depth: 0:1 1:1 2:2 3:8 4:41 5:184 6:732 7:2765 8:11371 9:34 10:118 11:546 12:2529 13:13186 14:67850 15:369899 16:2075115 17:11597723 18:46324485 19:66018526 20:13837992 21:100823 22:0 23:0 24:0
depth  0 by ncomp: 0:1
depth  1 by ncomp: 1:1
depth  2 by ncomp: 1:1 2:1
depth  3 by ncomp: 1:4 2:3 3:1
depth  4 by ncomp: 1:16 2:18 3:6 4:1
depth  5 by ncomp: 1:30 2:96 3:47 4:10 5:1
depth  6 by ncomp: 1:38 2:277 3:303 4:98 5:15 6:1
depth  7 by ncomp: 1:34 2:503 3:1226 4:792 5:188 6:21 7:1
depth  8 by ncomp: 1:11 2:751 3:3767 4:4589 5:1895 6:329 7:29
depth  9 by ncomp: 3:15 4:16 5:3
depth 10 by ncomp: 3:20 4:69 5:26 6:3
depth 11 by ncomp: 3:58 4:268 5:180 6:37 7:3
depth 12 by ncomp: 3:68 4:890 5:1131 6:384 7:56
depth 13 by ncomp: 3:88 4:2632 5:6109 6:3554 7:803
depth 14 by ncomp: 3:119 4:6163 5:26096 6:25463 7:10009
depth 15 by ncomp: 3:103 4:13634 5:99200 6:153903 7:103059
depth 16 by ncomp: 3:86 4:25980 5:331252 6:806879 7:910918
depth 17 by ncomp: 3:42 4:44124 5:998968 6:3784508 7:6770081
depth 18 by ncomp: 3:34 4:64184 5:2671337 6:15849881 7:27739049
depth 19 by ncomp: 3:25 4:82894 5:6362979 6:59572628
depth 20 by ncomp: 3:12 4:96307 5:13741673
depth 21 by ncomp: 3:4 4:100819
depth 22 by ncomp:
depth 23 by ncomp:
depth 24 by ncomp:
