n=25 nodes=334376113 nsol=0 time=3295.53
depth: 0:1 1:1 2:2 3:8 4:41 5:184 6:732 7:2765 8:11371 9:94 10:307 11:1387 12:7025 13:38170 14:211915 15:1224954 16:7300119 17:39931590 18:129482090 19:132638645 20:23187698 21:336993 22:21 23:0 24:0
depth  0 by ncomp: 0:1
depth  1 by ncomp: 1:1
depth  2 by ncomp: 1:1 2:1
depth  3 by ncomp: 1:4 2:3 3:1
depth  4 by ncomp: 1:16 2:18 3:6 4:1
depth  5 by ncomp: 1:30 2:96 3:47 4:10 5:1
depth  6 by ncomp: 1:38 2:277 3:303 4:98 5:15 6:1
depth  7 by ncomp: 1:34 2:503 3:1226 4:792 5:188 6:21 7:1
depth  8 by ncomp: 1:11 2:751 3:3767 4:4589 5:1895 6:329 7:29
depth  9 by ncomp: 2:8 3:16 4:43 5:24 6:3
depth 10 by ncomp: 2:11 3:44 4:101 5:114 6:34 7:3
depth 11 by ncomp: 2:5 3:119 4:382 5:569 6:262 7:50
depth 12 by ncomp: 2:4 3:205 4:1246 5:2882 6:2074 7:614
depth 13 by ncomp: 2:2 3:426 4:3564 5:12802 6:14468 7:6908
depth 14 by ncomp: 3:563 4:9237 5:49047 6:85245 7:67823
depth 15 by ncomp: 3:762 4:21220 5:170010 6:441445 7:591517
depth 16 by ncomp: 3:791 4:44497 5:543931 6:2058090 7:4652810
depth 17 by ncomp: 3:804 4:83809 5:1586114 6:8742344 7:29518519
depth 18 by ncomp: 3:633 4:140795 5:4243156 6:34114437 7:90983069
depth 19 by ncomp: 3:343 4:210874 5:10294365 6:122133063
depth 20 by ncomp: 3:165 4:281116 5:22906417
depth 21 by ncomp: 3:63 4:336930
depth 22 by ncomp: 3:21
depth 23 by ncomp:
depth 24 by ncomp:
