n=25 nodes=465964251 nsol=0 time=5491.85
depth: 0:1 1:1 2:2 3:8 4:41 5:184 6:732 7:2765 8:11371 9:87 10:388 11:1822 12:9386 13:50639 14:286117 15:1673076 16:9969665 17:55084145 18:184433858 19:188622978 20:25705564 21:111421 22:0 23:0 24:0
depth  0 by ncomp: 0:1
depth  1 by ncomp: 1:1
depth  2 by ncomp: 1:1 2:1
depth  3 by ncomp: 1:4 2:3 3:1
depth  4 by ncomp: 1:16 2:18 3:6 4:1
depth  5 by ncomp: 1:30 2:96 3:47 4:10 5:1
depth  6 by ncomp: 1:38 2:277 3:303 4:98 5:15 6:1
depth  7 by ncomp: 1:34 2:503 3:1226 4:792 5:188 6:21 7:1
depth  8 by ncomp: 1:11 2:751 3:3767 4:4589 5:1895 6:329 7:29
depth  9 by ncomp: 3:14 4:46 5:24 6:3
depth 10 by ncomp: 3:26 4:164 5:157 6:38 7:3
depth 11 by ncomp: 3:27 4:508 5:879 6:352 7:56
depth 12 by ncomp: 3:42 4:1510 5:4268 6:2829 7:737
depth 13 by ncomp: 3:56 4:3831 5:18302 6:19677 7:8773
depth 14 by ncomp: 3:46 4:8655 5:70559 6:119677 7:87180
depth 15 by ncomp: 3:47 4:17598 5:243069 6:636408 7:775954
depth 16 by ncomp: 3:22 4:30951 5:744715 6:3002952 7:6191025
depth 17 by ncomp: 3:23 4:50187 5:2067366 6:12789540 7:40177029
depth 18 by ncomp: 3:7 4:73558 5:5237773 6:49652758 7:129469762
depth 19 by ncomp: 3:5 4:95003 5:12128588 6:176399382
depth 20 by ncomp: 3:1 4:108497 5:25597066
depth 21 by ncomp: 4:111421
depth 22 by ncomp:
depth 23 by ncomp:
depth 24 by ncomp:
