n=25 nodes=896625310 nsol=0 time=10003.41
depth: 0:1 1:1 2:2 3:8 4:41 5:184 6:732 7:2765 8:11371 9:116 10:625 11:3417 12:19141 13:109182 14:652820 15:4026429 16:25074652 17:132916793 18:377094451 19:317340545 20:39179421 21:192613 22:0 23:0 24:0
depth  0 by ncomp: 0:1
depth  1 by ncomp: 1:1
depth  2 by ncomp: 1:1 2:1
depth  3 by ncomp: 1:4 2:3 3:1
depth  4 by ncomp: 1:16 2:18 3:6 4:1
depth  5 by ncomp: 1:30 2:96 3:47 4:10 5:1
depth  6 by ncomp: 1:38 2:277 3:303 4:98 5:15 6:1
depth  7 by ncomp: 1:34 2:503 3:1226 4:792 5:188 6:21 7:1
depth  8 by ncomp: 1:11 2:751 3:3767 4:4589 5:1895 6:329 7:29
depth  9 by ncomp: 3:20 4:46 5:38 6:11 7:1
depth 10 by ncomp: 3:38 4:184 5:256 6:127 7:20
depth 11 by ncomp: 3:56 4:638 5:1384 6:1045 7:294
depth 12 by ncomp: 3:104 4:1934 5:6397 6:7170 7:3536
depth 13 by ncomp: 3:114 4:4976 5:26512 6:42959 7:34621
depth 14 by ncomp: 3:127 4:12011 5:100874 6:235578 7:304230
depth 15 by ncomp: 3:108 4:24826 5:346183 6:1176743 7:2478569
depth 16 by ncomp: 3:112 4:46936 5:1076692 6:5350188 7:18600724
depth 17 by ncomp: 3:65 4:78219 5:3036706 6:22291318 7:107510485
depth 18 by ncomp: 3:39 4:117532 5:7788992 6:85027847 7:284160041
depth 19 by ncomp: 3:10 4:154469 5:18253708 6:298932358
depth 20 by ncomp: 3:1 4:184176 5:38995244
depth 21 by ncomp: 4:192613
depth 22 by ncomp:
depth 23 by ncomp:
depth 24 by ncomp:
