n=25 nodes=1056166804 nsol=0 time=11213.99
depth: 0:1 1:1 2:2 3:8 4:41 5:184 6:732 7:2765 8:11371 9:148 10:695 11:3994 12:21068 13:117493 14:680652 15:4080693 16:24743422 17:130787031 18:397612697 19:417021902 20:80330320 21:751581 22:3 23:0 24:0
depth  0 by ncomp: 0:1
depth  1 by ncomp: 1:1
depth  2 by ncomp: 1:1 2:1
depth  3 by ncomp: 1:4 2:3 3:1
depth  4 by ncomp: 1:16 2:18 3:6 4:1
depth  5 by ncomp: 1:30 2:96 3:47 4:10 5:1
depth  6 by ncomp: 1:38 2:277 3:303 4:98 5:15 6:1
depth  7 by ncomp: 1:34 2:503 3:1226 4:792 5:188 6:21 7:1
depth  8 by ncomp: 1:11 2:751 3:3767 4:4589 5:1895 6:329 7:29
depth  9 by ncomp: 3:37 4:62 5:38 6:10 7:1
depth 10 by ncomp: 3:98 4:257 5:229 6:94 7:17
depth 11 by ncomp: 3:231 4:1111 5:1503 6:890 7:259
depth 12 by ncomp: 3:438 4:3584 5:7472 6:6542 7:3032
depth 13 by ncomp: 3:629 4:11132 5:33580 6:41624 7:30528
depth 14 by ncomp: 3:820 4:30033 5:137692 6:237413 7:274694
depth 15 by ncomp: 3:796 4:72563 5:514198 6:1236863 7:2256273
depth 16 by ncomp: 3:700 4:148502 5:1732410 6:5886184 7:16975626
depth 17 by ncomp: 3:491 4:267218 5:5274053 6:25779320 7:99465949
depth 18 by ncomp: 3:293 4:418876 5:14448161 6:103320372 7:279424995
depth 19 by ncomp: 3:161 4:573698 5:35739231 6:380708812
depth 20 by ncomp: 3:84 4:694025 5:79636211
depth 21 by ncomp: 3:16 4:751565
depth 22 by ncomp: 3:3
depth 23 by ncomp:
depth 24 by ncomp:
