n=25 nodes=794014697 nsol=0 time=7480.26
depth: 0:1 1:1 2:2 3:8 4:41 5:184 6:732 7:2765 8:11371 9:133 10:639 11:2943 12:15113 13:79761 14:435701 15:2463888 16:14350358 17:79250840 18:282276442 19:346119390 20:68471190 21:533193 22:1 23:0 24:0
depth  0 by ncomp: 0:1
depth  1 by ncomp: 1:1
depth  2 by ncomp: 1:1 2:1
depth  3 by ncomp: 1:4 2:3 3:1
depth  4 by ncomp: 1:16 2:18 3:6 4:1
depth  5 by ncomp: 1:30 2:96 3:47 4:10 5:1
depth  6 by ncomp: 1:38 2:277 3:303 4:98 5:15 6:1
depth  7 by ncomp: 1:34 2:503 3:1226 4:792 5:188 6:21 7:1
depth  8 by ncomp: 1:11 2:751 3:3767 4:4589 5:1895 6:329 7:29
depth  9 by ncomp: 3:37 4:71 5:23 6:2
depth 10 by ncomp: 3:92 4:304 5:205 6:36 7:2
depth 11 by ncomp: 3:185 4:1031 5:1256 6:420 7:51
depth 12 by ncomp: 3:329 4:3572 5:6590 6:3769 7:853
depth 13 by ncomp: 3:371 4:10170 5:30880 6:27597 7:10743
depth 14 by ncomp: 3:462 4:26092 5:126895 6:171832 7:110420
depth 15 by ncomp: 3:360 4:58157 5:466044 6:944112 7:995215
depth 16 by ncomp: 3:344 4:115044 5:1545296 6:4649185 7:8040489
depth 17 by ncomp: 3:233 4:200624 5:4627909 6:20850879 7:53571195
depth 18 by ncomp: 3:135 4:311207 5:12506351 6:84822445 7:184636304
depth 19 by ncomp: 3:69 4:421889 5:30668250 6:315029182
depth 20 by ncomp: 3:31 4:504344 5:67966815
depth 21 by ncomp: 3:11 4:533182
depth 22 by ncomp: 3:1
depth 23 by ncomp:
depth 24 by ncomp:
