n=25 nodes=1237265310 nsol=0 time=13469.55
depth: 0:1 1:1 2:2 3:8 4:41 5:184 6:732 7:2765 8:11371 9:183 10:926 11:4964 12:27190 13:165448 14:1061074 15:6975470 16:44108784 17:204620038 18:475202688 19:419349148 20:84513131 21:1221033 22:128 23:0 24:0
depth  0 by ncomp: 0:1
depth  1 by ncomp: 1:1
depth  2 by ncomp: 1:1 2:1
depth  3 by ncomp: 1:4 2:3 3:1
depth  4 by ncomp: 1:16 2:18 3:6 4:1
depth  5 by ncomp: 1:30 2:96 3:47 4:10 5:1
depth  6 by ncomp: 1:38 2:277 3:303 4:98 5:15 6:1
depth  7 by ncomp: 1:34 2:503 3:1226 4:792 5:188 6:21 7:1
depth  8 by ncomp: 1:11 2:751 3:3767 4:4589 5:1895 6:329 7:29
depth  9 by ncomp: 2:9 3:38 4:75 5:27 6:25 7:9
depth 10 by ncomp: 2:15 3:122 4:297 5:222 6:169 7:101
depth 11 by ncomp: 2:16 3:284 4:1177 5:1445 6:1087 7:955
depth 12 by ncomp: 2:8 3:541 4:3870 5:7490 6:7090 7:8191
depth 13 by ncomp: 2:3 3:960 4:11654 5:34080 6:46310 7:72441
depth 14 by ncomp: 2:2 3:1598 4:31634 5:140300 6:259431 7:628109
depth 15 by ncomp: 2:2 3:2089 4:75909 5:519789 6:1330676 7:5047005
depth 16 by ncomp: 3:2571 4:163462 5:1737761 6:6188679 7:36016311
depth 17 by ncomp: 3:2209 4:307742 5:5270652 6:26540089 7:172499346
depth 18 by ncomp: 3:1760 4:522319 5:14505691 6:104787071 7:355385847
depth 19 by ncomp: 3:992 4:790376 5:36521702 6:382036078
depth 20 by ncomp: 3:486 4:1038305 5:83474340
depth 21 by ncomp: 3:224 4:1220809
depth 22 by ncomp: 3:128
depth 23 by ncomp:
depth 24 by ncomp:
