n=25 nodes=744288424 nsol=0 time=7352.07
depth: 0:1 1:1 2:2 3:8 4:41 5:184 6:732 7:2765 8:11371 9:122 10:537 11:2655 12:14587 13:83020 14:490823 15:2997288 16:18614147 17:99804828 18:297079598 19:280392880 20:44400549 21:392280 22:5 23:0 24:0
depth  0 by ncomp: 0:1
depth  1 by ncomp: 1:1
depth  2 by ncomp: 1:1 2:1
depth  3 by ncomp: 1:4 2:3 3:1
depth  4 by ncomp: 1:16 2:18 3:6 4:1
depth  5 by ncomp: 1:30 2:96 3:47 4:10 5:1
depth  6 by ncomp: 1:38 2:277 3:303 4:98 5:15 6:1
depth  7 by ncomp: 1:34 2:503 3:1226 4:792 5:188 6:21 7:1
depth  8 by ncomp: 1:11 2:751 3:3767 4:4589 5:1895 6:329 7:29
depth  9 by ncomp: 2:1 3:22 4:54 5:36 6:8 7:1
depth 10 by ncomp: 2:4 3:60 4:192 5:193 6:74 7:14
depth 11 by ncomp: 3:103 4:675 5:1061 6:635 7:181
depth 12 by ncomp: 3:234 4:2096 5:5301 6:4738 7:2218
depth 13 by ncomp: 3:356 4:6093 5:23158 6:30843 7:22570
depth 14 by ncomp: 3:479 4:15329 5:91986 6:177641 7:205388
depth 15 by ncomp: 3:492 4:35000 5:327345 6:913177 7:1721274
depth 16 by ncomp: 3:458 4:70021 5:1062635 6:4287819 7:13193214
depth 17 by ncomp: 3:381 4:123883 5:3107510 6:18402259 7:78170795
depth 18 by ncomp: 3:282 4:198510 5:8256461 6:72216547 7:216407798
depth 19 by ncomp: 3:172 4:279199 5:19974616 6:260138893
depth 20 by ncomp: 3:82 4:353345 5:44047122
depth 21 by ncomp: 3:19 4:392261
depth 22 by ncomp: 3:5
depth 23 by ncomp:
depth 24 by ncomp:
