n=25 nodes=475321252 nsol=0 time=4707.85
depth: 0:1 1:1 2:2 3:8 4:41 5:184 6:732 7:2765 8:11371 9:92 10:414 11:1988 12:9710 13:49746 14:268936 15:1507504 16:8741508 17:47878286 18:169713809 19:205421432 20:41286209 21:426513 22:0 23:0 24:0
depth  0 by ncomp: 0:1
depth  1 by ncomp: 1:1
depth  2 by ncomp: 1:1 2:1
depth  3 by ncomp: 1:4 2:3 3:1
depth  4 by ncomp: 1:16 2:18 3:6 4:1
depth  5 by ncomp: 1:30 2:96 3:47 4:10 5:1
depth  6 by ncomp: 1:38 2:277 3:303 4:98 5:15 6:1
depth  7 by ncomp: 1:34 2:503 3:1226 4:792 5:188 6:21 7:1
depth  8 by ncomp: 1:11 2:751 3:3767 4:4589 5:1895 6:329 7:29
depth  9 by ncomp: 2:3 3:22 4:51 5:15 6:1
depth 10 by ncomp: 2:2 3:57 4:203 5:130 6:21 7:1
depth 11 by ncomp: 2:1 3:140 4:730 5:827 6:261 7:29
depth 12 by ncomp: 3:249 4:2313 5:4276 6:2364 7:508
depth 13 by ncomp: 3:312 4:6419 5:19622 6:17062 7:6331
depth 14 by ncomp: 3:494 4:16341 5:79456 6:106894 7:65751
depth 15 by ncomp: 3:699 4:37458 5:288069 6:585865 7:595413
depth 16 by ncomp: 3:636 4:75863 5:939147 6:2866374 7:4859488
depth 17 by ncomp: 3:476 4:136435 5:2777670 6:12611048 7:32352657
depth 18 by ncomp: 3:299 4:217523 5:7479262 6:50774019 7:111242706
depth 19 by ncomp: 3:109 4:307282 5:18329925 6:186784116
depth 20 by ncomp: 3:39 4:386979 5:40899191
depth 21 by ncomp: 3:5 4:426508
depth 22 by ncomp:
depth 23 by ncomp:
depth 24 by ncomp:
