n=25 nodes=50614960 nsol=0 time=403.45
depth: 0:1 1:1 2:2 3:8 4:41 5:184 6:732 7:2765 8:11371 9:29 10:89 11:265 12:928 13:4125 14:18059 15:89739 16:463388 17:2496879 18:11645146 19:25022722 20:10613502 21:244977 22:7 23:0 24:0
depth  0 by ncomp: 0:1
depth  1 by ncomp: 1:1
depth  2 by ncomp: 1:1 2:1
depth  3 by ncomp: 1:4 2:3 3:1
depth  4 by ncomp: 1:16 2:18 3:6 4:1
depth  5 by ncomp: 1:30 2:96 3:47 4:10 5:1
depth  6 by ncomp: 1:38 2:277 3:303 4:98 5:15 6:1
depth  7 by ncomp: 1:34 2:503 3:1226 4:792 5:188 6:21 7:1
depth  8 by ncomp: 1:11 2:751 3:3767 4:4589 5:1895 6:329 7:29
depth  9 by ncomp: 2:4 3:16 4:8 5:1
depth 10 by ncomp: 2:4 3:39 4:33 5:12 6:1
depth 11 by ncomp: 3:76 4:113 5:61 6:14 7:1
depth 12 by ncomp: 3:147 4:421 5:252 6:90 7:18
depth 13 by ncomp: 3:288 4:1587 5:1537 6:555 7:158
depth 14 by ncomp: 3:396 4:4593 5:7701 6:4091 7:1278
depth 15 by ncomp: 3:510 4:12100 5:35764 6:29696 7:11669
depth 16 by ncomp: 3:544 4:28001 5:140114 6:182152 7:112577
depth 17 by ncomp: 3:376 4:56677 5:493215 6:989510 7:957101
depth 18 by ncomp: 3:261 4:98342 5:1537646 6:4815894 7:5193003
depth 19 by ncomp: 3:161 4:151410 5:4239875 6:20631276
depth 20 by ncomp: 3:63 4:203450 5:10409989
depth 21 by ncomp: 3:26 4:244951
depth 22 by ncomp: 3:7
depth 23 by ncomp:
depth 24 by ncomp:
