n=25 nodes=463808610 nsol=0 time=4321.57
depth: 0:1 1:1 2:2 3:8 4:41 5:184 6:732 7:2765 8:11371 9:63 10:282 11:1409 12:7047 13:37330 14:208151 15:1204358 16:7279732 17:42162686 18:160955891 19:209305717 20:42244742 21:386088 22:9 23:0 24:0
depth  0 by ncomp: 0:1
depth  1 by ncomp: 1:1
depth  2 by ncomp: 1:1 2:1
depth  3 by ncomp: 1:4 2:3 3:1
depth  4 by ncomp: 1:16 2:18 3:6 4:1
depth  5 by ncomp: 1:30 2:96 3:47 4:10 5:1
depth  6 by ncomp: 1:38 2:277 3:303 4:98 5:15 6:1
depth  7 by ncomp: 1:34 2:503 3:1226 4:792 5:188 6:21 7:1
depth  8 by ncomp: 1:11 2:751 3:3767 4:4589 5:1895 6:329 7:29
depth  9 by ncomp: 2:3 3:25 4:26 5:8 6:1
depth 10 by ncomp: 2:3 3:70 4:121 5:73 6:14 7:1
depth 11 by ncomp: 2:1 3:138 4:561 5:524 6:163 7:22
depth 12 by ncomp: 3:247 4:1862 5:3035 6:1562 7:341
depth 13 by ncomp: 3:319 4:5342 5:15031 6:12248 7:4390
depth 14 by ncomp: 3:373 4:13826 5:64235 6:81861 7:47856
depth 15 by ncomp: 3:391 4:31033 5:242712 6:474519 7:455703
depth 16 by ncomp: 3:295 4:64586 5:842267 6:2474876 7:3897708
depth 17 by ncomp: 3:209 4:118650 5:2619056 6:11681067 7:27743704
depth 18 by ncomp: 3:137 4:191865 5:7303010 6:49545575 7:103915304
depth 19 by ncomp: 3:98 4:273250 5:18417460 6:190614909
depth 20 by ncomp: 3:44 4:344572 5:41900126
depth 21 by ncomp: 3:22 4:386066
depth 22 by ncomp: 3:9
depth 23 by ncomp:
depth 24 by ncomp:
