n=25 nodes=274887389 nsol=0 time=2848.58
depth: 0:1 1:1 2:2 3:8 4:41 5:184 6:732 7:2765 8:11371 9:57 10:268 11:1212 12:6018 13:33045 14:188680 15:1111405 16:6705224 17:36469710 18:113801325 19:103947200 20:12556900 21:51240 22:0 23:0 24:0
depth  0 by ncomp: 0:1
depth  1 by ncomp: 1:1
depth  2 by ncomp: 1:1 2:1
depth  3 by ncomp: 1:4 2:3 3:1
depth  4 by ncomp: 1:16 2:18 3:6 4:1
depth  5 by ncomp: 1:30 2:96 3:47 4:10 5:1
depth  6 by ncomp: 1:38 2:277 3:303 4:98 5:15 6:1
depth  7 by ncomp: 1:34 2:503 3:1226 4:792 5:188 6:21 7:1
depth  8 by ncomp: 1:11 2:751 3:3767 4:4589 5:1895 6:329 7:29
depth  9 by ncomp: 4:31 5:23 6:3
depth 10 by ncomp: 3:3 4:100 5:128 6:34 7:3
depth 11 by ncomp: 3:8 4:251 5:599 6:301 7:53
depth 12 by ncomp: 3:17 4:689 5:2547 6:2130 7:635
depth 13 by ncomp: 3:24 4:1687 5:10518 6:13808 7:7008
depth 14 by ncomp: 3:31 4:3811 5:38395 6:78833 7:67610
depth 15 by ncomp: 3:32 4:7803 5:127277 6:396089 7:580204
depth 16 by ncomp: 3:18 4:14498 5:384339 6:1804778 7:4501591
depth 17 by ncomp: 3:22 4:22978 5:1048011 6:7449951 7:27948748
depth 18 by ncomp: 3:7 4:33639 5:2620537 6:28163207 7:82983935
depth 19 by ncomp: 3:1 4:43932 5:5983180 6:97920087
depth 20 by ncomp: 4:50457 5:12506443
depth 21 by ncomp: 4:51240
depth 22 by ncomp:
depth 23 by ncomp:
depth 24 by ncomp:
