n=25 nodes=314782363 nsol=0 time=2598.65
depth: 0:1 1:1 2:2 3:8 4:41 5:184 6:732 7:2765 8:11371 9:73 10:305 11:1316 12:6350 13:33212 14:178587 15:1013426 16:5791333 17:31687466 18:110483156 19:134060216 20:30959101 21:552700 22:17 23:0 24:0
depth  0 by ncomp: 0:1
depth  1 by ncomp: 1:1
depth  2 by ncomp: 1:1 2:1
depth  3 by ncomp: 1:4 2:3 3:1
depth  4 by ncomp: 1:16 2:18 3:6 4:1
depth  5 by ncomp: 1:30 2:96 3:47 4:10 5:1
depth  6 by ncomp: 1:38 2:277 3:303 4:98 5:15 6:1
depth  7 by ncomp: 1:34 2:503 3:1226 4:792 5:188 6:21 7:1
depth  8 by ncomp: 1:11 2:751 3:3767 4:4589 5:1895 6:329 7:29
depth  9 by ncomp: 2:4 3:18 4:33 5:16 6:2
depth 10 by ncomp: 2:6 3:40 4:132 5:99 6:26 7:2
depth 11 by ncomp: 2:4 3:88 4:456 5:540 6:193 7:35
depth 12 by ncomp: 2:7 3:216 4:1387 5:2755 6:1571 7:414
depth 13 by ncomp: 2:1 3:461 4:4303 5:12626 6:11074 7:4747
depth 14 by ncomp: 3:785 4:10912 5:50777 6:70049 7:46064
depth 15 by ncomp: 3:1205 4:28113 5:183177 6:384360 7:416571
depth 16 by ncomp: 3:1209 4:60611 5:597857 6:1831003 7:3300653
depth 17 by ncomp: 3:976 4:122993 5:1822067 6:8076146 7:21665284
depth 18 by ncomp: 3:813 4:225773 5:5110359 6:32488634 7:72657577
depth 19 by ncomp: 3:425 4:345201 5:13089413 6:120625177
depth 20 by ncomp: 3:172 4:469625 5:30489304
depth 21 by ncomp: 3:63 4:552637
depth 22 by ncomp: 3:17
depth 23 by ncomp:
depth 24 by ncomp:
