n=25 nodes=740802649 nsol=0 time=7676.93
depth: 0:1 1:1 2:2 3:8 4:41 5:184 6:732 7:2765 8:11371 9:105 10:543 11:2946 12:17119 13:104079 14:655244 15:4181537 16:26555756 17:135246615 18:329372153 19:219501253 20:24995554 21:154640 22:0 23:0 24:0
depth  0 by ncomp: 0:1
depth  1 by ncomp: 1:1
depth  2 by ncomp: 1:1 2:1
depth  3 by ncomp: 1:4 2:3 3:1
depth  4 by ncomp: 1:16 2:18 3:6 4:1
depth  5 by ncomp: 1:30 2:96 3:47 4:10 5:1
depth  6 by ncomp: 1:38 2:277 3:303 4:98 5:15 6:1
depth  7 by ncomp: 1:34 2:503 3:1226 4:792 5:188 6:21 7:1
depth  8 by ncomp: 1:11 2:751 3:3767 4:4589 5:1895 6:329 7:29
depth  9 by ncomp: 2:1 3:16 4:15 5:53 6:18 7:2
depth 10 by ncomp: 3:39 4:72 5:233 6:167 7:32
depth 11 by ncomp: 3:66 4:293 5:936 6:1203 7:448
depth 12 by ncomp: 3:106 4:1087 5:3988 6:7205 7:4733
depth 13 by ncomp: 3:149 4:3165 5:16054 6:40464 7:44247
depth 14 by ncomp: 3:161 4:8939 5:61301 6:206444 7:378399
depth 15 by ncomp: 3:162 4:19296 5:207714 6:959878 7:2994487
depth 16 by ncomp: 3:190 4:38177 5:649474 6:4119963 7:21747952
depth 17 by ncomp: 3:109 4:68232 5:1874186 6:16432990 7:116871098
depth 18 by ncomp: 3:49 4:101339 5:4855973 6:60686198 7:263728594
depth 19 by ncomp: 3:20 4:135483 5:11473970 6:207891780
depth 20 by ncomp: 3:5 4:155695 5:24839854
depth 21 by ncomp: 3:1 4:154639
depth 22 by ncomp:
depth 23 by ncomp:
depth 24 by ncomp:
