n=25 nodes=207134747 nsol=0 time=2303.17
depth: 0:1 1:1 2:2 3:8 4:41 5:184 6:732 7:2765 8:11371 9:53 10:246 11:1073 12:5193 13:25767 14:141278 15:791509 16:4621273 17:24735493 18:78997691 19:79876040 20:17274129 21:649717 22:180 23:0 24:0
depth  0 by ncomp: 0:1
depth  1 by ncomp: 1:1
depth  2 by ncomp: 1:1 2:1
depth  3 by ncomp: 1:4 2:3 3:1
depth  4 by ncomp: 1:16 2:18 3:6 4:1
depth  5 by ncomp: 1:30 2:96 3:47 4:10 5:1
depth  6 by ncomp: 1:38 2:277 3:303 4:98 5:15 6:1
depth  7 by ncomp: 1:34 2:503 3:1226 4:792 5:188 6:21 7:1
depth  8 by ncomp: 1:11 2:751 3:3767 4:4589 5:1895 6:329 7:29
depth  9 by ncomp: 2:5 3:14 4:20 5:12 6:2
depth 10 by ncomp: 2:13 3:39 4:96 5:81 6:16 7:1
depth 11 by ncomp: 2:3 3:68 4:274 5:498 6:204 7:26
depth 12 by ncomp: 2:3 3:168 4:757 5:2216 6:1635 7:414
depth 13 by ncomp: 2:1 3:349 4:2194 5:8399 6:10109 7:4715
depth 14 by ncomp: 2:1 3:687 4:5981 5:31549 6:57718 7:45342
depth 15 by ncomp: 2:2 3:1205 4:15430 5:103927 6:285278 7:385667
depth 16 by ncomp: 3:1602 4:35482 5:325154 6:1287833 7:2971202
depth 17 by ncomp: 3:2271 4:84360 5:964901 6:5310827 7:18373134
depth 18 by ncomp: 3:1836 4:171280 5:2733842 6:20487788 7:55602945
depth 19 by ncomp: 3:1430 4:297610 5:7028373 6:72548627
depth 20 by ncomp: 3:819 4:466766 5:16806544
depth 21 by ncomp: 3:443 4:649274
depth 22 by ncomp: 3:180
depth 23 by ncomp:
depth 24 by ncomp:
