n=25 nodes=205110 nsol=0 time=6.72
depth: 0:1 1:1 2:2 3:8 4:41 5:184 6:732 7:2765 8:11371 9:32 10:51 11:158 12:385 13:904 14:2532 15:10395 16:42329 17:82532 18:46951 19:3710 20:26 21:0 22:0 23:0 24:0
depth  0 by ncomp: 0:1
depth  1 by ncomp: 1:1
depth  2 by ncomp: 1:1 2:1
depth  3 by ncomp: 1:4 2:3 3:1
depth  4 by ncomp: 1:16 2:18 3:6 4:1
depth  5 by ncomp: 1:30 2:96 3:47 4:10 5:1
depth  6 by ncomp: 1:38 2:277 3:303 4:98 5:15 6:1
depth  7 by ncomp: 1:34 2:503 3:1226 4:792 5:188 6:21 7:1
depth  8 by ncomp: 1:11 2:751 3:3767 4:4589 5:1895 6:329 7:29
depth  9 by ncomp: 3:3 4:12 5:15 6:2
depth 10 by ncomp: 3:1 4:9 5:21 6:18 7:2
depth 11 by ncomp: 4:7 5:41 6:79 7:31
depth 12 by ncomp: 4:3 5:40 6:154 7:188
depth 13 by ncomp: 5:19 6:170 7:715
depth 14 by ncomp: 5:20 6:243 7:2269
depth 15 by ncomp: 5:6 6:388 7:10001
depth 16 by ncomp: 5:8 6:650 7:41671
depth 17 by ncomp: 5:16 6:1120 7:81396
depth 18 by ncomp: 5:22 6:2507 7:44422
depth 19 by ncomp: 5:11 6:3699
depth 20 by ncomp: 5:26
depth 21 by ncomp:
depth 22 by ncomp:
depth 23 by ncomp:
depth 24 by ncomp:
