n=25 nodes=180087368 nsol=0 time=1407.68
depth: 0:1 1:1 2:2 3:8 4:41 5:184 6:732 7:2765 8:11371 9:39 10:151 11:688 12:3218 13:14335 14:76665 15:415637 16:2316557 17:12935954 18:53604870 19:86243557 20:24139770 21:320819 22:3 23:0 24:0
depth  0 by ncomp: 0:1
depth  1 by ncomp: 1:1
depth  2 by ncomp: 1:1 2:1
depth  3 by ncomp: 1:4 2:3 3:1
depth  4 by ncomp: 1:16 2:18 3:6 4:1
depth  5 by ncomp: 1:30 2:96 3:47 4:10 5:1
depth  6 by ncomp: 1:38 2:277 3:303 4:98 5:15 6:1
depth  7 by ncomp: 1:34 2:503 3:1226 4:792 5:188 6:21 7:1
depth  8 by ncomp: 1:11 2:751 3:3767 4:4589 5:1895 6:329 7:29
depth  9 by ncomp: 2:1 3:21 4:15 5:2
depth 10 by ncomp: 3:48 4:78 5:23 6:2
depth 11 by ncomp: 3:114 4:344 5:194 6:34 7:2
depth 12 by ncomp: 3:215 4:1260 5:1286 6:407 7:50
depth 13 by ncomp: 3:289 4:3492 5:6282 6:3471 7:801
depth 14 by ncomp: 3:471 4:10357 5:30463 6:25720 7:9654
depth 15 by ncomp: 3:548 4:24898 5:124246 6:164363 7:101582
depth 16 by ncomp: 3:462 4:52889 5:442869 6:902999 7:917338
depth 17 by ncomp: 3:363 4:97319 5:1407067 6:4412891 7:7018314
depth 18 by ncomp: 3:201 4:161211 5:4035587 6:19238983 7:30168888
depth 19 by ncomp: 3:104 4:230197 5:10345125 6:75668131
depth 20 by ncomp: 3:36 4:289175 5:23850559
depth 21 by ncomp: 3:17 4:320802
depth 22 by ncomp: 3:3
depth 23 by ncomp:
depth 24 by ncomp:
