n=25 nodes=572137468 nsol=0 time=6677.67
depth: 0:1 1:1 2:2 3:8 4:41 5:184 6:732 7:2765 8:11371 9:93 10:447 11:2274 12:11955 13:68841 14:410593 15:2509407 16:15508761 17:80018714 18:221114077 19:209972905 20:41985648 21:518645 22:3 23:0 24:0
depth  0 by ncomp: 0:1
depth  1 by ncomp: 1:1
depth  2 by ncomp: 1:1 2:1
depth  3 by ncomp: 1:4 2:3 3:1
depth  4 by ncomp: 1:16 2:18 3:6 4:1
depth  5 by ncomp: 1:30 2:96 3:47 4:10 5:1
depth  6 by ncomp: 1:38 2:277 3:303 4:98 5:15 6:1
depth  7 by ncomp: 1:34 2:503 3:1226 4:792 5:188 6:21 7:1
depth  8 by ncomp: 1:11 2:751 3:3767 4:4589 5:1895 6:329 7:29
depth  9 by ncomp: 2:4 3:30 4:25 5:25 6:8 7:1
depth 10 by ncomp: 3:80 4:128 5:141 6:82 7:16
depth 11 by ncomp: 2:2 3:181 4:604 5:678 6:597 7:212
depth 12 by ncomp: 3:332 4:2086 5:3436 6:3855 7:2246
depth 13 by ncomp: 3:501 4:6678 5:16327 6:23677 7:21658
depth 14 by ncomp: 3:668 4:17819 5:69027 6:130809 7:192270
depth 15 by ncomp: 3:720 4:42077 5:259581 6:661713 7:1545316
depth 16 by ncomp: 3:600 4:86386 5:880395 6:3089925 7:11451455
depth 17 by ncomp: 3:485 4:155211 5:2680836 6:13265619 7:63916563
depth 18 by ncomp: 3:296 4:247345 5:7373841 6:52475054 7:161017541
depth 19 by ncomp: 3:136 4:355586 5:18354244 6:191262939
depth 20 by ncomp: 3:48 4:454023 5:41531577
depth 21 by ncomp: 3:11 4:518634
depth 22 by ncomp: 3:3
depth 23 by ncomp:
depth 24 by ncomp:
