n=25 nodes=522421008 nsol=0 time=4984.36
depth: 0:1 1:1 2:2 3:8 4:41 5:184 6:732 7:2765 8:11371 9:105 10:416 11:2041 12:10982 13:57546 14:332137 15:1932875 16:11505471 17:63112786 18:206826288 19:208905558 20:29581108 21:138590 22:0 23:0 24:0
depth  0 by ncomp: 0:1
depth  1 by ncomp: 1:1
depth  2 by ncomp: 1:1 2:1
depth  3 by ncomp: 1:4 2:3 3:1
depth  4 by ncomp: 1:16 2:18 3:6 4:1
depth  5 by ncomp: 1:30 2:96 3:47 4:10 5:1
depth  6 by ncomp: 1:38 2:277 3:303 4:98 5:15 6:1
depth  7 by ncomp: 1:34 2:503 3:1226 4:792 5:188 6:21 7:1
depth  8 by ncomp: 1:11 2:751 3:3767 4:4589 5:1895 6:329 7:29
depth  9 by ncomp: 3:13 4:56 5:32 6:4
depth 10 by ncomp: 3:22 4:166 5:175 6:49 7:4
depth 11 by ncomp: 3:60 4:574 5:943 6:395 7:69
depth 12 by ncomp: 3:98 4:1766 5:4806 6:3382 7:930
depth 13 by ncomp: 3:109 4:4446 5:20063 6:22495 7:10433
depth 14 by ncomp: 3:140 4:10706 5:78200 6:136635 7:106456
depth 15 by ncomp: 3:94 4:21572 5:266282 6:711311 7:933616
depth 16 by ncomp: 3:53 4:38684 5:821627 6:3312835 7:7332272
depth 17 by ncomp: 3:15 4:61991 5:2310307 6:14067556 7:46672917
depth 18 by ncomp: 3:14 4:90745 5:5926271 6:54734196 7:146075062
depth 19 by ncomp: 3:2 4:117005 5:13811133 6:194977418
depth 20 by ncomp: 4:134827 5:29446281
depth 21 by ncomp: 4:138590
depth 22 by ncomp:
depth 23 by ncomp:
depth 24 by ncomp:
