n=25 nodes=188026987 nsol=0 time=1728.68
depth: 0:1 1:1 2:2 3:8 4:41 5:184 6:732 7:2765 8:11371 9:46 10:202 11:792 12:3853 13:20464 14:112509 15:643936 16:3772580 17:20364770 18:67874417 19:76917117 20:17870152 21:431017 22:27 23:0 24:0
depth  0 by ncomp: 0:1
depth  1 by ncomp: 1:1
depth  2 by ncomp: 1:1 2:1
depth  3 by ncomp: 1:4 2:3 3:1
depth  4 by ncomp: 1:16 2:18 3:6 4:1
depth  5 by ncomp: 1:30 2:96 3:47 4:10 5:1
depth  6 by ncomp: 1:38 2:277 3:303 4:98 5:15 6:1
depth  7 by ncomp: 1:34 2:503 3:1226 4:792 5:188 6:21 7:1
depth  8 by ncomp: 1:11 2:751 3:3767 4:4589 5:1895 6:329 7:29
depth  9 by ncomp: 2:1 3:9 4:19 5:9 6:7 7:1
depth 10 by ncomp: 2:1 3:32 4:42 5:66 6:46 7:15
depth 11 by ncomp: 2:7 3:76 4:172 5:261 6:176 7:100
depth 12 by ncomp: 2:4 3:191 4:661 5:1249 6:1060 7:688
depth 13 by ncomp: 2:1 3:312 4:2144 5:6010 6:6872 7:5125
depth 14 by ncomp: 3:513 4:6057 5:24087 6:40205 7:41647
depth 15 by ncomp: 3:670 4:15688 5:91401 6:213147 7:323030
depth 16 by ncomp: 3:797 4:36285 5:309315 6:1026482 7:2399701
depth 17 by ncomp: 3:743 4:75000 5:974282 6:4550161 7:14764584
depth 18 by ncomp: 3:481 4:139258 5:2791734 6:18502842 7:46440102
depth 19 by ncomp: 3:334 4:228841 5:7331944 6:69355998
depth 20 by ncomp: 3:175 4:331738 5:17538239
depth 21 by ncomp: 3:101 4:430916
depth 22 by ncomp: 3:27
depth 23 by ncomp:
depth 24 by ncomp:
