n=25 nodes=966142494 nsol=0 time=8628.06
depth: 0:1 1:1 2:2 3:8 4:41 5:184 6:732 7:2765 8:11371 9:128 10:638 11:3262 12:16748 13:93744 14:546816 15:3236381 16:19471247 17:108076629 18:370476411 19:402435631 20:61453689 21:316065 22:0 23:0 24:0
depth  0 by ncomp: 0:1
depth  1 by ncomp: 1:1
depth  2 by ncomp: 1:1 2:1
depth  3 by ncomp: 1:4 2:3 3:1
depth  4 by ncomp: 1:16 2:18 3:6 4:1
depth  5 by ncomp: 1:30 2:96 3:47 4:10 5:1
depth  6 by ncomp: 1:38 2:277 3:303 4:98 5:15 6:1
depth  7 by ncomp: 1:34 2:503 3:1226 4:792 5:188 6:21 7:1
depth  8 by ncomp: 1:11 2:751 3:3767 4:4589 5:1895 6:329 7:29
depth  9 by ncomp: 2:1 3:11 4:69 5:41 6:6
depth 10 by ncomp: 2:1 3:37 4:279 5:255 6:61 7:5
depth 11 by ncomp: 3:72 4:914 5:1541 6:633 7:102
depth 12 by ncomp: 3:110 4:2886 5:7456 6:4953 7:1343
depth 13 by ncomp: 3:159 4:8535 5:34794 6:35000 7:15256
depth 14 by ncomp: 3:178 4:21048 5:144326 6:224611 7:156653
depth 15 by ncomp: 3:296 4:44086 5:513692 6:1238089 7:1440218
depth 16 by ncomp: 3:212 4:86556 5:1655359 6:6018273 7:11710847
depth 17 by ncomp: 3:118 4:143815 5:4730646 6:26217275 7:76984775
depth 18 by ncomp: 3:45 4:209875 5:12209391 6:103525899 7:254531201
depth 19 by ncomp: 3:16 4:271769 5:28672683 6:373491163
depth 20 by ncomp: 3:2 4:309838 5:61143849
depth 21 by ncomp: 4:316065
depth 22 by ncomp:
depth 23 by ncomp:
depth 24 by ncomp:
