n=25 nodes=363931380 nsol=0 time=4500.77
depth: 0:1 1:1 2:2 3:8 4:41 5:184 6:732 7:2765 8:11371 9:70 10:266 11:1435 12:7249 13:38677 14:210310 15:1185405 16:6950868 17:38594845 18:135569736 19:155400792 20:25824920 21:131702 22:0 23:0 24:0
depth  0 by ncomp: 0:1
depth  1 by ncomp: 1:1
depth  2 by ncomp: 1:1 2:1
depth  3 by ncomp: 1:4 2:3 3:1
depth  4 by ncomp: 1:16 2:18 3:6 4:1
depth  5 by ncomp: 1:30 2:96 3:47 4:10 5:1
depth  6 by ncomp: 1:38 2:277 3:303 4:98 5:15 6:1
depth  7 by ncomp: 1:34 2:503 3:1226 4:792 5:188 6:21 7:1
depth  8 by ncomp: 1:11 2:751 3:3767 4:4589 5:1895 6:329 7:29
depth  9 by ncomp: 2:1 3:22 4:30 5:15 6:2
depth 10 by ncomp: 3:25 4:131 5:86 6:22 7:2
depth 11 by ncomp: 3:40 4:513 5:639 6:209 7:34
depth 12 by ncomp: 3:57 4:1542 5:3366 6:1858 7:426
depth 13 by ncomp: 3:43 4:4100 5:15468 6:13849 7:5217
depth 14 by ncomp: 3:62 4:8983 5:59562 6:86629 7:55074
depth 15 by ncomp: 3:58 4:18629 5:207622 6:463471 7:495625
depth 16 by ncomp: 3:40 4:34829 5:660989 6:2252443 7:4002567
depth 17 by ncomp: 3:24 4:57196 5:1889992 6:9877561 7:26770072
depth 18 by ncomp: 3:16 4:85383 5:4942255 6:39305377 7:91236705
depth 19 by ncomp: 3:10 4:111517 5:11769890 6:143519375
depth 20 by ncomp: 3:9 4:129052 5:25695859
depth 21 by ncomp: 3:2 4:131700
depth 22 by ncomp:
depth 23 by ncomp:
depth 24 by ncomp:
