n=25 nodes=474816484 nsol=0 time=4723.55
depth: 0:1 1:1 2:2 3:8 4:41 5:184 6:732 7:2765 8:11371 9:65 10:350 11:2072 12:12183 13:71232 14:432232 15:2694204 16:16819877 17:85686960 18:212685944 19:142312404 20:14018914 21:64942 22:0 23:0 24:0
depth  0 by ncomp: 0:1
depth  1 by ncomp: 1:1
depth  2 by ncomp: 1:1 2:1
depth  3 by ncomp: 1:4 2:3 3:1
depth  4 by ncomp: 1:16 2:18 3:6 4:1
depth  5 by ncomp: 1:30 2:96 3:47 4:10 5:1
depth  6 by ncomp: 1:38 2:277 3:303 4:98 5:15 6:1
depth  7 by ncomp: 1:34 2:503 3:1226 4:792 5:188 6:21 7:1
depth  8 by ncomp: 1:11 2:751 3:3767 4:4589 5:1895 6:329 7:29
depth  9 by ncomp: 3:8 4:12 5:34 6:10 7:1
depth 10 by ncomp: 3:14 4:43 5:163 6:111 7:19
depth 11 by ncomp: 3:39 4:188 5:728 6:835 7:282
depth 12 by ncomp: 3:82 4:770 5:3100 6:5123 7:3108
depth 13 by ncomp: 3:61 4:2155 5:12024 6:28053 7:28939
depth 14 by ncomp: 3:49 4:5051 5:43119 6:141362 7:242651
depth 15 by ncomp: 3:25 4:10425 5:142656 6:652176 7:1888922
depth 16 by ncomp: 3:10 4:19107 5:431104 6:2782767 7:13586889
depth 17 by ncomp: 3:8 4:30685 5:1193581 6:11023946 7:73438740
depth 18 by ncomp: 3:4 4:44049 5:2971664 6:40218837 7:169451390
depth 19 by ncomp: 3:2 4:55204 5:6736801 6:135520397
depth 20 by ncomp: 3:1 4:62523 5:13956390
depth 21 by ncomp: 4:64942
depth 22 by ncomp:
depth 23 by ncomp:
depth 24 by ncomp:
