n=25 nodes=1142485227 nsol=0 time=11878.11
depth: 0:1 1:1 2:2 3:8 4:41 5:184 6:732 7:2765 8:11371 9:179 10:959 11:5027 12:26805 13:151163 14:881338 15:5322729 16:32701067 17:172419616 18:483584663 19:393933469 20:52530501 21:912455 22:151 23:0 24:0
depth  0 by ncomp: 0:1
depth  1 by ncomp: 1:1
depth  2 by ncomp: 1:1 2:1
depth  3 by ncomp: 1:4 2:3 3:1
depth  4 by ncomp: 1:16 2:18 3:6 4:1
depth  5 by ncomp: 1:30 2:96 3:47 4:10 5:1
depth  6 by ncomp: 1:38 2:277 3:303 4:98 5:15 6:1
depth  7 by ncomp: 1:34 2:503 3:1226 4:792 5:188 6:21 7:1
depth  8 by ncomp: 1:11 2:751 3:3767 4:4589 5:1895 6:329 7:29
depth  9 by ncomp: 3:17 4:79 5:68 6:14 7:1
depth 10 by ncomp: 2:4 3:43 4:286 5:439 6:165 7:22
depth 11 by ncomp: 2:6 3:89 4:883 5:2221 6:1473 7:355
depth 12 by ncomp: 2:1 3:195 4:2313 5:9742 6:10211 7:4343
depth 13 by ncomp: 3:397 4:6169 5:37970 6:62088 7:44539
depth 14 by ncomp: 3:717 4:15131 5:134984 6:331728 7:398778
depth 15 by ncomp: 3:1126 4:33698 5:442246 6:1604025 7:3241634
depth 16 by ncomp: 3:1552 4:72585 5:1341426 6:7085407 7:24200097
depth 17 by ncomp: 3:1833 4:143369 5:3741136 6:28690026 7:139843252
depth 18 by ncomp: 3:1852 4:264233 5:9697778 6:107060606 7:366560194
depth 19 by ncomp: 3:1409 4:444203 5:23261599 6:370226258
depth 20 by ncomp: 3:749 4:676698 5:51853054
depth 21 by ncomp: 3:372 4:912083
depth 22 by ncomp: 3:151
depth 23 by ncomp:
depth 24 by ncomp:
