n=25 nodes=581358394 nsol=0 time=4519.71
depth: 0:1 1:1 2:2 3:8 4:41 5:184 6:732 7:2765 8:11371 9:93 10:376 11:1876 12:9685 13:53022 14:293212 15:1665545 16:9705808 17:54358966 18:203316034 19:260619806 20:50895597 21:423260 22:9 23:0 24:0
depth  0 by ncomp: 0:1
depth  1 by ncomp: 1:1
depth  2 by ncomp: 1:1 2:1
depth  3 by ncomp: 1:4 2:3 3:1
depth  4 by ncomp: 1:16 2:18 3:6 4:1
depth  5 by ncomp: 1:30 2:96 3:47 4:10 5:1
depth  6 by ncomp: 1:38 2:277 3:303 4:98 5:15 6:1
depth  7 by ncomp: 1:34 2:503 3:1226 4:792 5:188 6:21 7:1
depth  8 by ncomp: 1:11 2:751 3:3767 4:4589 5:1895 6:329 7:29
depth  9 by ncomp: 2:5 3:26 4:40 5:14 6:7 7:1
depth 10 by ncomp: 2:3 3:54 4:176 5:112 6:23 7:8
depth 11 by ncomp: 2:2 3:133 4:739 5:739 6:230 7:33
depth 12 by ncomp: 3:236 4:2631 5:4299 6:2064 7:455
depth 13 by ncomp: 3:334 4:7845 5:22367 6:16793 7:5683
depth 14 by ncomp: 3:397 4:20168 5:97069 6:114080 7:61498
depth 15 by ncomp: 3:409 4:44250 5:362111 6:667672 7:591103
depth 16 by ncomp: 3:383 4:86859 5:1198660 6:3408448 7:5011458
depth 17 by ncomp: 3:280 4:147881 5:3562814 6:15515413 7:35132578
depth 18 by ncomp: 3:209 4:226283 5:9531768 6:63740440 7:129817334
depth 19 by ncomp: 3:116 4:307799 5:23052722 6:237259169
depth 20 by ncomp: 3:56 4:378642 5:50516899
depth 21 by ncomp: 3:43 4:423217
depth 22 by ncomp: 3:9
depth 23 by ncomp:
depth 24 by ncomp:
