n=25 nodes=656594281 nsol=0 time=8683.73
depth: 0:1 1:1 2:2 3:8 4:41 5:184 6:732 7:2765 8:11371 9:90 10:439 11:2373 12:14155 13:83491 14:495337 15:3042956 16:18859034 17:98455971 18:272457535 19:230951841 20:32008956 21:206998 22:0 23:0 24:0
depth  0 by ncomp: 0:1
depth  1 by ncomp: 1:1
depth  2 by ncomp: 1:1 2:1
depth  3 by ncomp: 1:4 2:3 3:1
depth  4 by ncomp: 1:16 2:18 3:6 4:1
depth  5 by ncomp: 1:30 2:96 3:47 4:10 5:1
depth  6 by ncomp: 1:38 2:277 3:303 4:98 5:15 6:1
depth  7 by ncomp: 1:34 2:503 3:1226 4:792 5:188 6:21 7:1
depth  8 by ncomp: 1:11 2:751 3:3767 4:4589 5:1895 6:329 7:29
depth  9 by ncomp: 2:1 3:10 4:35 5:33 6:10 7:1
depth 10 by ncomp: 3:25 4:135 5:173 6:89 7:17
depth 11 by ncomp: 3:42 4:493 5:937 6:688 7:213
depth 12 by ncomp: 3:66 4:1670 5:4839 6:5049 7:2531
depth 13 by ncomp: 3:99 4:4498 5:20875 6:32094 7:25925
depth 14 by ncomp: 3:96 4:10489 5:78551 6:175119 7:231082
depth 15 by ncomp: 3:125 4:22679 5:270041 6:869402 7:1880709
depth 16 by ncomp: 3:92 4:43805 5:839199 6:3923184 7:14052754
depth 17 by ncomp: 3:57 4:76427 5:2385068 6:16187069 7:79807350
depth 18 by ncomp: 3:36 4:118075 5:6202538 6:61530175 7:204606711
depth 19 by ncomp: 3:19 4:160454 5:14703093 6:216088275
depth 20 by ncomp: 3:3 4:194375 5:31814578
depth 21 by ncomp: 3:2 4:206996
depth 22 by ncomp:
depth 23 by ncomp:
depth 24 by ncomp:
