n=25 nodes=1012350688 nsol=0 time=10569.74
depth: 0:1 1:1 2:2 3:8 4:41 5:184 6:732 7:2765 8:11371 9:149 10:800 11:4237 12:23155 13:131397 14:773092 15:4669071 16:28631340 17:150604088 18:426010124 19:357205090 20:44057362 21:225678 22:0 23:0 24:0
depth  0 by ncomp: 0:1
depth  1 by ncomp: 1:1
depth  2 by ncomp: 1:1 2:1
depth  3 by ncomp: 1:4 2:3 3:1
depth  4 by ncomp: 1:16 2:18 3:6 4:1
depth  5 by ncomp: 1:30 2:96 3:47 4:10 5:1
depth  6 by ncomp: 1:38 2:277 3:303 4:98 5:15 6:1
depth  7 by ncomp: 1:34 2:503 3:1226 4:792 5:188 6:21 7:1
depth  8 by ncomp: 1:11 2:751 3:3767 4:4589 5:1895 6:329 7:29
depth  9 by ncomp: 3:24 4:61 5:51 6:12 7:1
depth 10 by ncomp: 3:42 4:259 5:344 6:135 7:20
depth 11 by ncomp: 3:43 4:897 5:1783 6:1205 7:309
depth 12 by ncomp: 3:65 4:2514 5:8264 6:8545 7:3767
depth 13 by ncomp: 3:99 4:6180 5:34003 6:52624 7:38491
depth 14 by ncomp: 3:85 4:14134 5:124495 6:286890 7:347488
depth 15 by ncomp: 3:95 4:28835 5:416854 6:1402259 7:2821028
depth 16 by ncomp: 3:82 4:52609 5:1265386 6:6271396 7:21041867
depth 17 by ncomp: 3:38 4:87602 5:3504540 6:25686260 7:121325648
depth 18 by ncomp: 3:26 4:131083 5:8886655 6:96709906 7:320282454
depth 19 by ncomp: 3:12 4:176779 5:20651919 6:336376380
depth 20 by ncomp: 3:2 4:211276 5:43846084
depth 21 by ncomp: 4:225678
depth 22 by ncomp:
depth 23 by ncomp:
depth 24 by ncomp:
