n=25 nodes=515680364 nsol=0 time=5458.21
depth: 0:1 1:1 2:2 3:8 4:41 5:184 6:732 7:2765 8:11371 9:116 10:424 11:2004 12:10640 13:60309 14:354193 15:2172935 16:13545571 17:71190294 18:202985373 19:190438204 20:34526429 21:378756 22:11 23:0 24:0
depth  0 by ncomp: 0:1
depth  1 by ncomp: 1:1
depth  2 by ncomp: 1:1 2:1
depth  3 by ncomp: 1:4 2:3 3:1
depth  4 by ncomp: 1:16 2:18 3:6 4:1
depth  5 by ncomp: 1:30 2:96 3:47 4:10 5:1
depth  6 by ncomp: 1:38 2:277 3:303 4:98 5:15 6:1
depth  7 by ncomp: 1:34 2:503 3:1226 4:792 5:188 6:21 7:1
depth  8 by ncomp: 1:11 2:751 3:3767 4:4589 5:1895 6:329 7:29
depth  9 by ncomp: 3:42 4:41 5:17 6:14 7:2
depth 10 by ncomp: 3:81 4:160 5:101 6:59 7:23
depth 11 by ncomp: 3:148 4:625 5:600 6:423 7:208
depth 12 by ncomp: 3:279 4:2124 5:3198 6:2987 7:2052
depth 13 by ncomp: 3:423 4:6289 5:15503 6:18910 7:19184
depth 14 by ncomp: 3:505 4:15881 5:64202 6:109814 7:163791
depth 15 by ncomp: 3:557 4:34923 5:237292 6:577079 7:1323084
depth 16 by ncomp: 3:527 4:69134 5:783129 6:2766535 7:9926246
depth 17 by ncomp: 3:408 4:121638 5:2325731 6:12063852 7:56678665
depth 18 by ncomp: 3:263 4:195753 5:6277821 6:47983493 7:148528043
depth 19 by ncomp: 3:166 4:275669 5:15349486 6:174812883
depth 20 by ncomp: 3:64 4:342803 5:34183562
depth 21 by ncomp: 3:10 4:378746
depth 22 by ncomp: 3:11
depth 23 by ncomp:
depth 24 by ncomp:
