n=25 nodes=426831190 nsol=0 time=4051.63
depth: 0:1 1:1 2:2 3:8 4:41 5:184 6:732 7:2765 8:11371 9:74 10:321 11:1642 12:8875 13:47916 14:271535 15:1565890 16:9325135 17:51302988 18:168968254 19:170951067 20:24245289 21:127099 22:0 23:0 24:0
depth  0 by ncomp: 0:1
depth  1 by ncomp: 1:1
depth  2 by ncomp: 1:1 2:1
depth  3 by ncomp: 1:4 2:3 3:1
depth  4 by ncomp: 1:16 2:18 3:6 4:1
depth  5 by ncomp: 1:30 2:96 3:47 4:10 5:1
depth  6 by ncomp: 1:38 2:277 3:303 4:98 5:15 6:1
depth  7 by ncomp: 1:34 2:503 3:1226 4:792 5:188 6:21 7:1
depth  8 by ncomp: 1:11 2:751 3:3767 4:4589 5:1895 6:329 7:29
depth  9 by ncomp: 3:12 4:42 5:18 6:2
depth 10 by ncomp: 3:14 4:140 5:135 6:30 7:2
depth 11 by ncomp: 3:31 4:492 5:780 6:297 7:42
depth 12 by ncomp: 3:43 4:1378 5:4045 6:2726 7:683
depth 13 by ncomp: 3:51 4:3516 5:17173 6:18919 7:8257
depth 14 by ncomp: 3:95 4:7899 5:65377 6:114130 7:84034
depth 15 by ncomp: 3:75 4:16356 5:219557 6:589377 7:740525
depth 16 by ncomp: 3:80 4:30009 5:676438 6:2754898 7:5863710
depth 17 by ncomp: 3:86 4:50180 5:1883863 6:11629000 7:37739859
depth 18 by ncomp: 3:42 4:75121 5:4822990 6:44918025 7:119152076
depth 19 by ncomp: 3:9 4:100182 5:11275402 6:159575474
depth 20 by ncomp: 3:3 4:119760 5:24125526
depth 21 by ncomp: 3:4 4:127095
depth 22 by ncomp:
depth 23 by ncomp:
depth 24 by ncomp:
