n=25 nodes=373435273 nsol=0 time=3211.24
depth: 0:1 1:1 2:2 3:8 4:41 5:184 6:732 7:2765 8:11371 9:55 10:278 11:1393 12:6800 13:35747 14:194986 15:1111748 16:6561229 17:36351521 18:129521211 19:162140539 20:36944725 21:549925 22:11 23:0 24:0
depth  0 by ncomp: 0:1
depth  1 by ncomp: 1:1
depth  2 by ncomp: 1:1 2:1
depth  3 by ncomp: 1:4 2:3 3:1
depth  4 by ncomp: 1:16 2:18 3:6 4:1
depth  5 by ncomp: 1:30 2:96 3:47 4:10 5:1
depth  6 by ncomp: 1:38 2:277 3:303 4:98 5:15 6:1
depth  7 by ncomp: 1:34 2:503 3:1226 4:792 5:188 6:21 7:1
depth  8 by ncomp: 1:11 2:751 3:3767 4:4589 5:1895 6:329 7:29
depth  9 by ncomp: 2:2 3:14 4:29 5:9 6:1
depth 10 by ncomp: 2:4 3:48 4:122 5:87 6:16 7:1
depth 11 by ncomp: 2:8 3:138 4:467 5:564 6:192 7:24
depth 12 by ncomp: 2:3 3:292 4:1509 5:2887 6:1716 7:393
depth 13 by ncomp: 2:1 3:546 4:4721 5:13304 6:12290 7:4885
depth 14 by ncomp: 3:831 4:12866 5:55219 6:75966 7:50104
depth 15 by ncomp: 3:1213 4:32642 5:207506 6:419569 7:450818
depth 16 by ncomp: 3:1397 4:73671 5:714754 6:2096182 7:3675225
depth 17 by ncomp: 3:1370 4:144781 5:2213902 6:9435186 7:24556282
depth 18 by ncomp: 3:1067 4:253511 5:6227379 6:38723098 7:84316156
depth 19 by ncomp: 3:548 4:385085 5:15905626 6:145849280
depth 20 by ncomp: 3:199 4:497296 5:36447230
depth 21 by ncomp: 3:69 4:549856
depth 22 by ncomp: 3:11
depth 23 by ncomp:
depth 24 by ncomp:
