n=25 nodes=592023615 nsol=0 time=6566.72
depth: 0:1 1:1 2:2 3:8 4:41 5:184 6:732 7:2765 8:11371 9:113 10:531 11:2466 12:12599 13:64064 14:343922 15:1930541 16:11251774 17:61211124 18:210998437 19:251964947 20:53551318 21:676642 22:32 23:0 24:0
depth  0 by ncomp: 0:1
depth  1 by ncomp: 1:1
depth  2 by ncomp: 1:1 2:1
depth  3 by ncomp: 1:4 2:3 3:1
depth  4 by ncomp: 1:16 2:18 3:6 4:1
depth  5 by ncomp: 1:30 2:96 3:47 4:10 5:1
depth  6 by ncomp: 1:38 2:277 3:303 4:98 5:15 6:1
depth  7 by ncomp: 1:34 2:503 3:1226 4:792 5:188 6:21 7:1
depth  8 by ncomp: 1:11 2:751 3:3767 4:4589 5:1895 6:329 7:29
depth  9 by ncomp: 2:6 3:36 4:50 5:19 6:2
depth 10 by ncomp: 2:4 3:103 4:222 5:168 6:32 7:2
depth 11 by ncomp: 2:3 3:225 4:865 5:970 6:356 7:47
depth 12 by ncomp: 2:2 3:482 4:2926 5:5154 6:3233 7:802
depth 13 by ncomp: 2:1 3:700 4:8634 5:23256 6:22052 7:9421
depth 14 by ncomp: 3:930 4:23191 5:94683 6:131847 7:93271
depth 15 by ncomp: 3:1008 4:52439 5:348653 6:711057 7:817384
depth 16 by ncomp: 3:923 4:109156 5:1163154 6:3463062 7:6515479
depth 17 by ncomp: 3:695 4:199890 5:3483755 6:15296783 7:42230001
depth 18 by ncomp: 3:555 4:323035 5:9525712 6:61747928 7:139401207
depth 19 by ncomp: 3:309 4:465346 5:23560636 6:227938656
depth 20 by ncomp: 3:181 4:595536 5:52955601
depth 21 by ncomp: 3:92 4:676550
depth 22 by ncomp: 3:32
depth 23 by ncomp:
depth 24 by ncomp:
