n=25 nodes=122890726 nsol=0 time=1585.37
depth: 0:1 1:1 2:2 3:8 4:41 5:184 6:732 7:2765 8:11371 9:17 10:34 11:174 12:938 13:5312 14:31286 15:188461 16:1162198 17:7064023 18:32735398 19:61791834 20:19677276 21:218670 22:0 23:0 24:0
depth  0 by ncomp: 0:1
depth  1 by ncomp: 1:1
depth  2 by ncomp: 1:1 2:1
depth  3 by ncomp: 1:4 2:3 3:1
depth  4 by ncomp: 1:16 2:18 3:6 4:1
depth  5 by ncomp: 1:30 2:96 3:47 4:10 5:1
depth  6 by ncomp: 1:38 2:277 3:303 4:98 5:15 6:1
depth  7 by ncomp: 1:34 2:503 3:1226 4:792 5:188 6:21 7:1
depth  8 by ncomp: 1:11 2:751 3:3767 4:4589 5:1895 6:329 7:29
depth  9 by ncomp: 3:5 4:10 5:2
depth 10 by ncomp: 4:18 5:14 6:2
depth 11 by ncomp: 3:4 4:75 5:72 6:21 7:2
depth 12 by ncomp: 3:19 4:306 5:428 6:162 7:23
depth 13 by ncomp: 3:32 4:1085 5:2413 6:1430 7:352
depth 14 by ncomp: 3:54 4:3448 5:12443 6:11040 7:4301
depth 15 by ncomp: 3:50 4:9765 5:56864 6:75566 7:46216
depth 16 by ncomp: 3:56 4:24231 5:230623 6:460733 7:446555
depth 17 by ncomp: 3:63 4:51687 5:837819 6:2508220 7:3666234
depth 18 by ncomp: 3:30 4:95873 5:2707224 6:12258859 7:17673412
depth 19 by ncomp: 3:18 4:147767 5:7750033 6:53894016
depth 20 by ncomp: 3:5 4:195377 5:19481894
depth 21 by ncomp: 4:218670
depth 22 by ncomp:
depth 23 by ncomp:
depth 24 by ncomp:
