n=25 nodes=522320326 nsol=0 time=4953.51
depth: 0:1 1:1 2:2 3:8 4:41 5:184 6:732 7:2765 8:11371 9:79 10:367 11:1888 12:10150 13:55732 14:317259 15:1871482 16:11253661 17:62725360 18:210504644 19:210281568 20:25230058 21:52973 22:0 23:0 24:0
depth  0 by ncomp: 0:1
depth  1 by ncomp: 1:1
depth  2 by ncomp: 1:1 2:1
depth  3 by ncomp: 1:4 2:3 3:1
depth  4 by ncomp: 1:16 2:18 3:6 4:1
depth  5 by ncomp: 1:30 2:96 3:47 4:10 5:1
depth  6 by ncomp: 1:38 2:277 3:303 4:98 5:15 6:1
depth  7 by ncomp: 1:34 2:503 3:1226 4:792 5:188 6:21 7:1
depth  8 by ncomp: 1:11 2:751 3:3767 4:4589 5:1895 6:329 7:29
depth  9 by ncomp: 4:47 5:29 6:3
depth 10 by ncomp: 4:154 5:167 6:43 7:3
depth 11 by ncomp: 3:2 4:504 5:938 6:382 7:62
depth 12 by ncomp: 3:1 4:1437 5:4768 6:3136 7:808
depth 13 by ncomp: 4:3319 5:20470 6:22409 7:9534
depth 14 by ncomp: 3:1 4:7037 5:78173 6:135940 7:96108
depth 15 by ncomp: 4:13015 5:263857 6:728750 7:865860
depth 16 by ncomp: 4:22312 5:795594 6:3441781 7:6993974
depth 17 by ncomp: 3:1 4:33258 5:2175823 6:14592343 7:45923935
depth 18 by ncomp: 4:43777 5:5405518 6:56181714 7:148873635
depth 19 by ncomp: 4:52409 5:12224076 6:198005083
depth 20 by ncomp: 4:56571 5:25173487
depth 21 by ncomp: 4:52973
depth 22 by ncomp:
depth 23 by ncomp:
depth 24 by ncomp:
