n=25 nodes=599189548 nsol=0 time=6868.35
depth: 0:1 1:1 2:2 3:8 4:41 5:184 6:732 7:2765 8:11371 9:101 10:460 11:2297 12:11966 13:64701 14:365043 15:2092722 16:12568717 17:69274290 18:232095325 19:245458394 20:37027867 21:212558 22:2 23:0 24:0
depth  0 by ncomp: 0:1
depth  1 by ncomp: 1:1
depth  2 by ncomp: 1:1 2:1
depth  3 by ncomp: 1:4 2:3 3:1
depth  4 by ncomp: 1:16 2:18 3:6 4:1
depth  5 by ncomp: 1:30 2:96 3:47 4:10 5:1
depth  6 by ncomp: 1:38 2:277 3:303 4:98 5:15 6:1
depth  7 by ncomp: 1:34 2:503 3:1226 4:792 5:188 6:21 7:1
depth  8 by ncomp: 1:11 2:751 3:3767 4:4589 5:1895 6:329 7:29
depth  9 by ncomp: 3:18 4:45 5:33 6:5
depth 10 by ncomp: 3:44 4:194 5:168 6:49 7:5
depth 11 by ncomp: 3:68 4:718 5:1016 6:423 7:72
depth 12 by ncomp: 3:93 4:2122 5:5230 6:3549 7:972
depth 13 by ncomp: 3:103 4:5602 5:23079 6:24723 7:11194
depth 14 by ncomp: 3:111 4:12766 5:90528 6:149544 7:112094
depth 15 by ncomp: 3:137 4:26882 5:313131 6:780938 7:971634
depth 16 by ncomp: 3:104 4:50421 5:979478 6:3724457 7:7814257
depth 17 by ncomp: 3:89 4:84259 5:2809247 6:16051592 7:50329103
depth 18 by ncomp: 3:44 4:126665 5:7285431 6:63283059 7:161400126
depth 19 by ncomp: 3:19 4:167664 5:17176735 6:228113976
depth 20 by ncomp: 3:14 4:200449 5:36827404
depth 21 by ncomp: 3:3 4:212555
depth 22 by ncomp: 3:2
depth 23 by ncomp:
depth 24 by ncomp:
