n=25 nodes=519437905 nsol=0 time=4470.34
depth: 0:1 1:1 2:2 3:8 4:41 5:184 6:732 7:2765 8:11371 9:100 10:396 11:1712 12:8909 13:46232 14:247973 15:1391124 16:8010469 17:44080411 18:165503162 19:235225143 20:63818822 21:1088317 22:30 23:0 24:0
depth  0 by ncomp: 0:1
depth  1 by ncomp: 1:1
depth  2 by ncomp: 1:1 2:1
depth  3 by ncomp: 1:4 2:3 3:1
depth  4 by ncomp: 1:16 2:18 3:6 4:1
depth  5 by ncomp: 1:30 2:96 3:47 4:10 5:1
depth  6 by ncomp: 1:38 2:277 3:303 4:98 5:15 6:1
depth  7 by ncomp: 1:34 2:503 3:1226 4:792 5:188 6:21 7:1
depth  8 by ncomp: 1:11 2:751 3:3767 4:4589 5:1895 6:329 7:29
depth  9 by ncomp: 2:6 3:29 4:46 5:17 6:2
depth 10 by ncomp: 2:13 3:83 4:159 5:112 6:27 7:2
depth 11 by ncomp: 2:8 3:235 4:632 5:587 6:213 7:37
depth 12 by ncomp: 2:3 3:574 4:2581 5:3456 6:1816 7:479
depth 13 by ncomp: 3:912 4:8804 5:17668 6:13558 7:5290
depth 14 by ncomp: 3:1331 4:25308 5:79596 6:88421 7:53317
depth 15 by ncomp: 3:1508 4:63685 5:320147 6:518099 7:487685
depth 16 by ncomp: 3:1491 4:137441 5:1132598 6:2692539 7:4046400
depth 17 by ncomp: 3:1341 4:262475 5:3610923 6:12608266 7:27597406
depth 18 by ncomp: 3:992 4:450458 5:10346862 6:53667549 7:101037301
depth 19 by ncomp: 3:690 4:680338 5:26838472 6:207705643
depth 20 by ncomp: 3:287 4:908912 5:62909623
depth 21 by ncomp: 3:122 4:1088195
depth 22 by ncomp: 3:30
depth 23 by ncomp:
depth 24 by ncomp:
