n=25 nodes=756681950 nsol=0 time=8102.46
depth: 0:1 1:1 2:2 3:8 4:41 5:184 6:732 7:2765 8:11371 9:99 10:605 11:3285 12:17944 13:102740 14:614430 15:3771875 16:23339375 17:121584258 18:327294945 19:251526392 20:28288533 21:122364 22:0 23:0 24:0
depth  0 by ncomp: 0:1
depth  1 by ncomp: 1:1
depth  2 by ncomp: 1:1 2:1
depth  3 by ncomp: 1:4 2:3 3:1
depth  4 by ncomp: 1:16 2:18 3:6 4:1
depth  5 by ncomp: 1:30 2:96 3:47 4:10 5:1
depth  6 by ncomp: 1:38 2:277 3:303 4:98 5:15 6:1
depth  7 by ncomp: 1:34 2:503 3:1226 4:792 5:188 6:21 7:1
depth  8 by ncomp: 1:11 2:751 3:3767 4:4589 5:1895 6:329 7:29
depth  9 by ncomp: 3:20 4:26 5:41 6:11 7:1
depth 10 by ncomp: 3:38 4:165 5:263 6:120 7:19
depth 11 by ncomp: 3:73 4:542 5:1304 6:1066 7:300
depth 12 by ncomp: 3:89 4:1571 5:5662 6:7096 7:3526
depth 13 by ncomp: 3:91 4:4199 5:22650 6:41056 7:34744
depth 14 by ncomp: 3:94 4:9393 5:82760 6:218982 7:303201
depth 15 by ncomp: 3:86 4:19766 5:273489 6:1047285 7:2431249
depth 16 by ncomp: 3:55 4:36233 5:827479 6:4576682 7:17898926
depth 17 by ncomp: 3:43 4:58777 5:2301224 6:18495304 7:100728910
depth 18 by ncomp: 3:10 4:85048 5:5813103 6:69084868 7:252311916
depth 19 by ncomp: 3:11 4:107661 5:13396967 6:238021753
depth 20 by ncomp: 3:4 4:122345 5:28166184
depth 21 by ncomp: 4:122364
depth 22 by ncomp:
depth 23 by ncomp:
depth 24 by ncomp:
