n=25 nodes=837884745 nsol=0 time=9915.57
depth: 0:1 1:1 2:2 3:8 4:41 5:184 6:732 7:2765 8:11371 9:111 10:650 11:3927 12:24084 13:153243 14:1007800 15:6774139 16:43235352 17:190821022 18:364624118 19:209493105 20:21643737 21:88352 22:0 23:0 24:0
depth  0 by ncomp: 0:1
depth  1 by ncomp: 1:1
depth  2 by ncomp: 1:1 2:1
depth  3 by ncomp: 1:4 2:3 3:1
depth  4 by ncomp: 1:16 2:18 3:6 4:1
depth  5 by ncomp: 1:30 2:96 3:47 4:10 5:1
depth  6 by ncomp: 1:38 2:277 3:303 4:98 5:15 6:1
depth  7 by ncomp: 1:34 2:503 3:1226 4:792 5:188 6:21 7:1
depth  8 by ncomp: 1:11 2:751 3:3767 4:4589 5:1895 6:329 7:29
depth  9 by ncomp: 3:7 4:50 5:19 6:26 7:9
depth 10 by ncomp: 3:10 4:183 5:163 6:181 7:113
depth 11 by ncomp: 3:7 4:572 5:977 6:1212 7:1159
depth 12 by ncomp: 3:23 4:1272 5:4548 6:7368 7:10873
depth 13 by ncomp: 3:24 4:3268 5:18508 6:39990 7:91453
depth 14 by ncomp: 3:42 4:6428 5:66579 6:201600 7:733151
depth 15 by ncomp: 3:45 4:12837 5:216946 6:929251 7:5615060
depth 16 by ncomp: 3:42 4:23201 5:659868 6:4004923 7:38547318
depth 17 by ncomp: 3:32 4:36679 5:1819613 6:15976427 7:172988271
depth 18 by ncomp: 3:13 4:53766 5:4520018 6:58733957 7:301316364
depth 19 by ncomp: 3:5 4:70048 5:10293609 6:199129443
depth 20 by ncomp: 3:4 4:83429 5:21560304
depth 21 by ncomp: 4:88352
depth 22 by ncomp:
depth 23 by ncomp:
depth 24 by ncomp:
