n=25 nodes=718484153 nsol=0 time=9181.30
depth: 0:1 1:1 2:2 3:8 4:41 5:184 6:732 7:2765 8:11371 9:141 10:608 11:3149 12:16020 13:87051 14:504762 15:3078991 16:18865272 17:98956656 18:284689228 19:267123594 20:44764820 21:378754 22:2 23:0 24:0
depth  0 by ncomp: 0:1
depth  1 by ncomp: 1:1
depth  2 by ncomp: 1:1 2:1
depth  3 by ncomp: 1:4 2:3 3:1
depth  4 by ncomp: 1:16 2:18 3:6 4:1
depth  5 by ncomp: 1:30 2:96 3:47 4:10 5:1
depth  6 by ncomp: 1:38 2:277 3:303 4:98 5:15 6:1
depth  7 by ncomp: 1:34 2:503 3:1226 4:792 5:188 6:21 7:1
depth  8 by ncomp: 1:11 2:751 3:3767 4:4589 5:1895 6:329 7:29
depth  9 by ncomp: 3:34 4:50 5:44 6:12 7:1
depth 10 by ncomp: 2:1 3:95 4:182 5:200 6:111 7:19
depth 11 by ncomp: 3:204 4:779 5:1123 6:800 7:243
depth 12 by ncomp: 3:285 4:2592 5:5239 6:5223 7:2681
depth 13 by ncomp: 3:422 4:7610 5:23355 6:31059 7:24605
depth 14 by ncomp: 3:472 4:19590 5:93154 6:174769 7:216777
depth 15 by ncomp: 3:386 4:43610 5:339929 6:897618 7:1797448
depth 16 by ncomp: 3:300 4:83541 5:1099367 6:4169024 7:13513040
depth 17 by ncomp: 3:225 4:141708 5:3216909 6:17715427 7:77882387
depth 18 by ncomp: 3:182 4:214483 5:8484063 6:68907635 7:207082865
depth 19 by ncomp: 3:85 4:292558 5:20337134 6:246493817
depth 20 by ncomp: 3:28 4:356107 5:44408685
depth 21 by ncomp: 3:2 4:378752
depth 22 by ncomp: 3:2
depth 23 by ncomp:
depth 24 by ncomp:
