n=25 nodes=108281760 nsol=0 time=988.26
depth: 0:1 1:1 2:2 3:8 4:41 5:184 6:732 7:2765 8:11371 9:40 10:150 11:559 12:2632 13:12280 14:61442 15:329203 16:1814480 17:9866936 18:37153992 19:49018942 20:9921070 21:84928 22:1 23:0 24:0
depth  0 by ncomp: 0:1
depth  1 by ncomp: 1:1
depth  2 by ncomp: 1:1 2:1
depth  3 by ncomp: 1:4 2:3 3:1
depth  4 by ncomp: 1:16 2:18 3:6 4:1
depth  5 by ncomp: 1:30 2:96 3:47 4:10 5:1
depth  6 by ncomp: 1:38 2:277 3:303 4:98 5:15 6:1
depth  7 by ncomp: 1:34 2:503 3:1226 4:792 5:188 6:21 7:1
depth  8 by ncomp: 1:11 2:751 3:3767 4:4589 5:1895 6:329 7:29
depth  9 by ncomp: 3:13 4:23 5:4
depth 10 by ncomp: 3:24 4:85 5:37 6:4
depth 11 by ncomp: 3:30 4:250 5:220 6:55 7:4
depth 12 by ncomp: 3:70 4:779 5:1196 6:503 7:84
depth 13 by ncomp: 3:70 4:2002 5:5469 6:3693 7:1046
depth 14 by ncomp: 3:86 4:4886 5:21957 6:23726 7:10787
depth 15 by ncomp: 3:102 4:10234 5:79126 6:136374 7:103367
depth 16 by ncomp: 3:96 4:19284 5:253511 6:677887 7:863702
depth 17 by ncomp: 3:54 4:32273 5:725783 6:3024589 7:6084237
depth 18 by ncomp: 3:55 4:49477 5:1907863 6:12125655 7:23070942
depth 19 by ncomp: 3:16 4:68148 5:4542162 6:44408616
depth 20 by ncomp: 3:13 4:81445 5:9839612
depth 21 by ncomp: 3:3 4:84925
depth 22 by ncomp: 3:1
depth 23 by ncomp:
depth 24 by ncomp:
