n=25 nodes=292619707 nsol=0 time=2427.09
depth: 0:1 1:1 2:2 3:8 4:41 5:184 6:732 7:2765 8:11371 9:81 10:297 11:1116 12:4830 13:23710 14:120442 15:651102 16:3646877 17:20283480 18:84296845 19:139989036 20:42833543 21:753216 22:27 23:0 24:0
depth  0 by ncomp: 0:1
depth  1 by ncomp: 1:1
depth  2 by ncomp: 1:1 2:1
depth  3 by ncomp: 1:4 2:3 3:1
depth  4 by ncomp: 1:16 2:18 3:6 4:1
depth  5 by ncomp: 1:30 2:96 3:47 4:10 5:1
depth  6 by ncomp: 1:38 2:277 3:303 4:98 5:15 6:1
depth  7 by ncomp: 1:34 2:503 3:1226 4:792 5:188 6:21 7:1
depth  8 by ncomp: 1:11 2:751 3:3767 4:4589 5:1895 6:329 7:29
depth  9 by ncomp: 2:3 3:34 4:29 5:13 6:2
depth 10 by ncomp: 2:8 3:82 4:139 5:48 6:18 7:2
depth 11 by ncomp: 2:5 3:157 4:524 5:322 6:82 7:26
depth 12 by ncomp: 2:3 3:340 4:1787 5:1921 6:624 7:155
depth 13 by ncomp: 3:597 4:5798 5:10428 6:5515 7:1372
depth 14 by ncomp: 3:900 4:16290 5:47505 6:40168 7:15579
depth 15 by ncomp: 3:1025 4:40460 5:194036 6:255716 7:159865
depth 16 by ncomp: 3:1140 4:88456 5:702158 6:1411367 7:1443756
depth 17 by ncomp: 3:1067 4:174356 5:2269746 6:6909743 7:10928568
depth 18 by ncomp: 3:704 4:310094 5:6676966 6:30420737 7:46888344
depth 19 by ncomp: 3:434 4:478710 5:17699925 6:121809967
depth 20 by ncomp: 3:147 4:645129 5:42188267
depth 21 by ncomp: 3:63 4:753153
depth 22 by ncomp: 3:27
depth 23 by ncomp:
depth 24 by ncomp:
