n=25 nodes=198089628 nsol=0 time=2053.64
depth: 0:1 1:1 2:2 3:8 4:41 5:184 6:732 7:2765 8:11371 9:51 10:205 11:923 12:4525 13:23892 14:135006 15:773600 16:4572404 17:25056143 18:81256464 19:77356056 20:8874317 21:20937 22:0 23:0 24:0
depth  0 by ncomp: 0:1
depth  1 by ncomp: 1:1
depth  2 by ncomp: 1:1 2:1
depth  3 by ncomp: 1:4 2:3 3:1
depth  4 by ncomp: 1:16 2:18 3:6 4:1
depth  5 by ncomp: 1:30 2:96 3:47 4:10 5:1
depth  6 by ncomp: 1:38 2:277 3:303 4:98 5:15 6:1
depth  7 by ncomp: 1:34 2:503 3:1226 4:792 5:188 6:21 7:1
depth  8 by ncomp: 1:11 2:751 3:3767 4:4589 5:1895 6:329 7:29
depth  9 by ncomp: 3:3 4:25 5:14 6:8 7:1
depth 10 by ncomp: 3:3 4:83 5:80 6:28 7:11
depth 11 by ncomp: 3:2 4:233 5:443 6:181 7:64
depth 12 by ncomp: 3:1 4:544 5:2024 6:1444 7:512
depth 13 by ncomp: 3:1 4:1428 5:8184 6:9577 7:4702
depth 14 by ncomp: 3:1 4:2941 5:31246 6:57027 7:43791
depth 15 by ncomp: 3:1 4:5497 5:100769 6:290674 7:376659
depth 16 by ncomp: 4:8988 5:298575 6:1332615 7:2932226
depth 17 by ncomp: 3:2 4:13016 5:798141 6:5554687 7:18690297
depth 18 by ncomp: 4:17626 5:1947843 6:21005572 7:58285423
depth 19 by ncomp: 4:20742 5:4352240 6:72983074
depth 20 by ncomp: 4:22309 5:8852008
depth 21 by ncomp: 4:20937
depth 22 by ncomp:
depth 23 by ncomp:
depth 24 by ncomp:
