n=25 nodes=910146101 nsol=0 time=9770.03
depth: 0:1 1:1 2:2 3:8 4:41 5:184 6:732 7:2765 8:11371 9:104 10:592 11:3323 12:19049 13:111104 14:676218 15:4252480 16:26879263 17:143849095 18:398476417 19:303934888 20:31788779 21:139684 22:0 23:0 24:0
depth  0 by ncomp: 0:1
depth  1 by ncomp: 1:1
depth  2 by ncomp: 1:1 2:1
depth  3 by ncomp: 1:4 2:3 3:1
depth  4 by ncomp: 1:16 2:18 3:6 4:1
depth  5 by ncomp: 1:30 2:96 3:47 4:10 5:1
depth  6 by ncomp: 1:38 2:277 3:303 4:98 5:15 6:1
depth  7 by ncomp: 1:34 2:503 3:1226 4:792 5:188 6:21 7:1
depth  8 by ncomp: 1:11 2:751 3:3767 4:4589 5:1895 6:329 7:29
depth  9 by ncomp: 3:6 4:43 5:43 6:11 7:1
depth 10 by ncomp: 3:15 4:150 5:286 6:122 7:19
depth 11 by ncomp: 3:35 4:455 5:1451 6:1095 7:287
depth 12 by ncomp: 3:57 4:1310 5:6375 6:7752 7:3555
depth 13 by ncomp: 3:78 4:3514 5:24618 6:46522 7:36372
depth 14 by ncomp: 3:93 4:8134 5:90059 6:249759 7:328173
depth 15 by ncomp: 3:123 4:17888 5:297586 6:1224010 7:2712873
depth 16 by ncomp: 3:113 4:34762 5:902965 6:5424749 7:20516674
depth 17 by ncomp: 3:71 4:58672 5:2522567 6:22113615 7:119154170
depth 18 by ncomp: 3:46 4:87561 5:6420566 6:83255596 7:308712648
depth 19 by ncomp: 3:15 4:115129 5:14917056 6:288902688
depth 20 by ncomp: 3:6 4:135171 5:31653602
depth 21 by ncomp: 3:2 4:139682
depth 22 by ncomp:
depth 23 by ncomp:
depth 24 by ncomp:
