n=25 nodes=865234109 nsol=0 time=11050.41
depth: 0:1 1:1 2:2 3:8 4:41 5:184 6:732 7:2765 8:11371 9:160 10:722 11:3522 12:17280 13:89348 14:487420 15:2729030 16:15882789 17:87577795 18:312468317 19:375112836 20:70288232 21:561540 22:13 23:0 24:0
depth  0 by ncomp: 0:1
depth  1 by ncomp: 1:1
depth  2 by ncomp: 1:1 2:1
depth  3 by ncomp: 1:4 2:3 3:1
depth  4 by ncomp: 1:16 2:18 3:6 4:1
depth  5 by ncomp: 1:30 2:96 3:47 4:10 5:1
depth  6 by ncomp: 1:38 2:277 3:303 4:98 5:15 6:1
depth  7 by ncomp: 1:34 2:503 3:1226 4:792 5:188 6:21 7:1
depth  8 by ncomp: 1:11 2:751 3:3767 4:4589 5:1895 6:329 7:29
depth  9 by ncomp: 2:7 3:47 4:75 5:28 6:3
depth 10 by ncomp: 2:9 3:121 4:343 5:205 6:41 7:3
depth 11 by ncomp: 2:9 3:225 4:1352 5:1428 6:447 7:61
depth 12 by ncomp: 2:5 3:392 4:4219 5:7731 6:4011 7:922
depth 13 by ncomp: 3:559 4:11635 5:35718 6:30316 7:11120
depth 14 by ncomp: 3:674 4:28757 5:146377 6:194051 7:117561
depth 15 by ncomp: 3:736 4:62526 5:524342 6:1068314 7:1073112
depth 16 by ncomp: 3:674 4:124503 5:1713745 6:5257565 7:8786302
depth 17 by ncomp: 3:436 4:212302 5:5015296 6:23306548 7:59043213
depth 18 by ncomp: 3:308 4:322927 5:13283878 6:93589520 7:205271684
depth 19 by ncomp: 3:146 4:435947 5:31919505 6:342757238
depth 20 by ncomp: 3:70 4:522501 5:69765661
depth 21 by ncomp: 3:52 4:561488
depth 22 by ncomp: 3:13
depth 23 by ncomp:
depth 24 by ncomp:
