n=25 nodes=935523406 nsol=0 time=10411.16
depth: 0:1 1:1 2:2 3:8 4:41 5:184 6:732 7:2765 8:11371 9:116 10:576 11:3315 12:19192 13:110316 14:654860 15:3990784 16:24617880 17:130219465 18:376742102 19:344841009 20:53934036 21:374649 22:1 23:0 24:0
depth  0 by ncomp: 0:1
depth  1 by ncomp: 1:1
depth  2 by ncomp: 1:1 2:1
depth  3 by ncomp: 1:4 2:3 3:1
depth  4 by ncomp: 1:16 2:18 3:6 4:1
depth  5 by ncomp: 1:30 2:96 3:47 4:10 5:1
depth  6 by ncomp: 1:38 2:277 3:303 4:98 5:15 6:1
depth  7 by ncomp: 1:34 2:503 3:1226 4:792 5:188 6:21 7:1
depth  8 by ncomp: 1:11 2:751 3:3767 4:4589 5:1895 6:329 7:29
depth  9 by ncomp: 3:15 4:48 5:41 6:11 7:1
depth 10 by ncomp: 3:45 4:180 5:230 6:103 7:18
depth 11 by ncomp: 3:132 4:715 5:1355 6:869 7:244
depth 12 by ncomp: 3:252 4:2474 5:6712 6:6685 7:3069
depth 13 by ncomp: 3:395 4:7360 5:29260 6:42011 7:31290
depth 14 by ncomp: 3:435 4:19181 5:115392 6:237155 7:282697
depth 15 by ncomp: 3:428 4:42870 5:408875 6:1197465 7:2341146
depth 16 by ncomp: 3:395 4:85400 5:1307868 6:5516901 7:17707316
depth 17 by ncomp: 3:177 4:151478 5:3802082 6:23178254 7:103087474
depth 18 by ncomp: 3:83 4:233990 5:10092040 6:89597565 7:276818424
depth 19 by ncomp: 3:24 4:315959 5:24447112 6:320077914
depth 20 by ncomp: 3:7 4:366501 5:53567528
depth 21 by ncomp: 3:3 4:374646
depth 22 by ncomp: 3:1
depth 23 by ncomp:
depth 24 by ncomp:
