n=25 nodes=690252785 nsol=0 time=6380.63
depth: 0:1 1:1 2:2 3:8 4:41 5:184 6:732 7:2765 8:11371 9:146 10:628 11:3068 12:15385 13:77805 14:434361 15:2481689 16:14617055 17:79606812 18:262430154 19:279319767 20:50703620 21:547189 22:1 23:0 24:0
depth  0 by ncomp: 0:1
depth  1 by ncomp: 1:1
depth  2 by ncomp: 1:1 2:1
depth  3 by ncomp: 1:4 2:3 3:1
depth  4 by ncomp: 1:16 2:18 3:6 4:1
depth  5 by ncomp: 1:30 2:96 3:47 4:10 5:1
depth  6 by ncomp: 1:38 2:277 3:303 4:98 5:15 6:1
depth  7 by ncomp: 1:34 2:503 3:1226 4:792 5:188 6:21 7:1
depth  8 by ncomp: 1:11 2:751 3:3767 4:4589 5:1895 6:329 7:29
depth  9 by ncomp: 2:4 3:22 4:71 5:37 6:11 7:1
depth 10 by ncomp: 2:8 3:60 4:243 5:238 6:65 7:14
depth 11 by ncomp: 2:2 3:159 4:836 5:1413 6:565 7:93
depth 12 by ncomp: 2:1 3:342 4:2533 5:6678 6:4586 7:1245
depth 13 by ncomp: 2:2 3:539 4:6614 5:27082 6:30025 7:13543
depth 14 by ncomp: 3:805 4:17010 5:103323 6:178329 7:134894
depth 15 by ncomp: 3:1067 4:40505 5:357127 6:917443 7:1165547
depth 16 by ncomp: 3:960 4:87249 5:1139400 6:4275623 7:9113823
depth 17 by ncomp: 3:776 4:164919 5:3351011 6:18170896 7:57919210
depth 18 by ncomp: 3:445 4:272092 5:9015478 6:71012357 7:182129782
depth 19 by ncomp: 3:230 4:393417 5:22297322 6:256628798
depth 20 by ncomp: 3:90 4:492408 5:50211122
depth 21 by ncomp: 3:15 4:547174
depth 22 by ncomp: 3:1
depth 23 by ncomp:
depth 24 by ncomp:
