n=25 nodes=539514625 nsol=0 time=5527.96
depth: 0:1 1:1 2:2 3:8 4:41 5:184 6:732 7:2765 8:11371 9:95 10:435 11:2246 12:11353 13:59455 14:323516 15:1845180 16:10846429 17:59282383 18:201623572 19:225151398 20:40030828 21:322626 22:4 23:0 24:0
depth  0 by ncomp: 0:1
depth  1 by ncomp: 1:1
depth  2 by ncomp: 1:1 2:1
depth  3 by ncomp: 1:4 2:3 3:1
depth  4 by ncomp: 1:16 2:18 3:6 4:1
depth  5 by ncomp: 1:30 2:96 3:47 4:10 5:1
depth  6 by ncomp: 1:38 2:277 3:303 4:98 5:15 6:1
depth  7 by ncomp: 1:34 2:503 3:1226 4:792 5:188 6:21 7:1
depth  8 by ncomp: 1:11 2:751 3:3767 4:4589 5:1895 6:329 7:29
depth  9 by ncomp: 3:24 4:48 5:20 6:3
depth 10 by ncomp: 3:51 4:208 5:146 6:28 7:2
depth 11 by ncomp: 3:129 4:780 5:960 6:333 7:44
depth 12 by ncomp: 3:184 4:2385 5:5006 6:3045 7:733
depth 13 by ncomp: 3:262 4:6507 5:22217 6:21540 7:8929
depth 14 by ncomp: 3:285 4:15771 5:86527 6:130281 7:90652
depth 15 by ncomp: 3:321 4:34926 5:307842 6:696210 7:805881
depth 16 by ncomp: 3:271 4:67569 5:985839 6:3338461 7:6454289
depth 17 by ncomp: 3:222 4:117398 5:2854167 6:14429537 7:41881059
depth 18 by ncomp: 3:141 4:179722 5:7538129 6:57038444 7:136867136
depth 19 by ncomp: 3:71 4:244066 5:18138699 6:206768562
depth 20 by ncomp: 3:56 4:297280 5:39733492
depth 21 by ncomp: 3:19 4:322607
depth 22 by ncomp: 3:4
depth 23 by ncomp:
depth 24 by ncomp:
