n=25 nodes=321838137 nsol=0 time=3030.87
depth: 0:1 1:1 2:2 3:8 4:41 5:184 6:732 7:2765 8:11371 9:75 10:348 11:1460 12:7182 13:36602 14:207072 15:1200022 16:7063716 17:38566962 18:127517162 19:129639796 20:17517495 21:65140 22:0 23:0 24:0
depth  0 by ncomp: 0:1
depth  1 by ncomp: 1:1
depth  2 by ncomp: 1:1 2:1
depth  3 by ncomp: 1:4 2:3 3:1
depth  4 by ncomp: 1:16 2:18 3:6 4:1
depth  5 by ncomp: 1:30 2:96 3:47 4:10 5:1
depth  6 by ncomp: 1:38 2:277 3:303 4:98 5:15 6:1
depth  7 by ncomp: 1:34 2:503 3:1226 4:792 5:188 6:21 7:1
depth  8 by ncomp: 1:11 2:751 3:3767 4:4589 5:1895 6:329 7:29
depth  9 by ncomp: 3:7 4:33 5:19 6:14 7:2
depth 10 by ncomp: 3:17 4:122 5:132 6:61 7:16
depth 11 by ncomp: 3:25 4:386 5:620 6:315 7:114
depth 12 by ncomp: 3:18 4:1163 5:3089 6:2038 7:874
depth 13 by ncomp: 3:22 4:2640 5:12650 6:13882 7:7408
depth 14 by ncomp: 3:24 4:5986 5:49879 6:83984 7:67199
depth 15 by ncomp: 3:28 4:11482 5:166967 6:439701 7:581844
depth 16 by ncomp: 3:36 4:20688 5:505892 6:2056021 7:4481079
depth 17 by ncomp: 3:12 4:33631 5:1423084 6:8761078 7:28349157
depth 18 by ncomp: 3:11 4:46729 5:3612030 6:34070222 7:89788170
depth 19 by ncomp: 3:7 4:57994 5:8320275 6:121261520
depth 20 by ncomp: 3:4 4:64387 5:17453104
depth 21 by ncomp: 3:2 4:65138
depth 22 by ncomp:
depth 23 by ncomp:
depth 24 by ncomp:
