n=25 nodes=951423772 nsol=0 time=9544.92
depth: 0:1 1:1 2:2 3:8 4:41 5:184 6:732 7:2765 8:11371 9:157 10:826 11:4415 12:25296 13:145904 14:876171 15:5425621 16:33967903 17:173556690 18:432038780 19:281437543 20:23852776 21:76585 22:0 23:0 24:0
depth  0 by ncomp: 0:1
depth  1 by ncomp: 1:1
depth  2 by ncomp: 1:1 2:1
depth  3 by ncomp: 1:4 2:3 3:1
depth  4 by ncomp: 1:16 2:18 3:6 4:1
depth  5 by ncomp: 1:30 2:96 3:47 4:10 5:1
depth  6 by ncomp: 1:38 2:277 3:303 4:98 5:15 6:1
depth  7 by ncomp: 1:34 2:503 3:1226 4:792 5:188 6:21 7:1
depth  8 by ncomp: 1:11 2:751 3:3767 4:4589 5:1895 6:329 7:29
depth  9 by ncomp: 3:14 4:51 5:70 6:20 7:2
depth 10 by ncomp: 3:33 4:171 5:385 6:202 7:35
depth 11 by ncomp: 3:35 4:465 5:1756 6:1647 7:512
depth 12 by ncomp: 3:56 4:1284 5:7193 6:10772 7:5991
depth 13 by ncomp: 3:58 4:2958 5:25737 6:59819 7:57332
depth 14 by ncomp: 3:44 4:6742 5:86606 6:298531 7:484248
depth 15 by ncomp: 3:35 4:13624 5:272410 6:1361524 7:3778028
depth 16 by ncomp: 3:19 4:24567 5:789353 6:5753877 7:27400087
depth 17 by ncomp: 3:11 4:38771 5:2108721 6:22391635 7:149017552
depth 18 by ncomp: 3:9 4:54534 5:5152188 6:80708442 7:346123607
depth 19 by ncomp: 3:7 4:68391 5:11576599 6:269792546
depth 20 by ncomp: 4:76825 5:23775951
depth 21 by ncomp: 4:76585
depth 22 by ncomp:
depth 23 by ncomp:
depth 24 by ncomp:
