n=25 nodes=223073163 nsol=0 time=2105.53
depth: 0:1 1:1 2:2 3:8 4:41 5:184 6:732 7:2765 8:11371 9:67 10:276 11:1053 12:4866 13:25060 14:139688 15:815793 16:4808654 17:26164843 18:87252463 19:90878768 20:12912483 21:54044 22:0 23:0 24:0
depth  0 by ncomp: 0:1
depth  1 by ncomp: 1:1
depth  2 by ncomp: 1:1 2:1
depth  3 by ncomp: 1:4 2:3 3:1
depth  4 by ncomp: 1:16 2:18 3:6 4:1
depth  5 by ncomp: 1:30 2:96 3:47 4:10 5:1
depth  6 by ncomp: 1:38 2:277 3:303 4:98 5:15 6:1
depth  7 by ncomp: 1:34 2:503 3:1226 4:792 5:188 6:21 7:1
depth  8 by ncomp: 1:11 2:751 3:3767 4:4589 5:1895 6:329 7:29
depth  9 by ncomp: 3:9 4:32 5:16 6:9 7:1
depth 10 by ncomp: 3:18 4:118 5:92 6:35 7:13
depth 11 by ncomp: 3:12 4:272 5:478 6:210 7:81
depth 12 by ncomp: 3:19 4:697 5:2120 6:1460 7:570
depth 13 by ncomp: 3:33 4:1828 5:8656 6:9508 7:5035
depth 14 by ncomp: 3:35 4:4394 5:34011 6:56068 7:45180
depth 15 by ncomp: 3:26 4:8873 5:117965 6:301833 7:387096
depth 16 by ncomp: 3:15 4:15710 5:362731 6:1431899 7:2998299
depth 17 by ncomp: 3:10 4:25362 5:1020127 6:6099069 7:19020275
depth 18 by ncomp: 3:1 4:35935 5:2610192 6:23765605 7:60840730
depth 19 by ncomp: 4:46493 5:6057769 6:84774506
depth 20 by ncomp: 4:53096 5:12859387
depth 21 by ncomp: 3:1 4:54043
depth 22 by ncomp:
depth 23 by ncomp:
depth 24 by ncomp:
