n=25 nodes=830422721 nsol=0 time=7486.54
depth: 0:1 1:1 2:2 3:8 4:41 5:184 6:732 7:2765 8:11371 9:141 10:635 11:3419 12:18870 13:110120 14:644879 15:3869947 16:23666724 17:122999935 18:342030257 19:293263408 20:43427689 21:371586 22:6 23:0 24:0
depth  0 by ncomp: 0:1
depth  1 by ncomp: 1:1
depth  2 by ncomp: 1:1 2:1
depth  3 by ncomp: 1:4 2:3 3:1
depth  4 by ncomp: 1:16 2:18 3:6 4:1
depth  5 by ncomp: 1:30 2:96 3:47 4:10 5:1
depth  6 by ncomp: 1:38 2:277 3:303 4:98 5:15 6:1
depth  7 by ncomp: 1:34 2:503 3:1226 4:792 5:188 6:21 7:1
depth  8 by ncomp: 1:11 2:751 3:3767 4:4589 5:1895 6:329 7:29
depth  9 by ncomp: 3:32 4:44 5:52 6:12 7:1
depth 10 by ncomp: 3:60 4:183 5:246 6:126 7:20
depth 11 by ncomp: 3:149 4:728 5:1259 6:990 7:293
depth 12 by ncomp: 3:246 4:2296 5:6112 6:6831 7:3385
depth 13 by ncomp: 3:351 4:7068 5:26721 6:41931 7:34049
depth 14 by ncomp: 3:424 4:17709 5:103193 6:226558 7:296995
depth 15 by ncomp: 3:443 4:38794 5:357469 6:1103675 7:2369566
depth 16 by ncomp: 3:469 4:75630 5:1127680 6:4961907 7:17501038
depth 17 by ncomp: 3:329 4:128310 5:3218062 6:20482634 7:99170600
depth 18 by ncomp: 3:189 4:197858 5:8344657 6:77865559 7:255621994
depth 19 by ncomp: 3:109 4:271952 5:19809763 6:273181584
depth 20 by ncomp: 3:46 4:340141 5:43087502
depth 21 by ncomp: 3:16 4:371570
depth 22 by ncomp: 3:6
depth 23 by ncomp:
depth 24 by ncomp:
