n=25 nodes=1330253385 nsol=0 time=15675.28
depth: 0:1 1:1 2:2 3:8 4:41 5:184 6:732 7:2765 8:11371 9:142 10:737 11:4484 12:25940 13:157463 14:969040 15:6100088 16:38677547 17:206160120 18:570912718 19:452003717 20:54807478 21:418806 22:0 23:0 24:0
depth  0 by ncomp: 0:1
depth  1 by ncomp: 1:1
depth  2 by ncomp: 1:1 2:1
depth  3 by ncomp: 1:4 2:3 3:1
depth  4 by ncomp: 1:16 2:18 3:6 4:1
depth  5 by ncomp: 1:30 2:96 3:47 4:10 5:1
depth  6 by ncomp: 1:38 2:277 3:303 4:98 5:15 6:1
depth  7 by ncomp: 1:34 2:503 3:1226 4:792 5:188 6:21 7:1
depth  8 by ncomp: 1:11 2:751 3:3767 4:4589 5:1895 6:329 7:29
depth  9 by ncomp: 3:11 4:55 5:56 6:18 7:2
depth 10 by ncomp: 3:29 4:194 5:317 6:166 7:31
depth 11 by ncomp: 3:67 4:747 5:1844 6:1392 7:434
depth 12 by ncomp: 3:164 4:2194 5:8616 6:9844 7:5122
depth 13 by ncomp: 3:333 4:6139 5:36493 6:62655 7:51843
depth 14 by ncomp: 3:433 4:15490 5:137509 6:347085 7:468523
depth 15 by ncomp: 3:496 4:35098 5:466093 6:1723867 7:3874534
depth 16 by ncomp: 3:474 4:71912 5:1444780 6:7778289 7:29382092
depth 17 by ncomp: 3:302 4:128598 5:4084404 6:32115836 7:169830980
depth 18 by ncomp: 3:170 4:206696 5:10552949 6:121907156 7:438245747
depth 19 by ncomp: 3:77 4:297417 5:25003850 6:426702373
depth 20 by ncomp: 3:23 4:379693 5:54427762
depth 21 by ncomp: 3:1 4:418805
depth 22 by ncomp:
depth 23 by ncomp:
depth 24 by ncomp:
