n=25 nodes=426218589 nsol=0 time=4792.85
depth: 0:1 1:1 2:2 3:8 4:41 5:184 6:732 7:2765 8:11371 9:59 10:334 11:1870 12:10991 13:64903 14:393219 15:2473703 16:15453490 17:78082248 18:190518641 19:125619535 20:13496215 21:88276 22:0 23:0 24:0
depth  0 by ncomp: 0:1
depth  1 by ncomp: 1:1
depth  2 by ncomp: 1:1 2:1
depth  3 by ncomp: 1:4 2:3 3:1
depth  4 by ncomp: 1:16 2:18 3:6 4:1
depth  5 by ncomp: 1:30 2:96 3:47 4:10 5:1
depth  6 by ncomp: 1:38 2:277 3:303 4:98 5:15 6:1
depth  7 by ncomp: 1:34 2:503 3:1226 4:792 5:188 6:21 7:1
depth  8 by ncomp: 1:11 2:751 3:3767 4:4589 5:1895 6:329 7:29
depth  9 by ncomp: 3:13 4:13 5:24 6:8 7:1
depth 10 by ncomp: 3:11 4:57 5:155 6:94 7:17
depth 11 by ncomp: 3:32 4:189 5:681 6:729 7:239
depth 12 by ncomp: 3:60 4:633 5:2883 6:4704 7:2711
depth 13 by ncomp: 3:85 4:1734 5:10779 6:26008 7:26297
depth 14 by ncomp: 3:112 4:4295 5:38081 6:129579 7:221152
depth 15 by ncomp: 3:100 4:9751 5:123791 6:590516 7:1749545
depth 16 by ncomp: 3:65 4:19101 5:376477 6:2483852 7:12573995
depth 17 by ncomp: 3:29 4:33293 5:1043979 6:9726139 7:67278808
depth 18 by ncomp: 3:19 4:50829 5:2661630 6:35337147 7:152469016
depth 19 by ncomp: 3:4 4:68917 5:6244737 6:119305877
depth 20 by ncomp: 4:83047 5:13413168
depth 21 by ncomp: 4:88276
depth 22 by ncomp:
depth 23 by ncomp:
depth 24 by ncomp:
