n=25 nodes=632726994 nsol=0 time=8002.48
depth: 0:1 1:1 2:2 3:8 4:41 5:184 6:732 7:2765 8:11371 9:69 10:454 11:2564 12:14776 13:86060 14:517749 15:3233647 16:20157687 17:104304004 18:272818901 19:204347281 20:26927517 21:301175 22:5 23:0 24:0
depth  0 by ncomp: 0:1
depth  1 by ncomp: 1:1
depth  2 by ncomp: 1:1 2:1
depth  3 by ncomp: 1:4 2:3 3:1
depth  4 by ncomp: 1:16 2:18 3:6 4:1
depth  5 by ncomp: 1:30 2:96 3:47 4:10 5:1
depth  6 by ncomp: 1:38 2:277 3:303 4:98 5:15 6:1
depth  7 by ncomp: 1:34 2:503 3:1226 4:792 5:188 6:21 7:1
depth  8 by ncomp: 1:11 2:751 3:3767 4:4589 5:1895 6:329 7:29
depth  9 by ncomp: 3:6 4:19 5:33 6:10 7:1
depth 10 by ncomp: 3:16 4:91 5:213 6:115 7:19
depth 11 by ncomp: 3:68 4:341 5:991 6:891 7:273
depth 12 by ncomp: 3:111 4:1036 5:4350 6:6069 7:3210
depth 13 by ncomp: 3:195 4:3119 5:16982 6:34686 7:31078
depth 14 by ncomp: 3:255 4:7746 5:60758 6:179006 7:269984
depth 15 by ncomp: 3:336 4:19220 5:206848 6:847143 7:2160100
depth 16 by ncomp: 3:401 4:40405 5:646619 6:3674362 7:15795900
depth 17 by ncomp: 3:336 4:76118 5:1864207 6:14816345 7:87546998
depth 18 by ncomp: 3:192 4:128323 5:4927787 6:55359085 7:212403514
depth 19 by ncomp: 3:118 4:189973 5:11997656 6:192159534
depth 20 by ncomp: 3:49 4:253009 5:26674459
depth 21 by ncomp: 3:13 4:301162
depth 22 by ncomp: 3:5
depth 23 by ncomp:
depth 24 by ncomp:
