n=25 nodes=113376175 nsol=0 time=994.21
depth: 0:1 1:1 2:2 3:8 4:41 5:184 6:732 7:2765 8:11371 9:26 10:107 11:439 12:1941 13:9562 14:47486 15:252036 16:1389356 17:7686431 18:32310448 19:54392456 20:16927069 21:343667 22:46 23:0 24:0
depth  0 by ncomp: 0:1
depth  1 by ncomp: 1:1
depth  2 by ncomp: 1:1 2:1
depth  3 by ncomp: 1:4 2:3 3:1
depth  4 by ncomp: 1:16 2:18 3:6 4:1
depth  5 by ncomp: 1:30 2:96 3:47 4:10 5:1
depth  6 by ncomp: 1:38 2:277 3:303 4:98 5:15 6:1
depth  7 by ncomp: 1:34 2:503 3:1226 4:792 5:188 6:21 7:1
depth  8 by ncomp: 1:11 2:751 3:3767 4:4589 5:1895 6:329 7:29
depth  9 by ncomp: 2:4 3:14 4:7 5:1
depth 10 by ncomp: 2:4 3:46 4:44 5:12 6:1
depth 11 by ncomp: 2:1 3:119 4:201 5:100 6:17 7:1
depth 12 by ncomp: 3:250 4:807 5:664 6:196 7:24
depth 13 by ncomp: 3:402 4:2802 5:4004 6:1941 7:413
depth 14 by ncomp: 3:563 4:7869 5:19136 6:14706 7:5212
depth 15 by ncomp: 3:702 4:19695 5:80397 6:95835 7:55407
depth 16 by ncomp: 3:784 4:42946 5:292460 6:539951 7:513215
depth 17 by ncomp: 3:700 4:81859 5:949029 6:2681350 7:3973493
depth 18 by ncomp: 3:509 4:139624 5:2741955 6:11878438 7:17549922
depth 19 by ncomp: 3:261 4:211225 5:7096603 6:47084367
depth 20 by ncomp: 3:122 4:286045 5:16640902
depth 21 by ncomp: 3:85 4:343582
depth 22 by ncomp: 3:46
depth 23 by ncomp:
depth 24 by ncomp:
