n=25 nodes=324209895 nsol=0 time=2785.22
depth: 0:1 1:1 2:2 3:8 4:41 5:184 6:732 7:2765 8:11371 9:69 10:281 11:1309 12:6670 13:32739 14:178179 15:985755 16:5666777 17:30857327 18:108027061 19:140564083 20:37225708 21:648808 22:24 23:0 24:0
depth  0 by ncomp: 0:1
depth  1 by ncomp: 1:1
depth  2 by ncomp: 1:1 2:1
depth  3 by ncomp: 1:4 2:3 3:1
depth  4 by ncomp: 1:16 2:18 3:6 4:1
depth  5 by ncomp: 1:30 2:96 3:47 4:10 5:1
depth  6 by ncomp: 1:38 2:277 3:303 4:98 5:15 6:1
depth  7 by ncomp: 1:34 2:503 3:1226 4:792 5:188 6:21 7:1
depth  8 by ncomp: 1:11 2:751 3:3767 4:4589 5:1895 6:329 7:29
depth  9 by ncomp: 2:7 3:23 4:28 5:10 6:1
depth 10 by ncomp: 2:5 3:66 4:116 5:78 6:15 7:1
depth 11 by ncomp: 2:4 3:185 4:474 5:463 6:161 7:22
depth 12 by ncomp: 2:1 3:403 4:1720 5:2645 6:1534 7:367
depth 13 by ncomp: 3:720 4:5246 5:11736 6:10598 7:4439
depth 14 by ncomp: 3:1236 4:16739 5:51113 6:64986 7:44105
depth 15 by ncomp: 3:1443 4:41238 5:195098 6:354774 7:393202
depth 16 by ncomp: 3:1438 4:91348 5:683197 6:1753262 7:3137532
depth 17 by ncomp: 3:1024 4:175996 5:2159175 6:7962658 7:20558474
depth 18 by ncomp: 3:698 4:293770 5:6142591 6:32800919 7:68789083
depth 19 by ncomp: 3:387 4:436840 5:15824432 6:124302424
depth 20 by ncomp: 3:258 4:563568 5:36661882
depth 21 by ncomp: 3:93 4:648715
depth 22 by ncomp: 3:24
depth 23 by ncomp:
depth 24 by ncomp:
