n=25 nodes=132102319 nsol=0 time=1168.96
depth: 0:1 1:1 2:2 3:8 4:41 5:184 6:732 7:2765 8:11371 9:38 10:129 11:551 12:2484 13:12566 14:65975 15:357581 16:2001505 17:11107870 18:43970884 19:61696600 20:12772004 21:99025 22:2 23:0 24:0
depth  0 by ncomp: 0:1
depth  1 by ncomp: 1:1
depth  2 by ncomp: 1:1 2:1
depth  3 by ncomp: 1:4 2:3 3:1
depth  4 by ncomp: 1:16 2:18 3:6 4:1
depth  5 by ncomp: 1:30 2:96 3:47 4:10 5:1
depth  6 by ncomp: 1:38 2:277 3:303 4:98 5:15 6:1
depth  7 by ncomp: 1:34 2:503 3:1226 4:792 5:188 6:21 7:1
depth  8 by ncomp: 1:11 2:751 3:3767 4:4589 5:1895 6:329 7:29
depth  9 by ncomp: 3:14 4:16 5:7 6:1
depth 10 by ncomp: 3:23 4:71 5:27 6:7 7:1
depth 11 by ncomp: 3:43 4:265 5:187 6:46 7:10
depth 12 by ncomp: 3:83 4:843 5:1081 6:398 7:79
depth 13 by ncomp: 3:98 4:2555 5:5759 6:3323 7:831
depth 14 by ncomp: 3:92 4:6243 5:25467 6:24376 7:9797
depth 15 by ncomp: 3:82 4:12988 5:95829 6:148764 7:99918
depth 16 by ncomp: 3:52 4:23623 5:316094 6:778737 7:882999
depth 17 by ncomp: 3:43 4:38644 5:928515 6:3614879 7:6525789
depth 18 by ncomp: 3:26 4:56900 5:2448456 6:14938041 7:26527461
depth 19 by ncomp: 3:17 4:74817 5:5841878 6:55779888
depth 20 by ncomp: 3:2 4:91511 5:12680491
depth 21 by ncomp: 3:4 4:99021
depth 22 by ncomp: 3:2
depth 23 by ncomp:
depth 24 by ncomp:
