n=25 nodes=761925950 nsol=0 time=6966.58
depth: 0:1 1:1 2:2 3:8 4:41 5:184 6:732 7:2765 8:11371 9:104 10:549 11:2749 12:14090 13:78070 14:439289 15:2559775 16:15231401 17:84363186 18:289023526 19:317605189 20:52247373 21:345541 22:3 23:0 24:0
depth  0 by ncomp: 0:1
depth  1 by ncomp: 1:1
depth  2 by ncomp: 1:1 2:1
depth  3 by ncomp: 1:4 2:3 3:1
depth  4 by ncomp: 1:16 2:18 3:6 4:1
depth  5 by ncomp: 1:30 2:96 3:47 4:10 5:1
depth  6 by ncomp: 1:38 2:277 3:303 4:98 5:15 6:1
depth  7 by ncomp: 1:34 2:503 3:1226 4:792 5:188 6:21 7:1
depth  8 by ncomp: 1:11 2:751 3:3767 4:4589 5:1895 6:329 7:29
depth  9 by ncomp: 3:23 4:54 5:24 6:3
depth 10 by ncomp: 3:55 4:246 5:203 6:42 7:3
depth 11 by ncomp: 3:135 4:855 5:1210 6:482 7:67
depth 12 by ncomp: 3:266 4:2750 5:6107 6:3946 7:1021
depth 13 by ncomp: 3:429 4:8048 5:28736 6:28670 7:12187
depth 14 by ncomp: 3:419 4:20233 5:115117 6:178047 7:125473
depth 15 by ncomp: 3:338 4:44602 5:414748 6:970670 7:1129417
depth 16 by ncomp: 3:225 4:84282 5:1323950 6:4675906 7:9147038
depth 17 by ncomp: 3:152 4:147891 5:3863268 6:20402242 7:59949633
depth 18 by ncomp: 3:79 4:220616 5:10175507 6:80860931 7:197766393
depth 19 by ncomp: 3:50 4:285530 5:24168988 6:293150621
depth 20 by ncomp: 3:20 4:330405 5:51916948
depth 21 by ncomp: 3:14 4:345527
depth 22 by ncomp: 3:3
depth 23 by ncomp:
depth 24 by ncomp:
