n=25 nodes=1185341578 nsol=0 time=13390.20
depth: 0:1 1:1 2:2 3:8 4:41 5:184 6:732 7:2765 8:11371 9:132 10:654 11:3703 12:20850 13:121557 14:731955 15:4514026 16:28213667 17:153295166 18:464923606 19:453242204 20:79375156 21:883761 22:36 23:0 24:0
depth  0 by ncomp: 0:1
depth  1 by ncomp: 1:1
depth  2 by ncomp: 1:1 2:1
depth  3 by ncomp: 1:4 2:3 3:1
depth  4 by ncomp: 1:16 2:18 3:6 4:1
depth  5 by ncomp: 1:30 2:96 3:47 4:10 5:1
depth  6 by ncomp: 1:38 2:277 3:303 4:98 5:15 6:1
depth  7 by ncomp: 1:34 2:503 3:1226 4:792 5:188 6:21 7:1
depth  8 by ncomp: 1:11 2:751 3:3767 4:4589 5:1895 6:329 7:29
depth  9 by ncomp: 2:5 3:32 4:49 5:35 6:10 7:1
depth 10 by ncomp: 2:3 3:86 4:205 5:243 6:100 7:17
depth 11 by ncomp: 3:229 4:881 5:1433 6:907 7:253
depth 12 by ncomp: 2:1 3:375 4:2949 5:7297 6:7081 7:3147
depth 13 by ncomp: 3:658 4:9187 5:32936 6:45852 7:32924
depth 14 by ncomp: 3:861 4:25633 5:135552 6:265201 7:304708
depth 15 by ncomp: 3:963 4:59840 5:497372 6:1386057 7:2569794
depth 16 by ncomp: 3:927 4:124763 5:1650184 6:6585019 7:19852774
depth 17 by ncomp: 3:861 4:236448 5:4988863 6:28617380 7:119451614
depth 18 by ncomp: 3:616 4:395807 5:13728849 6:113899653 7:336898681
depth 19 by ncomp: 3:357 4:587806 5:34522226 6:418131815
depth 20 by ncomp: 3:176 4:766384 5:78608596
depth 21 by ncomp: 3:90 4:883671
depth 22 by ncomp: 3:36
depth 23 by ncomp:
depth 24 by ncomp:
