n=25 nodes=919000188 nsol=0 time=9061.93
depth: 0:1 1:1 2:2 3:8 4:41 5:184 6:732 7:2765 8:11371 9:151 10:740 11:3968 12:20726 13:118143 14:681289 15:4145349 16:25494055 17:133128369 18:372111775 19:330377613 20:52472964 21:429935 22:6 23:0 24:0
depth  0 by ncomp: 0:1
depth  1 by ncomp: 1:1
depth  2 by ncomp: 1:1 2:1
depth  3 by ncomp: 1:4 2:3 3:1
depth  4 by ncomp: 1:16 2:18 3:6 4:1
depth  5 by ncomp: 1:30 2:96 3:47 4:10 5:1
depth  6 by ncomp: 1:38 2:277 3:303 4:98 5:15 6:1
depth  7 by ncomp: 1:34 2:503 3:1226 4:792 5:188 6:21 7:1
depth  8 by ncomp: 1:11 2:751 3:3767 4:4589 5:1895 6:329 7:29
depth  9 by ncomp: 3:25 4:59 5:54 6:12 7:1
depth 10 by ncomp: 3:33 4:207 5:329 6:149 7:22
depth 11 by ncomp: 3:117 4:733 5:1561 6:1215 7:342
depth 12 by ncomp: 3:263 4:2247 5:6571 6:7796 7:3849
depth 13 by ncomp: 3:454 4:6974 5:27520 6:45755 7:37440
depth 14 by ncomp: 3:534 4:18267 5:102701 6:238464 7:321323
depth 15 by ncomp: 3:548 4:43835 5:367363 6:1161704 7:2571899
depth 16 by ncomp: 3:412 4:91460 5:1213005 6:5242959 7:18946219
depth 17 by ncomp: 3:235 4:162675 5:3660170 6:22049980 7:107255309
depth 18 by ncomp: 3:135 4:247636 5:9848496 6:85683232 7:276332276
depth 19 by ncomp: 3:77 4:332505 5:23743021 6:306302010
depth 20 by ncomp: 3:27 4:404543 5:52068394
depth 21 by ncomp: 3:21 4:429914
depth 22 by ncomp: 3:6
depth 23 by ncomp:
depth 24 by ncomp:
