n=25 nodes=256803720 nsol=0 time=1915.35
depth: 0:1 1:1 2:2 3:8 4:41 5:184 6:732 7:2765 8:11371 9:32 10:134 11:626 12:3378 13:17070 14:90865 15:517888 16:2953440 17:16752521 18:72826357 19:126892262 20:36320378 21:413659 22:5 23:0 24:0
depth  0 by ncomp: 0:1
depth  1 by ncomp: 1:1
depth  2 by ncomp: 1:1 2:1
depth  3 by ncomp: 1:4 2:3 3:1
depth  4 by ncomp: 1:16 2:18 3:6 4:1
depth  5 by ncomp: 1:30 2:96 3:47 4:10 5:1
depth  6 by ncomp: 1:38 2:277 3:303 4:98 5:15 6:1
depth  7 by ncomp: 1:34 2:503 3:1226 4:792 5:188 6:21 7:1
depth  8 by ncomp: 1:11 2:751 3:3767 4:4589 5:1895 6:329 7:29
depth  9 by ncomp: 2:1 3:16 4:13 5:2
depth 10 by ncomp: 3:39 4:72 5:21 6:2
depth 11 by ncomp: 3:113 4:299 5:180 6:32 7:2
depth 12 by ncomp: 3:290 4:1335 5:1295 6:408 7:50
depth 13 by ncomp: 3:483 4:4627 5:7387 6:3753 7:820
depth 14 by ncomp: 3:500 4:13856 5:37426 6:28857 7:10226
depth 15 by ncomp: 3:549 4:37760 5:169664 6:198498 7:111417
depth 16 by ncomp: 3:585 4:82024 5:641161 6:1170587 7:1059083
depth 17 by ncomp: 3:457 4:149936 5:2102929 6:6005691 7:8493508
depth 18 by ncomp: 3:226 4:239842 5:6084683 6:27267556 7:39234050
depth 19 by ncomp: 3:93 4:333821 5:15767302 6:110791046
depth 20 by ncomp: 3:39 4:394315 5:35926024
depth 21 by ncomp: 3:14 4:413645
depth 22 by ncomp: 3:5
depth 23 by ncomp:
depth 24 by ncomp:
