n=25 nodes=512351522 nsol=0 time=5725.99
depth: 0:1 1:1 2:2 3:8 4:41 5:184 6:732 7:2765 8:11371 9:87 10:461 11:2393 12:13319 13:76405 14:453585 15:2823304 16:17625829 17:90456233 18:229579544 19:156762187 20:14487075 21:55995 22:0 23:0 24:0
depth  0 by ncomp: 0:1
depth  1 by ncomp: 1:1
depth  2 by ncomp: 1:1 2:1
depth  3 by ncomp: 1:4 2:3 3:1
depth  4 by ncomp: 1:16 2:18 3:6 4:1
depth  5 by ncomp: 1:30 2:96 3:47 4:10 5:1
depth  6 by ncomp: 1:38 2:277 3:303 4:98 5:15 6:1
depth  7 by ncomp: 1:34 2:503 3:1226 4:792 5:188 6:21 7:1
depth  8 by ncomp: 1:11 2:751 3:3767 4:4589 5:1895 6:329 7:29
depth  9 by ncomp: 3:16 4:20 5:40 6:10 7:1
depth 10 by ncomp: 3:31 4:84 5:207 6:120 7:19
depth 11 by ncomp: 3:45 4:278 5:888 6:901 7:281
depth 12 by ncomp: 3:55 4:867 5:3645 6:5597 7:3155
depth 13 by ncomp: 3:45 4:2188 5:13954 6:30362 7:29856
depth 14 by ncomp: 3:28 4:4950 5:49400 6:152528 7:246679
depth 15 by ncomp: 3:32 4:9941 5:160590 6:712300 7:1940441
depth 16 by ncomp: 3:27 4:17200 5:473241 6:3067191 7:14068170
depth 17 by ncomp: 3:26 4:27328 5:1268161 6:12151786 7:77008932
depth 18 by ncomp: 3:16 4:38852 5:3117074 6:44361807 7:182061795
depth 19 by ncomp: 3:11 4:48941 5:7010552 6:149702683
depth 20 by ncomp: 3:2 4:55207 5:14431866
depth 21 by ncomp: 4:55995
depth 22 by ncomp:
depth 23 by ncomp:
depth 24 by ncomp:
