n=25 nodes=1374364495 nsol=0 time=12909.37
depth: 0:1 1:1 2:2 3:8 4:41 5:184 6:732 7:2765 8:11371 9:193 10:929 11:4910 12:28042 13:163598 14:962136 15:5817716 16:35729814 17:191278886 18:566003662 19:503177592 20:70444147 21:737726 22:39 23:0 24:0
depth  0 by ncomp: 0:1
depth  1 by ncomp: 1:1
depth  2 by ncomp: 1:1 2:1
depth  3 by ncomp: 1:4 2:3 3:1
depth  4 by ncomp: 1:16 2:18 3:6 4:1
depth  5 by ncomp: 1:30 2:96 3:47 4:10 5:1
depth  6 by ncomp: 1:38 2:277 3:303 4:98 5:15 6:1
depth  7 by ncomp: 1:34 2:503 3:1226 4:792 5:188 6:21 7:1
depth  8 by ncomp: 1:11 2:751 3:3767 4:4589 5:1895 6:329 7:29
depth  9 by ncomp: 2:6 3:36 4:83 5:55 6:12 7:1
depth 10 by ncomp: 2:7 3:75 4:317 5:374 6:136 7:20
depth 11 by ncomp: 2:17 3:160 4:1097 5:2094 6:1238 7:304
depth 12 by ncomp: 2:21 3:335 4:3678 5:10738 6:9501 7:3769
depth 13 by ncomp: 2:8 3:574 4:10153 5:47211 6:64456 7:41196
depth 14 by ncomp: 2:3 3:963 4:24389 5:177996 6:368991 7:389794
depth 15 by ncomp: 3:1509 4:54061 5:607308 6:1868566 7:3286272
depth 16 by ncomp: 3:1781 4:107636 5:1869065 6:8516878 7:25234454
depth 17 by ncomp: 3:1710 4:196973 5:5259931 6:35314569 7:150505703
depth 18 by ncomp: 3:1536 4:327773 5:13603310 6:134246120 7:417824923
depth 19 by ncomp: 3:1099 4:487871 5:32196811 6:470491811
depth 20 by ncomp: 3:525 4:637435 5:69806187
depth 21 by ncomp: 3:188 4:737538
depth 22 by ncomp: 3:39
depth 23 by ncomp:
depth 24 by ncomp:
