n=25 nodes=1064452324 nsol=0 time=10681.26
depth: 0:1 1:1 2:2 3:8 4:41 5:184 6:732 7:2765 8:11371 9:169 10:861 11:4373 12:23232 13:130252 14:746085 15:4505737 16:27372488 17:144359364 18:427278666 19:400420904 20:59188303 21:406776 22:9 23:0 24:0
depth  0 by ncomp: 0:1
depth  1 by ncomp: 1:1
depth  2 by ncomp: 1:1 2:1
depth  3 by ncomp: 1:4 2:3 3:1
depth  4 by ncomp: 1:16 2:18 3:6 4:1
depth  5 by ncomp: 1:30 2:96 3:47 4:10 5:1
depth  6 by ncomp: 1:38 2:277 3:303 4:98 5:15 6:1
depth  7 by ncomp: 1:34 2:503 3:1226 4:792 5:188 6:21 7:1
depth  8 by ncomp: 1:11 2:751 3:3767 4:4589 5:1895 6:329 7:29
depth  9 by ncomp: 3:21 4:68 5:59 6:19 7:2
depth 10 by ncomp: 3:45 4:295 5:342 6:148 7:31
depth 11 by ncomp: 3:111 4:977 5:1808 6:1128 7:349
depth 12 by ncomp: 3:170 4:2826 5:8346 6:7964 7:3926
depth 13 by ncomp: 3:246 4:7702 5:35961 6:49478 7:36865
depth 14 by ncomp: 3:311 4:18343 5:136750 6:273461 7:317220
depth 15 by ncomp: 3:376 4:39319 5:476856 6:1397035 7:2592151
depth 16 by ncomp: 3:298 4:75133 5:1487334 6:6412279 7:19397444
depth 17 by ncomp: 3:248 4:131762 5:4263817 6:26910274 7:113053263
depth 18 by ncomp: 3:143 4:206507 5:11213934 6:104345475 7:311512607
depth 19 by ncomp: 3:80 4:287526 5:26900715 6:373232583
depth 20 by ncomp: 3:40 4:360315 5:58827948
depth 21 by ncomp: 3:13 4:406763
depth 22 by ncomp: 3:9
depth 23 by ncomp:
depth 24 by ncomp:
