n=25 nodes=1523383834 nsol=0 time=15386.61
depth: 0:1 1:1 2:2 3:8 4:41 5:184 6:732 7:2765 8:11371 9:172 10:973 11:5309 12:29939 13:176148 14:1046753 15:6364637 16:39356607 17:212237915 18:630101318 19:558015370 20:75455439 21:578107 22:42 23:0 24:0
depth  0 by ncomp: 0:1
depth  1 by ncomp: 1:1
depth  2 by ncomp: 1:1 2:1
depth  3 by ncomp: 1:4 2:3 3:1
depth  4 by ncomp: 1:16 2:18 3:6 4:1
depth  5 by ncomp: 1:30 2:96 3:47 4:10 5:1
depth  6 by ncomp: 1:38 2:277 3:303 4:98 5:15 6:1
depth  7 by ncomp: 1:34 2:503 3:1226 4:792 5:188 6:21 7:1
depth  8 by ncomp: 1:11 2:751 3:3767 4:4589 5:1895 6:329 7:29
depth  9 by ncomp: 2:7 3:10 4:79 5:62 6:13 7:1
depth 10 by ncomp: 2:8 3:39 4:306 5:446 6:153 7:21
depth 11 by ncomp: 2:7 3:121 4:941 5:2441 6:1464 7:335
depth 12 by ncomp: 2:5 3:199 4:2830 5:11432 6:11135 7:4338
depth 13 by ncomp: 2:2 3:378 4:7960 5:48163 6:72473 7:47172
depth 14 by ncomp: 3:651 4:19654 5:180709 6:407727 7:438012
depth 15 by ncomp: 3:908 4:44342 5:609898 6:2043962 7:3665527
depth 16 by ncomp: 3:1074 4:92162 5:1894449 6:9300141 7:28068781
depth 17 by ncomp: 3:1149 4:171688 5:5413654 6:38650549 7:168000875
depth 18 by ncomp: 3:851 4:285548 5:14245992 6:148036527 7:467532400
depth 19 by ncomp: 3:490 4:418084 5:34245032 6:523351764
depth 20 by ncomp: 3:208 4:525736 5:74929495
depth 21 by ncomp: 3:75 4:578032
depth 22 by ncomp: 3:42
depth 23 by ncomp:
depth 24 by ncomp:
