n=25 nodes=633295217 nsol=0 time=6466.58
depth: 0:1 1:1 2:2 3:8 4:41 5:184 6:732 7:2765 8:11371 9:105 10:552 11:2776 12:15533 13:88509 14:521610 15:3192200 16:19667350 17:100684291 18:261874040 19:207538800 20:38764587 21:929279 22:480 23:0 24:0
depth  0 by ncomp: 0:1
depth  1 by ncomp: 1:1
depth  2 by ncomp: 1:1 2:1
depth  3 by ncomp: 1:4 2:3 3:1
depth  4 by ncomp: 1:16 2:18 3:6 4:1
depth  5 by ncomp: 1:30 2:96 3:47 4:10 5:1
depth  6 by ncomp: 1:38 2:277 3:303 4:98 5:15 6:1
depth  7 by ncomp: 1:34 2:503 3:1226 4:792 5:188 6:21 7:1
depth  8 by ncomp: 1:11 2:751 3:3767 4:4589 5:1895 6:329 7:29
depth  9 by ncomp: 2:10 3:26 4:13 5:43 6:12 7:1
depth 10 by ncomp: 2:18 3:86 4:82 5:212 6:132 7:22
depth 11 by ncomp: 2:20 3:201 4:364 5:919 6:950 7:322
depth 12 by ncomp: 2:20 3:556 4:1375 5:4066 6:6044 7:3472
depth 13 by ncomp: 2:29 3:1241 4:4963 5:16201 6:33743 7:32332
depth 14 by ncomp: 2:9 3:2022 4:15091 5:60449 6:171938 7:272101
depth 15 by ncomp: 2:2 3:2845 4:41096 5:217866 6:807044 7:2123347
depth 16 by ncomp: 3:2946 4:96287 5:730973 6:3501473 7:15335671
depth 17 by ncomp: 3:2695 4:200060 5:2272958 6:14242098 7:83966480
depth 18 by ncomp: 3:2329 4:348830 5:6349269 6:53910297 7:201263315
depth 19 by ncomp: 3:1923 4:546023 5:16386343 6:190604511
depth 20 by ncomp: 3:1370 4:751339 5:38011878
depth 21 by ncomp: 3:971 4:928308
depth 22 by ncomp: 3:480
depth 23 by ncomp:
depth 24 by ncomp:
