n=25 nodes=595570322 nsol=0 time=5136.52
depth: 0:1 1:1 2:2 3:8 4:41 5:184 6:732 7:2765 8:11371 9:73 10:344 11:1557 12:7757 13:42564 14:253545 15:1496038 16:8946060 17:50913945 18:195521133 19:273102306 20:64587130 21:682754 22:11 23:0 24:0
depth  0 by ncomp: 0:1
depth  1 by ncomp: 1:1
depth  2 by ncomp: 1:1 2:1
depth  3 by ncomp: 1:4 2:3 3:1
depth  4 by ncomp: 1:16 2:18 3:6 4:1
depth  5 by ncomp: 1:30 2:96 3:47 4:10 5:1
depth  6 by ncomp: 1:38 2:277 3:303 4:98 5:15 6:1
depth  7 by ncomp: 1:34 2:503 3:1226 4:792 5:188 6:21 7:1
depth  8 by ncomp: 1:11 2:751 3:3767 4:4589 5:1895 6:329 7:29
depth  9 by ncomp: 3:25 4:36 5:11 6:1
depth 10 by ncomp: 3:67 4:169 5:91 6:16 7:1
depth 11 by ncomp: 3:100 4:654 5:604 6:177 7:22
depth 12 by ncomp: 3:222 4:2113 5:3382 6:1678 7:362
depth 13 by ncomp: 3:357 4:7159 5:17356 6:13127 7:4565
depth 14 by ncomp: 3:513 4:20323 5:83613 6:96135 7:52961
depth 15 by ncomp: 3:593 4:48420 5:335202 6:589708 7:522115
depth 16 by ncomp: 3:635 4:103956 5:1179130 6:3130038 7:4532301
depth 17 by ncomp: 3:626 4:195068 5:3714465 6:14751017 7:32252769
depth 18 by ncomp: 3:420 4:326750 5:10589473 6:62767427 7:121837063
depth 19 by ncomp: 3:270 4:476022 5:27414384 6:245211630
depth 20 by ncomp: 3:120 4:606885 5:63980125
depth 21 by ncomp: 3:47 4:682707
depth 22 by ncomp: 3:11
depth 23 by ncomp:
depth 24 by ncomp:
