n=25 nodes=949544051 nsol=0 time=11608.96
depth: 0:1 1:1 2:2 3:8 4:41 5:184 6:732 7:2765 8:11371 9:137 10:790 11:4368 12:25848 13:163411 14:1088137 15:7456390 16:48333181 17:212909250 18:391343918 19:242606127 20:45089736 21:507652 22:1 23:0 24:0
depth  0 by ncomp: 0:1
depth  1 by ncomp: 1:1
depth  2 by ncomp: 1:1 2:1
depth  3 by ncomp: 1:4 2:3 3:1
depth  4 by ncomp: 1:16 2:18 3:6 4:1
depth  5 by ncomp: 1:30 2:96 3:47 4:10 5:1
depth  6 by ncomp: 1:38 2:277 3:303 4:98 5:15 6:1
depth  7 by ncomp: 1:34 2:503 3:1226 4:792 5:188 6:21 7:1
depth  8 by ncomp: 1:11 2:751 3:3767 4:4589 5:1895 6:329 7:29
depth  9 by ncomp: 2:5 3:30 4:41 5:17 6:34 7:10
depth 10 by ncomp: 2:2 3:84 4:164 5:139 6:268 7:133
depth 11 by ncomp: 3:168 4:600 5:671 6:1458 7:1471
depth 12 by ncomp: 3:261 4:2011 5:3213 6:7340 7:13023
depth 13 by ncomp: 3:483 4:6602 5:15535 6:36408 7:104383
depth 14 by ncomp: 3:636 4:17588 5:66742 6:182532 7:820639
depth 15 by ncomp: 3:634 4:41849 5:255088 6:864341 7:6294478
depth 16 by ncomp: 3:596 4:86711 5:880663 6:3850012 7:43515199
depth 17 by ncomp: 3:417 4:160557 5:2749296 6:16013039 7:193985941
depth 18 by ncomp: 3:232 4:262410 5:7732187 6:61908796 7:321440293
depth 19 by ncomp: 3:113 4:372317 5:19578333 6:222655364
depth 20 by ncomp: 3:42 4:464903 5:44624791
depth 21 by ncomp: 3:2 4:507650
depth 22 by ncomp: 3:1
depth 23 by ncomp:
depth 24 by ncomp:
