n=25 nodes=492712965 nsol=0 time=5397.49
depth: 0:1 1:1 2:2 3:8 4:41 5:184 6:732 7:2765 8:11371 9:53 10:290 11:1622 12:9179 13:51789 14:297983 15:1769269 16:10777471 17:59992566 18:195319010 19:194019868 20:30167903 21:290847 22:10 23:0 24:0
depth  0 by ncomp: 0:1
depth  1 by ncomp: 1:1
depth  2 by ncomp: 1:1 2:1
depth  3 by ncomp: 1:4 2:3 3:1
depth  4 by ncomp: 1:16 2:18 3:6 4:1
depth  5 by ncomp: 1:30 2:96 3:47 4:10 5:1
depth  6 by ncomp: 1:38 2:277 3:303 4:98 5:15 6:1
depth  7 by ncomp: 1:34 2:503 3:1226 4:792 5:188 6:21 7:1
depth  8 by ncomp: 1:11 2:751 3:3767 4:4589 5:1895 6:329 7:29
depth  9 by ncomp: 3:3 4:26 5:21 6:3
depth 10 by ncomp: 3:13 4:105 5:133 6:36 7:3
depth 11 by ncomp: 3:37 4:387 5:777 6:362 7:59
depth 12 by ncomp: 3:95 4:1288 5:3929 6:3019 7:848
depth 13 by ncomp: 3:177 4:3384 5:17017 6:21079 7:10132
depth 14 by ncomp: 3:245 4:8252 5:64245 6:123764 7:101477
depth 15 by ncomp: 3:291 4:19229 5:220962 6:641236 7:887551
depth 16 by ncomp: 3:213 4:39551 5:695699 6:3001386 7:7040622
depth 17 by ncomp: 3:185 4:74664 5:2022947 6:12802304 7:45092466
depth 18 by ncomp: 3:149 4:126012 5:5388756 6:50059768 7:139744325
depth 19 by ncomp: 3:87 4:188051 5:13263476 6:180568254
depth 20 by ncomp: 3:37 4:249850 5:29918016
depth 21 by ncomp: 3:13 4:290834
depth 22 by ncomp: 3:10
depth 23 by ncomp:
depth 24 by ncomp:
