n=25 nodes=712963258 nsol=0 time=7502.70
depth: 0:1 1:1 2:2 3:8 4:41 5:184 6:732 7:2765 8:11371 9:101 10:492 11:2410 12:12855 13:72789 14:409116 15:2386988 16:14279053 17:79250485 18:269420954 19:295631978 20:50992723 21:488204 22:5 23:0 24:0
depth  0 by ncomp: 0:1
depth  1 by ncomp: 1:1
depth  2 by ncomp: 1:1 2:1
depth  3 by ncomp: 1:4 2:3 3:1
depth  4 by ncomp: 1:16 2:18 3:6 4:1
depth  5 by ncomp: 1:30 2:96 3:47 4:10 5:1
depth  6 by ncomp: 1:38 2:277 3:303 4:98 5:15 6:1
depth  7 by ncomp: 1:34 2:503 3:1226 4:792 5:188 6:21 7:1
depth  8 by ncomp: 1:11 2:751 3:3767 4:4589 5:1895 6:329 7:29
depth  9 by ncomp: 2:1 3:17 4:53 5:27 6:3
depth 10 by ncomp: 2:2 3:45 4:216 5:185 6:41 7:3
depth 11 by ncomp: 2:1 3:120 4:738 5:1062 6:426 7:63
depth 12 by ncomp: 3:201 4:2417 5:5659 6:3646 7:932
depth 13 by ncomp: 3:302 4:7008 5:26550 6:27281 7:11648
depth 14 by ncomp: 3:360 4:17196 5:104233 6:167270 7:120057
depth 15 by ncomp: 3:349 4:38902 5:373438 6:897319 7:1076980
depth 16 by ncomp: 3:317 4:77440 5:1202424 6:4326770 7:8672102
depth 17 by ncomp: 3:271 4:138400 5:3517644 6:18829203 7:56764967
depth 18 by ncomp: 3:208 4:220854 5:9376062 6:74786694 7:185037136
depth 19 by ncomp: 3:120 4:316763 5:22747221 6:272567874
depth 20 by ncomp: 3:50 4:412195 5:50580478
depth 21 by ncomp: 3:11 4:488193
depth 22 by ncomp: 3:5
depth 23 by ncomp:
depth 24 by ncomp:
