n=25 nodes=826401622 nsol=0 time=8102.06
depth: 0:1 1:1 2:2 3:8 4:41 5:184 6:732 7:2765 8:11371 9:130 10:621 11:3030 12:16889 13:98843 14:593020 15:3688244 16:23192823 17:124397605 18:353278441 19:287294997 20:33539340 21:282504 22:30 23:0 24:0
depth  0 by ncomp: 0:1
depth  1 by ncomp: 1:1
depth  2 by ncomp: 1:1 2:1
depth  3 by ncomp: 1:4 2:3 3:1
depth  4 by ncomp: 1:16 2:18 3:6 4:1
depth  5 by ncomp: 1:30 2:96 3:47 4:10 5:1
depth  6 by ncomp: 1:38 2:277 3:303 4:98 5:15 6:1
depth  7 by ncomp: 1:34 2:503 3:1226 4:792 5:188 6:21 7:1
depth  8 by ncomp: 1:11 2:751 3:3767 4:4589 5:1895 6:329 7:29
depth  9 by ncomp: 2:3 3:19 4:60 5:37 6:10 7:1
depth 10 by ncomp: 2:4 3:40 4:211 5:251 6:98 7:17
depth 11 by ncomp: 3:68 4:626 5:1290 6:819 7:227
depth 12 by ncomp: 3:110 4:1721 5:6093 6:6221 7:2744
depth 13 by ncomp: 3:184 4:4406 5:25139 6:39660 7:29454
depth 14 by ncomp: 3:266 4:10251 5:92742 6:220681 7:269080
depth 15 by ncomp: 3:443 4:21718 5:312137 6:1101275 7:2252671
depth 16 by ncomp: 3:427 4:42229 5:949416 6:5001308 7:17199443
depth 17 by ncomp: 3:461 4:74712 5:2636737 6:20595257 7:101090438
depth 18 by ncomp: 3:377 4:119267 5:6711070 6:77815569 7:268632158
depth 19 by ncomp: 3:272 4:172274 5:15599220 6:271523231
depth 20 by ncomp: 3:141 4:230011 5:33309188
depth 21 by ncomp: 3:88 4:282416
depth 22 by ncomp: 3:30
depth 23 by ncomp:
depth 24 by ncomp:
