n=25 nodes=101770923 nsol=0 time=1056.68
depth: 0:1 1:1 2:2 3:8 4:41 5:184 6:732 7:2765 8:11371 9:24 10:81 11:308 12:1437 13:7490 14:42309 15:245157 16:1461651 17:8452846 18:34038679 19:47520024 20:9898815 21:86997 22:0 23:0 24:0
depth  0 by ncomp: 0:1
depth  1 by ncomp: 1:1
depth  2 by ncomp: 1:1 2:1
depth  3 by ncomp: 1:4 2:3 3:1
depth  4 by ncomp: 1:16 2:18 3:6 4:1
depth  5 by ncomp: 1:30 2:96 3:47 4:10 5:1
depth  6 by ncomp: 1:38 2:277 3:303 4:98 5:15 6:1
depth  7 by ncomp: 1:34 2:503 3:1226 4:792 5:188 6:21 7:1
depth  8 by ncomp: 1:11 2:751 3:3767 4:4589 5:1895 6:329 7:29
depth  9 by ncomp: 3:4 4:12 5:7 6:1
depth 10 by ncomp: 3:8 4:34 5:28 6:10 7:1
depth 11 by ncomp: 3:7 4:97 5:131 6:58 7:15
depth 12 by ncomp: 3:27 4:313 5:648 6:339 7:110
depth 13 by ncomp: 3:44 4:922 5:3206 6:2465 7:853
depth 14 by ncomp: 3:47 4:2489 5:13915 6:16871 7:8987
depth 15 by ncomp: 3:47 4:5793 5:54056 6:101887 7:83374
depth 16 by ncomp: 3:59 4:12240 5:187354 6:541610 7:720388
depth 17 by ncomp: 3:41 4:22963 5:584039 6:2580425 7:5265378
depth 18 by ncomp: 3:37 4:38260 5:1646663 6:11090427 7:21263292
depth 19 by ncomp: 3:14 4:57116 5:4211287 6:43251607
depth 20 by ncomp: 3:4 4:74966 5:9823845
depth 21 by ncomp: 3:1 4:86996
depth 22 by ncomp:
depth 23 by ncomp:
depth 24 by ncomp:
