n=25 nodes=294776554 nsol=0 time=2206.74
depth: 0:1 1:1 2:2 3:8 4:41 5:184 6:732 7:2765 8:11371 9:60 10:223 11:933 12:4492 13:21816 14:112128 15:618090 16:3430162 17:19293484 18:83025430 19:143412938 20:44115043 21:726637 22:13 23:0 24:0
depth  0 by ncomp: 0:1
depth  1 by ncomp: 1:1
depth  2 by ncomp: 1:1 2:1
depth  3 by ncomp: 1:4 2:3 3:1
depth  4 by ncomp: 1:16 2:18 3:6 4:1
depth  5 by ncomp: 1:30 2:96 3:47 4:10 5:1
depth  6 by ncomp: 1:38 2:277 3:303 4:98 5:15 6:1
depth  7 by ncomp: 1:34 2:503 3:1226 4:792 5:188 6:21 7:1
depth  8 by ncomp: 1:11 2:751 3:3767 4:4589 5:1895 6:329 7:29
depth  9 by ncomp: 2:4 3:27 4:25 5:4
depth 10 by ncomp: 2:1 3:76 4:106 5:36 6:4
depth 11 by ncomp: 2:3 3:174 4:447 5:258 6:48 7:3
depth 12 by ncomp: 3:378 4:1787 5:1707 6:549 7:71
depth 13 by ncomp: 3:595 4:5920 5:9475 6:4765 7:1061
depth 14 by ncomp: 3:734 4:17106 5:45904 6:35558 7:12826
depth 15 by ncomp: 3:975 4:46483 5:201525 6:235507 7:133600
depth 16 by ncomp: 3:956 4:98439 5:743443 6:1351211 7:1236113
depth 17 by ncomp: 3:734 4:187615 5:2466252 6:6910154 7:9728729
depth 18 by ncomp: 3:524 4:312808 5:7123483 6:31104990 7:44483625
depth 19 by ncomp: 3:230 4:469544 5:18553413 6:124389751
depth 20 by ncomp: 3:108 4:618507 5:43496428
depth 21 by ncomp: 3:39 4:726598
depth 22 by ncomp: 3:13
depth 23 by ncomp:
depth 24 by ncomp:
