n=25 nodes=701599274 nsol=0 time=7154.57
depth: 0:1 1:1 2:2 3:8 4:41 5:184 6:732 7:2765 8:11371 9:131 10:610 11:2871 12:14915 13:75330 14:408445 15:2333922 16:13680928 17:74908689 18:259544585 19:297371965 20:52841888 21:399870 22:20 23:0 24:0
depth  0 by ncomp: 0:1
depth  1 by ncomp: 1:1
depth  2 by ncomp: 1:1 2:1
depth  3 by ncomp: 1:4 2:3 3:1
depth  4 by ncomp: 1:16 2:18 3:6 4:1
depth  5 by ncomp: 1:30 2:96 3:47 4:10 5:1
depth  6 by ncomp: 1:38 2:277 3:303 4:98 5:15 6:1
depth  7 by ncomp: 1:34 2:503 3:1226 4:792 5:188 6:21 7:1
depth  8 by ncomp: 1:11 2:751 3:3767 4:4589 5:1895 6:329 7:29
depth  9 by ncomp: 3:15 4:62 5:40 6:13 7:1
depth 10 by ncomp: 3:38 4:258 5:216 6:80 7:18
depth 11 by ncomp: 3:110 4:818 5:1210 6:560 7:173
depth 12 by ncomp: 3:215 4:2639 5:6164 6:4157 7:1740
depth 13 by ncomp: 3:322 4:7452 5:26565 6:26774 7:14217
depth 14 by ncomp: 3:359 4:18605 5:107104 6:160925 7:121452
depth 15 by ncomp: 3:345 4:42279 5:386179 6:872896 7:1032223
depth 16 by ncomp: 3:317 4:83523 5:1258012 6:4247880 7:8091196
depth 17 by ncomp: 3:204 4:146600 5:3705944 6:18635330 7:52420611
depth 18 by ncomp: 3:139 4:222402 5:9888313 6:74635988 7:174797743
depth 19 by ncomp: 3:74 4:303001 5:23872969 6:273195921
depth 20 by ncomp: 3:44 4:370801 5:52471043
depth 21 by ncomp: 3:28 4:399842
depth 22 by ncomp: 3:20
depth 23 by ncomp:
depth 24 by ncomp:
