n=25 nodes=295065601 nsol=0 time=2979.19
depth: 0:1 1:1 2:2 3:8 4:41 5:184 6:732 7:2765 8:11371 9:41 10:162 11:872 12:4695 13:25864 14:146136 15:836280 16:4920899 17:27387382 18:100866536 19:132186514 20:28408642 21:266470 22:3 23:0 24:0
depth  0 by ncomp: 0:1
depth  1 by ncomp: 1:1
depth  2 by ncomp: 1:1 2:1
depth  3 by ncomp: 1:4 2:3 3:1
depth  4 by ncomp: 1:16 2:18 3:6 4:1
depth  5 by ncomp: 1:30 2:96 3:47 4:10 5:1
depth  6 by ncomp: 1:38 2:277 3:303 4:98 5:15 6:1
depth  7 by ncomp: 1:34 2:503 3:1226 4:792 5:188 6:21 7:1
depth  8 by ncomp: 1:11 2:751 3:3767 4:4589 5:1895 6:329 7:29
depth  9 by ncomp: 3:12 4:19 5:9 6:1
depth 10 by ncomp: 3:14 4:86 5:48 6:13 7:1
depth 11 by ncomp: 3:50 4:381 5:324 6:100 7:17
depth 12 by ncomp: 3:79 4:1305 5:2121 6:970 7:220
depth 13 by ncomp: 3:114 4:3874 5:10982 6:8074 7:2820
depth 14 by ncomp: 3:158 4:9451 5:47006 6:56355 7:33166
depth 15 by ncomp: 3:179 4:21370 5:174266 6:325702 7:314763
depth 16 by ncomp: 3:146 4:43103 5:581352 6:1651741 7:2644557
depth 17 by ncomp: 3:118 4:77334 5:1756689 6:7537594 7:18015647
depth 18 by ncomp: 3:70 4:126237 5:4859132 6:31390237 7:64490860
depth 19 by ncomp: 3:37 4:180409 5:12262007 6:119744061
depth 20 by ncomp: 3:25 4:231619 5:28176998
depth 21 by ncomp: 3:20 4:266450
depth 22 by ncomp: 3:3
depth 23 by ncomp:
depth 24 by ncomp:
