n=25 nodes=514907190 nsol=0 time=4867.86
depth: 0:1 1:1 2:2 3:8 4:41 5:184 6:732 7:2765 8:11371 9:74 10:375 11:1906 12:10352 13:55114 14:313496 15:1819602 16:10750428 17:59162308 18:199085941 19:209867011 20:33544431 21:281031 22:16 23:0 24:0
depth  0 by ncomp: 0:1
depth  1 by ncomp: 1:1
depth  2 by ncomp: 1:1 2:1
depth  3 by ncomp: 1:4 2:3 3:1
depth  4 by ncomp: 1:16 2:18 3:6 4:1
depth  5 by ncomp: 1:30 2:96 3:47 4:10 5:1
depth  6 by ncomp: 1:38 2:277 3:303 4:98 5:15 6:1
depth  7 by ncomp: 1:34 2:503 3:1226 4:792 5:188 6:21 7:1
depth  8 by ncomp: 1:11 2:751 3:3767 4:4589 5:1895 6:329 7:29
depth  9 by ncomp: 3:13 4:41 5:18 6:2
depth 10 by ncomp: 3:27 4:174 5:143 6:29 7:2
depth 11 by ncomp: 3:57 4:592 5:876 6:335 7:46
depth 12 by ncomp: 3:119 4:1890 5:4667 6:2956 7:720
depth 13 by ncomp: 3:180 4:4911 5:20341 6:20887 7:8795
depth 14 by ncomp: 3:240 4:12554 5:81382 6:128909 7:90411
depth 15 by ncomp: 3:326 4:27498 5:284129 6:694167 7:813482
depth 16 by ncomp: 3:322 4:55319 5:887782 6:3285180 7:6521825
depth 17 by ncomp: 3:201 4:98746 5:2515372 6:14053040 7:42494949
depth 18 by ncomp: 3:143 4:155528 5:6507546 6:54609833 7:137812891
depth 19 by ncomp: 3:61 4:215152 5:15371882 6:194279916
depth 20 by ncomp: 3:37 4:260577 5:33283817
depth 21 by ncomp: 3:21 4:281010
depth 22 by ncomp: 3:16
depth 23 by ncomp:
depth 24 by ncomp:
