n=25 nodes=907332686 nsol=0 time=8765.37
depth: 0:1 1:1 2:2 3:8 4:41 5:184 6:732 7:2765 8:11371 9:114 10:634 11:3317 12:18287 13:105845 14:625755 15:3833708 16:23712551 17:125264086 18:360100451 19:335456308 20:57665725 21:530786 22:14 23:0 24:0
depth  0 by ncomp: 0:1
depth  1 by ncomp: 1:1
depth  2 by ncomp: 1:1 2:1
depth  3 by ncomp: 1:4 2:3 3:1
depth  4 by ncomp: 1:16 2:18 3:6 4:1
depth  5 by ncomp: 1:30 2:96 3:47 4:10 5:1
depth  6 by ncomp: 1:38 2:277 3:303 4:98 5:15 6:1
depth  7 by ncomp: 1:34 2:503 3:1226 4:792 5:188 6:21 7:1
depth  8 by ncomp: 1:11 2:751 3:3767 4:4589 5:1895 6:329 7:29
depth  9 by ncomp: 3:19 4:41 5:42 6:11 7:1
depth 10 by ncomp: 3:60 4:183 5:253 6:119 7:19
depth 11 by ncomp: 3:109 4:668 5:1256 6:999 7:285
depth 12 by ncomp: 3:161 4:2144 5:5888 6:6749 7:3345
depth 13 by ncomp: 3:252 4:6440 5:25243 6:40657 7:33253
depth 14 by ncomp: 3:336 4:17270 5:100149 6:219196 7:288804
depth 15 by ncomp: 3:350 4:41092 5:366025 6:1094500 7:2331741
depth 16 by ncomp: 3:355 4:83549 5:1213142 6:5056538 7:17358967
depth 17 by ncomp: 3:347 4:154302 5:3667278 6:21621796 7:99820363
depth 18 by ncomp: 3:208 4:253208 5:10098430 6:85211524 7:264537081
depth 19 by ncomp: 3:124 4:364528 5:25218514 6:309873142
depth 20 by ncomp: 3:70 4:468652 5:57197003
depth 21 by ncomp: 3:33 4:530753
depth 22 by ncomp: 3:14
depth 23 by ncomp:
depth 24 by ncomp:
