n=25 nodes=802651947 nsol=0 time=9128.77
depth: 0:1 1:1 2:2 3:8 4:41 5:184 6:732 7:2765 8:11371 9:118 10:704 11:3740 12:20192 13:113343 14:654777 15:3946766 16:24124177 17:125852865 18:345992106 19:272765965 20:29074937 21:87152 22:0 23:0 24:0
depth  0 by ncomp: 0:1
depth  1 by ncomp: 1:1
depth  2 by ncomp: 1:1 2:1
depth  3 by ncomp: 1:4 2:3 3:1
depth  4 by ncomp: 1:16 2:18 3:6 4:1
depth  5 by ncomp: 1:30 2:96 3:47 4:10 5:1
depth  6 by ncomp: 1:38 2:277 3:303 4:98 5:15 6:1
depth  7 by ncomp: 1:34 2:503 3:1226 4:792 5:188 6:21 7:1
depth  8 by ncomp: 1:11 2:751 3:3767 4:4589 5:1895 6:329 7:29
depth  9 by ncomp: 3:6 4:53 5:47 6:11 7:1
depth 10 by ncomp: 3:11 4:230 5:322 6:122 7:19
depth 11 by ncomp: 3:21 4:673 5:1722 6:1063 7:261
depth 12 by ncomp: 3:35 4:1714 5:7350 6:7714 7:3379
depth 13 by ncomp: 3:19 4:4317 5:28899 6:46125 7:33983
depth 14 by ncomp: 3:8 4:8971 5:100266 6:244108 7:301424
depth 15 by ncomp: 3:8 4:17069 5:318728 6:1168601 7:2442360
depth 16 by ncomp: 3:4 4:29096 5:934491 6:5091195 7:18069391
depth 17 by ncomp: 3:1 4:45141 5:2519537 6:20448089 7:102840097
depth 18 by ncomp: 3:10 4:62820 5:6224775 6:75739842 7:263964659
depth 19 by ncomp: 3:1 4:78352 5:14013882 6:258673730
depth 20 by ncomp: 3:2 4:87692 5:28987243
depth 21 by ncomp: 3:1 4:87151
depth 22 by ncomp:
depth 23 by ncomp:
depth 24 by ncomp:
