n=25 nodes=779820529 nsol=0 time=8651.75
depth: 0:1 1:1 2:2 3:8 4:41 5:184 6:732 7:2765 8:11371 9:104 10:585 11:3231 12:18588 13:107423 14:644875 15:3930605 16:24248091 17:126374512 18:342214884 19:256619649 20:25489279 21:153587 22:11 23:0 24:0
depth  0 by ncomp: 0:1
depth  1 by ncomp: 1:1
depth  2 by ncomp: 1:1 2:1
depth  3 by ncomp: 1:4 2:3 3:1
depth  4 by ncomp: 1:16 2:18 3:6 4:1
depth  5 by ncomp: 1:30 2:96 3:47 4:10 5:1
depth  6 by ncomp: 1:38 2:277 3:303 4:98 5:15 6:1
depth  7 by ncomp: 1:34 2:503 3:1226 4:792 5:188 6:21 7:1
depth  8 by ncomp: 1:11 2:751 3:3767 4:4589 5:1895 6:329 7:29
depth  9 by ncomp: 2:1 3:8 4:36 5:47 6:11 7:1
depth 10 by ncomp: 3:12 4:112 5:304 6:137 7:20
depth 11 by ncomp: 3:27 4:274 5:1402 6:1202 7:326
depth 12 by ncomp: 3:53 4:829 5:5808 6:7952 7:3946
depth 13 by ncomp: 3:89 4:2111 5:22059 6:45293 7:37871
depth 14 by ncomp: 3:143 4:5381 5:77845 6:235902 7:325604
depth 15 by ncomp: 3:117 4:11890 5:248132 6:1108289 7:2562177
depth 16 by ncomp: 3:135 4:23525 5:723750 6:4776807 7:18723874
depth 17 by ncomp: 3:89 4:43150 5:1978651 6:19098152 7:105254470
depth 18 by ncomp: 3:86 4:69391 5:5017817 6:70842914 7:266284676
depth 19 by ncomp: 3:43 4:101291 5:11783727 6:244734588
depth 20 by ncomp: 3:39 4:132646 5:25356594
depth 21 by ncomp: 3:11 4:153576
depth 22 by ncomp: 3:11
depth 23 by ncomp:
depth 24 by ncomp:
