n=25 nodes=357593536 nsol=0 time=3394.53
depth: 0:1 1:1 2:2 3:8 4:41 5:184 6:732 7:2765 8:11371 9:77 10:295 11:1342 12:5855 13:28958 14:149028 15:806791 16:4414236 17:24353959 18:102942524 19:174050763 20:50200840 21:623756 22:7 23:0 24:0
depth  0 by ncomp: 0:1
depth  1 by ncomp: 1:1
depth  2 by ncomp: 1:1 2:1
depth  3 by ncomp: 1:4 2:3 3:1
depth  4 by ncomp: 1:16 2:18 3:6 4:1
depth  5 by ncomp: 1:30 2:96 3:47 4:10 5:1
depth  6 by ncomp: 1:38 2:277 3:303 4:98 5:15 6:1
depth  7 by ncomp: 1:34 2:503 3:1226 4:792 5:188 6:21 7:1
depth  8 by ncomp: 1:11 2:751 3:3767 4:4589 5:1895 6:329 7:29
depth  9 by ncomp: 2:1 3:34 4:24 5:9 6:8 7:1
depth 10 by ncomp: 3:79 4:144 5:46 6:15 7:11
depth 11 by ncomp: 3:155 4:614 5:342 6:119 7:112
depth 12 by ncomp: 3:292 4:2130 5:2248 6:734 7:451
depth 13 by ncomp: 3:513 4:6961 5:12154 6:6316 7:3014
depth 14 by ncomp: 3:849 4:20043 5:57506 6:46454 7:24176
depth 15 by ncomp: 3:849 4:50044 5:241926 6:302692 7:211280
depth 16 by ncomp: 3:738 4:106036 5:882639 6:1688661 7:1736162
depth 17 by ncomp: 3:626 4:197619 5:2883096 6:8486176 7:12786442
depth 18 by ncomp: 3:394 4:313839 5:8336223 6:37919308 7:56372760
depth 19 by ncomp: 3:229 4:444433 5:21502610 6:152103491
depth 20 by ncomp: 3:109 4:559285 5:49641446
depth 21 by ncomp: 3:43 4:623713
depth 22 by ncomp: 3:7
depth 23 by ncomp:
depth 24 by ncomp:
