n=25 nodes=358951475 nsol=0 time=3488.41
depth: 0:1 1:1 2:2 3:8 4:41 5:184 6:732 7:2765 8:11371 9:108 10:388 11:1649 12:7565 13:38850 14:203421 15:1114712 16:6364078 17:34619373 18:123696800 19:157918590 20:34615695 21:355134 22:7 23:0 24:0
depth  0 by ncomp: 0:1
depth  1 by ncomp: 1:1
depth  2 by ncomp: 1:1 2:1
depth  3 by ncomp: 1:4 2:3 3:1
depth  4 by ncomp: 1:16 2:18 3:6 4:1
depth  5 by ncomp: 1:30 2:96 3:47 4:10 5:1
depth  6 by ncomp: 1:38 2:277 3:303 4:98 5:15 6:1
depth  7 by ncomp: 1:34 2:503 3:1226 4:792 5:188 6:21 7:1
depth  8 by ncomp: 1:11 2:751 3:3767 4:4589 5:1895 6:329 7:29
depth  9 by ncomp: 3:46 4:48 5:13 6:1
depth 10 by ncomp: 3:86 4:189 5:96 6:16 7:1
depth 11 by ncomp: 3:131 4:691 5:617 6:187 7:23
depth 12 by ncomp: 3:273 4:2163 5:3169 6:1604 7:356
depth 13 by ncomp: 3:387 4:6150 5:15300 6:12284 7:4729
depth 14 by ncomp: 3:451 4:15448 5:62629 6:76568 7:48325
depth 15 by ncomp: 3:404 4:34129 5:230068 6:420901 7:429210
depth 16 by ncomp: 3:293 4:67947 5:762374 6:2083780 7:3449684
depth 17 by ncomp: 3:156 4:118799 5:2287198 6:9358402 7:22854818
depth 18 by ncomp: 3:76 4:184856 5:6203483 6:38226990 7:79081395
depth 19 by ncomp: 3:67 4:257548 5:15275913 6:142385062
depth 20 by ncomp: 3:32 4:320576 5:34295087
depth 21 by ncomp: 3:15 4:355119
depth 22 by ncomp: 3:7
depth 23 by ncomp:
depth 24 by ncomp:
