n=25 nodes=596178808 nsol=0 time=6503.23
depth: 0:1 1:1 2:2 3:8 4:41 5:184 6:732 7:2765 8:11371 9:84 10:472 11:2484 12:13984 13:81609 14:494938 15:3109803 16:19587229 17:101803215 18:263857281 19:186537662 20:20491821 21:183119 22:2 23:0 24:0
depth  0 by ncomp: 0:1
depth  1 by ncomp: 1:1
depth  2 by ncomp: 1:1 2:1
depth  3 by ncomp: 1:4 2:3 3:1
depth  4 by ncomp: 1:16 2:18 3:6 4:1
depth  5 by ncomp: 1:30 2:96 3:47 4:10 5:1
depth  6 by ncomp: 1:38 2:277 3:303 4:98 5:15 6:1
depth  7 by ncomp: 1:34 2:503 3:1226 4:792 5:188 6:21 7:1
depth  8 by ncomp: 1:11 2:751 3:3767 4:4589 5:1895 6:329 7:29
depth  9 by ncomp: 2:4 3:7 4:31 5:32 6:9 7:1
depth 10 by ncomp: 2:9 3:28 4:86 5:222 6:109 7:18
depth 11 by ncomp: 3:67 4:248 5:1003 6:893 7:273
depth 12 by ncomp: 3:98 4:705 5:4107 6:5946 7:3128
depth 13 by ncomp: 3:182 4:1910 5:15236 6:33659 7:30622
depth 14 by ncomp: 3:330 4:5402 5:54164 6:172654 7:262388
depth 15 by ncomp: 3:368 4:13075 5:179335 6:816166 7:2100859
depth 16 by ncomp: 3:277 4:28081 5:542928 6:3530726 7:15485217
depth 17 by ncomp: 3:232 4:53316 5:1516909 6:14048594 7:86184164
depth 18 by ncomp: 3:121 4:89994 5:3912639 6:51729484 7:208125043
depth 19 by ncomp: 3:61 4:131544 5:9302213 6:177103844
depth 20 by ncomp: 3:27 4:169904 5:20321890
depth 21 by ncomp: 3:7 4:183112
depth 22 by ncomp: 3:2
depth 23 by ncomp:
depth 24 by ncomp:
