n=25 nodes=492679583 nsol=0 time=4987.95
depth: 0:1 1:1 2:2 3:8 4:41 5:184 6:732 7:2765 8:11371 9:107 10:398 11:2028 12:10680 13:59554 14:347093 15:2099241 16:12948361 17:68022768 18:195430139 19:181885168 20:31497170 21:361768 22:3 23:0 24:0
depth  0 by ncomp: 0:1
depth  1 by ncomp: 1:1
depth  2 by ncomp: 1:1 2:1
depth  3 by ncomp: 1:4 2:3 3:1
depth  4 by ncomp: 1:16 2:18 3:6 4:1
depth  5 by ncomp: 1:30 2:96 3:47 4:10 5:1
depth  6 by ncomp: 1:38 2:277 3:303 4:98 5:15 6:1
depth  7 by ncomp: 1:34 2:503 3:1226 4:792 5:188 6:21 7:1
depth  8 by ncomp: 1:11 2:751 3:3767 4:4589 5:1895 6:329 7:29
depth  9 by ncomp: 2:3 3:33 4:39 5:23 6:8 7:1
depth 10 by ncomp: 3:54 4:156 5:121 6:55 7:12
depth 11 by ncomp: 2:2 3:129 4:547 5:756 6:452 7:142
depth 12 by ncomp: 2:1 3:261 4:1768 5:3626 6:3298 7:1726
depth 13 by ncomp: 3:400 4:5099 5:16378 6:20901 7:16776
depth 14 by ncomp: 3:554 4:12368 5:64088 6:119207 7:150876
depth 15 by ncomp: 3:733 4:28134 5:222626 6:602889 7:1244859
depth 16 by ncomp: 3:647 4:57477 5:713201 6:2784278 7:9392758
depth 17 by ncomp: 3:489 4:106907 5:2108928 6:11856142 7:53950302
depth 18 by ncomp: 3:276 4:176791 5:5678751 6:46530874 7:143043447
depth 19 by ncomp: 3:112 4:254326 5:13934352 6:167696378
depth 20 by ncomp: 3:47 4:322254 5:31174869
depth 21 by ncomp: 3:14 4:361754
depth 22 by ncomp: 3:3
depth 23 by ncomp:
depth 24 by ncomp:
