n=25 nodes=699280579 nsol=0 time=6628.50
depth: 0:1 1:1 2:2 3:8 4:41 5:184 6:732 7:2765 8:11371 9:123 10:565 11:2684 12:12974 13:67170 14:373281 15:2136653 16:12636107 17:70142036 18:249854932 19:303478127 20:60033579 21:527237 22:6 23:0 24:0
depth  0 by ncomp: 0:1
depth  1 by ncomp: 1:1
depth  2 by ncomp: 1:1 2:1
depth  3 by ncomp: 1:4 2:3 3:1
depth  4 by ncomp: 1:16 2:18 3:6 4:1
depth  5 by ncomp: 1:30 2:96 3:47 4:10 5:1
depth  6 by ncomp: 1:38 2:277 3:303 4:98 5:15 6:1
depth  7 by ncomp: 1:34 2:503 3:1226 4:792 5:188 6:21 7:1
depth  8 by ncomp: 1:11 2:751 3:3767 4:4589 5:1895 6:329 7:29
depth  9 by ncomp: 3:41 4:61 5:19 6:2
depth 10 by ncomp: 2:1 3:85 4:271 5:174 6:32 7:2
depth 11 by ncomp: 3:159 4:1013 5:1105 6:361 7:46
depth 12 by ncomp: 2:1 3:244 4:2985 5:5765 6:3238 7:741
depth 13 by ncomp: 3:358 4:8252 5:26078 6:23371 7:9111
depth 14 by ncomp: 3:497 4:21324 5:107402 6:148199 7:95859
depth 15 by ncomp: 3:463 4:49628 5:397950 6:818935 7:869677
depth 16 by ncomp: 3:446 4:98903 5:1325580 6:4077775 7:7133403
depth 17 by ncomp: 3:317 4:177466 5:3973337 6:18275415 7:47715501
depth 18 by ncomp: 3:161 4:280374 5:10779669 6:74381060 7:164413668
depth 19 by ncomp: 3:75 4:394751 5:26547304 6:276535997
depth 20 by ncomp: 3:29 4:485391 5:59548159
depth 21 by ncomp: 3:15 4:527222
depth 22 by ncomp: 3:6
depth 23 by ncomp:
depth 24 by ncomp:
