n=25 nodes=88375334 nsol=0 time=967.83
depth: 0:1 1:1 2:2 3:8 4:41 5:184 6:732 7:2765 8:11371 9:27 10:99 11:360 12:1605 13:8055 14:39908 15:215832 16:1191935 17:6684085 18:26940257 19:41530502 20:11561326 21:186205 22:33 23:0 24:0
depth  0 by ncomp: 0:1
depth  1 by ncomp: 1:1
depth  2 by ncomp: 1:1 2:1
depth  3 by ncomp: 1:4 2:3 3:1
depth  4 by ncomp: 1:16 2:18 3:6 4:1
depth  5 by ncomp: 1:30 2:96 3:47 4:10 5:1
depth  6 by ncomp: 1:38 2:277 3:303 4:98 5:15 6:1
depth  7 by ncomp: 1:34 2:503 3:1226 4:792 5:188 6:21 7:1
depth  8 by ncomp: 1:11 2:751 3:3767 4:4589 5:1895 6:329 7:29
depth  9 by ncomp: 3:10 4:11 5:5 6:1
depth 10 by ncomp: 2:5 3:27 4:48 5:17 6:2
depth 11 by ncomp: 2:2 3:55 4:164 5:112 6:25 7:2
depth 12 by ncomp: 2:7 3:115 4:574 5:654 6:221 7:34
depth 13 by ncomp: 2:2 3:255 4:1813 5:3469 6:2045 7:471
depth 14 by ncomp: 3:396 4:4867 5:15002 6:14015 7:5628
depth 15 by ncomp: 3:510 4:12278 5:59481 6:86150 7:57413
depth 16 by ncomp: 3:414 4:26248 5:204809 6:454394 7:506070
depth 17 by ncomp: 3:418 4:52042 5:661387 6:2189955 7:3780283
depth 18 by ncomp: 3:213 4:84600 5:1877653 6:9336990 7:15640801
depth 19 by ncomp: 3:142 4:122995 5:4862409 6:36544956
depth 20 by ncomp: 3:117 4:161037 5:11400172
depth 21 by ncomp: 3:42 4:186163
depth 22 by ncomp: 3:33
depth 23 by ncomp:
depth 24 by ncomp:
