n=25 nodes=405664258 nsol=0 time=3569.72
depth: 0:1 1:1 2:2 3:8 4:41 5:184 6:732 7:2765 8:11371 9:120 10:410 11:1733 12:8415 13:42132 14:225477 15:1280914 16:7362879 17:40424176 18:144564971 19:177226002 20:34238489 21:273431 22:4 23:0 24:0
depth  0 by ncomp: 0:1
depth  1 by ncomp: 1:1
depth  2 by ncomp: 1:1 2:1
depth  3 by ncomp: 1:4 2:3 3:1
depth  4 by ncomp: 1:16 2:18 3:6 4:1
depth  5 by ncomp: 1:30 2:96 3:47 4:10 5:1
depth  6 by ncomp: 1:38 2:277 3:303 4:98 5:15 6:1
depth  7 by ncomp: 1:34 2:503 3:1226 4:792 5:188 6:21 7:1
depth  8 by ncomp: 1:11 2:751 3:3767 4:4589 5:1895 6:329 7:29
depth  9 by ncomp: 2:3 3:43 4:57 5:16 6:1
depth 10 by ncomp: 3:61 4:207 5:120 6:21 7:1
depth 11 by ncomp: 3:83 4:658 5:722 6:241 7:29
depth 12 by ncomp: 3:166 4:2086 5:3734 6:1988 7:441
depth 13 by ncomp: 3:196 4:5617 5:16909 6:14134 7:5276
depth 14 by ncomp: 3:209 4:13681 5:68607 6:89162 7:53818
depth 15 by ncomp: 3:215 4:30270 5:250989 6:500232 7:499208
depth 16 by ncomp: 3:206 4:59038 5:813684 6:2447797 7:4042154
depth 17 by ncomp: 3:167 4:102281 5:2394488 6:10861459 7:27065781
depth 18 by ncomp: 3:108 4:155319 5:6400637 6:43808675 7:94200232
depth 19 by ncomp: 3:61 4:209409 5:15473831 6:161542701
depth 20 by ncomp: 3:18 4:255066 5:33983405
depth 21 by ncomp: 3:9 4:273422
depth 22 by ncomp: 3:4
depth 23 by ncomp:
depth 24 by ncomp:
