n=25 nodes=1249607627 nsol=0 time=12141.96
depth: 0:1 1:1 2:2 3:8 4:41 5:184 6:732 7:2765 8:11371 9:168 10:816 11:4668 12:26423 13:151348 14:881457 15:5316518 16:32467413 17:173088035 18:513281851 19:463026020 20:61053360 21:294442 22:3 23:0 24:0
depth  0 by ncomp: 0:1
depth  1 by ncomp: 1:1
depth  2 by ncomp: 1:1 2:1
depth  3 by ncomp: 1:4 2:3 3:1
depth  4 by ncomp: 1:16 2:18 3:6 4:1
depth  5 by ncomp: 1:30 2:96 3:47 4:10 5:1
depth  6 by ncomp: 1:38 2:277 3:303 4:98 5:15 6:1
depth  7 by ncomp: 1:34 2:503 3:1226 4:792 5:188 6:21 7:1
depth  8 by ncomp: 1:11 2:751 3:3767 4:4589 5:1895 6:329 7:29
depth  9 by ncomp: 2:1 3:24 4:61 5:66 6:15 7:1
depth 10 by ncomp: 2:1 3:48 4:239 5:350 6:155 7:23
depth 11 by ncomp: 3:104 4:911 5:1975 6:1331 7:347
depth 12 by ncomp: 3:137 4:3004 5:9578 6:9502 7:4202
depth 13 by ncomp: 3:157 4:8260 5:40924 6:59658 7:42349
depth 14 by ncomp: 3:169 4:19097 5:154403 6:330919 7:376869
depth 15 by ncomp: 3:164 4:40409 5:526550 6:1655118 7:3094277
depth 16 by ncomp: 3:149 4:76585 5:1640483 6:7551822 7:23198374
depth 17 by ncomp: 3:76 4:126072 5:4668464 6:31729706 7:136563717
depth 18 by ncomp: 3:57 4:185415 5:12086680 6:122523725 7:378485974
depth 19 by ncomp: 3:35 4:242475 5:28410239 6:434373271
depth 20 by ncomp: 3:16 4:285302 5:60768042
depth 21 by ncomp: 3:14 4:294428
depth 22 by ncomp: 3:3
depth 23 by ncomp:
depth 24 by ncomp:
