n=25 nodes=438231743 nsol=0 time=7375.15
depth: 0:1 1:1 2:2 3:8 4:41 5:184 6:732 7:2765 8:11371 9:63 10:363 11:1992 12:11043 13:66002 14:396993 15:2486590 16:15585888 17:79441123 18:199233058 19:130776029 20:10197339 21:20155 22:0 23:0 24:0
depth  0 by ncomp: 0:1
depth  1 by ncomp: 1:1
depth  2 by ncomp: 1:1 2:1
depth  3 by ncomp: 1:4 2:3 3:1
depth  4 by ncomp: 1:16 2:18 3:6 4:1
depth  5 by ncomp: 1:30 2:96 3:47 4:10 5:1
depth  6 by ncomp: 1:38 2:277 3:303 4:98 5:15 6:1
depth  7 by ncomp: 1:34 2:503 3:1226 4:792 5:188 6:21 7:1
depth  8 by ncomp: 1:11 2:751 3:3767 4:4589 5:1895 6:329 7:29
depth  9 by ncomp: 4:18 5:34 6:10 7:1
depth 10 by ncomp: 4:75 5:176 6:95 7:17
depth 11 by ncomp: 3:4 4:204 5:819 6:736 7:229
depth 12 by ncomp: 3:4 4:565 5:3382 6:4589 7:2503
depth 13 by ncomp: 4:1104 5:12450 6:26869 7:25579
depth 14 by ncomp: 4:2175 5:41948 6:135986 7:216884
depth 15 by ncomp: 4:3848 5:128451 6:630982 7:1723309
depth 16 by ncomp: 4:6605 5:362338 6:2683055 7:12533890
depth 17 by ncomp: 4:10449 5:942743 6:10423243 7:68064688
depth 18 by ncomp: 4:16763 5:2277655 6:37687439 7:159251201
depth 19 by ncomp: 4:21134 5:5045784 6:125709111
depth 20 by ncomp: 4:22220 5:10175119
depth 21 by ncomp: 4:20155
depth 22 by ncomp:
depth 23 by ncomp:
depth 24 by ncomp:
