n=25 nodes=911070809 nsol=0 time=8893.03
depth: 0:1 1:1 2:2 3:8 4:41 5:184 6:732 7:2765 8:11371 9:151 10:693 11:3562 12:17295 13:91984 14:504213 15:2862212 16:16681369 17:91177885 18:317152803 19:393167199 20:88406122 21:990192 22:24 23:0 24:0
depth  0 by ncomp: 0:1
depth  1 by ncomp: 1:1
depth  2 by ncomp: 1:1 2:1
depth  3 by ncomp: 1:4 2:3 3:1
depth  4 by ncomp: 1:16 2:18 3:6 4:1
depth  5 by ncomp: 1:30 2:96 3:47 4:10 5:1
depth  6 by ncomp: 1:38 2:277 3:303 4:98 5:15 6:1
depth  7 by ncomp: 1:34 2:503 3:1226 4:792 5:188 6:21 7:1
depth  8 by ncomp: 1:11 2:751 3:3767 4:4589 5:1895 6:329 7:29
depth  9 by ncomp: 3:25 4:91 5:32 6:3
depth 10 by ncomp: 3:76 4:306 5:258 6:50 7:3
depth 11 by ncomp: 3:218 4:1151 5:1546 6:573 7:74
depth 12 by ncomp: 3:459 4:3881 5:7273 6:4546 7:1136
depth 13 by ncomp: 3:744 4:12117 5:33800 6:31782 7:13541
depth 14 by ncomp: 3:969 4:32852 5:140241 6:194328 7:135823
depth 15 by ncomp: 3:924 4:77598 5:525762 6:1057313 7:1200615
depth 16 by ncomp: 3:862 4:159751 5:1775138 6:5189595 7:9556023
depth 17 by ncomp: 3:599 4:292680 5:5401273 6:23185326 7:62298007
depth 18 by ncomp: 3:395 4:478602 5:15009988 6:94459384 7:207204434
depth 19 by ncomp: 3:225 4:692521 5:38009619 6:354464834
depth 20 by ncomp: 3:138 4:882743 5:87523241
depth 21 by ncomp: 3:43 4:990149
depth 22 by ncomp: 3:24
depth 23 by ncomp:
depth 24 by ncomp:
