n=25 nodes=893817821 nsol=0 time=8018.35
depth: 0:1 1:1 2:2 3:8 4:41 5:184 6:732 7:2765 8:11371 9:106 10:507 11:2932 12:16046 13:89976 14:517281 15:3025102 16:18100554 17:100801362 18:341794785 19:369500945 20:59484896 21:468206 22:18 23:0 24:0
depth  0 by ncomp: 0:1
depth  1 by ncomp: 1:1
depth  2 by ncomp: 1:1 2:1
depth  3 by ncomp: 1:4 2:3 3:1
depth  4 by ncomp: 1:16 2:18 3:6 4:1
depth  5 by ncomp: 1:30 2:96 3:47 4:10 5:1
depth  6 by ncomp: 1:38 2:277 3:303 4:98 5:15 6:1
depth  7 by ncomp: 1:34 2:503 3:1226 4:792 5:188 6:21 7:1
depth  8 by ncomp: 1:11 2:751 3:3767 4:4589 5:1895 6:329 7:29
depth  9 by ncomp: 2:4 3:10 4:57 5:31 6:4
depth 10 by ncomp: 2:4 3:29 4:203 5:216 6:51 7:4
depth 11 by ncomp: 2:2 3:81 4:839 5:1371 6:557 7:82
depth 12 by ncomp: 3:172 4:2722 5:7142 6:4783 7:1227
depth 13 by ncomp: 3:312 4:7662 5:32656 6:34432 7:14914
depth 14 by ncomp: 3:462 4:19570 5:131487 6:212729 7:153033
depth 15 by ncomp: 3:537 4:42800 5:461642 6:1143122 7:1377001
depth 16 by ncomp: 3:539 4:85414 5:1478894 6:5474067 7:11061640
depth 17 by ncomp: 3:394 4:150798 5:4303303 6:23854605 7:72492262
depth 18 by ncomp: 3:305 4:232553 5:11295397 6:94269722 7:235996808
depth 19 by ncomp: 3:151 4:323188 5:27065266 6:342112340
depth 20 by ncomp: 3:92 4:409476 5:59075328
depth 21 by ncomp: 3:61 4:468145
depth 22 by ncomp: 3:18
depth 23 by ncomp:
depth 24 by ncomp:
