n=25 nodes=702422505 nsol=0 time=6803.90
depth: 0:1 1:1 2:2 3:8 4:41 5:184 6:732 7:2765 8:11371 9:103 10:523 11:2849 12:15811 13:92912 14:562363 15:3441475 16:21307733 17:111206641 18:304398444 19:237189984 20:24130028 21:58534 22:0 23:0 24:0
depth  0 by ncomp: 0:1
depth  1 by ncomp: 1:1
depth  2 by ncomp: 1:1 2:1
depth  3 by ncomp: 1:4 2:3 3:1
depth  4 by ncomp: 1:16 2:18 3:6 4:1
depth  5 by ncomp: 1:30 2:96 3:47 4:10 5:1
depth  6 by ncomp: 1:38 2:277 3:303 4:98 5:15 6:1
depth  7 by ncomp: 1:34 2:503 3:1226 4:792 5:188 6:21 7:1
depth  8 by ncomp: 1:11 2:751 3:3767 4:4589 5:1895 6:329 7:29
depth  9 by ncomp: 3:4 4:40 5:47 6:11 7:1
depth 10 by ncomp: 2:1 3:3 4:133 5:245 6:121 7:20
depth 11 by ncomp: 2:3 3:14 4:468 5:1227 6:881 7:256
depth 12 by ncomp: 3:7 4:1319 5:5519 6:6070 7:2896
depth 13 by ncomp: 3:3 4:3418 5:22651 6:37785 7:29055
depth 14 by ncomp: 3:2 4:7945 5:85196 6:206378 7:262842
depth 15 by ncomp: 3:1 4:14741 5:279975 6:1010438 7:2136320
depth 16 by ncomp: 4:24597 5:824089 6:4474123 7:15984924
depth 17 by ncomp: 4:36335 5:2181112 6:17921961 7:91067233
depth 18 by ncomp: 4:48666 5:5306621 6:66167269 7:232875888
depth 19 by ncomp: 4:58111 5:11797046 6:225334827
depth 20 by ncomp: 4:62042 5:24067986
depth 21 by ncomp: 4:58534
depth 22 by ncomp:
depth 23 by ncomp:
depth 24 by ncomp:
