n=25 nodes=334896369 nsol=0 time=3229.67
depth: 0:1 1:1 2:2 3:8 4:41 5:184 6:732 7:2765 8:11371 9:68 10:248 11:1252 12:6097 13:32503 14:179011 15:1027381 16:6073753 17:33698142 18:119861022 19:145552448 20:28222900 21:226439 22:0 23:0 24:0
depth  0 by ncomp: 0:1
depth  1 by ncomp: 1:1
depth  2 by ncomp: 1:1 2:1
depth  3 by ncomp: 1:4 2:3 3:1
depth  4 by ncomp: 1:16 2:18 3:6 4:1
depth  5 by ncomp: 1:30 2:96 3:47 4:10 5:1
depth  6 by ncomp: 1:38 2:277 3:303 4:98 5:15 6:1
depth  7 by ncomp: 1:34 2:503 3:1226 4:792 5:188 6:21 7:1
depth  8 by ncomp: 1:11 2:751 3:3767 4:4589 5:1895 6:329 7:29
depth  9 by ncomp: 3:19 4:31 5:16 6:2
depth 10 by ncomp: 3:39 4:116 5:71 6:20 7:2
depth 11 by ncomp: 3:89 4:473 5:485 6:173 7:32
depth 12 by ncomp: 3:143 4:1506 5:2622 6:1471 7:355
depth 13 by ncomp: 3:258 4:4463 5:12531 6:10934 7:4317
depth 14 by ncomp: 3:284 4:11824 5:52664 6:69322 7:44917
depth 15 by ncomp: 3:224 4:26666 5:197619 6:391527 7:411345
depth 16 by ncomp: 3:210 4:52292 5:661143 6:1962300 7:3397808
depth 17 by ncomp: 3:157 4:89713 5:1964592 6:8796142 7:22847538
depth 18 by ncomp: 3:76 4:137176 5:5272439 6:35772720 7:78678611
depth 19 by ncomp: 3:36 4:183160 5:12779519 6:132589733
depth 20 by ncomp: 3:16 4:218429 5:28004455
depth 21 by ncomp: 3:4 4:226435
depth 22 by ncomp:
depth 23 by ncomp:
depth 24 by ncomp:
