n=25 nodes=891119016 nsol=0 time=11356.40
depth: 0:1 1:1 2:2 3:8 4:41 5:184 6:732 7:2765 8:11371 9:135 10:677 11:3543 12:18643 13:104419 14:622842 15:3859747 16:24337150 17:130288069 18:369873751 19:313928852 20:47370512 21:695483 22:88 23:0 24:0
depth  0 by ncomp: 0:1
depth  1 by ncomp: 1:1
depth  2 by ncomp: 1:1 2:1
depth  3 by ncomp: 1:4 2:3 3:1
depth  4 by ncomp: 1:16 2:18 3:6 4:1
depth  5 by ncomp: 1:30 2:96 3:47 4:10 5:1
depth  6 by ncomp: 1:38 2:277 3:303 4:98 5:15 6:1
depth  7 by ncomp: 1:34 2:503 3:1226 4:792 5:188 6:21 7:1
depth  8 by ncomp: 1:11 2:751 3:3767 4:4589 5:1895 6:329 7:29
depth  9 by ncomp: 2:2 3:36 4:40 5:45 6:11 7:1
depth 10 by ncomp: 2:4 3:67 4:196 5:260 6:130 7:20
depth 11 by ncomp: 2:1 3:152 4:726 5:1328 6:1037 7:299
depth 12 by ncomp: 3:341 4:2083 5:5971 6:6827 7:3421
depth 13 by ncomp: 3:610 4:5859 5:24126 6:40519 7:33305
depth 14 by ncomp: 3:898 4:15110 5:91737 6:221047 7:294050
depth 15 by ncomp: 3:1156 4:36869 5:323968 6:1099423 7:2398331
depth 16 by ncomp: 3:1282 4:79254 5:1049896 6:5075521 7:18131197
depth 17 by ncomp: 3:1171 4:155888 5:3078725 6:21303402 7:105748883
depth 18 by ncomp: 3:888 4:273899 5:8307655 6:82217163 7:279074146
depth 19 by ncomp: 3:500 4:424856 5:20589303 6:292914193
depth 20 by ncomp: 3:255 4:579180 5:46791077
depth 21 by ncomp: 3:174 4:695309
depth 22 by ncomp: 3:88
depth 23 by ncomp:
depth 24 by ncomp:
