n=25 nodes=707304983 nsol=0 time=6216.18
depth: 0:1 1:1 2:2 3:8 4:41 5:184 6:732 7:2765 8:11371 9:127 10:607 11:2924 12:14631 13:77985 14:431927 15:2492933 16:14731002 17:80771494 18:270628877 19:289954138 20:47817957 21:365273 22:3 23:0 24:0
depth  0 by ncomp: 0:1
depth  1 by ncomp: 1:1
depth  2 by ncomp: 1:1 2:1
depth  3 by ncomp: 1:4 2:3 3:1
depth  4 by ncomp: 1:16 2:18 3:6 4:1
depth  5 by ncomp: 1:30 2:96 3:47 4:10 5:1
depth  6 by ncomp: 1:38 2:277 3:303 4:98 5:15 6:1
depth  7 by ncomp: 1:34 2:503 3:1226 4:792 5:188 6:21 7:1
depth  8 by ncomp: 1:11 2:751 3:3767 4:4589 5:1895 6:329 7:29
depth  9 by ncomp: 3:34 4:62 5:28 6:3
depth 10 by ncomp: 3:79 4:269 5:213 6:43 7:3
depth 11 by ncomp: 3:161 4:916 5:1282 6:496 7:69
depth 12 by ncomp: 3:293 4:2818 5:6423 6:4083 7:1014
depth 13 by ncomp: 3:450 4:7913 5:28025 6:29128 7:12469
depth 14 by ncomp: 3:502 4:19408 5:109633 6:175012 7:127372
depth 15 by ncomp: 3:485 4:42311 5:387121 6:933544 7:1129472
depth 16 by ncomp: 3:330 4:84033 5:1231161 6:4420676 7:8994802
depth 17 by ncomp: 3:233 4:146087 5:3572004 6:19018696 7:58034474
depth 18 by ncomp: 3:121 4:218178 5:9318092 6:74584541 7:186507945
depth 19 by ncomp: 3:82 4:290603 5:22044252 6:267619201
depth 20 by ncomp: 3:22 4:343371 5:47474564
depth 21 by ncomp: 3:9 4:365264
depth 22 by ncomp: 3:3
depth 23 by ncomp:
depth 24 by ncomp:
