n=25 nodes=1054839079 nsol=0 time=9977.41
depth: 0:1 1:1 2:2 3:8 4:41 5:184 6:732 7:2765 8:11371 9:188 10:890 11:4210 12:22497 13:124721 14:725756 15:4335091 16:26239151 17:138452150 18:412646608 19:403862458 20:67889424 21:520828 22:2 23:0 24:0
depth  0 by ncomp: 0:1
depth  1 by ncomp: 1:1
depth  2 by ncomp: 1:1 2:1
depth  3 by ncomp: 1:4 2:3 3:1
depth  4 by ncomp: 1:16 2:18 3:6 4:1
depth  5 by ncomp: 1:30 2:96 3:47 4:10 5:1
depth  6 by ncomp: 1:38 2:277 3:303 4:98 5:15 6:1
depth  7 by ncomp: 1:34 2:503 3:1226 4:792 5:188 6:21 7:1
depth  8 by ncomp: 1:11 2:751 3:3767 4:4589 5:1895 6:329 7:29
depth  9 by ncomp: 2:1 3:56 4:78 5:41 6:11 7:1
depth 10 by ncomp: 3:115 4:369 5:281 6:107 7:18
depth 11 by ncomp: 3:182 4:1238 5:1639 6:910 7:241
depth 12 by ncomp: 3:296 4:3819 5:8296 6:6980 7:3106
depth 13 by ncomp: 3:446 4:10547 5:36755 6:45243 7:31730
depth 14 by ncomp: 3:438 4:26735 5:145842 6:261512 7:291229
depth 15 by ncomp: 3:480 4:58911 5:519397 6:1341928 7:2414375
depth 16 by ncomp: 3:356 4:114247 5:1664470 6:6246209 7:18213869
depth 17 by ncomp: 3:272 4:197810 5:4847360 6:26579132 7:106827576
depth 18 by ncomp: 3:128 4:303852 5:12842842 6:103786936 7:295712850
depth 19 by ncomp: 3:70 4:410681 5:30838549 6:372613158
depth 20 by ncomp: 3:29 4:493725 5:67395670
depth 21 by ncomp: 3:7 4:520821
depth 22 by ncomp: 3:2
depth 23 by ncomp:
depth 24 by ncomp:
