n=25 nodes=467907894 nsol=0 time=4548.65
depth: 0:1 1:1 2:2 3:8 4:41 5:184 6:732 7:2765 8:11371 9:77 10:349 11:1643 12:8551 13:45012 14:247746 15:1415309 16:8347479 17:46551117 18:168612957 19:205179687 20:37267460 21:215402 22:0 23:0 24:0
depth  0 by ncomp: 0:1
depth  1 by ncomp: 1:1
depth  2 by ncomp: 1:1 2:1
depth  3 by ncomp: 1:4 2:3 3:1
depth  4 by ncomp: 1:16 2:18 3:6 4:1
depth  5 by ncomp: 1:30 2:96 3:47 4:10 5:1
depth  6 by ncomp: 1:38 2:277 3:303 4:98 5:15 6:1
depth  7 by ncomp: 1:34 2:503 3:1226 4:792 5:188 6:21 7:1
depth  8 by ncomp: 1:11 2:751 3:3767 4:4589 5:1895 6:329 7:29
depth  9 by ncomp: 3:25 4:39 5:12 6:1
depth 10 by ncomp: 3:49 4:178 5:103 6:18 7:1
depth 11 by ncomp: 3:74 4:639 5:689 6:215 7:26
depth 12 by ncomp: 3:141 4:1971 5:3950 6:2059 7:430
depth 13 by ncomp: 3:236 4:5613 5:18114 6:15492 7:5557
depth 14 by ncomp: 3:230 4:14128 5:73922 6:99702 7:59764
depth 15 by ncomp: 3:239 4:31093 5:272482 6:558617 7:552878
depth 16 by ncomp: 3:107 4:61413 5:896264 6:2790067 7:4599628
depth 17 by ncomp: 3:43 4:104233 5:2664154 6:12495193 7:31287494
depth 18 by ncomp: 3:21 4:154495 5:7134982 6:50783813 7:110539646
depth 19 by ncomp: 3:8 4:195550 5:17134824 6:187849305
depth 20 by ncomp: 3:2 4:217950 5:37049508
depth 21 by ncomp: 4:215402
depth 22 by ncomp:
depth 23 by ncomp:
depth 24 by ncomp:
