n=25 nodes=1706032939 nsol=0 time=21464.03
depth: 0:1 1:1 2:2 3:8 4:41 5:184 6:732 7:2765 8:11371 9:200 10:1167 11:6884 12:41066 13:247676 14:1549832 15:9895242 16:62988909 17:324383182 18:792954485 19:480529933 20:33317409 21:101849 22:0 23:0 24:0
depth  0 by ncomp: 0:1
depth  1 by ncomp: 1:1
depth  2 by ncomp: 1:1 2:1
depth  3 by ncomp: 1:4 2:3 3:1
depth  4 by ncomp: 1:16 2:18 3:6 4:1
depth  5 by ncomp: 1:30 2:96 3:47 4:10 5:1
depth  6 by ncomp: 1:38 2:277 3:303 4:98 5:15 6:1
depth  7 by ncomp: 1:34 2:503 3:1226 4:792 5:188 6:21 7:1
depth  8 by ncomp: 1:11 2:751 3:3767 4:4589 5:1895 6:329 7:29
depth  9 by ncomp: 3:20 4:40 5:101 6:35 7:4
depth 10 by ncomp: 3:27 4:136 5:565 6:371 7:68
depth 11 by ncomp: 3:26 4:380 5:2553 6:2948 7:977
depth 12 by ncomp: 3:31 4:1044 5:10128 6:18721 7:11142
depth 13 by ncomp: 3:44 4:2669 5:36706 6:102513 7:105744
depth 14 by ncomp: 3:68 4:6436 5:126170 6:515245 7:901913
depth 15 by ncomp: 3:67 4:13578 5:395241 6:2354090 7:7132266
depth 16 by ncomp: 3:59 4:25300 5:1141326 6:9925313 7:51896911
depth 17 by ncomp: 3:40 4:42316 5:3018801 6:38641307 7:282680718
depth 18 by ncomp: 3:16 4:63183 5:7305236 6:139153723 7:646432327
depth 19 by ncomp: 3:10 4:83505 5:16272617 6:464173801
depth 20 by ncomp: 3:6 4:97301 5:33220102
depth 21 by ncomp: 3:4 4:101845
depth 22 by ncomp:
depth 23 by ncomp:
depth 24 by ncomp:
