n=25 nodes=1068956475 nsol=0 time=9481.11
depth: 0:1 1:1 2:2 3:8 4:41 5:184 6:732 7:2765 8:11371 9:153 10:781 11:3676 12:19438 13:101459 14:563827 15:3284835 16:19603228 17:109158522 18:385775590 19:458142158 20:91127956 21:1159708 22:39 23:0 24:0
depth  0 by ncomp: 0:1
depth  1 by ncomp: 1:1
depth  2 by ncomp: 1:1 2:1
depth  3 by ncomp: 1:4 2:3 3:1
depth  4 by ncomp: 1:16 2:18 3:6 4:1
depth  5 by ncomp: 1:30 2:96 3:47 4:10 5:1
depth  6 by ncomp: 1:38 2:277 3:303 4:98 5:15 6:1
depth  7 by ncomp: 1:34 2:503 3:1226 4:792 5:188 6:21 7:1
depth  8 by ncomp: 1:11 2:751 3:3767 4:4589 5:1895 6:329 7:29
depth  9 by ncomp: 2:13 3:31 4:76 5:30 6:3
depth 10 by ncomp: 2:13 3:120 4:343 5:253 6:49 7:3
depth 11 by ncomp: 2:5 3:283 4:1199 5:1565 6:552 7:72
depth 12 by ncomp: 2:4 3:495 4:4263 5:8566 6:4951 7:1159
depth 13 by ncomp: 2:2 3:802 4:11634 5:38436 6:36192 7:14393
depth 14 by ncomp: 2:1 3:1240 4:30228 5:157166 6:226568 7:148624
depth 15 by ncomp: 2:1 3:1558 4:71940 5:585556 6:1264107 7:1361673
depth 16 by ncomp: 3:1602 4:152607 5:1942069 6:6271996 7:11234954
depth 17 by ncomp: 3:1358 4:288208 5:5835348 6:27844172 7:75189436
depth 18 by ncomp: 3:935 4:487072 5:15955886 6:112772210 7:256559487
depth 19 by ncomp: 3:640 4:729235 5:39744961 6:417667322
depth 20 by ncomp: 3:341 4:975439 5:90152176
depth 21 by ncomp: 3:120 4:1159588
depth 22 by ncomp: 3:39
depth 23 by ncomp:
depth 24 by ncomp:
