n=25 nodes=401492871 nsol=0 time=3206.24
depth: 0:1 1:1 2:2 3:8 4:41 5:184 6:732 7:2765 8:11371 9:66 10:273 11:1269 12:6151 13:32695 14:170089 15:929422 16:5245487 17:29371294 18:121673966 19:192885126 20:50569802 21:592120 22:6 23:0 24:0
depth  0 by ncomp: 0:1
depth  1 by ncomp: 1:1
depth  2 by ncomp: 1:1 2:1
depth  3 by ncomp: 1:4 2:3 3:1
depth  4 by ncomp: 1:16 2:18 3:6 4:1
depth  5 by ncomp: 1:30 2:96 3:47 4:10 5:1
depth  6 by ncomp: 1:38 2:277 3:303 4:98 5:15 6:1
depth  7 by ncomp: 1:34 2:503 3:1226 4:792 5:188 6:21 7:1
depth  8 by ncomp: 1:11 2:751 3:3767 4:4589 5:1895 6:329 7:29
depth  9 by ncomp: 3:22 4:39 5:5
depth 10 by ncomp: 3:60 4:152 5:56 6:5
depth 11 by ncomp: 3:123 4:639 5:423 6:79 7:5
depth 12 by ncomp: 3:222 4:2313 5:2650 6:854 7:112
depth 13 by ncomp: 3:333 4:7512 5:15017 6:8053 7:1780
depth 14 by ncomp: 3:400 4:19662 5:68283 6:59594 7:22150
depth 15 by ncomp: 3:492 4:45955 5:273611 6:377343 7:232021
depth 16 by ncomp: 3:454 4:93687 5:963342 6:2070504 7:2117500
depth 17 by ncomp: 3:407 4:167883 5:3010490 6:10032821 7:16159693
depth 18 by ncomp: 3:315 4:273826 5:8501989 6:43504539 7:69393297
depth 19 by ncomp: 3:158 4:396715 5:21641796 6:170846457
depth 20 by ncomp: 3:84 4:516584 5:50053134
depth 21 by ncomp: 3:32 4:592088
depth 22 by ncomp: 3:6
depth 23 by ncomp:
depth 24 by ncomp:
