n=25 nodes=142718125 nsol=0 time=1509.10
depth: 0:1 1:1 2:2 3:8 4:41 5:184 6:732 7:2765 8:11371 9:39 10:141 11:783 12:3984 13:20961 14:116594 15:664697 16:3897370 17:20688047 18:61637214 19:50773895 20:4888542 21:10753 22:0 23:0 24:0
depth  0 by ncomp: 0:1
depth  1 by ncomp: 1:1
depth  2 by ncomp: 1:1 2:1
depth  3 by ncomp: 1:4 2:3 3:1
depth  4 by ncomp: 1:16 2:18 3:6 4:1
depth  5 by ncomp: 1:30 2:96 3:47 4:10 5:1
depth  6 by ncomp: 1:38 2:277 3:303 4:98 5:15 6:1
depth  7 by ncomp: 1:34 2:503 3:1226 4:792 5:188 6:21 7:1
depth  8 by ncomp: 1:11 2:751 3:3767 4:4589 5:1895 6:329 7:29
depth  9 by ncomp: 4:21 5:16 6:2
depth 10 by ncomp: 4:41 5:74 6:24 7:2
depth 11 by ncomp: 4:134 5:393 6:216 7:40
depth 12 by ncomp: 4:316 5:1669 6:1508 7:491
depth 13 by ncomp: 4:650 5:6247 6:9174 7:4890
depth 14 by ncomp: 4:1395 5:20750 6:48962 7:45487
depth 15 by ncomp: 4:2367 5:63359 6:232254 7:366717
depth 16 by ncomp: 4:3876 5:179261 6:1003853 7:2710380
depth 17 by ncomp: 4:5586 5:457408 6:3943891 7:16281162
depth 18 by ncomp: 4:7745 5:1094209 6:14357322 7:46177938
depth 19 by ncomp: 4:9674 5:2400918 6:48363303
depth 20 by ncomp: 4:10710 5:4877832
depth 21 by ncomp: 4:10753
depth 22 by ncomp:
depth 23 by ncomp:
depth 24 by ncomp:
