n=25 nodes=353105560 nsol=0 time=3597.91
depth: 0:1 1:1 2:2 3:8 4:41 5:184 6:732 7:2765 8:11371 9:89 10:344 11:1685 12:8294 13:44002 14:244757 15:1409572 16:8395400 17:45637233 18:144166486 19:135065025 20:17988144 21:129424 22:0 23:0 24:0
depth  0 by ncomp: 0:1
depth  1 by ncomp: 1:1
depth  2 by ncomp: 1:1 2:1
depth  3 by ncomp: 1:4 2:3 3:1
depth  4 by ncomp: 1:16 2:18 3:6 4:1
depth  5 by ncomp: 1:30 2:96 3:47 4:10 5:1
depth  6 by ncomp: 1:38 2:277 3:303 4:98 5:15 6:1
depth  7 by ncomp: 1:34 2:503 3:1226 4:792 5:188 6:21 7:1
depth  8 by ncomp: 1:11 2:751 3:3767 4:4589 5:1895 6:329 7:29
depth  9 by ncomp: 2:3 3:8 4:50 5:25 6:3
depth 10 by ncomp: 2:1 3:16 4:130 5:155 6:39 7:3
depth 11 by ncomp: 3:45 4:369 5:843 6:369 7:59
depth 12 by ncomp: 3:76 4:950 5:3654 6:2843 7:771
depth 13 by ncomp: 3:141 4:2392 5:14299 6:18370 7:8800
depth 14 by ncomp: 3:218 4:5527 5:51124 6:102707 7:85181
depth 15 by ncomp: 3:301 4:12763 5:166205 6:512250 7:718053
depth 16 by ncomp: 3:294 4:25924 5:502236 6:2314238 7:5552708
depth 17 by ncomp: 3:173 4:47478 5:1402327 6:9547572 7:34639683
depth 18 by ncomp: 3:93 4:75294 5:3585621 6:36207952 7:104297526
depth 19 by ncomp: 3:18 4:102016 5:8378282 6:126584709
depth 20 by ncomp: 4:125227 5:17862917
depth 21 by ncomp: 4:129424
depth 22 by ncomp:
depth 23 by ncomp:
depth 24 by ncomp:
