n=25 nodes=523967613 nsol=0 time=4940.64
depth: 0:1 1:1 2:2 3:8 4:41 5:184 6:732 7:2765 8:11371 9:102 10:515 11:2420 12:12206 13:66836 14:374279 15:2167592 16:12958514 17:70624405 18:221528266 19:196189008 20:19986360 21:42005 22:0 23:0 24:0
depth  0 by ncomp: 0:1
depth  1 by ncomp: 1:1
depth  2 by ncomp: 1:1 2:1
depth  3 by ncomp: 1:4 2:3 3:1
depth  4 by ncomp: 1:16 2:18 3:6 4:1
depth  5 by ncomp: 1:30 2:96 3:47 4:10 5:1
depth  6 by ncomp: 1:38 2:277 3:303 4:98 5:15 6:1
depth  7 by ncomp: 1:34 2:503 3:1226 4:792 5:188 6:21 7:1
depth  8 by ncomp: 1:11 2:751 3:3767 4:4589 5:1895 6:329 7:29
depth  9 by ncomp: 2:2 3:5 4:63 5:29 6:3
depth 10 by ncomp: 3:13 4:219 5:233 6:47 7:3
depth 11 by ncomp: 3:4 4:545 5:1274 6:526 7:71
depth 12 by ncomp: 3:1 4:1307 5:5572 6:4235 7:1091
depth 13 by ncomp: 3:2 4:2947 5:22369 6:28538 7:12980
depth 14 by ncomp: 3:2 4:5549 5:77364 6:161832 7:129532
depth 15 by ncomp: 4:9949 5:242902 6:802271 7:1112470
depth 16 by ncomp: 3:1 4:16430 5:703447 6:3598277 7:8640359
depth 17 by ncomp: 4:24797 5:1848430 6:14613330 7:54137848
depth 18 by ncomp: 4:34334 5:4461727 6:54403288 7:162628917
depth 19 by ncomp: 4:40931 5:9870234 6:186277843
depth 20 by ncomp: 4:43629 5:19942731
depth 21 by ncomp: 4:42005
depth 22 by ncomp:
depth 23 by ncomp:
depth 24 by ncomp:
