n=25 nodes=478539595 nsol=0 time=6279.83
depth: 0:1 1:1 2:2 3:8 4:41 5:184 6:732 7:2765 8:11371 9:52 10:310 11:2094 12:14725 13:102870 14:726085 15:5177070 16:33985517 17:142216039 18:213304833 19:72575041 20:9834682 21:583652 22:1520 23:0 24:0
depth  0 by ncomp: 0:1
depth  1 by ncomp: 1:1
depth  2 by ncomp: 1:1 2:1
depth  3 by ncomp: 1:4 2:3 3:1
depth  4 by ncomp: 1:16 2:18 3:6 4:1
depth  5 by ncomp: 1:30 2:96 3:47 4:10 5:1
depth  6 by ncomp: 1:38 2:277 3:303 4:98 5:15 6:1
depth  7 by ncomp: 1:34 2:503 3:1226 4:792 5:188 6:21 7:1
depth  8 by ncomp: 1:11 2:751 3:3767 4:4589 5:1895 6:329 7:29
depth  9 by ncomp: 2:5 3:6 4:8 5:1 6:23 7:9
depth 10 by ncomp: 2:9 3:12 4:41 5:15 6:134 7:99
depth 11 by ncomp: 2:13 3:52 4:123 5:100 6:816 7:990
depth 12 by ncomp: 2:15 3:110 4:413 5:597 6:4294 7:9296
depth 13 by ncomp: 2:23 3:302 4:1345 5:2747 6:20290 7:78163
depth 14 by ncomp: 2:6 3:490 4:3947 5:12383 6:91631 7:617628
depth 15 by ncomp: 2:1 3:724 4:9737 5:48575 6:385999 7:4732034
depth 16 by ncomp: 3:1078 4:22088 5:165974 6:1541337 7:32255040
depth 17 by ncomp: 3:1651 4:45636 5:514085 6:5801290 7:135853377
depth 18 by ncomp: 3:2649 4:92470 5:1478268 6:20561766 7:191169680
depth 19 by ncomp: 3:3386 4:181215 5:3884901 6:68505539
depth 20 by ncomp: 3:3852 4:345508 5:9485322
depth 21 by ncomp: 3:2801 4:580851
depth 22 by ncomp: 3:1520
depth 23 by ncomp:
depth 24 by ncomp:
