n=25 nodes=372301854 nsol=0 time=3938.91
depth: 0:1 1:1 2:2 3:8 4:41 5:184 6:732 7:2765 8:11371 9:69 10:321 11:1524 12:7618 13:39321 14:217062 15:1215752 16:7121543 17:39271381 18:136475212 19:156929643 20:30380407 21:626662 22:234 23:0 24:0
depth  0 by ncomp: 0:1
depth  1 by ncomp: 1:1
depth  2 by ncomp: 1:1 2:1
depth  3 by ncomp: 1:4 2:3 3:1
depth  4 by ncomp: 1:16 2:18 3:6 4:1
depth  5 by ncomp: 1:30 2:96 3:47 4:10 5:1
depth  6 by ncomp: 1:38 2:277 3:303 4:98 5:15 6:1
depth  7 by ncomp: 1:34 2:503 3:1226 4:792 5:188 6:21 7:1
depth  8 by ncomp: 1:11 2:751 3:3767 4:4589 5:1895 6:329 7:29
depth  9 by ncomp: 2:4 3:14 4:38 5:12 6:1
depth 10 by ncomp: 2:9 3:34 4:144 5:113 6:20 7:1
depth 11 by ncomp: 2:9 3:91 4:466 5:678 6:250 7:30
depth 12 by ncomp: 2:5 3:256 4:1453 5:3360 6:2062 7:482
depth 13 by ncomp: 2:3 3:457 4:4187 5:14572 6:14275 7:5827
depth 14 by ncomp: 2:1 3:971 4:11622 5:58359 6:87104 7:59005
depth 15 by ncomp: 3:1168 4:26373 5:205991 6:463009 7:519211
depth 16 by ncomp: 3:1338 4:56078 5:669320 6:2240351 7:4154456
depth 17 by ncomp: 3:1449 4:110990 5:1992769 6:9828879 7:27337294
depth 18 by ncomp: 3:1332 4:196302 5:5371975 6:39231637 7:91673966
depth 19 by ncomp: 3:1143 4:309774 5:13211693 6:143407033
depth 20 by ncomp: 3:1030 4:461837 5:29917540
depth 21 by ncomp: 3:638 4:626024
depth 22 by ncomp: 3:234
depth 23 by ncomp:
depth 24 by ncomp:
