n=25 nodes=693884650 nsol=0 time=6850.24
depth: 0:1 1:1 2:2 3:8 4:41 5:184 6:732 7:2765 8:11371 9:82 10:452 11:2546 12:15259 13:88156 14:519392 15:3202147 16:19749940 17:102959872 18:286138046 19:245356600 20:35577197 21:259853 22:3 23:0 24:0
depth  0 by ncomp: 0:1
depth  1 by ncomp: 1:1
depth  2 by ncomp: 1:1 2:1
depth  3 by ncomp: 1:4 2:3 3:1
depth  4 by ncomp: 1:16 2:18 3:6 4:1
depth  5 by ncomp: 1:30 2:96 3:47 4:10 5:1
depth  6 by ncomp: 1:38 2:277 3:303 4:98 5:15 6:1
depth  7 by ncomp: 1:34 2:503 3:1226 4:792 5:188 6:21 7:1
depth  8 by ncomp: 1:11 2:751 3:3767 4:4589 5:1895 6:329 7:29
depth  9 by ncomp: 3:10 4:31 5:30 6:10 7:1
depth 10 by ncomp: 3:28 4:138 5:178 6:91 7:17
depth 11 by ncomp: 3:44 4:519 5:1036 6:730 7:217
depth 12 by ncomp: 3:95 4:1653 5:5144 6:5625 7:2742
depth 13 by ncomp: 3:133 4:4626 5:21519 6:33942 7:27936
depth 14 by ncomp: 3:188 4:10691 5:81009 6:183621 7:243883
depth 15 by ncomp: 3:219 4:24594 5:281273 6:911187 7:1984874
depth 16 by ncomp: 3:254 4:48836 5:883678 6:4091656 7:14725516
depth 17 by ncomp: 3:202 4:86726 5:2542095 6:16979587 7:83351262
depth 18 by ncomp: 3:115 4:137363 5:6671751 6:64801467 7:214527350
depth 19 by ncomp: 3:56 4:192096 5:16088868 6:229075580
depth 20 by ncomp: 3:23 4:237485 5:35339689
depth 21 by ncomp: 3:16 4:259837
depth 22 by ncomp: 3:3
depth 23 by ncomp:
depth 24 by ncomp:
