n=25 nodes=784241666 nsol=0 time=9174.82
depth: 0:1 1:1 2:2 3:8 4:41 5:184 6:732 7:2765 8:11371 9:92 10:534 11:3247 12:21243 13:138182 14:927501 15:6329177 16:40868591 17:182081148 18:347992669 19:189735451 20:16095137 21:33589 22:0 23:0 24:0
depth  0 by ncomp: 0:1
depth  1 by ncomp: 1:1
depth  2 by ncomp: 1:1 2:1
depth  3 by ncomp: 1:4 2:3 3:1
depth  4 by ncomp: 1:16 2:18 3:6 4:1
depth  5 by ncomp: 1:30 2:96 3:47 4:10 5:1
depth  6 by ncomp: 1:38 2:277 3:303 4:98 5:15 6:1
depth  7 by ncomp: 1:34 2:503 3:1226 4:792 5:188 6:21 7:1
depth  8 by ncomp: 1:11 2:751 3:3767 4:4589 5:1895 6:329 7:29
depth  9 by ncomp: 4:32 5:25 6:26 7:9
depth 10 by ncomp: 4:109 5:150 6:172 7:103
depth 11 by ncomp: 4:348 5:875 6:1045 7:979
depth 12 by ncomp: 3:1 4:960 5:4184 6:6819 7:9279
depth 13 by ncomp: 4:2212 5:15871 6:37699 7:82400
depth 14 by ncomp: 3:1 4:4761 5:56944 6:191325 7:674470
depth 15 by ncomp: 4:8733 5:183431 6:885673 7:5251340
depth 16 by ncomp: 4:15108 5:542390 6:3756956 7:36554137
depth 17 by ncomp: 4:22274 5:1466850 6:14832361 7:165759663
depth 18 by ncomp: 4:29727 5:3574667 6:54068420 7:290319855
depth 19 by ncomp: 4:34322 5:7914253 6:181786876
depth 20 by ncomp: 4:35511 5:16059626
depth 21 by ncomp: 4:33589
depth 22 by ncomp:
depth 23 by ncomp:
depth 24 by ncomp:
