n=25 nodes=542274841 nsol=0 time=5661.57
depth: 0:1 1:1 2:2 3:8 4:41 5:184 6:732 7:2765 8:11371 9:75 10:388 11:2202 12:12642 13:74266 14:449418 15:2805202 16:17667161 17:91898383 18:238961189 19:172384109 20:17924205 21:80496 22:0 23:0 24:0
depth  0 by ncomp: 0:1
depth  1 by ncomp: 1:1
depth  2 by ncomp: 1:1 2:1
depth  3 by ncomp: 1:4 2:3 3:1
depth  4 by ncomp: 1:16 2:18 3:6 4:1
depth  5 by ncomp: 1:30 2:96 3:47 4:10 5:1
depth  6 by ncomp: 1:38 2:277 3:303 4:98 5:15 6:1
depth  7 by ncomp: 1:34 2:503 3:1226 4:792 5:188 6:21 7:1
depth  8 by ncomp: 1:11 2:751 3:3767 4:4589 5:1895 6:329 7:29
depth  9 by ncomp: 2:3 3:5 4:24 5:32 6:10 7:1
depth 10 by ncomp: 3:16 4:89 5:169 6:97 7:17
depth 11 by ncomp: 3:20 4:307 5:838 6:781 7:256
depth 12 by ncomp: 3:35 4:913 5:3748 6:5077 7:2869
depth 13 by ncomp: 3:50 4:2222 5:14896 6:29804 7:27294
depth 14 by ncomp: 3:42 4:5159 5:52144 6:153673 7:238400
depth 15 by ncomp: 3:37 4:10568 5:172857 6:726523 7:1895217
depth 16 by ncomp: 3:30 4:20254 5:524615 6:3191790 7:13930472
depth 17 by ncomp: 3:15 4:33283 5:1451378 6:12871141 7:77542566
depth 18 by ncomp: 3:13 4:48609 5:3653631 6:47746060 7:187512876
depth 19 by ncomp: 3:3 4:64107 5:8433506 6:163886493
depth 20 by ncomp: 3:2 4:76027 5:17848176
depth 21 by ncomp: 4:80496
depth 22 by ncomp:
depth 23 by ncomp:
depth 24 by ncomp:
