n=25 nodes=651777580 nsol=0 time=6629.71
depth: 0:1 1:1 2:2 3:8 4:41 5:184 6:732 7:2765 8:11371 9:119 10:558 11:2651 12:13471 13:77637 14:463570 15:2839314 16:17520972 17:91730568 18:262186927 19:240685895 20:36011756 21:229031 22:6 23:0 24:0
depth  0 by ncomp: 0:1
depth  1 by ncomp: 1:1
depth  2 by ncomp: 1:1 2:1
depth  3 by ncomp: 1:4 2:3 3:1
depth  4 by ncomp: 1:16 2:18 3:6 4:1
depth  5 by ncomp: 1:30 2:96 3:47 4:10 5:1
depth  6 by ncomp: 1:38 2:277 3:303 4:98 5:15 6:1
depth  7 by ncomp: 1:34 2:503 3:1226 4:792 5:188 6:21 7:1
depth  8 by ncomp: 1:11 2:751 3:3767 4:4589 5:1895 6:329 7:29
depth  9 by ncomp: 3:27 4:41 5:40 6:10 7:1
depth 10 by ncomp: 3:64 4:174 5:199 6:103 7:18
depth 11 by ncomp: 3:127 4:691 5:904 6:693 7:236
depth 12 by ncomp: 3:166 4:2204 5:4542 6:4237 7:2322
depth 13 by ncomp: 3:267 4:6258 5:21092 6:27786 7:22234
depth 14 by ncomp: 3:266 4:15433 5:85458 6:159776 7:202637
depth 15 by ncomp: 3:244 4:32447 5:303706 6:824617 7:1678300
depth 16 by ncomp: 3:201 4:60780 5:973490 6:3848489 7:12638012
depth 17 by ncomp: 3:179 4:98472 5:2768979 6:16282067 7:72580871
depth 18 by ncomp: 3:151 4:145192 5:7155644 6:62885226 7:192000714
depth 19 by ncomp: 3:95 4:187497 5:16799243 6:223699060
depth 20 by ncomp: 3:79 4:219548 5:35792129
depth 21 by ncomp: 3:28 4:229003
depth 22 by ncomp: 3:6
depth 23 by ncomp:
depth 24 by ncomp:
