n=25 nodes=251850002 nsol=0 time=2717.18
depth: 0:1 1:1 2:2 3:8 4:41 5:184 6:732 7:2765 8:11371 9:27 10:113 11:718 12:3972 13:22347 14:127322 15:763305 16:4666903 17:26430525 18:93016464 19:107743813 20:18939155 21:120233 22:0 23:0 24:0
depth  0 by ncomp: 0:1
depth  1 by ncomp: 1:1
depth  2 by ncomp: 1:1 2:1
depth  3 by ncomp: 1:4 2:3 3:1
depth  4 by ncomp: 1:16 2:18 3:6 4:1
depth  5 by ncomp: 1:30 2:96 3:47 4:10 5:1
depth  6 by ncomp: 1:38 2:277 3:303 4:98 5:15 6:1
depth  7 by ncomp: 1:34 2:503 3:1226 4:792 5:188 6:21 7:1
depth  8 by ncomp: 1:11 2:751 3:3767 4:4589 5:1895 6:329 7:29
depth  9 by ncomp: 3:1 4:17 5:8 6:1
depth 10 by ncomp: 3:2 4:54 5:45 6:11 7:1
depth 11 by ncomp: 3:12 4:213 5:342 6:131 7:20
depth 12 by ncomp: 3:29 4:692 5:1788 6:1160 7:303
depth 13 by ncomp: 3:39 4:1948 5:8313 6:8393 7:3654
depth 14 by ncomp: 3:69 4:4897 5:33373 6:51874 7:37109
depth 15 by ncomp: 3:72 4:11214 5:123865 6:290236 7:337918
depth 16 by ncomp: 3:65 4:22779 5:410555 6:1443526 7:2789978
depth 17 by ncomp: 3:35 4:41024 5:1241449 6:6485693 7:18662324
depth 18 by ncomp: 3:19 4:63812 5:3372231 6:26538696 7:63041706
depth 19 by ncomp: 3:9 4:88043 5:8343549 6:99312212
depth 20 by ncomp: 3:6 4:108727 5:18830422
depth 21 by ncomp: 3:2 4:120231
depth 22 by ncomp:
depth 23 by ncomp:
depth 24 by ncomp:
