n=25 nodes=651552489 nsol=0 time=5910.38
depth: 0:1 1:1 2:2 3:8 4:41 5:184 6:732 7:2765 8:11371 9:140 10:579 11:2700 12:13394 13:68682 14:373764 15:2142729 16:12478286 17:68539841 18:239867690 19:278724038 20:48995973 21:329568 22:0 23:0 24:0
depth  0 by ncomp: 0:1
depth  1 by ncomp: 1:1
depth  2 by ncomp: 1:1 2:1
depth  3 by ncomp: 1:4 2:3 3:1
depth  4 by ncomp: 1:16 2:18 3:6 4:1
depth  5 by ncomp: 1:30 2:96 3:47 4:10 5:1
depth  6 by ncomp: 1:38 2:277 3:303 4:98 5:15 6:1
depth  7 by ncomp: 1:34 2:503 3:1226 4:792 5:188 6:21 7:1
depth  8 by ncomp: 1:11 2:751 3:3767 4:4589 5:1895 6:329 7:29
depth  9 by ncomp: 3:35 4:79 5:24 6:2
depth 10 by ncomp: 3:71 4:288 5:184 6:34 7:2
depth 11 by ncomp: 3:102 4:992 5:1178 6:381 7:47
depth 12 by ncomp: 3:170 4:3026 5:6047 6:3368 7:783
depth 13 by ncomp: 3:199 4:7996 5:27013 6:24131 7:9343
depth 14 by ncomp: 3:179 4:19618 5:109297 6:149613 7:95057
depth 15 by ncomp: 3:196 4:42449 5:397348 6:833391 7:869345
depth 16 by ncomp: 3:141 4:80351 5:1268722 6:4057964 7:7071108
depth 17 by ncomp: 3:97 4:132531 5:3645369 6:17752319 7:47009525
depth 18 by ncomp: 3:53 4:193729 5:9498150 6:70543048 7:159632710
depth 19 by ncomp: 3:43 4:258188 5:22494590 6:255971217
depth 20 by ncomp: 3:2 4:311309 5:48684662
depth 21 by ncomp: 3:1 4:329567
depth 22 by ncomp:
depth 23 by ncomp:
depth 24 by ncomp:
