n=25 nodes=192023467 nsol=0 time=1472.44
depth: 0:1 1:1 2:2 3:8 4:41 5:184 6:732 7:2765 8:11371 9:53 10:187 11:800 12:3568 13:17024 14:88941 15:453220 16:2499209 17:13586037 18:55719608 19:91551642 20:27669666 21:418396 22:11 23:0 24:0
depth  0 by ncomp: 0:1
depth  1 by ncomp: 1:1
depth  2 by ncomp: 1:1 2:1
depth  3 by ncomp: 1:4 2:3 3:1
depth  4 by ncomp: 1:16 2:18 3:6 4:1
depth  5 by ncomp: 1:30 2:96 3:47 4:10 5:1
depth  6 by ncomp: 1:38 2:277 3:303 4:98 5:15 6:1
depth  7 by ncomp: 1:34 2:503 3:1226 4:792 5:188 6:21 7:1
depth  8 by ncomp: 1:11 2:751 3:3767 4:4589 5:1895 6:329 7:29
depth  9 by ncomp: 3:22 4:16 5:13 6:2
depth 10 by ncomp: 2:1 3:52 4:77 5:35 6:20 7:2
depth 11 by ncomp: 3:124 4:344 5:220 6:85 7:27
depth 12 by ncomp: 3:280 4:1275 5:1307 6:500 7:206
depth 13 by ncomp: 3:508 4:4213 5:6903 6:3831 7:1569
depth 14 by ncomp: 3:728 4:12831 5:33854 6:27847 7:13681
depth 15 by ncomp: 3:870 4:31802 5:134392 6:169106 7:117050
depth 16 by ncomp: 3:720 4:67728 5:490677 6:938489 7:1001595
depth 17 by ncomp: 3:570 4:126198 5:1565585 6:4578939 7:7314745
depth 18 by ncomp: 3:332 4:206042 5:4545680 6:20084374 7:30883180
depth 19 by ncomp: 3:234 4:292284 5:11779994 6:79479130
depth 20 by ncomp: 3:95 4:369144 5:27300427
depth 21 by ncomp: 3:16 4:418380
depth 22 by ncomp: 3:11
depth 23 by ncomp:
depth 24 by ncomp:
