n=25 nodes=743190421 nsol=0 time=7871.49
depth: 0:1 1:1 2:2 3:8 4:41 5:184 6:732 7:2765 8:11371 9:141 10:592 11:2868 12:15824 13:89633 14:527612 15:3215740 16:19825898 17:103905290 18:295738116 19:272982020 20:46405860 21:465718 22:4 23:0 24:0
depth  0 by ncomp: 0:1
depth  1 by ncomp: 1:1
depth  2 by ncomp: 1:1 2:1
depth  3 by ncomp: 1:4 2:3 3:1
depth  4 by ncomp: 1:16 2:18 3:6 4:1
depth  5 by ncomp: 1:30 2:96 3:47 4:10 5:1
depth  6 by ncomp: 1:38 2:277 3:303 4:98 5:15 6:1
depth  7 by ncomp: 1:34 2:503 3:1226 4:792 5:188 6:21 7:1
depth  8 by ncomp: 1:11 2:751 3:3767 4:4589 5:1895 6:329 7:29
depth  9 by ncomp: 2:10 3:27 4:47 5:45 6:11 7:1
depth 10 by ncomp: 2:2 3:80 4:180 5:206 6:105 7:19
depth 11 by ncomp: 2:2 3:165 4:661 5:1046 6:756 7:238
depth 12 by ncomp: 3:333 4:2293 5:5192 6:5320 7:2686
depth 13 by ncomp: 3:465 4:6681 5:22757 6:32964 7:26766
depth 14 by ncomp: 3:581 4:17424 5:89695 6:182123 7:237789
depth 15 by ncomp: 3:683 4:40433 5:324210 6:920464 7:1929950
depth 16 by ncomp: 3:651 4:82103 5:1056339 6:4239366 7:14447439
depth 17 by ncomp: 3:480 4:147657 5:3135323 6:17926274 7:82695556
depth 18 by ncomp: 3:294 4:234600 5:8440166 6:69992720 7:217070336
depth 19 by ncomp: 3:139 4:328909 5:20654397 6:251998575
depth 20 by ncomp: 3:53 4:415516 5:45990291
depth 21 by ncomp: 3:16 4:465702
depth 22 by ncomp: 3:4
depth 23 by ncomp:
depth 24 by ncomp:
