n=25 nodes=1258917685 nsol=0 time=13128.96
depth: 0:1 1:1 2:2 3:8 4:41 5:184 6:732 7:2765 8:11371 9:117 10:691 11:4130 12:25979 13:156987 14:986225 15:6311980 16:40094669 17:212083498 18:561719814 19:399190913 20:37971370 21:356141 22:66 23:0 24:0
depth  0 by ncomp: 0:1
depth  1 by ncomp: 1:1
depth  2 by ncomp: 1:1 2:1
depth  3 by ncomp: 1:4 2:3 3:1
depth  4 by ncomp: 1:16 2:18 3:6 4:1
depth  5 by ncomp: 1:30 2:96 3:47 4:10 5:1
depth  6 by ncomp: 1:38 2:277 3:303 4:98 5:15 6:1
depth  7 by ncomp: 1:34 2:503 3:1226 4:792 5:188 6:21 7:1
depth  8 by ncomp: 1:11 2:751 3:3767 4:4589 5:1895 6:329 7:29
depth  9 by ncomp: 3:5 4:22 5:67 6:21 7:2
depth 10 by ncomp: 3:10 4:102 5:341 6:202 7:36
depth 11 by ncomp: 3:30 4:329 5:1683 6:1601 7:487
depth 12 by ncomp: 3:62 4:1033 5:7441 6:11428 7:6015
depth 13 by ncomp: 3:130 4:2780 5:28640 6:65704 7:59733
depth 14 by ncomp: 3:225 4:6804 5:103316 6:350972 7:524908
depth 15 by ncomp: 3:334 4:15609 5:337340 6:1665122 7:4293575
depth 16 by ncomp: 3:412 4:31900 5:1023940 6:7263995 7:31774422
depth 17 by ncomp: 3:532 4:61275 5:2866035 6:29428913 7:179726743
depth 18 by ncomp: 3:504 4:105906 5:7388349 6:109989195 7:444235860
depth 19 by ncomp: 3:411 4:169893 5:17422700 6:381597909
depth 20 by ncomp: 3:316 4:257135 5:37713919
depth 21 by ncomp: 3:173 4:355968
depth 22 by ncomp: 3:66
depth 23 by ncomp:
depth 24 by ncomp:
