n=25 nodes=898805135 nsol=0 time=9150.45
depth: 0:1 1:1 2:2 3:8 4:41 5:184 6:732 7:2765 8:11371 9:130 10:793 11:4255 12:23140 13:135033 14:817576 15:5160229 16:32665390 17:166586853 18:403592356 19:259012963 20:30363086 21:428219 22:7 23:0 24:0
depth  0 by ncomp: 0:1
depth  1 by ncomp: 1:1
depth  2 by ncomp: 1:1 2:1
depth  3 by ncomp: 1:4 2:3 3:1
depth  4 by ncomp: 1:16 2:18 3:6 4:1
depth  5 by ncomp: 1:30 2:96 3:47 4:10 5:1
depth  6 by ncomp: 1:38 2:277 3:303 4:98 5:15 6:1
depth  7 by ncomp: 1:34 2:503 3:1226 4:792 5:188 6:21 7:1
depth  8 by ncomp: 1:11 2:751 3:3767 4:4589 5:1895 6:329 7:29
depth  9 by ncomp: 2:3 3:21 4:17 5:67 6:20 7:2
depth 10 by ncomp: 2:1 3:59 4:107 5:368 6:221 7:37
depth 11 by ncomp: 2:1 3:130 4:362 5:1452 6:1738 7:572
depth 12 by ncomp: 3:203 4:1181 5:5489 6:10111 7:6156
depth 13 by ncomp: 3:334 4:3658 5:20082 6:53740 7:57219
depth 14 by ncomp: 3:468 4:9710 5:70971 6:262539 7:473888
depth 15 by ncomp: 3:556 4:23395 5:235964 6:1198526 7:3701788
depth 16 by ncomp: 3:542 4:51283 5:729562 6:5068692 7:26815311
depth 17 by ncomp: 3:419 4:98867 5:2084343 6:19884262 7:144518962
depth 18 by ncomp: 3:292 4:173237 5:5501725 6:72427812 7:325489290
depth 19 by ncomp: 3:160 4:266317 5:13394321 6:245352165
depth 20 by ncomp: 3:74 4:360150 5:30002862
depth 21 by ncomp: 3:26 4:428193
depth 22 by ncomp: 3:7
depth 23 by ncomp:
depth 24 by ncomp:
