n=25 nodes=1022386789 nsol=0 time=12500.85
depth: 0:1 1:1 2:2 3:8 4:41 5:184 6:732 7:2765 8:11371 9:117 10:724 11:4489 12:29393 13:194454 14:1299109 15:8870797 16:57561306 17:256563574 18:458605600 19:211338145 20:27303927 21:600018 22:31 23:0 24:0
depth  0 by ncomp: 0:1
depth  1 by ncomp: 1:1
depth  2 by ncomp: 1:1 2:1
depth  3 by ncomp: 1:4 2:3 3:1
depth  4 by ncomp: 1:16 2:18 3:6 4:1
depth  5 by ncomp: 1:30 2:96 3:47 4:10 5:1
depth  6 by ncomp: 1:38 2:277 3:303 4:98 5:15 6:1
depth  7 by ncomp: 1:34 2:503 3:1226 4:792 5:188 6:21 7:1
depth  8 by ncomp: 1:11 2:751 3:3767 4:4589 5:1895 6:329 7:29
depth  9 by ncomp: 2:2 3:15 4:23 5:26 6:40 7:11
depth 10 by ncomp: 2:5 3:28 4:78 5:159 6:310 7:144
depth 11 by ncomp: 2:6 3:90 4:245 5:711 6:1852 7:1585
depth 12 by ncomp: 2:5 3:224 4:862 5:3059 6:10172 7:15071
depth 13 by ncomp: 2:3 3:451 4:2934 5:12565 6:51164 7:127337
depth 14 by ncomp: 2:1 3:701 4:8611 5:46804 6:238878 7:1004114
depth 15 by ncomp: 3:968 4:22134 5:163501 6:1044913 7:7639281
depth 16 by ncomp: 3:1141 4:49988 5:525585 6:4293697 7:52690895
depth 17 by ncomp: 3:1235 4:103817 5:1571993 6:16490900 7:238395629
depth 18 by ncomp: 3:931 4:193076 5:4370333 6:59324823 7:394716437
depth 19 by ncomp: 3:530 4:320753 5:11284497 6:199732365
depth 20 by ncomp: 3:270 4:467319 5:26836338
depth 21 by ncomp: 3:113 4:599905
depth 22 by ncomp: 3:31
depth 23 by ncomp:
depth 24 by ncomp:
