n=25 nodes=764961221 nsol=0 time=8531.33
depth: 0:1 1:1 2:2 3:8 4:41 5:184 6:732 7:2765 8:11371 9:96 10:561 11:3283 12:18713 13:111511 14:680547 15:4327172 16:27416629 17:138848728 18:337239449 19:227640951 20:28414729 21:243744 22:3 23:0 24:0
depth  0 by ncomp: 0:1
depth  1 by ncomp: 1:1
depth  2 by ncomp: 1:1 2:1
depth  3 by ncomp: 1:4 2:3 3:1
depth  4 by ncomp: 1:16 2:18 3:6 4:1
depth  5 by ncomp: 1:30 2:96 3:47 4:10 5:1
depth  6 by ncomp: 1:38 2:277 3:303 4:98 5:15 6:1
depth  7 by ncomp: 1:34 2:503 3:1226 4:792 5:188 6:21 7:1
depth  8 by ncomp: 1:11 2:751 3:3767 4:4589 5:1895 6:329 7:29
depth  9 by ncomp: 2:1 3:13 4:15 5:48 6:17 7:2
depth 10 by ncomp: 2:1 3:38 4:72 5:237 6:179 7:34
depth 11 by ncomp: 3:96 4:343 5:1067 6:1307 7:470
depth 12 by ncomp: 3:139 4:1153 5:4361 6:7932 7:5128
depth 13 by ncomp: 3:202 4:3493 5:16903 6:43117 7:47796
depth 14 by ncomp: 3:226 4:9095 5:61627 6:212369 7:397230
depth 15 by ncomp: 3:263 4:21822 5:214131 6:981749 7:3109207
depth 16 by ncomp: 3:203 4:45610 5:683942 6:4206797 7:22480077
depth 17 by ncomp: 3:187 4:81136 5:1989057 6:16797445 7:119980903
depth 18 by ncomp: 3:114 4:128103 5:5270200 6:62298351 7:269542681
depth 19 by ncomp: 3:98 4:179655 5:12750895 6:214710303
depth 20 by ncomp: 3:53 4:219817 5:28194859
depth 21 by ncomp: 3:23 4:243721
depth 22 by ncomp: 3:3
depth 23 by ncomp:
depth 24 by ncomp:
