n=25 nodes=788620118 nsol=0 time=7922.38
depth: 0:1 1:1 2:2 3:8 4:41 5:184 6:732 7:2765 8:11371 9:114 10:595 11:3087 12:18027 13:104865 14:625383 15:3853953 16:23963675 17:125906277 18:340809744 19:260703540 20:32374649 21:241102 22:2 23:0 24:0
depth  0 by ncomp: 0:1
depth  1 by ncomp: 1:1
depth  2 by ncomp: 1:1 2:1
depth  3 by ncomp: 1:4 2:3 3:1
depth  4 by ncomp: 1:16 2:18 3:6 4:1
depth  5 by ncomp: 1:30 2:96 3:47 4:10 5:1
depth  6 by ncomp: 1:38 2:277 3:303 4:98 5:15 6:1
depth  7 by ncomp: 1:34 2:503 3:1226 4:792 5:188 6:21 7:1
depth  8 by ncomp: 1:11 2:751 3:3767 4:4589 5:1895 6:329 7:29
depth  9 by ncomp: 2:4 3:16 4:32 5:42 6:18 7:2
depth 10 by ncomp: 3:44 4:130 5:251 6:138 7:32
depth 11 by ncomp: 3:111 4:408 5:1173 6:1008 7:387
depth 12 by ncomp: 3:175 4:1384 5:5571 6:6943 7:3954
depth 13 by ncomp: 3:256 4:3946 5:22499 6:42041 7:36123
depth 14 by ncomp: 3:293 4:10012 5:82100 6:224108 7:308870
depth 15 by ncomp: 3:286 4:22484 5:274081 6:1079123 7:2477979
depth 16 by ncomp: 3:197 4:45063 5:836240 6:4740907 7:18341268
depth 17 by ncomp: 3:129 4:81048 5:2359555 6:19120344 7:104345201
depth 18 by ncomp: 3:58 4:129648 5:6134121 6:71174377 7:263371540
depth 19 by ncomp: 3:34 4:180820 5:14682998 6:245839688
depth 20 by ncomp: 3:16 4:222171 5:32152462
depth 21 by ncomp: 3:10 4:241092
depth 22 by ncomp: 3:2
depth 23 by ncomp:
depth 24 by ncomp:
