n=25 nodes=1370809363 nsol=0 time=15785.04
depth: 0:1 1:1 2:2 3:8 4:41 5:184 6:732 7:2765 8:11371 9:162 10:868 11:4924 12:28058 13:167824 14:1032126 15:6461731 16:40621145 17:214223197 18:585340035 19:464324108 20:58218672 21:371408 22:0 23:0 24:0
depth  0 by ncomp: 0:1
depth  1 by ncomp: 1:1
depth  2 by ncomp: 1:1 2:1
depth  3 by ncomp: 1:4 2:3 3:1
depth  4 by ncomp: 1:16 2:18 3:6 4:1
depth  5 by ncomp: 1:30 2:96 3:47 4:10 5:1
depth  6 by ncomp: 1:38 2:277 3:303 4:98 5:15 6:1
depth  7 by ncomp: 1:34 2:503 3:1226 4:792 5:188 6:21 7:1
depth  8 by ncomp: 1:11 2:751 3:3767 4:4589 5:1895 6:329 7:29
depth  9 by ncomp: 3:23 4:51 5:65 6:21 7:2
depth 10 by ncomp: 3:34 4:223 5:382 6:194 7:35
depth 11 by ncomp: 3:89 4:793 5:1995 6:1569 7:478
depth 12 by ncomp: 3:126 4:2409 5:9002 6:11010 7:5511
depth 13 by ncomp: 3:183 4:7147 5:38129 6:67174 7:55191
depth 14 by ncomp: 3:241 4:17637 5:144388 6:372145 7:497715
depth 15 by ncomp: 3:216 4:38706 5:490119 6:1817208 7:4115482
depth 16 by ncomp: 3:191 4:74317 5:1518273 6:8117060 7:30911304
depth 17 by ncomp: 3:156 4:131675 5:4327573 6:33212610 7:176551183
depth 18 by ncomp: 3:115 4:203411 5:11219815 6:125327065 7:448589629
depth 19 by ncomp: 3:71 4:281881 5:26701254 6:437340902
depth 20 by ncomp: 3:36 4:342220 5:57876416
depth 21 by ncomp: 3:10 4:371398
depth 22 by ncomp:
depth 23 by ncomp:
depth 24 by ncomp:
