n=25 nodes=1395586809 nsol=0 time=14371.60
depth: 0:1 1:1 2:2 3:8 4:41 5:184 6:732 7:2765 8:11371 9:194 10:1026 11:5582 12:30732 13:177519 14:1068146 15:6571776 16:40855037 17:214129811 18:589991355 19:482307498 20:60117093 21:315933 22:2 23:0 24:0
depth  0 by ncomp: 0:1
depth  1 by ncomp: 1:1
depth  2 by ncomp: 1:1 2:1
depth  3 by ncomp: 1:4 2:3 3:1
depth  4 by ncomp: 1:16 2:18 3:6 4:1
depth  5 by ncomp: 1:30 2:96 3:47 4:10 5:1
depth  6 by ncomp: 1:38 2:277 3:303 4:98 5:15 6:1
depth  7 by ncomp: 1:34 2:503 3:1226 4:792 5:188 6:21 7:1
depth  8 by ncomp: 1:11 2:751 3:3767 4:4589 5:1895 6:329 7:29
depth  9 by ncomp: 3:32 4:63 5:76 6:21 7:2
depth 10 by ncomp: 3:63 4:267 5:445 6:215 7:36
depth 11 by ncomp: 3:130 4:980 5:2232 6:1734 7:506
depth 12 by ncomp: 3:192 4:2891 5:10294 6:11625 7:5730
depth 13 by ncomp: 3:224 4:7704 5:41281 6:70508 7:57802
depth 14 by ncomp: 3:254 4:18844 5:155993 6:381263 7:511792
depth 15 by ncomp: 3:253 4:39935 5:529155 6:1863556 7:4138877
depth 16 by ncomp: 3:204 4:75507 5:1639620 6:8342625 7:30797081
depth 17 by ncomp: 3:137 4:128721 5:4628784 6:34297115 7:175075054
depth 18 by ncomp: 3:62 4:193590 5:11927936 6:129843315 7:448026452
depth 19 by ncomp: 3:26 4:255958 5:27990975 6:454060539
depth 20 by ncomp: 3:9 4:301868 5:59815216
depth 21 by ncomp: 3:6 4:315927
depth 22 by ncomp: 3:2
depth 23 by ncomp:
depth 24 by ncomp:
