n=25 nodes=508981082 nsol=0 time=4888.32
depth: 0:1 1:1 2:2 3:8 4:41 5:184 6:732 7:2765 8:11371 9:103 10:441 11:2175 12:11042 13:59720 14:338493 15:1991208 16:11867490 17:65141412 18:208211631 19:197179787 20:24088759 21:73716 22:0 23:0 24:0
depth  0 by ncomp: 0:1
depth  1 by ncomp: 1:1
depth  2 by ncomp: 1:1 2:1
depth  3 by ncomp: 1:4 2:3 3:1
depth  4 by ncomp: 1:16 2:18 3:6 4:1
depth  5 by ncomp: 1:30 2:96 3:47 4:10 5:1
depth  6 by ncomp: 1:38 2:277 3:303 4:98 5:15 6:1
depth  7 by ncomp: 1:34 2:503 3:1226 4:792 5:188 6:21 7:1
depth  8 by ncomp: 1:11 2:751 3:3767 4:4589 5:1895 6:329 7:29
depth  9 by ncomp: 3:13 4:51 5:35 6:4
depth 10 by ncomp: 3:15 4:166 5:204 6:52 7:4
depth 11 by ncomp: 3:13 4:520 5:1084 6:480 7:78
depth 12 by ncomp: 3:12 4:1342 5:4886 6:3743 7:1059
depth 13 by ncomp: 3:25 4:3364 5:19973 6:24502 7:11856
depth 14 by ncomp: 3:15 4:7271 5:74431 6:142856 7:113920
depth 15 by ncomp: 3:12 4:14051 5:246538 6:736310 7:994297
depth 16 by ncomp: 3:6 4:24821 5:733425 6:3347833 7:7761405
depth 17 by ncomp: 3:2 4:38887 5:2007637 6:13971603 7:49123283
depth 18 by ncomp: 4:53616 5:5003915 6:53029872 7:150124228
depth 19 by ncomp: 4:67806 5:11449683 6:185662298
depth 20 by ncomp: 4:74546 5:24014213
depth 21 by ncomp: 4:73716
depth 22 by ncomp:
depth 23 by ncomp:
depth 24 by ncomp:
