n=25 nodes=172821913 nsol=0 time=1513.62
depth: 0:1 1:1 2:2 3:8 4:41 5:184 6:732 7:2765 8:11371 9:65 10:217 11:851 12:3583 13:17600 14:84289 15:445998 16:2436688 17:13274086 18:52736314 19:81003373 20:22452685 21:351053 22:6 23:0 24:0
depth  0 by ncomp: 0:1
depth  1 by ncomp: 1:1
depth  2 by ncomp: 1:1 2:1
depth  3 by ncomp: 1:4 2:3 3:1
depth  4 by ncomp: 1:16 2:18 3:6 4:1
depth  5 by ncomp: 1:30 2:96 3:47 4:10 5:1
depth  6 by ncomp: 1:38 2:277 3:303 4:98 5:15 6:1
depth  7 by ncomp: 1:34 2:503 3:1226 4:792 5:188 6:21 7:1
depth  8 by ncomp: 1:11 2:751 3:3767 4:4589 5:1895 6:329 7:29
depth  9 by ncomp: 2:7 3:33 4:22 5:3
depth 10 by ncomp: 2:4 3:70 4:112 5:29 6:2
depth 11 by ncomp: 2:1 3:135 4:428 5:246 6:39 7:2
depth 12 by ncomp: 2:1 3:223 4:1381 5:1470 6:455 7:53
depth 13 by ncomp: 3:415 4:4197 5:7812 6:4250 7:926
depth 14 by ncomp: 3:534 4:10301 5:33047 6:29260 7:11147
depth 15 by ncomp: 3:626 4:23817 5:126891 6:179011 7:115653
depth 16 by ncomp: 3:624 4:49979 5:434324 6:936721 7:1015040
depth 17 by ncomp: 3:533 4:94362 5:1354992 6:4393499 7:7430700
depth 18 by ncomp: 3:367 4:155072 5:3783796 6:18527299 7:30269780
depth 19 by ncomp: 3:180 4:229074 5:9619618 6:71154501
depth 20 by ncomp: 3:82 4:299906 5:22152697
depth 21 by ncomp: 3:34 4:351019
depth 22 by ncomp: 3:6
depth 23 by ncomp:
depth 24 by ncomp:
