n=25 nodes=749336276 nsol=0 time=8493.74
depth: 0:1 1:1 2:2 3:8 4:41 5:184 6:732 7:2765 8:11371 9:111 10:530 11:2615 12:13853 13:76105 14:436334 15:2582635 16:15646591 17:87182202 18:290992228 19:303383562 20:48610382 21:394021 22:2 23:0 24:0
depth  0 by ncomp: 0:1
depth  1 by ncomp: 1:1
depth  2 by ncomp: 1:1 2:1
depth  3 by ncomp: 1:4 2:3 3:1
depth  4 by ncomp: 1:16 2:18 3:6 4:1
depth  5 by ncomp: 1:30 2:96 3:47 4:10 5:1
depth  6 by ncomp: 1:38 2:277 3:303 4:98 5:15 6:1
depth  7 by ncomp: 1:34 2:503 3:1226 4:792 5:188 6:21 7:1
depth  8 by ncomp: 1:11 2:751 3:3767 4:4589 5:1895 6:329 7:29
depth  9 by ncomp: 3:18 4:61 5:28 6:4
depth 10 by ncomp: 3:33 4:233 5:210 6:50 7:4
depth 11 by ncomp: 3:94 4:744 5:1195 6:503 7:79
depth 12 by ncomp: 3:173 4:2085 5:6063 6:4361 7:1171
depth 13 by ncomp: 3:215 4:5695 5:25836 6:30287 7:14072
depth 14 by ncomp: 3:283 4:14175 5:100238 6:179844 7:141794
depth 15 by ncomp: 3:334 4:32308 5:351173 6:946446 7:1252374
depth 16 by ncomp: 3:312 4:65335 5:1124907 6:4497111 7:9958926
depth 17 by ncomp: 3:256 4:119891 5:3292529 6:19435161 7:64334365
depth 18 by ncomp: 3:165 4:193312 5:8834223 6:77166157 7:204798371
depth 19 by ncomp: 3:103 4:277475 5:21635515 6:281470469
depth 20 by ncomp: 3:56 4:352297 5:48258029
depth 21 by ncomp: 3:20 4:394001
depth 22 by ncomp: 3:2
depth 23 by ncomp:
depth 24 by ncomp:
