n=25 nodes=581080477 nsol=0 time=5155.37
depth: 0:1 1:1 2:2 3:8 4:41 5:184 6:732 7:2765 8:11371 9:85 10:455 11:2242 12:11346 13:59778 14:336098 15:1935962 16:11389211 17:62656037 18:213842086 19:242781775 20:47438449 21:611831 22:17 23:0 24:0
depth  0 by ncomp: 0:1
depth  1 by ncomp: 1:1
depth  2 by ncomp: 1:1 2:1
depth  3 by ncomp: 1:4 2:3 3:1
depth  4 by ncomp: 1:16 2:18 3:6 4:1
depth  5 by ncomp: 1:30 2:96 3:47 4:10 5:1
depth  6 by ncomp: 1:38 2:277 3:303 4:98 5:15 6:1
depth  7 by ncomp: 1:34 2:503 3:1226 4:792 5:188 6:21 7:1
depth  8 by ncomp: 1:11 2:751 3:3767 4:4589 5:1895 6:329 7:29
depth  9 by ncomp: 2:4 3:18 4:38 5:22 6:3
depth 10 by ncomp: 2:5 3:67 4:183 5:159 6:38 7:3
depth 11 by ncomp: 2:2 3:180 4:697 5:952 6:356 7:55
depth 12 by ncomp: 2:1 3:305 4:2238 5:4966 6:3094 7:742
depth 13 by ncomp: 3:516 4:6258 5:21732 6:22106 7:9166
depth 14 by ncomp: 3:818 4:17249 5:88831 6:135576 7:93624
depth 15 by ncomp: 3:1041 4:41026 5:318954 6:731744 7:843197
depth 16 by ncomp: 3:1043 4:86178 5:1032462 6:3497084 7:6772444
depth 17 by ncomp: 3:834 4:162507 5:3070586 6:15183231 7:44238879
depth 18 by ncomp: 3:585 4:270530 5:8346596 6:60416246 7:144808129
depth 19 by ncomp: 3:334 4:402105 5:20733064 6:221646272
depth 20 by ncomp: 3:158 4:526271 5:46912020
depth 21 by ncomp: 3:54 4:611777
depth 22 by ncomp: 3:17
depth 23 by ncomp:
depth 24 by ncomp:
