n=25 nodes=726428499 nsol=0 time=8051.39
depth: 0:1 1:1 2:2 3:8 4:41 5:184 6:732 7:2765 8:11371 9:109 10:559 11:2914 12:16469 13:92210 14:536321 15:3247491 16:19913637 17:103501126 18:289639672 19:262976139 20:46001184 21:485558 22:5 23:0 24:0
depth  0 by ncomp: 0:1
depth  1 by ncomp: 1:1
depth  2 by ncomp: 1:1 2:1
depth  3 by ncomp: 1:4 2:3 3:1
depth  4 by ncomp: 1:16 2:18 3:6 4:1
depth  5 by ncomp: 1:30 2:96 3:47 4:10 5:1
depth  6 by ncomp: 1:38 2:277 3:303 4:98 5:15 6:1
depth  7 by ncomp: 1:34 2:503 3:1226 4:792 5:188 6:21 7:1
depth  8 by ncomp: 1:11 2:751 3:3767 4:4589 5:1895 6:329 7:29
depth  9 by ncomp: 2:1 3:26 4:40 5:31 6:10 7:1
depth 10 by ncomp: 2:1 3:65 4:182 5:200 6:94 7:17
depth 11 by ncomp: 3:129 4:667 5:1091 6:788 7:239
depth 12 by ncomp: 3:293 4:2264 5:5343 6:5677 7:2892
depth 13 by ncomp: 3:417 4:6495 5:22638 6:34051 7:28609
depth 14 by ncomp: 3:569 4:17042 5:87894 6:183883 7:246933
depth 15 by ncomp: 3:621 4:39485 5:313384 6:910786 7:1983215
depth 16 by ncomp: 3:557 4:81279 5:1021994 6:4140870 7:14668937
depth 17 by ncomp: 3:428 4:149409 5:3039090 6:17398759 7:82913440
depth 18 by ncomp: 3:259 4:241719 5:8242613 6:67609204 7:213545877
depth 19 by ncomp: 3:90 4:345133 5:20303794 6:242327122
depth 20 by ncomp: 3:32 4:435301 5:45565851
depth 21 by ncomp: 3:8 4:485550
depth 22 by ncomp: 3:5
depth 23 by ncomp:
depth 24 by ncomp:
