n=25 nodes=720248997 nsol=0 time=7292.64
depth: 0:1 1:1 2:2 3:8 4:41 5:184 6:732 7:2765 8:11371 9:87 10:459 11:2499 12:13946 13:80133 14:474618 15:2911998 16:18092121 17:94655742 18:271239824 19:275010933 20:57044311 21:707174 22:47 23:0 24:0
depth  0 by ncomp: 0:1
depth  1 by ncomp: 1:1
depth  2 by ncomp: 1:1 2:1
depth  3 by ncomp: 1:4 2:3 3:1
depth  4 by ncomp: 1:16 2:18 3:6 4:1
depth  5 by ncomp: 1:30 2:96 3:47 4:10 5:1
depth  6 by ncomp: 1:38 2:277 3:303 4:98 5:15 6:1
depth  7 by ncomp: 1:34 2:503 3:1226 4:792 5:188 6:21 7:1
depth  8 by ncomp: 1:11 2:751 3:3767 4:4589 5:1895 6:329 7:29
depth  9 by ncomp: 3:25 4:27 5:26 6:8 7:1
depth 10 by ncomp: 3:60 4:146 5:154 6:83 7:16
depth 11 by ncomp: 3:136 4:616 5:817 6:702 7:228
depth 12 by ncomp: 3:192 4:2197 5:4137 6:4751 7:2669
depth 13 by ncomp: 3:322 4:6940 5:19149 6:28040 7:25682
depth 14 by ncomp: 3:516 4:19270 5:80891 6:152914 7:221027
depth 15 by ncomp: 3:626 4:47567 5:314513 6:782313 7:1766979
depth 16 by ncomp: 3:654 4:102055 5:1101149 6:3738363 7:13149900
depth 17 by ncomp: 3:641 4:190636 5:3472874 6:16506921 7:74484670
depth 18 by ncomp: 3:518 4:311440 5:9774803 6:67031970 7:194121093
depth 19 by ncomp: 3:436 4:447861 5:24736104 6:249826532
depth 20 by ncomp: 3:228 4:591621 5:56452462
depth 21 by ncomp: 3:104 4:707070
depth 22 by ncomp: 3:47
depth 23 by ncomp:
depth 24 by ncomp:
