n=25 nodes=959953496 nsol=0 time=9470.78
depth: 0:1 1:1 2:2 3:8 4:41 5:184 6:732 7:2765 8:11371 9:144 10:769 11:4013 12:21765 13:123258 14:717959 15:4316500 16:26343292 17:138445960 18:395252219 19:344524632 20:49692942 21:494925 22:13 23:0 24:0
depth  0 by ncomp: 0:1
depth  1 by ncomp: 1:1
depth  2 by ncomp: 1:1 2:1
depth  3 by ncomp: 1:4 2:3 3:1
depth  4 by ncomp: 1:16 2:18 3:6 4:1
depth  5 by ncomp: 1:30 2:96 3:47 4:10 5:1
depth  6 by ncomp: 1:38 2:277 3:303 4:98 5:15 6:1
depth  7 by ncomp: 1:34 2:503 3:1226 4:792 5:188 6:21 7:1
depth  8 by ncomp: 1:11 2:751 3:3767 4:4589 5:1895 6:329 7:29
depth  9 by ncomp: 2:6 3:29 4:56 5:42 6:10 7:1
depth 10 by ncomp: 2:6 3:75 4:239 5:297 6:132 7:20
depth 11 by ncomp: 2:3 3:137 4:849 5:1593 6:1119 7:312
depth 12 by ncomp: 3:257 4:2657 5:7557 6:7632 7:3662
depth 13 by ncomp: 3:468 4:7624 5:32545 6:46783 7:35838
depth 14 by ncomp: 3:605 4:18742 5:124135 6:259670 7:314807
depth 15 by ncomp: 3:653 4:39986 5:424807 6:1294916 7:2556138
depth 16 by ncomp: 3:613 4:78940 5:1308381 6:5865837 7:19089521
depth 17 by ncomp: 3:469 4:143654 5:3704564 6:24269486 7:110327787
depth 18 by ncomp: 3:300 4:232388 5:9588858 6:92022485 7:293408188
depth 19 by ncomp: 3:186 4:332783 5:22715291 6:321476372
depth 20 by ncomp: 3:88 4:426417 5:49266437
depth 21 by ncomp: 3:59 4:494866
depth 22 by ncomp: 3:13
depth 23 by ncomp:
depth 24 by ncomp:
