n=25 nodes=598526545 nsol=0 time=6331.98
depth: 0:1 1:1 2:2 3:8 4:41 5:184 6:732 7:2765 8:11371 9:80 10:404 11:2145 12:12061 13:72292 14:436175 15:2756184 16:17440275 17:92570728 18:254323775 19:204709620 20:26040699 21:147002 22:0 23:0 24:0
depth  0 by ncomp: 0:1
depth  1 by ncomp: 1:1
depth  2 by ncomp: 1:1 2:1
depth  3 by ncomp: 1:4 2:3 3:1
depth  4 by ncomp: 1:16 2:18 3:6 4:1
depth  5 by ncomp: 1:30 2:96 3:47 4:10 5:1
depth  6 by ncomp: 1:38 2:277 3:303 4:98 5:15 6:1
depth  7 by ncomp: 1:34 2:503 3:1226 4:792 5:188 6:21 7:1
depth  8 by ncomp: 1:11 2:751 3:3767 4:4589 5:1895 6:329 7:29
depth  9 by ncomp: 3:22 4:28 5:22 6:7 7:1
depth 10 by ncomp: 3:56 4:128 5:140 6:66 7:14
depth 11 by ncomp: 3:80 4:466 5:792 6:609 7:198
depth 12 by ncomp: 3:114 4:1505 5:3810 6:4346 7:2286
depth 13 by ncomp: 3:132 4:4270 5:16703 6:27556 7:23631
depth 14 by ncomp: 3:94 4:10054 5:64296 6:150597 7:211134
depth 15 by ncomp: 3:83 4:21753 5:225871 6:757909 7:1750568
depth 16 by ncomp: 3:87 4:39047 5:704928 6:3440970 7:13255243
depth 17 by ncomp: 3:31 4:63960 5:2000570 6:14335189 7:76170978
depth 18 by ncomp: 3:17 4:94625 5:5168832 6:54703640 7:194356661
depth 19 by ncomp: 3:2 4:122243 5:12109292 6:192478083
depth 20 by ncomp: 3:2 4:142172 5:25898525
depth 21 by ncomp: 4:147002
depth 22 by ncomp:
depth 23 by ncomp:
depth 24 by ncomp:
