n=25 nodes=1356278969 nsol=0 time=14466.58
depth: 0:1 1:1 2:2 3:8 4:41 5:184 6:732 7:2765 8:11371 9:130 10:900 11:5611 12:34852 13:221413 14:1457447 15:9813613 16:63253012 17:292867337 18:601011040 19:350546365 20:36846701 21:205443 22:0 23:0 24:0
depth  0 by ncomp: 0:1
depth  1 by ncomp: 1:1
depth  2 by ncomp: 1:1 2:1
depth  3 by ncomp: 1:4 2:3 3:1
depth  4 by ncomp: 1:16 2:18 3:6 4:1
depth  5 by ncomp: 1:30 2:96 3:47 4:10 5:1
depth  6 by ncomp: 1:38 2:277 3:303 4:98 5:15 6:1
depth  7 by ncomp: 1:34 2:503 3:1226 4:792 5:188 6:21 7:1
depth  8 by ncomp: 1:11 2:751 3:3767 4:4589 5:1895 6:329 7:29
depth  9 by ncomp: 2:1 3:18 4:38 5:31 6:32 7:10
depth 10 by ncomp: 3:47 4:181 5:248 6:290 7:134
depth 11 by ncomp: 3:55 4:586 5:1387 6:2050 7:1533
depth 12 by ncomp: 3:93 4:1876 5:6337 6:11859 7:14687
depth 13 by ncomp: 3:151 4:5084 5:26741 6:64664 7:124773
depth 14 by ncomp: 3:165 4:12012 5:101231 6:333083 7:1010956
depth 15 by ncomp: 3:170 4:25460 5:340122 6:1564061 7:7883800
depth 16 by ncomp: 3:148 4:48499 5:1045119 6:6720094 7:55439152
depth 17 by ncomp: 3:98 4:81443 5:2921741 6:26784632 7:263079423
depth 18 by ncomp: 3:74 4:122538 5:7388175 6:98250985 7:495249268
depth 19 by ncomp: 3:31 4:163708 5:17228470 6:333154156
depth 20 by ncomp: 3:18 4:195548 5:36651135
depth 21 by ncomp: 4:205443
depth 22 by ncomp:
depth 23 by ncomp:
depth 24 by ncomp:
