n=25 nodes=1256115858 nsol=0 time=12345.22
depth: 0:1 1:1 2:2 3:8 4:41 5:184 6:732 7:2765 8:11371 9:144 10:860 11:5001 12:28632 13:169333 14:1010772 15:6304736 16:39530999 17:205808120 18:545580993 19:409011036 20:48282360 21:367746 22:21 23:0 24:0
depth  0 by ncomp: 0:1
depth  1 by ncomp: 1:1
depth  2 by ncomp: 1:1 2:1
depth  3 by ncomp: 1:4 2:3 3:1
depth  4 by ncomp: 1:16 2:18 3:6 4:1
depth  5 by ncomp: 1:30 2:96 3:47 4:10 5:1
depth  6 by ncomp: 1:38 2:277 3:303 4:98 5:15 6:1
depth  7 by ncomp: 1:34 2:503 3:1226 4:792 5:188 6:21 7:1
depth  8 by ncomp: 1:11 2:751 3:3767 4:4589 5:1895 6:329 7:29
depth  9 by ncomp: 2:5 3:14 4:46 5:59 6:18 7:2
depth 10 by ncomp: 2:5 3:42 4:196 5:397 6:187 7:33
depth 11 by ncomp: 2:6 3:131 4:678 5:1990 6:1686 7:510
depth 12 by ncomp: 2:2 3:250 4:2170 5:8884 6:11444 7:5882
depth 13 by ncomp: 3:395 4:6076 5:35509 6:68490 7:58863
depth 14 by ncomp: 3:498 4:14721 5:127045 6:355339 7:513169
depth 15 by ncomp: 3:683 4:33847 5:428901 6:1707713 7:4133592
depth 16 by ncomp: 3:665 4:68763 5:1307396 6:7480489 7:30673686
depth 17 by ncomp: 3:493 4:123512 5:3667422 6:30150079 7:171866614
depth 18 by ncomp: 3:368 4:198089 5:9466889 6:112172967 7:423742680
depth 19 by ncomp: 3:167 4:277544 5:22282502 6:386450823
depth 20 by ncomp: 3:86 4:341100 5:47941174
depth 21 by ncomp: 3:26 4:367720
depth 22 by ncomp: 3:21
depth 23 by ncomp:
depth 24 by ncomp:
