n=25 nodes=1697305677 nsol=0 time=19599.73
depth: 0:1 1:1 2:2 3:8 4:41 5:184 6:732 7:2765 8:11371 9:169 10:1142 11:6590 12:38590 13:226868 14:1379088 15:8621723 16:54421120 17:283555987 18:744114178 19:545253955 20:59351266 21:319894 22:2 23:0 24:0
depth  0 by ncomp: 0:1
depth  1 by ncomp: 1:1
depth  2 by ncomp: 1:1 2:1
depth  3 by ncomp: 1:4 2:3 3:1
depth  4 by ncomp: 1:16 2:18 3:6 4:1
depth  5 by ncomp: 1:30 2:96 3:47 4:10 5:1
depth  6 by ncomp: 1:38 2:277 3:303 4:98 5:15 6:1
depth  7 by ncomp: 1:34 2:503 3:1226 4:792 5:188 6:21 7:1
depth  8 by ncomp: 1:11 2:751 3:3767 4:4589 5:1895 6:329 7:29
depth  9 by ncomp: 3:10 4:48 5:82 6:26 7:3
depth 10 by ncomp: 3:43 4:212 5:537 6:297 7:53
depth 11 by ncomp: 3:80 4:799 5:2611 6:2344 7:756
depth 12 by ncomp: 3:171 4:2553 5:11268 6:15822 7:8776
depth 13 by ncomp: 3:285 4:6990 5:44415 6:90935 7:84243
depth 14 by ncomp: 3:350 4:17350 5:162690 6:473800 7:724898
depth 15 by ncomp: 3:393 4:37968 5:541600 6:2255358 7:5786404
depth 16 by ncomp: 3:384 4:74845 5:1656872 6:9919942 7:42769077
depth 17 by ncomp: 3:198 4:130506 5:4656846 6:40119662 7:238648775
depth 18 by ncomp: 3:98 4:196868 5:11907256 6:149921433 7:582088523
depth 19 by ncomp: 3:72 4:260844 5:27699362 6:517293677
depth 20 by ncomp: 3:37 4:311298 5:59039931
depth 21 by ncomp: 3:17 4:319877
depth 22 by ncomp: 3:2
depth 23 by ncomp:
depth 24 by ncomp:
