n=25 nodes=356793632 nsol=0 time=3121.00
depth: 0:1 1:1 2:2 3:8 4:41 5:184 6:732 7:2765 8:11371 9:56 10:294 11:1356 12:7122 13:36802 14:198768 15:1122265 16:6564284 17:36095734 18:126706747 19:152913511 20:32684634 21:446939 22:15 23:0 24:0
depth  0 by ncomp: 0:1
depth  1 by ncomp: 1:1
depth  2 by ncomp: 1:1 2:1
depth  3 by ncomp: 1:4 2:3 3:1
depth  4 by ncomp: 1:16 2:18 3:6 4:1
depth  5 by ncomp: 1:30 2:96 3:47 4:10 5:1
depth  6 by ncomp: 1:38 2:277 3:303 4:98 5:15 6:1
depth  7 by ncomp: 1:34 2:503 3:1226 4:792 5:188 6:21 7:1
depth  8 by ncomp: 1:11 2:751 3:3767 4:4589 5:1895 6:329 7:29
depth  9 by ncomp: 2:2 3:13 4:30 5:10 6:1
depth 10 by ncomp: 2:3 3:44 4:133 5:96 6:17 7:1
depth 11 by ncomp: 2:1 3:89 4:466 5:575 6:200 7:25
depth 12 by ncomp: 3:182 4:1570 5:3160 6:1801 7:409
depth 13 by ncomp: 3:287 4:4255 5:14046 6:13075 7:5139
depth 14 by ncomp: 3:413 4:10562 5:55137 6:80178 7:52478
depth 15 by ncomp: 3:580 4:25922 5:198797 6:428480 7:468486
depth 16 by ncomp: 3:663 4:55990 5:661975 6:2086894 7:3758762
depth 17 by ncomp: 3:615 4:108810 5:1999048 6:9196638 7:24790623
depth 18 by ncomp: 3:445 4:187515 5:5556007 6:37248979 7:83713801
depth 19 by ncomp: 3:295 4:285094 5:14038094 6:138590028
depth 20 by ncomp: 3:128 4:381332 5:32303174
depth 21 by ncomp: 3:61 4:446878
depth 22 by ncomp: 3:15
depth 23 by ncomp:
depth 24 by ncomp:
