n=25 nodes=358916107 nsol=0 time=3579.19
depth: 0:1 1:1 2:2 3:8 4:41 5:184 6:732 7:2765 8:11371 9:70 10:297 11:1609 12:8682 13:49676 14:306943 15:1940323 16:12221228 17:62316775 18:155430647 19:111847472 20:14660395 21:116885 22:0 23:0 24:0
depth  0 by ncomp: 0:1
depth  1 by ncomp: 1:1
depth  2 by ncomp: 1:1 2:1
depth  3 by ncomp: 1:4 2:3 3:1
depth  4 by ncomp: 1:16 2:18 3:6 4:1
depth  5 by ncomp: 1:30 2:96 3:47 4:10 5:1
depth  6 by ncomp: 1:38 2:277 3:303 4:98 5:15 6:1
depth  7 by ncomp: 1:34 2:503 3:1226 4:792 5:188 6:21 7:1
depth  8 by ncomp: 1:11 2:751 3:3767 4:4589 5:1895 6:329 7:29
depth  9 by ncomp: 3:17 4:13 5:29 6:10 7:1
depth 10 by ncomp: 3:37 4:64 5:101 6:79 7:16
depth 11 by ncomp: 3:60 4:267 5:497 6:573 7:212
depth 12 by ncomp: 3:91 4:911 5:2209 6:3313 7:2158
depth 13 by ncomp: 3:105 4:2563 5:9346 6:18407 7:19255
depth 14 by ncomp: 3:144 4:6544 5:36236 6:97707 7:166312
depth 15 by ncomp: 3:126 4:14350 5:126019 6:465831 7:1333997
depth 16 by ncomp: 3:111 4:27069 5:393891 6:2038194 7:9761963
depth 17 by ncomp: 3:91 4:45782 5:1120082 6:8216165 7:52934655
depth 18 by ncomp: 3:61 4:68240 5:2892689 6:30522621 7:121947036
depth 19 by ncomp: 3:27 4:90428 5:6792692 6:104964325
depth 20 by ncomp: 3:7 4:107877 5:14552511
depth 21 by ncomp: 3:3 4:116882
depth 22 by ncomp:
depth 23 by ncomp:
depth 24 by ncomp:
