n=25 nodes=241505036 nsol=0 time=3098.74
depth: 0:1 1:1 2:2 3:8 4:41 5:184 6:732 7:2765 8:11371 9:57 10:246 11:1167 12:5489 13:28177 14:153669 15:867603 16:5037484 17:27378010 18:92150540 19:99606410 20:16160219 21:100860 22:0 23:0 24:0
depth  0 by ncomp: 0:1
depth  1 by ncomp: 1:1
depth  2 by ncomp: 1:1 2:1
depth  3 by ncomp: 1:4 2:3 3:1
depth  4 by ncomp: 1:16 2:18 3:6 4:1
depth  5 by ncomp: 1:30 2:96 3:47 4:10 5:1
depth  6 by ncomp: 1:38 2:277 3:303 4:98 5:15 6:1
depth  7 by ncomp: 1:34 2:503 3:1226 4:792 5:188 6:21 7:1
depth  8 by ncomp: 1:11 2:751 3:3767 4:4589 5:1895 6:329 7:29
depth  9 by ncomp: 3:14 4:25 5:16 6:2
depth 10 by ncomp: 3:20 4:112 5:88 6:24 7:2
depth 11 by ncomp: 3:56 4:365 5:498 6:210 7:38
depth 12 by ncomp: 3:80 4:1084 5:2354 6:1524 7:447
depth 13 by ncomp: 3:89 4:2884 5:10284 6:10230 7:4690
depth 14 by ncomp: 3:89 4:6784 5:40636 6:61919 7:44241
depth 15 by ncomp: 3:81 4:13877 5:139863 6:327773 7:386009
depth 16 by ncomp: 3:71 4:25116 5:435101 6:1544873 7:3032323
depth 17 by ncomp: 3:41 4:40755 5:1229544 6:6611073 7:19496597
depth 18 by ncomp: 3:30 4:60638 5:3160138 6:25781990 7:63147744
depth 19 by ncomp: 3:14 4:80410 5:7442868 6:92083118
depth 20 by ncomp: 3:6 4:95496 5:16064717
depth 21 by ncomp: 3:1 4:100859
depth 22 by ncomp:
depth 23 by ncomp:
depth 24 by ncomp:
