n=25 nodes=684599633 nsol=0 time=6564.18
depth: 0:1 1:1 2:2 3:8 4:41 5:184 6:732 7:2765 8:11371 9:86 10:403 11:2008 12:10736 13:58255 14:329743 15:1936724 16:11631882 17:66077395 18:242178477 19:302125942 20:59737074 21:495799 22:4 23:0 24:0
depth  0 by ncomp: 0:1
depth  1 by ncomp: 1:1
depth  2 by ncomp: 1:1 2:1
depth  3 by ncomp: 1:4 2:3 3:1
depth  4 by ncomp: 1:16 2:18 3:6 4:1
depth  5 by ncomp: 1:30 2:96 3:47 4:10 5:1
depth  6 by ncomp: 1:38 2:277 3:303 4:98 5:15 6:1
depth  7 by ncomp: 1:34 2:503 3:1226 4:792 5:188 6:21 7:1
depth  8 by ncomp: 1:11 2:751 3:3767 4:4589 5:1895 6:329 7:29
depth  9 by ncomp: 3:24 4:43 5:17 6:2
depth 10 by ncomp: 3:61 4:180 5:133 6:27 7:2
depth 11 by ncomp: 3:105 4:668 5:879 6:313 7:43
depth 12 by ncomp: 3:226 4:2428 5:4642 6:2755 7:685
depth 13 by ncomp: 3:288 4:7327 5:22125 6:20175 7:8340
depth 14 by ncomp: 3:412 4:19365 5:94281 6:129908 7:85777
depth 15 by ncomp: 3:379 4:45983 5:361433 6:738351 7:790578
depth 16 by ncomp: 3:335 4:94535 5:1245979 6:3759864 7:6531169
depth 17 by ncomp: 3:258 4:168286 5:3851705 6:17416979 7:44640167
depth 18 by ncomp: 3:143 4:263899 5:10621757 6:72712502 7:158580176
depth 19 by ncomp: 3:116 4:364557 5:26406745 6:275354524
depth 20 by ncomp: 3:65 4:450921 5:59286088
depth 21 by ncomp: 3:36 4:495763
depth 22 by ncomp: 3:4
depth 23 by ncomp:
depth 24 by ncomp:
