n=25 nodes=2103240365 nsol=0 time=23786.59
depth: 0:1 1:1 2:2 3:8 4:41 5:184 6:732 7:2765 8:11371 9:236 10:1334 11:7541 12:43678 13:256940 14:1567685 15:9859424 16:62156803 17:328962304 18:905550175 19:715644168 20:78872256 21:302716 22:0 23:0 24:0
depth  0 by ncomp: 0:1
depth  1 by ncomp: 1:1
depth  2 by ncomp: 1:1 2:1
depth  3 by ncomp: 1:4 2:3 3:1
depth  4 by ncomp: 1:16 2:18 3:6 4:1
depth  5 by ncomp: 1:30 2:96 3:47 4:10 5:1
depth  6 by ncomp: 1:38 2:277 3:303 4:98 5:15 6:1
depth  7 by ncomp: 1:34 2:503 3:1226 4:792 5:188 6:21 7:1
depth  8 by ncomp: 1:11 2:751 3:3767 4:4589 5:1895 6:329 7:29
depth  9 by ncomp: 3:19 4:75 5:108 6:31 7:3
depth 10 by ncomp: 3:39 4:293 5:632 6:317 7:53
depth 11 by ncomp: 3:62 4:902 5:3135 6:2659 7:783
depth 12 by ncomp: 3:75 4:2570 5:13741 6:18088 7:9204
depth 13 by ncomp: 3:71 4:6680 5:53879 6:105787 7:90523
depth 14 by ncomp: 3:88 4:16793 5:198427 6:563190 7:789187
depth 15 by ncomp: 3:76 4:36709 5:676425 6:2745433 7:6400781
depth 16 by ncomp: 3:79 4:69781 5:2102449 6:12280120 7:47704374
depth 17 by ncomp: 3:39 4:120848 5:5972603 6:50609361 7:272259453
depth 18 by ncomp: 3:25 4:183985 5:15489582 6:192802346 7:697074237
depth 19 by ncomp: 3:11 4:247108 5:36586839 6:678810210
depth 20 by ncomp: 3:3 4:290046 5:78582207
depth 21 by ncomp: 4:302716
depth 22 by ncomp:
depth 23 by ncomp:
depth 24 by ncomp:
