n=25 nodes=147377979 nsol=0 time=1171.54
depth: 0:1 1:1 2:2 3:8 4:41 5:184 6:732 7:2765 8:11371 9:61 10:185 11:707 12:2964 13:14586 14:75306 15:403964 16:2232189 17:12234866 18:48351726 19:68944061 20:14979898 21:122361 22:0 23:0 24:0
depth  0 by ncomp: 0:1
depth  1 by ncomp: 1:1
depth  2 by ncomp: 1:1 2:1
depth  3 by ncomp: 1:4 2:3 3:1
depth  4 by ncomp: 1:16 2:18 3:6 4:1
depth  5 by ncomp: 1:30 2:96 3:47 4:10 5:1
depth  6 by ncomp: 1:38 2:277 3:303 4:98 5:15 6:1
depth  7 by ncomp: 1:34 2:503 3:1226 4:792 5:188 6:21 7:1
depth  8 by ncomp: 1:11 2:751 3:3767 4:4589 5:1895 6:329 7:29
depth  9 by ncomp: 2:2 3:20 4:31 5:7 6:1
depth 10 by ncomp: 3:33 4:103 5:39 6:9 7:1
depth 11 by ncomp: 3:54 4:347 5:246 6:56 7:4
depth 12 by ncomp: 3:73 4:1031 5:1323 6:462 7:75
depth 13 by ncomp: 3:91 4:2858 5:6784 6:3919 7:934
depth 14 by ncomp: 3:118 4:7168 5:29271 6:27736 7:11013
depth 15 by ncomp: 3:107 4:15020 5:110078 6:167965 7:110794
depth 16 by ncomp: 3:92 4:27929 5:358740 6:871561 7:973867
depth 17 by ncomp: 3:53 4:46889 5:1059806 6:4005271 7:7122847
depth 18 by ncomp: 3:37 4:69446 5:2815887 6:16572613 7:28893743
depth 19 by ncomp: 3:20 4:93752 5:6789168 6:62061121
depth 20 by ncomp: 3:10 4:113824 5:14866064
depth 21 by ncomp: 3:1 4:122360
depth 22 by ncomp:
depth 23 by ncomp:
depth 24 by ncomp:
