n=25 nodes=902855330 nsol=0 time=11031.41
depth: 0:1 1:1 2:2 3:8 4:41 5:184 6:732 7:2765 8:11371 9:131 10:665 11:3320 12:18864 13:109064 14:637406 15:3873786 16:23809247 17:125881073 18:365871852 19:333122512 20:49211988 21:300312 22:5 23:0 24:0
depth  0 by ncomp: 0:1
depth  1 by ncomp: 1:1
depth  2 by ncomp: 1:1 2:1
depth  3 by ncomp: 1:4 2:3 3:1
depth  4 by ncomp: 1:16 2:18 3:6 4:1
depth  5 by ncomp: 1:30 2:96 3:47 4:10 5:1
depth  6 by ncomp: 1:38 2:277 3:303 4:98 5:15 6:1
depth  7 by ncomp: 1:34 2:503 3:1226 4:792 5:188 6:21 7:1
depth  8 by ncomp: 1:11 2:751 3:3767 4:4589 5:1895 6:329 7:29
depth  9 by ncomp: 2:1 3:22 4:56 5:41 6:10 7:1
depth 10 by ncomp: 3:45 4:225 5:272 6:106 7:17
depth 11 by ncomp: 3:90 4:728 5:1372 6:885 7:245
depth 12 by ncomp: 3:142 4:2338 5:6865 6:6605 7:2914
depth 13 by ncomp: 3:238 4:6630 5:29541 6:42110 7:30545
depth 14 by ncomp: 3:291 4:16218 5:112244 6:233766 7:274887
depth 15 by ncomp: 3:297 4:36305 5:393556 6:1178284 7:2265344
depth 16 by ncomp: 3:272 4:72079 5:1246701 6:5395331 7:17094864
depth 17 by ncomp: 3:144 4:125293 5:3607087 6:22620177 7:99528372
depth 18 by ncomp: 3:111 4:189943 5:9492141 6:87339246 7:268850411
depth 19 by ncomp: 3:63 4:250972 5:22616622 6:310254855
depth 20 by ncomp: 3:23 4:293484 5:48918481
depth 21 by ncomp: 3:23 4:300289
depth 22 by ncomp: 3:5
depth 23 by ncomp:
depth 24 by ncomp:
