n=25 nodes=1172854705 nsol=0 time=10679.10
depth: 0:1 1:1 2:2 3:8 4:41 5:184 6:732 7:2765 8:11371 9:201 10:931 11:4543 12:23709 13:128338 14:712123 15:4135832 16:24643762 17:135879214 18:456209084 19:479585935 20:71135144 21:380784 22:0 23:0 24:0
depth  0 by ncomp: 0:1
depth  1 by ncomp: 1:1
depth  2 by ncomp: 1:1 2:1
depth  3 by ncomp: 1:4 2:3 3:1
depth  4 by ncomp: 1:16 2:18 3:6 4:1
depth  5 by ncomp: 1:30 2:96 3:47 4:10 5:1
depth  6 by ncomp: 1:38 2:277 3:303 4:98 5:15 6:1
depth  7 by ncomp: 1:34 2:503 3:1226 4:792 5:188 6:21 7:1
depth  8 by ncomp: 1:11 2:751 3:3767 4:4589 5:1895 6:329 7:29
depth  9 by ncomp: 3:39 4:113 5:44 6:5
depth 10 by ncomp: 3:73 4:426 5:353 6:74 7:5
depth 11 by ncomp: 3:165 4:1395 5:2065 6:805 7:113
depth 12 by ncomp: 3:254 4:4263 5:10604 6:6868 7:1720
depth 13 by ncomp: 3:396 4:11497 5:46593 6:48665 7:21187
depth 14 by ncomp: 3:350 4:26486 5:181816 6:292458 7:211013
depth 15 by ncomp: 3:326 4:54608 5:629754 6:1567680 7:1883464
depth 16 by ncomp: 3:228 4:103515 5:1970965 6:7448157 7:15120897
depth 17 by ncomp: 3:159 4:169479 5:5584802 6:31928618 7:98196156
depth 18 by ncomp: 3:76 4:241878 5:14347822 6:124680758 7:316938550
depth 19 by ncomp: 3:45 4:311306 5:33440684 6:445833900
depth 20 by ncomp: 3:6 4:361762 5:70773376
depth 21 by ncomp: 3:8 4:380776
depth 22 by ncomp:
depth 23 by ncomp:
depth 24 by ncomp:
