n=25 nodes=1255778018 nsol=0 time=13031.22
depth: 0:1 1:1 2:2 3:8 4:41 5:184 6:732 7:2765 8:11371 9:172 10:841 11:5072 12:31676 13:198635 14:1296833 15:8665557 16:55420565 17:251083271 18:517936026 19:364304890 20:56350523 21:468842 22:10 23:0 24:0
depth  0 by ncomp: 0:1
depth  1 by ncomp: 1:1
depth  2 by ncomp: 1:1 2:1
depth  3 by ncomp: 1:4 2:3 3:1
depth  4 by ncomp: 1:16 2:18 3:6 4:1
depth  5 by ncomp: 1:30 2:96 3:47 4:10 5:1
depth  6 by ncomp: 1:38 2:277 3:303 4:98 5:15 6:1
depth  7 by ncomp: 1:34 2:503 3:1226 4:792 5:188 6:21 7:1
depth  8 by ncomp: 1:11 2:751 3:3767 4:4589 5:1895 6:329 7:29
depth  9 by ncomp: 2:1 3:31 4:61 5:33 6:36 7:10
depth 10 by ncomp: 3:63 4:203 5:177 6:267 7:131
depth 11 by ncomp: 3:155 4:812 5:987 6:1644 7:1474
depth 12 by ncomp: 3:212 4:2779 5:5503 6:9397 7:13785
depth 13 by ncomp: 3:310 4:7962 5:25752 6:50091 7:114520
depth 14 by ncomp: 3:310 4:21184 5:110105 6:260070 7:905164
depth 15 by ncomp: 3:344 4:45149 5:407171 6:1281703 7:6931190
depth 16 by ncomp: 3:269 4:89559 5:1329019 6:5830271 7:48171447
depth 17 by ncomp: 3:235 4:157716 5:3974614 6:24565235 7:222385471
depth 18 by ncomp: 3:181 4:242635 5:10570817 6:95495241 7:411627152
depth 19 by ncomp: 3:110 4:341612 5:25387105 6:338576063
depth 20 by ncomp: 3:53 4:425997 5:55924473
depth 21 by ncomp: 3:14 4:468828
depth 22 by ncomp: 3:10
depth 23 by ncomp:
depth 24 by ncomp:
