n=25 nodes=539260381 nsol=0 time=5242.14
depth: 0:1 1:1 2:2 3:8 4:41 5:184 6:732 7:2765 8:11371 9:128 10:499 11:2348 12:11882 13:62546 14:344169 15:1925463 16:11303716 17:62103566 18:209402252 19:220797604 20:33064247 21:226846 22:10 23:0 24:0
depth  0 by ncomp: 0:1
depth  1 by ncomp: 1:1
depth  2 by ncomp: 1:1 2:1
depth  3 by ncomp: 1:4 2:3 3:1
depth  4 by ncomp: 1:16 2:18 3:6 4:1
depth  5 by ncomp: 1:30 2:96 3:47 4:10 5:1
depth  6 by ncomp: 1:38 2:277 3:303 4:98 5:15 6:1
depth  7 by ncomp: 1:34 2:503 3:1226 4:792 5:188 6:21 7:1
depth  8 by ncomp: 1:11 2:751 3:3767 4:4589 5:1895 6:329 7:29
depth  9 by ncomp: 2:7 3:19 4:68 5:31 6:3
depth 10 by ncomp: 2:8 3:54 4:202 5:190 6:42 7:3
depth 11 by ncomp: 2:1 3:120 4:699 5:1066 6:402 7:60
depth 12 by ncomp: 3:157 4:2039 5:5328 6:3472 7:886
depth 13 by ncomp: 3:252 4:5523 5:22921 6:23725 7:10125
depth 14 by ncomp: 3:326 4:12577 5:87650 6:142660 7:100956
depth 15 by ncomp: 3:518 4:26349 5:293278 6:734127 7:871191
depth 16 by ncomp: 3:472 4:49543 5:914083 6:3471516 7:6868102
depth 17 by ncomp: 3:268 4:82675 5:2564117 6:14813400 7:44643106
depth 18 by ncomp: 3:188 4:125212 5:6564530 6:57615195 7:145097127
depth 19 by ncomp: 3:95 4:171414 5:15377857 6:205248238
depth 20 by ncomp: 3:43 4:208363 5:32855841
depth 21 by ncomp: 3:14 4:226832
depth 22 by ncomp: 3:10
depth 23 by ncomp:
depth 24 by ncomp:
