n=25 nodes=768260004 nsol=0 time=11065.98
depth: 0:1 1:1 2:2 3:8 4:41 5:184 6:732 7:2765 8:11371 9:112 10:516 11:2838 12:15680 13:90559 14:543208 15:3357458 16:20973130 17:110656595 18:311193235 19:275051268 20:45692605 21:667609 22:86 23:0 24:0
depth  0 by ncomp: 0:1
depth  1 by ncomp: 1:1
depth  2 by ncomp: 1:1 2:1
depth  3 by ncomp: 1:4 2:3 3:1
depth  4 by ncomp: 1:16 2:18 3:6 4:1
depth  5 by ncomp: 1:30 2:96 3:47 4:10 5:1
depth  6 by ncomp: 1:38 2:277 3:303 4:98 5:15 6:1
depth  7 by ncomp: 1:34 2:503 3:1226 4:792 5:188 6:21 7:1
depth  8 by ncomp: 1:11 2:751 3:3767 4:4589 5:1895 6:329 7:29
depth  9 by ncomp: 2:6 3:20 4:39 5:36 6:10 7:1
depth 10 by ncomp: 2:14 3:56 4:150 5:189 6:91 7:16
depth 11 by ncomp: 2:9 3:160 4:535 5:1061 6:825 7:248
depth 12 by ncomp: 2:8 3:319 4:1850 5:4900 6:5672 7:2931
depth 13 by ncomp: 2:5 3:533 4:5510 5:20792 6:34413 7:29306
depth 14 by ncomp: 3:839 4:15367 5:82913 6:186353 7:257736
depth 15 by ncomp: 3:1034 4:36556 5:299445 6:935705 7:2084718
depth 16 by ncomp: 3:1566 4:79959 5:978901 6:4294266 7:15618438
depth 17 by ncomp: 3:1634 4:155455 5:2938511 6:18167957 7:89393038
depth 18 by ncomp: 3:1403 4:266665 5:8017545 6:70779919 7:232127703
depth 19 by ncomp: 3:934 4:402800 5:19898052 6:254749482
depth 20 by ncomp: 3:575 4:554705 5:45137325
depth 21 by ncomp: 3:256 4:667353
depth 22 by ncomp: 3:86
depth 23 by ncomp:
depth 24 by ncomp:
