n=25 nodes=495483754 nsol=0 time=4310.13
depth: 0:1 1:1 2:2 3:8 4:41 5:184 6:732 7:2765 8:11371 9:74 10:425 11:2086 12:10931 13:57070 14:315250 15:1798235 16:10632569 17:58562990 18:195486349 19:200848530 20:27635886 21:118254 22:0 23:0 24:0
depth  0 by ncomp: 0:1
depth  1 by ncomp: 1:1
depth  2 by ncomp: 1:1 2:1
depth  3 by ncomp: 1:4 2:3 3:1
depth  4 by ncomp: 1:16 2:18 3:6 4:1
depth  5 by ncomp: 1:30 2:96 3:47 4:10 5:1
depth  6 by ncomp: 1:38 2:277 3:303 4:98 5:15 6:1
depth  7 by ncomp: 1:34 2:503 3:1226 4:792 5:188 6:21 7:1
depth  8 by ncomp: 1:11 2:751 3:3767 4:4589 5:1895 6:329 7:29
depth  9 by ncomp: 3:19 4:38 5:15 6:2
depth 10 by ncomp: 3:37 4:200 5:155 6:31 7:2
depth 11 by ncomp: 3:49 4:647 5:976 6:366 7:48
depth 12 by ncomp: 3:85 4:1945 5:4954 6:3180 7:767
depth 13 by ncomp: 3:84 4:4512 5:21030 6:22116 7:9328
depth 14 by ncomp: 3:71 4:10311 5:78901 6:131718 7:94249
depth 15 by ncomp: 3:80 4:20616 5:264817 6:685632 7:827090
depth 16 by ncomp: 3:42 4:37227 5:816972 6:3210678 7:6567650
depth 17 by ncomp: 3:41 4:59830 5:2273873 6:13666302 7:42562944
depth 18 by ncomp: 3:19 4:84631 5:5745242 6:52919045 7:136737412
depth 19 by ncomp: 3:6 4:105942 5:13172491 6:187570091
depth 20 by ncomp: 3:2 4:118400 5:27517484
depth 21 by ncomp: 4:118254
depth 22 by ncomp:
depth 23 by ncomp:
depth 24 by ncomp:
