n=25 nodes=1164556298 nsol=0 time=14934.98
depth: 0:1 1:1 2:2 3:8 4:41 5:184 6:732 7:2765 8:11371 9:165 10:854 11:4909 12:29201 13:180616 14:1165587 15:7745099 16:49354143 17:224275035 18:475994633 19:352158626 20:53304554 21:327771 22:0 23:0 24:0
depth  0 by ncomp: 0:1
depth  1 by ncomp: 1:1
depth  2 by ncomp: 1:1 2:1
depth  3 by ncomp: 1:4 2:3 3:1
depth  4 by ncomp: 1:16 2:18 3:6 4:1
depth  5 by ncomp: 1:30 2:96 3:47 4:10 5:1
depth  6 by ncomp: 1:38 2:277 3:303 4:98 5:15 6:1
depth  7 by ncomp: 1:34 2:503 3:1226 4:792 5:188 6:21 7:1
depth  8 by ncomp: 1:11 2:751 3:3767 4:4589 5:1895 6:329 7:29
depth  9 by ncomp: 3:36 4:70 5:24 6:26 7:9
depth 10 by ncomp: 3:88 4:282 5:202 6:179 7:103
depth 11 by ncomp: 3:135 4:994 5:1274 6:1342 7:1164
depth 12 by ncomp: 3:238 4:3172 5:6535 6:8259 7:10997
depth 13 by ncomp: 3:298 4:8874 5:29407 6:47136 7:94901
depth 14 by ncomp: 3:295 4:21988 5:118058 6:253172 7:772074
depth 15 by ncomp: 3:292 4:47828 5:424686 6:1252273 7:6020020
depth 16 by ncomp: 3:168 4:91402 5:1381962 6:5734964 7:42145647
depth 17 by ncomp: 3:114 4:148526 5:3997526 6:24040463 7:196088406
depth 18 by ncomp: 3:97 4:216535 5:10434251 6:92463661 7:372880089
depth 19 by ncomp: 3:38 4:281034 5:24664325 6:327213229
depth 20 by ncomp: 3:10 4:324191 5:52980353
depth 21 by ncomp: 3:6 4:327765
depth 22 by ncomp:
depth 23 by ncomp:
depth 24 by ncomp:
