n=25 nodes=813012725 nsol=0 time=7951.65
depth: 0:1 1:1 2:2 3:8 4:41 5:184 6:732 7:2765 8:11371 9:82 10:382 11:2016 12:10837 13:61392 14:350326 15:2102439 16:12878602 17:74914444 18:285375912 19:366907499 20:69909718 21:483965 22:6 23:0 24:0
depth  0 by ncomp: 0:1
depth  1 by ncomp: 1:1
depth  2 by ncomp: 1:1 2:1
depth  3 by ncomp: 1:4 2:3 3:1
depth  4 by ncomp: 1:16 2:18 3:6 4:1
depth  5 by ncomp: 1:30 2:96 3:47 4:10 5:1
depth  6 by ncomp: 1:38 2:277 3:303 4:98 5:15 6:1
depth  7 by ncomp: 1:34 2:503 3:1226 4:792 5:188 6:21 7:1
depth  8 by ncomp: 1:11 2:751 3:3767 4:4589 5:1895 6:329 7:29
depth  9 by ncomp: 3:25 4:38 5:17 6:2
depth 10 by ncomp: 3:52 4:176 5:126 6:26 7:2
depth 11 by ncomp: 3:139 4:736 5:809 6:290 7:42
depth 12 by ncomp: 3:246 4:2604 5:4725 6:2625 7:637
depth 13 by ncomp: 3:411 4:8392 5:24139 6:20483 7:7967
depth 14 by ncomp: 3:363 4:21435 5:105100 6:137816 7:85612
depth 15 by ncomp: 3:454 4:50759 5:414751 6:818629 7:817846
depth 16 by ncomp: 3:356 4:104259 5:1440767 6:4308908 7:7024312
depth 17 by ncomp: 3:214 4:183149 5:4485718 6:20431082 7:49814281
depth 18 by ncomp: 3:157 4:278252 5:12407815 6:87081935 7:185607753
depth 19 by ncomp: 3:112 4:379309 5:30947059 6:335581019
depth 20 by ncomp: 3:37 4:453033 5:69456648
depth 21 by ncomp: 3:13 4:483952
depth 22 by ncomp: 3:6
depth 23 by ncomp:
depth 24 by ncomp:
