n=25 nodes=856341503 nsol=0 time=8522.20
depth: 0:1 1:1 2:2 3:8 4:41 5:184 6:732 7:2765 8:11371 9:127 10:581 11:3294 12:18285 13:103391 14:608280 15:3697903 16:22778177 17:119002901 18:336440449 19:312321669 20:60401513 21:949771 22:57 23:0 24:0
depth  0 by ncomp: 0:1
depth  1 by ncomp: 1:1
depth  2 by ncomp: 1:1 2:1
depth  3 by ncomp: 1:4 2:3 3:1
depth  4 by ncomp: 1:16 2:18 3:6 4:1
depth  5 by ncomp: 1:30 2:96 3:47 4:10 5:1
depth  6 by ncomp: 1:38 2:277 3:303 4:98 5:15 6:1
depth  7 by ncomp: 1:34 2:503 3:1226 4:792 5:188 6:21 7:1
depth  8 by ncomp: 1:11 2:751 3:3767 4:4589 5:1895 6:329 7:29
depth  9 by ncomp: 3:33 4:38 5:44 6:11 7:1
depth 10 by ncomp: 2:2 3:80 4:139 5:227 6:114 7:19
depth 11 by ncomp: 3:189 4:641 5:1201 6:982 7:281
depth 12 by ncomp: 3:399 4:2472 5:5603 6:6511 7:3300
depth 13 by ncomp: 3:628 4:7727 5:24190 6:38616 7:32230
depth 14 by ncomp: 3:818 4:21148 5:96944 6:208414 7:280956
depth 15 by ncomp: 3:946 4:50294 5:353119 6:1033231 7:2260313
depth 16 by ncomp: 3:1082 4:108471 5:1185365 6:4738592 7:16744667
depth 17 by ncomp: 3:995 4:206932 5:3600717 6:20058451 7:95135806
depth 18 by ncomp: 3:756 4:359894 5:10067692 6:78721882 7:247290225
depth 19 by ncomp: 3:563 4:555678 5:25667829 6:286097599
depth 20 by ncomp: 3:291 4:761496 5:59639726
depth 21 by ncomp: 3:179 4:949592
depth 22 by ncomp: 3:57
depth 23 by ncomp:
depth 24 by ncomp:
