n=25 nodes=676933350 nsol=0 time=8558.85
depth: 0:1 1:1 2:2 3:8 4:41 5:184 6:732 7:2765 8:11371 9:103 10:568 11:2887 12:16195 13:93028 14:555789 15:3438795 16:21431651 17:111202678 18:293537995 19:221347225 20:25188423 21:102908 22:0 23:0 24:0
depth  0 by ncomp: 0:1
depth  1 by ncomp: 1:1
depth  2 by ncomp: 1:1 2:1
depth  3 by ncomp: 1:4 2:3 3:1
depth  4 by ncomp: 1:16 2:18 3:6 4:1
depth  5 by ncomp: 1:30 2:96 3:47 4:10 5:1
depth  6 by ncomp: 1:38 2:277 3:303 4:98 5:15 6:1
depth  7 by ncomp: 1:34 2:503 3:1226 4:792 5:188 6:21 7:1
depth  8 by ncomp: 1:11 2:751 3:3767 4:4589 5:1895 6:329 7:29
depth  9 by ncomp: 2:1 3:17 4:32 5:41 6:11 7:1
depth 10 by ncomp: 3:36 4:143 5:251 6:119 7:19
depth 11 by ncomp: 3:59 4:434 5:1135 6:979 7:280
depth 12 by ncomp: 3:89 4:1356 5:4840 6:6551 7:3359
depth 13 by ncomp: 3:81 4:3642 5:19265 6:37281 7:32759
depth 14 by ncomp: 3:73 4:8708 5:70522 6:193072 7:283414
depth 15 by ncomp: 3:38 4:18427 5:237742 6:919644 7:2262944
depth 16 by ncomp: 3:24 4:33846 5:733790 6:4034175 7:16629816
depth 17 by ncomp: 3:18 4:55148 5:2050879 6:16298680 7:92797953
depth 18 by ncomp: 3:3 4:77907 5:5191633 6:60767173 7:227501279
depth 19 by ncomp: 4:95218 5:11952146 6:209299861
depth 20 by ncomp: 3:1 4:105186 5:25083236
depth 21 by ncomp: 4:102908
depth 22 by ncomp:
depth 23 by ncomp:
depth 24 by ncomp:
