n=25 nodes=876040273 nsol=0 time=7375.51
depth: 0:1 1:1 2:2 3:8 4:41 5:184 6:732 7:2765 8:11371 9:123 10:584 11:3037 12:16415 13:89620 14:504326 15:2932548 16:17542972 17:97554550 18:336354872 19:366209691 20:54573941 21:242484 22:5 23:0 24:0
depth  0 by ncomp: 0:1
depth  1 by ncomp: 1:1
depth  2 by ncomp: 1:1 2:1
depth  3 by ncomp: 1:4 2:3 3:1
depth  4 by ncomp: 1:16 2:18 3:6 4:1
depth  5 by ncomp: 1:30 2:96 3:47 4:10 5:1
depth  6 by ncomp: 1:38 2:277 3:303 4:98 5:15 6:1
depth  7 by ncomp: 1:34 2:503 3:1226 4:792 5:188 6:21 7:1
depth  8 by ncomp: 1:11 2:751 3:3767 4:4589 5:1895 6:329 7:29
depth  9 by ncomp: 3:12 4:74 5:33 6:4
depth 10 by ncomp: 3:21 4:279 5:228 6:52 7:4
depth 11 by ncomp: 3:28 4:961 5:1447 6:531 7:70
depth 12 by ncomp: 3:56 4:2928 5:7582 6:4705 7:1144
depth 13 by ncomp: 3:56 4:7910 5:34219 6:33653 7:13782
depth 14 by ncomp: 3:63 4:17926 5:134875 6:209453 7:142009
depth 15 by ncomp: 3:64 4:37670 5:475004 6:1138255 7:1281555
depth 16 by ncomp: 3:45 4:68348 5:1508423 6:5535753 7:10430403
depth 17 by ncomp: 3:36 4:110465 5:4268156 6:24055726 7:69120167
depth 18 by ncomp: 3:20 4:159498 5:10958240 6:94665249 7:230571865
depth 19 by ncomp: 3:14 4:205774 5:25573615 6:340430288
depth 20 by ncomp: 3:4 4:236202 5:54337735
depth 21 by ncomp: 3:2 4:242482
depth 22 by ncomp: 3:5
depth 23 by ncomp:
depth 24 by ncomp:
