n=25 nodes=268267256 nsol=0 time=2854.44
depth: 0:1 1:1 2:2 3:8 4:41 5:184 6:732 7:2765 8:11371 9:50 10:240 11:1095 12:5754 13:30489 14:172778 15:1011830 16:6120579 17:33555679 18:106782258 19:103898389 20:16476697 21:196305 22:8 23:0 24:0
depth  0 by ncomp: 0:1
depth  1 by ncomp: 1:1
depth  2 by ncomp: 1:1 2:1
depth  3 by ncomp: 1:4 2:3 3:1
depth  4 by ncomp: 1:16 2:18 3:6 4:1
depth  5 by ncomp: 1:30 2:96 3:47 4:10 5:1
depth  6 by ncomp: 1:38 2:277 3:303 4:98 5:15 6:1
depth  7 by ncomp: 1:34 2:503 3:1226 4:792 5:188 6:21 7:1
depth  8 by ncomp: 1:11 2:751 3:3767 4:4589 5:1895 6:329 7:29
depth  9 by ncomp: 2:4 3:6 4:24 5:14 6:2
depth 10 by ncomp: 2:8 3:27 4:87 5:92 6:24 7:2
depth 11 by ncomp: 2:2 3:73 4:254 5:479 6:246 7:41
depth 12 by ncomp: 2:1 3:163 4:829 5:2299 6:1884 7:578
depth 13 by ncomp: 3:250 4:2203 5:9573 6:12198 7:6265
depth 14 by ncomp: 3:355 4:5349 5:35784 6:70099 7:61191
depth 15 by ncomp: 3:407 4:12663 5:121431 6:355140 7:522189
depth 16 by ncomp: 3:428 4:27945 5:384135 6:1640417 7:4067654
depth 17 by ncomp: 3:327 4:54207 5:1125456 6:6937450 7:25438239
depth 18 by ncomp: 3:175 4:90451 5:3004611 6:26998361 7:76688660
depth 19 by ncomp: 3:91 4:133931 5:7314252 6:96450115
depth 20 by ncomp: 3:40 4:175607 5:16301050
depth 21 by ncomp: 3:15 4:196290
depth 22 by ncomp: 3:8
depth 23 by ncomp:
depth 24 by ncomp:
