n=25 nodes=986876901 nsol=0 time=8884.18
depth: 0:1 1:1 2:2 3:8 4:41 5:184 6:732 7:2765 8:11371 9:117 10:650 11:3747 12:21348 13:123691 14:728355 15:4489559 16:27936574 17:148164988 18:419571022 19:344905052 20:40672558 21:244133 22:2 23:0 24:0
depth  0 by ncomp: 0:1
depth  1 by ncomp: 1:1
depth  2 by ncomp: 1:1 2:1
depth  3 by ncomp: 1:4 2:3 3:1
depth  4 by ncomp: 1:16 2:18 3:6 4:1
depth  5 by ncomp: 1:30 2:96 3:47 4:10 5:1
depth  6 by ncomp: 1:38 2:277 3:303 4:98 5:15 6:1
depth  7 by ncomp: 1:34 2:503 3:1226 4:792 5:188 6:21 7:1
depth  8 by ncomp: 1:11 2:751 3:3767 4:4589 5:1895 6:329 7:29
depth  9 by ncomp: 3:3 4:44 5:56 6:13 7:1
depth 10 by ncomp: 3:17 4:158 5:313 6:141 7:21
depth 11 by ncomp: 3:48 4:587 5:1598 6:1187 7:327
depth 12 by ncomp: 3:75 4:1754 5:7330 6:8342 7:3847
depth 13 by ncomp: 3:123 4:4746 5:29536 6:50403 7:38883
depth 14 by ncomp: 3:118 4:11210 5:108114 6:269200 7:339713
depth 15 by ncomp: 3:126 4:23694 5:365506 6:1329494 7:2770739
depth 16 by ncomp: 3:144 4:45864 5:1120585 6:5957662 7:20812319
depth 17 by ncomp: 3:79 4:77996 5:3143316 6:24553321 7:120390276
depth 18 by ncomp: 3:66 4:121595 5:8049623 6:93180161 7:318219577
depth 19 by ncomp: 3:56 4:171034 5:18865191 6:325868771
depth 20 by ncomp: 3:23 4:216114 5:40456421
depth 21 by ncomp: 3:10 4:244123
depth 22 by ncomp: 3:2
depth 23 by ncomp:
depth 24 by ncomp:
