n=25 nodes=632076071 nsol=0 time=6196.01
depth: 0:1 1:1 2:2 3:8 4:41 5:184 6:732 7:2765 8:11371 9:70 10:377 11:1832 12:9607 13:51242 14:282180 15:1615151 16:9543232 17:54152969 18:208370677 19:288059947 20:68958787 21:1014817 22:78 23:0 24:0
depth  0 by ncomp: 0:1
depth  1 by ncomp: 1:1
depth  2 by ncomp: 1:1 2:1
depth  3 by ncomp: 1:4 2:3 3:1
depth  4 by ncomp: 1:16 2:18 3:6 4:1
depth  5 by ncomp: 1:30 2:96 3:47 4:10 5:1
depth  6 by ncomp: 1:38 2:277 3:303 4:98 5:15 6:1
depth  7 by ncomp: 1:34 2:503 3:1226 4:792 5:188 6:21 7:1
depth  8 by ncomp: 1:11 2:751 3:3767 4:4589 5:1895 6:329 7:29
depth  9 by ncomp: 2:7 3:28 4:25 5:9 6:1
depth 10 by ncomp: 2:15 3:94 4:163 5:88 6:16 7:1
depth 11 by ncomp: 2:8 3:241 4:766 5:614 6:180 7:23
depth 12 by ncomp: 2:4 3:528 4:3043 5:3900 6:1760 7:372
depth 13 by ncomp: 2:2 3:809 4:9756 5:20997 6:14746 7:4932
depth 14 by ncomp: 3:1241 4:26807 5:95173 6:103555 7:55404
depth 15 by ncomp: 3:1418 4:65364 5:379806 6:627071 7:541492
depth 16 by ncomp: 3:1635 4:138892 5:1338552 6:3353323 7:4710830
depth 17 by ncomp: 3:1498 4:263817 5:4189112 6:15853538 7:33845004
depth 18 by ncomp: 3:1105 4:441532 5:11742127 6:67170168 7:129015745
depth 19 by ncomp: 3:782 4:656495 5:29733778 6:257668892
depth 20 by ncomp: 3:494 4:861367 5:68096926
depth 21 by ncomp: 3:205 4:1014612
depth 22 by ncomp: 3:78
depth 23 by ncomp:
depth 24 by ncomp:
