n=25 nodes=629447386 nsol=0 time=6341.10
depth: 0:1 1:1 2:2 3:8 4:41 5:184 6:732 7:2765 8:11371 9:105 10:517 11:2726 12:14339 13:80819 14:469710 15:2877789 16:17714250 17:91231697 18:248349787 19:224668873 20:43521935 21:499732 22:2 23:0 24:0
depth  0 by ncomp: 0:1
depth  1 by ncomp: 1:1
depth  2 by ncomp: 1:1 2:1
depth  3 by ncomp: 1:4 2:3 3:1
depth  4 by ncomp: 1:16 2:18 3:6 4:1
depth  5 by ncomp: 1:30 2:96 3:47 4:10 5:1
depth  6 by ncomp: 1:38 2:277 3:303 4:98 5:15 6:1
depth  7 by ncomp: 1:34 2:503 3:1226 4:792 5:188 6:21 7:1
depth  8 by ncomp: 1:11 2:751 3:3767 4:4589 5:1895 6:329 7:29
depth  9 by ncomp: 2:2 3:41 4:28 5:25 6:8 7:1
depth 10 by ncomp: 2:1 3:89 4:170 5:158 6:83 7:16
depth 11 by ncomp: 3:204 4:693 5:888 6:714 7:227
depth 12 by ncomp: 3:346 4:2293 5:4179 6:4855 7:2666
depth 13 by ncomp: 3:503 4:6958 5:18587 6:28736 7:26035
depth 14 by ncomp: 3:690 4:18511 5:73358 6:152072 7:225079
depth 15 by ncomp: 3:612 4:43460 5:274642 6:755491 7:1803584
depth 16 by ncomp: 3:452 4:88792 5:914198 6:3441627 7:13269181
depth 17 by ncomp: 3:345 4:162301 5:2781457 6:14612731 7:73674863
depth 18 by ncomp: 3:164 4:262257 5:7653300 6:57016628 7:183417438
depth 19 by ncomp: 3:70 4:366695 5:19029013 6:205273095
depth 20 by ncomp: 3:19 4:453340 5:43068576
depth 21 by ncomp: 3:5 4:499727
depth 22 by ncomp: 3:2
depth 23 by ncomp:
depth 24 by ncomp:
