n=25 nodes=359659716 nsol=0 time=3518.98
depth: 0:1 1:1 2:2 3:8 4:41 5:184 6:732 7:2765 8:11371 9:71 10:344 11:1567 12:7574 13:38352 14:207768 15:1173786 16:6798182 17:37264928 18:130569350 19:152079761 20:31011566 21:491354 22:8 23:0 24:0
depth  0 by ncomp: 0:1
depth  1 by ncomp: 1:1
depth  2 by ncomp: 1:1 2:1
depth  3 by ncomp: 1:4 2:3 3:1
depth  4 by ncomp: 1:16 2:18 3:6 4:1
depth  5 by ncomp: 1:30 2:96 3:47 4:10 5:1
depth  6 by ncomp: 1:38 2:277 3:303 4:98 5:15 6:1
depth  7 by ncomp: 1:34 2:503 3:1226 4:792 5:188 6:21 7:1
depth  8 by ncomp: 1:11 2:751 3:3767 4:4589 5:1895 6:329 7:29
depth  9 by ncomp: 2:4 3:12 4:25 5:19 6:10 7:1
depth 10 by ncomp: 2:9 3:40 4:98 5:106 6:73 7:18
depth 11 by ncomp: 2:10 3:131 4:423 5:549 6:305 7:149
depth 12 by ncomp: 2:4 3:320 4:1411 5:3004 6:1922 7:913
depth 13 by ncomp: 2:1 3:585 4:4168 5:13150 6:13024 7:7424
depth 14 by ncomp: 3:945 4:11069 5:53761 6:79137 7:62856
depth 15 by ncomp: 3:1320 4:28168 5:196367 6:433094 7:514837
depth 16 by ncomp: 3:1295 4:62289 5:650330 6:2113274 7:3970994
depth 17 by ncomp: 3:1111 4:122688 5:1952781 6:9361071 7:25827277
depth 18 by ncomp: 3:734 4:215437 5:5372076 6:37639819 7:87341284
depth 19 by ncomp: 3:324 4:322049 5:13417236 6:138340152
depth 20 by ncomp: 3:131 4:426063 5:30585372
depth 21 by ncomp: 3:33 4:491321
depth 22 by ncomp: 3:8
depth 23 by ncomp:
depth 24 by ncomp:
