n=25 nodes=689841796 nsol=0 time=7118.63
depth: 0:1 1:1 2:2 3:8 4:41 5:184 6:732 7:2765 8:11371 9:131 10:611 11:3130 12:17148 13:96675 14:564686 15:3441385 16:21251710 17:111027463 18:301213012 19:229045840 20:23094401 21:70499 22:0 23:0 24:0
depth  0 by ncomp: 0:1
depth  1 by ncomp: 1:1
depth  2 by ncomp: 1:1 2:1
depth  3 by ncomp: 1:4 2:3 3:1
depth  4 by ncomp: 1:16 2:18 3:6 4:1
depth  5 by ncomp: 1:30 2:96 3:47 4:10 5:1
depth  6 by ncomp: 1:38 2:277 3:303 4:98 5:15 6:1
depth  7 by ncomp: 1:34 2:503 3:1226 4:792 5:188 6:21 7:1
depth  8 by ncomp: 1:11 2:751 3:3767 4:4589 5:1895 6:329 7:29
depth  9 by ncomp: 3:8 4:52 5:50 6:19 7:2
depth 10 by ncomp: 3:8 4:167 5:270 6:135 7:31
depth 11 by ncomp: 3:8 4:493 5:1329 6:967 7:333
depth 12 by ncomp: 3:23 4:1265 5:5991 6:6600 7:3269
depth 13 by ncomp: 3:25 4:3023 5:23162 6:39307 7:31158
depth 14 by ncomp: 3:17 4:6248 5:80550 6:208717 7:269154
depth 15 by ncomp: 3:12 4:12121 5:258594 6:1001967 7:2168691
depth 16 by ncomp: 3:9 4:21738 5:760475 6:4389248 7:16080240
depth 17 by ncomp: 3:6 4:34577 5:2020980 6:17525417 7:91446483
depth 18 by ncomp: 4:50526 5:4935233 6:64263800 7:231963453
depth 19 by ncomp: 3:3 4:64993 5:11123316 6:217857528
depth 20 by ncomp: 4:71919 5:23022482
depth 21 by ncomp: 4:70499
depth 22 by ncomp:
depth 23 by ncomp:
depth 24 by ncomp:
