n=25 nodes=788719280 nsol=0 time=8797.87
depth: 0:1 1:1 2:2 3:8 4:41 5:184 6:732 7:2765 8:11371 9:95 10:596 11:3556 12:20819 13:124595 14:762652 15:4809175 16:30295510 17:153126258 18:364773131 19:218522112 20:16207846 21:57830 22:0 23:0 24:0
depth  0 by ncomp: 0:1
depth  1 by ncomp: 1:1
depth  2 by ncomp: 1:1 2:1
depth  3 by ncomp: 1:4 2:3 3:1
depth  4 by ncomp: 1:16 2:18 3:6 4:1
depth  5 by ncomp: 1:30 2:96 3:47 4:10 5:1
depth  6 by ncomp: 1:38 2:277 3:303 4:98 5:15 6:1
depth  7 by ncomp: 1:34 2:503 3:1226 4:792 5:188 6:21 7:1
depth  8 by ncomp: 1:11 2:751 3:3767 4:4589 5:1895 6:329 7:29
depth  9 by ncomp: 3:6 4:14 5:55 6:18 7:2
depth 10 by ncomp: 3:13 4:57 5:300 6:191 7:35
depth 11 by ncomp: 3:24 4:201 5:1269 6:1538 7:524
depth 12 by ncomp: 3:35 4:541 5:4911 6:9479 7:5853
depth 13 by ncomp: 3:38 4:1406 5:17881 6:50519 7:54751
depth 14 by ncomp: 3:28 4:3064 5:58920 6:245415 7:455225
depth 15 by ncomp: 3:30 4:6461 5:185020 6:1100547 7:3517117
depth 16 by ncomp: 3:38 4:12141 5:531866 6:4579489 7:25171976
depth 17 by ncomp: 3:24 4:21012 5:1418829 6:17669275 7:134017118
depth 18 by ncomp: 3:15 4:31773 5:3469613 6:63327459 7:297944271
depth 19 by ncomp: 3:7 4:43930 5:7811654 6:210666521
depth 20 by ncomp: 3:4 4:53764 5:16154078
depth 21 by ncomp: 4:57830
depth 22 by ncomp:
depth 23 by ncomp:
depth 24 by ncomp:
