n=25 nodes=719884355 nsol=0 time=7268.57
depth: 0:1 1:1 2:2 3:8 4:41 5:184 6:732 7:2765 8:11371 9:118 10:572 11:2942 12:15087 13:81930 14:461329 15:2719057 16:16373763 17:90068174 18:291264349 19:281366339 20:37306475 21:209115 22:0 23:0 24:0
depth  0 by ncomp: 0:1
depth  1 by ncomp: 1:1
depth  2 by ncomp: 1:1 2:1
depth  3 by ncomp: 1:4 2:3 3:1
depth  4 by ncomp: 1:16 2:18 3:6 4:1
depth  5 by ncomp: 1:30 2:96 3:47 4:10 5:1
depth  6 by ncomp: 1:38 2:277 3:303 4:98 5:15 6:1
depth  7 by ncomp: 1:34 2:503 3:1226 4:792 5:188 6:21 7:1
depth  8 by ncomp: 1:11 2:751 3:3767 4:4589 5:1895 6:329 7:29
depth  9 by ncomp: 2:5 3:17 4:60 5:32 6:4
depth 10 by ncomp: 2:2 3:45 4:222 5:242 6:57 7:4
depth 11 by ncomp: 2:1 3:126 4:728 5:1411 6:590 7:86
depth 12 by ncomp: 3:224 4:2058 5:6620 6:4893 7:1292
depth 13 by ncomp: 3:345 4:5509 5:27216 6:33282 7:15578
depth 14 by ncomp: 3:390 4:13131 5:102145 6:192820 7:152843
depth 15 by ncomp: 3:399 4:28161 5:347081 6:999780 7:1343636
depth 16 by ncomp: 3:337 4:53404 5:1061727 6:4644930 7:10613365
depth 17 by ncomp: 3:176 4:90436 5:2950537 6:19457219 7:67569806
depth 18 by ncomp: 3:53 4:138474 5:7529666 6:74690551 7:208905605
depth 19 by ncomp: 3:21 4:182321 5:17527491 6:263656506
depth 20 by ncomp: 4:208123 5:37098352
depth 21 by ncomp: 4:209115
depth 22 by ncomp:
depth 23 by ncomp:
depth 24 by ncomp:
