n=25 nodes=404676491 nsol=0 time=3480.73
depth: 0:1 1:1 2:2 3:8 4:41 5:184 6:732 7:2765 8:11371 9:81 10:306 11:1519 12:7691 13:39864 14:211336 15:1178526 16:6876571 17:38136899 18:138578371 19:177908340 20:41077133 21:644729 22:20 23:0 24:0
depth  0 by ncomp: 0:1
depth  1 by ncomp: 1:1
depth  2 by ncomp: 1:1 2:1
depth  3 by ncomp: 1:4 2:3 3:1
depth  4 by ncomp: 1:16 2:18 3:6 4:1
depth  5 by ncomp: 1:30 2:96 3:47 4:10 5:1
depth  6 by ncomp: 1:38 2:277 3:303 4:98 5:15 6:1
depth  7 by ncomp: 1:34 2:503 3:1226 4:792 5:188 6:21 7:1
depth  8 by ncomp: 1:11 2:751 3:3767 4:4589 5:1895 6:329 7:29
depth  9 by ncomp: 2:4 3:27 4:33 5:10 6:6 7:1
depth 10 by ncomp: 2:1 3:56 4:142 5:89 6:17 7:1
depth 11 by ncomp: 3:138 4:593 5:585 6:180 7:23
depth 12 by ncomp: 3:268 4:1967 5:3363 6:1720 7:373
depth 13 by ncomp: 3:513 4:5680 5:15871 6:13101 7:4699
depth 14 by ncomp: 3:843 4:14875 5:63803 6:82051 7:49764
depth 15 by ncomp: 3:1081 4:36967 5:240938 6:455711 7:443829
depth 16 by ncomp: 3:1100 4:78400 5:808734 6:2293123 7:3695214
depth 17 by ncomp: 3:911 4:149120 5:2458311 6:10340487 7:25188070
depth 18 by ncomp: 3:719 4:260955 5:6854829 6:42492503 7:88969365
depth 19 by ncomp: 3:431 4:406419 5:17503568 6:159997922
depth 20 by ncomp: 3:166 4:548102 5:40528865
depth 21 by ncomp: 3:71 4:644658
depth 22 by ncomp: 3:20
depth 23 by ncomp:
depth 24 by ncomp:
