n=25 nodes=178420813 nsol=0 time=1683.76
depth: 0:1 1:1 2:2 3:8 4:41 5:184 6:732 7:2765 8:11371 9:53 10:207 11:968 12:4536 13:22693 14:121515 15:693660 16:4078798 17:22146775 18:71460099 19:70123317 20:9697010 21:56076 22:1 23:0 24:0
depth  0 by ncomp: 0:1
depth  1 by ncomp: 1:1
depth  2 by ncomp: 1:1 2:1
depth  3 by ncomp: 1:4 2:3 3:1
depth  4 by ncomp: 1:16 2:18 3:6 4:1
depth  5 by ncomp: 1:30 2:96 3:47 4:10 5:1
depth  6 by ncomp: 1:38 2:277 3:303 4:98 5:15 6:1
depth  7 by ncomp: 1:34 2:503 3:1226 4:792 5:188 6:21 7:1
depth  8 by ncomp: 1:11 2:751 3:3767 4:4589 5:1895 6:329 7:29
depth  9 by ncomp: 3:11 4:30 5:11 6:1
depth 10 by ncomp: 3:16 4:87 5:85 6:18 7:1
depth 11 by ncomp: 3:39 4:294 5:436 6:175 7:24
depth 12 by ncomp: 3:70 4:780 5:1970 6:1356 7:360
depth 13 by ncomp: 3:73 4:2021 5:8007 6:8676 7:3916
depth 14 by ncomp: 3:94 4:4312 5:29529 6:49925 7:37655
depth 15 by ncomp: 3:94 4:8996 5:100345 6:259554 7:324671
depth 16 by ncomp: 3:61 4:16010 5:303646 6:1203395 7:2555686
depth 17 by ncomp: 3:54 4:25375 5:827269 6:5004105 7:16289972
depth 18 by ncomp: 3:43 4:36606 5:2045360 6:18891780 7:50486310
depth 19 by ncomp: 3:21 4:47831 5:4629811 6:65445654
depth 20 by ncomp: 3:10 4:54818 5:9642182
depth 21 by ncomp: 3:1 4:56075
depth 22 by ncomp: 3:1
depth 23 by ncomp:
depth 24 by ncomp:
