n=25 nodes=671155998 nsol=0 time=7345.61
depth: 0:1 1:1 2:2 3:8 4:41 5:184 6:732 7:2765 8:11371 9:90 10:420 11:2377 12:13768 13:83766 14:521728 15:3331570 16:21262691 17:112238112 18:296000136 19:210283272 20:26818438 21:584473 22:52 23:0 24:0
depth  0 by ncomp: 0:1
depth  1 by ncomp: 1:1
depth  2 by ncomp: 1:1 2:1
depth  3 by ncomp: 1:4 2:3 3:1
depth  4 by ncomp: 1:16 2:18 3:6 4:1
depth  5 by ncomp: 1:30 2:96 3:47 4:10 5:1
depth  6 by ncomp: 1:38 2:277 3:303 4:98 5:15 6:1
depth  7 by ncomp: 1:34 2:503 3:1226 4:792 5:188 6:21 7:1
depth  8 by ncomp: 1:11 2:751 3:3767 4:4589 5:1895 6:329 7:29
depth  9 by ncomp: 2:6 3:20 4:18 5:35 6:10 7:1
depth 10 by ncomp: 2:10 3:40 4:77 5:173 6:102 7:18
depth 11 by ncomp: 2:12 3:101 4:277 5:896 6:834 7:257
depth 12 by ncomp: 2:11 3:223 4:801 5:3923 6:5777 7:3033
depth 13 by ncomp: 2:1 3:519 4:2697 5:15608 6:34495 7:30446
depth 14 by ncomp: 2:3 3:865 4:7920 5:58734 6:184717 7:269489
depth 15 by ncomp: 3:1173 4:20511 5:196772 6:895516 7:2217598
depth 16 by ncomp: 3:1594 4:48032 5:605461 6:3898567 7:16709037
depth 17 by ncomp: 3:1650 4:102599 5:1739133 6:15581377 7:94813353
depth 18 by ncomp: 3:1337 4:191685 5:4635963 6:57716044 7:233455107
depth 19 by ncomp: 3:780 4:321805 5:11534008 6:198426679
depth 20 by ncomp: 3:414 4:461599 5:26356425
depth 21 by ncomp: 3:172 4:584301
depth 22 by ncomp: 3:52
depth 23 by ncomp:
depth 24 by ncomp:
