n=25 nodes=315218190 nsol=0 time=3654.52
depth: 0:1 1:1 2:2 3:8 4:41 5:184 6:732 7:2765 8:11371 9:55 10:285 11:1323 12:6323 13:33954 14:186032 15:1036715 16:6071409 17:33169263 18:115013658 19:134574142 20:24925686 21:184240 22:0 23:0 24:0
depth  0 by ncomp: 0:1
depth  1 by ncomp: 1:1
depth  2 by ncomp: 1:1 2:1
depth  3 by ncomp: 1:4 2:3 3:1
depth  4 by ncomp: 1:16 2:18 3:6 4:1
depth  5 by ncomp: 1:30 2:96 3:47 4:10 5:1
depth  6 by ncomp: 1:38 2:277 3:303 4:98 5:15 6:1
depth  7 by ncomp: 1:34 2:503 3:1226 4:792 5:188 6:21 7:1
depth  8 by ncomp: 1:11 2:751 3:3767 4:4589 5:1895 6:329 7:29
depth  9 by ncomp: 3:19 4:25 5:10 6:1
depth 10 by ncomp: 3:59 4:129 5:80 6:16 7:1
depth 11 by ncomp: 3:92 4:474 5:544 6:189 7:24
depth 12 by ncomp: 3:131 4:1424 5:2740 6:1641 7:387
depth 13 by ncomp: 3:193 4:4308 5:12799 6:11856 7:4798
depth 14 by ncomp: 3:278 4:10782 5:52139 6:73517 7:49316
depth 15 by ncomp: 3:273 4:23747 5:184693 6:389814 7:438188
depth 16 by ncomp: 3:193 4:46365 5:605567 6:1907452 7:3511832
depth 17 by ncomp: 3:114 4:78564 5:1769178 6:8354982 7:22966425
depth 18 by ncomp: 3:59 4:119441 5:4736131 6:33539390 7:76618637
depth 19 by ncomp: 3:25 4:155146 5:11398568 6:123020403
depth 20 by ncomp: 3:2 4:175950 5:24749734
depth 21 by ncomp: 3:3 4:184237
depth 22 by ncomp:
depth 23 by ncomp:
depth 24 by ncomp:
