n=25 nodes=1092002419 nsol=0 time=11704.32
depth: 0:1 1:1 2:2 3:8 4:41 5:184 6:732 7:2765 8:11371 9:123 10:611 11:3694 12:22469 13:140968 14:889747 15:5632582 16:35627026 17:185184222 18:475856575 19:339534079 20:48077124 21:1018030 22:64 23:0 24:0
depth  0 by ncomp: 0:1
depth  1 by ncomp: 1:1
depth  2 by ncomp: 1:1 2:1
depth  3 by ncomp: 1:4 2:3 3:1
depth  4 by ncomp: 1:16 2:18 3:6 4:1
depth  5 by ncomp: 1:30 2:96 3:47 4:10 5:1
depth  6 by ncomp: 1:38 2:277 3:303 4:98 5:15 6:1
depth  7 by ncomp: 1:34 2:503 3:1226 4:792 5:188 6:21 7:1
depth  8 by ncomp: 1:11 2:751 3:3767 4:4589 5:1895 6:329 7:29
depth  9 by ncomp: 2:12 3:24 4:18 5:49 6:18 7:2
depth 10 by ncomp: 2:8 3:58 4:85 5:257 6:170 7:33
depth 11 by ncomp: 2:12 3:169 4:395 5:1295 6:1365 7:458
depth 12 by ncomp: 2:1 3:299 4:1294 5:6003 6:9456 7:5416
depth 13 by ncomp: 2:4 3:656 4:4458 5:25317 6:56941 7:53592
depth 14 by ncomp: 2:1 3:1227 4:13138 5:93954 6:303789 7:477638
depth 15 by ncomp: 3:1893 4:34532 5:315037 6:1430015 7:3851105
depth 16 by ncomp: 3:2469 4:83548 5:993893 6:6182047 7:28365069
depth 17 by ncomp: 3:2740 4:180467 5:2927202 6:24714506 7:157359307
depth 18 by ncomp: 3:2098 4:344249 5:8032218 6:91930273 7:375547737
depth 19 by ncomp: 3:1232 4:562313 5:20348192 6:318622342
depth 20 by ncomp: 3:648 4:812893 5:47263583
depth 21 by ncomp: 3:257 4:1017773
depth 22 by ncomp: 3:64
depth 23 by ncomp:
depth 24 by ncomp:
