n=25 nodes=340080751 nsol=0 time=3313.42
depth: 0:1 1:1 2:2 3:8 4:41 5:184 6:732 7:2765 8:11371 9:68 10:293 11:1427 12:7115 13:38987 14:222844 15:1299887 16:7778396 17:42706644 18:137535238 19:132440175 20:17937723 21:96849 22:0 23:0 24:0
depth  0 by ncomp: 0:1
depth  1 by ncomp: 1:1
depth  2 by ncomp: 1:1 2:1
depth  3 by ncomp: 1:4 2:3 3:1
depth  4 by ncomp: 1:16 2:18 3:6 4:1
depth  5 by ncomp: 1:30 2:96 3:47 4:10 5:1
depth  6 by ncomp: 1:38 2:277 3:303 4:98 5:15 6:1
depth  7 by ncomp: 1:34 2:503 3:1226 4:792 5:188 6:21 7:1
depth  8 by ncomp: 1:11 2:751 3:3767 4:4589 5:1895 6:329 7:29
depth  9 by ncomp: 3:8 4:41 5:17 6:2
depth 10 by ncomp: 3:13 4:113 5:134 6:31 7:2
depth 11 by ncomp: 3:37 4:370 5:690 6:287 7:43
depth 12 by ncomp: 3:110 4:968 5:3090 6:2313 7:634
depth 13 by ncomp: 3:146 4:2621 5:13268 6:15703 7:7249
depth 14 by ncomp: 3:181 4:6397 5:49469 6:93302 7:73495
depth 15 by ncomp: 3:133 4:13481 5:166867 6:479134 7:640272
depth 16 by ncomp: 3:64 4:25965 5:510592 6:2212163 7:5029612
depth 17 by ncomp: 3:27 4:43300 5:1416732 6:9245995 7:32000590
depth 18 by ncomp: 3:9 4:63570 5:3598458 6:35279028 7:98594173
depth 19 by ncomp: 3:5 4:83722 5:8401847 6:123954601
depth 20 by ncomp: 3:1 4:97421 5:17840301
depth 21 by ncomp: 3:1 4:96848
depth 22 by ncomp:
depth 23 by ncomp:
depth 24 by ncomp:
