n=25 nodes=476461653 nsol=0 time=4581.21
depth: 0:1 1:1 2:2 3:8 4:41 5:184 6:732 7:2765 8:11371 9:117 10:459 11:2139 12:11277 13:60621 14:337623 15:1957713 16:11601163 17:62998533 18:198133782 19:180734967 20:20544746 21:63408 22:0 23:0 24:0
depth  0 by ncomp: 0:1
depth  1 by ncomp: 1:1
depth  2 by ncomp: 1:1 2:1
depth  3 by ncomp: 1:4 2:3 3:1
depth  4 by ncomp: 1:16 2:18 3:6 4:1
depth  5 by ncomp: 1:30 2:96 3:47 4:10 5:1
depth  6 by ncomp: 1:38 2:277 3:303 4:98 5:15 6:1
depth  7 by ncomp: 1:34 2:503 3:1226 4:792 5:188 6:21 7:1
depth  8 by ncomp: 1:11 2:751 3:3767 4:4589 5:1895 6:329 7:29
depth  9 by ncomp: 2:1 3:12 4:59 5:40 6:5
depth 10 by ncomp: 3:14 4:180 5:201 6:59 7:5
depth 11 by ncomp: 3:26 4:498 5:1034 6:491 7:90
depth 12 by ncomp: 3:21 4:1433 5:4835 6:3822 7:1166
depth 13 by ncomp: 3:17 4:3362 5:19994 6:24856 7:12392
depth 14 by ncomp: 3:7 4:7346 5:72007 6:140935 7:117328
depth 15 by ncomp: 3:4 4:13845 5:235287 6:714505 7:994072
depth 16 by ncomp: 3:8 4:23779 5:690241 6:3223592 7:7663543
depth 17 by ncomp: 4:35033 5:1842904 6:13212042 7:47908554
depth 18 by ncomp: 4:48162 5:4495009 6:49517259 7:144073352
depth 19 by ncomp: 4:59263 5:10028064 6:170647640
depth 20 by ncomp: 4:65418 5:20479328
depth 21 by ncomp: 4:63408
depth 22 by ncomp:
depth 23 by ncomp:
depth 24 by ncomp:
