n=25 nodes=168044544 nsol=0 time=1525.93
depth: 0:1 1:1 2:2 3:8 4:41 5:184 6:732 7:2765 8:11371 9:23 10:118 11:537 12:2726 13:13907 14:74223 15:409198 16:2330192 17:13137577 18:53590875 19:79633566 20:18611995 21:224499 22:3 23:0 24:0
depth  0 by ncomp: 0:1
depth  1 by ncomp: 1:1
depth  2 by ncomp: 1:1 2:1
depth  3 by ncomp: 1:4 2:3 3:1
depth  4 by ncomp: 1:16 2:18 3:6 4:1
depth  5 by ncomp: 1:30 2:96 3:47 4:10 5:1
depth  6 by ncomp: 1:38 2:277 3:303 4:98 5:15 6:1
depth  7 by ncomp: 1:34 2:503 3:1226 4:792 5:188 6:21 7:1
depth  8 by ncomp: 1:11 2:751 3:3767 4:4589 5:1895 6:329 7:29
depth  9 by ncomp: 3:8 4:13 5:2
depth 10 by ncomp: 3:19 4:71 5:26 6:2
depth 11 by ncomp: 3:37 4:261 5:200 6:37 7:2
depth 12 by ncomp: 3:40 4:934 5:1269 6:430 7:53
depth 13 by ncomp: 3:60 4:2581 5:6563 6:3839 7:864
depth 14 by ncomp: 3:90 4:6364 5:28835 6:28094 7:10840
depth 15 by ncomp: 3:131 4:13997 5:109741 6:172635 7:112694
depth 16 by ncomp: 3:153 4:28398 5:372189 6:917485 7:1011967
depth 17 by ncomp: 3:148 4:51552 5:1137669 6:4342700 7:7605508
depth 18 by ncomp: 3:117 4:86292 5:3162550 6:18490808 7:31851108
depth 19 by ncomp: 3:90 4:130792 5:7992276 6:71510408
depth 20 by ncomp: 3:50 4:180809 5:18431136
depth 21 by ncomp: 3:29 4:224470
depth 22 by ncomp: 3:3
depth 23 by ncomp:
depth 24 by ncomp:
