n=25 nodes=745416809 nsol=0 time=6904.77
depth: 0:1 1:1 2:2 3:8 4:41 5:184 6:732 7:2765 8:11371 9:124 10:588 11:2710 12:13671 13:71481 14:388485 15:2211912 16:13026406 17:72553571 18:261733806 19:327196358 20:67536255 21:666321 22:16 23:0 24:0
depth  0 by ncomp: 0:1
depth  1 by ncomp: 1:1
depth  2 by ncomp: 1:1 2:1
depth  3 by ncomp: 1:4 2:3 3:1
depth  4 by ncomp: 1:16 2:18 3:6 4:1
depth  5 by ncomp: 1:30 2:96 3:47 4:10 5:1
depth  6 by ncomp: 1:38 2:277 3:303 4:98 5:15 6:1
depth  7 by ncomp: 1:34 2:503 3:1226 4:792 5:188 6:21 7:1
depth  8 by ncomp: 1:11 2:751 3:3767 4:4589 5:1895 6:329 7:29
depth  9 by ncomp: 3:42 4:54 5:25 6:3
depth 10 by ncomp: 2:1 3:107 4:273 5:167 6:37 7:3
depth 11 by ncomp: 3:204 4:1047 5:1048 6:363 7:48
depth 12 by ncomp: 3:309 4:3400 5:5974 6:3247 7:741
depth 13 by ncomp: 3:409 4:9722 5:27824 6:24107 7:9419
depth 14 by ncomp: 3:440 4:24983 5:116372 6:151243 7:95447
depth 15 by ncomp: 3:531 4:56531 5:431640 6:850199 7:873011
depth 16 by ncomp: 3:479 4:112327 5:1439600 6:4266715 7:7207285
depth 17 by ncomp: 3:412 4:203707 5:4352049 6:19273660 7:48723743
depth 18 by ncomp: 3:268 4:327859 5:11925757 6:79116927 7:170362995
depth 19 by ncomp: 3:134 4:464132 5:29677022 6:297055070
depth 20 by ncomp: 3:69 4:585241 5:66950945
depth 21 by ncomp: 3:23 4:666298
depth 22 by ncomp: 3:16
depth 23 by ncomp:
depth 24 by ncomp:
