n=25 nodes=913121242 nsol=0 time=10122.69
depth: 0:1 1:1 2:2 3:8 4:41 5:184 6:732 7:2765 8:11371 9:132 10:721 11:4067 12:22555 13:132297 14:813515 15:5140730 16:32461048 17:166595420 18:414306808 19:269693153 20:23840526 21:95165 22:0 23:0 24:0
depth  0 by ncomp: 0:1
depth  1 by ncomp: 1:1
depth  2 by ncomp: 1:1 2:1
depth  3 by ncomp: 1:4 2:3 3:1
depth  4 by ncomp: 1:16 2:18 3:6 4:1
depth  5 by ncomp: 1:30 2:96 3:47 4:10 5:1
depth  6 by ncomp: 1:38 2:277 3:303 4:98 5:15 6:1
depth  7 by ncomp: 1:34 2:503 3:1226 4:792 5:188 6:21 7:1
depth  8 by ncomp: 1:11 2:751 3:3767 4:4589 5:1895 6:329 7:29
depth  9 by ncomp: 3:21 4:25 5:65 6:19 7:2
depth 10 by ncomp: 3:40 4:120 5:324 6:201 7:36
depth 11 by ncomp: 3:73 4:472 5:1485 6:1541 7:496
depth 12 by ncomp: 3:116 4:1387 5:5906 6:9571 7:5575
depth 13 by ncomp: 3:125 4:3563 5:22680 6:53151 7:52778
depth 14 by ncomp: 3:91 4:8199 5:81418 6:272534 7:451273
depth 15 by ncomp: 3:79 4:16840 5:264610 6:1270981 7:3588220
depth 16 by ncomp: 3:64 4:29819 5:778404 6:5417685 7:26235076
depth 17 by ncomp: 3:40 4:46595 5:2083355 6:21192404 7:143273026
depth 18 by ncomp: 3:28 4:66376 5:5124910 6:76847203 7:332268291
depth 19 by ncomp: 3:7 4:84460 5:11534758 6:258073928
depth 20 by ncomp: 4:95072 5:23745454
depth 21 by ncomp: 4:95165
depth 22 by ncomp:
depth 23 by ncomp:
depth 24 by ncomp:
