n=25 nodes=321139836 nsol=0 time=3283.72
depth: 0:1 1:1 2:2 3:8 4:41 5:184 6:732 7:2765 8:11371 9:74 10:297 11:1437 12:7607 13:41273 14:233111 15:1343210 16:7966816 17:43028489 18:133917189 19:120895260 20:13642431 21:47537 22:0 23:0 24:0
depth  0 by ncomp: 0:1
depth  1 by ncomp: 1:1
depth  2 by ncomp: 1:1 2:1
depth  3 by ncomp: 1:4 2:3 3:1
depth  4 by ncomp: 1:16 2:18 3:6 4:1
depth  5 by ncomp: 1:30 2:96 3:47 4:10 5:1
depth  6 by ncomp: 1:38 2:277 3:303 4:98 5:15 6:1
depth  7 by ncomp: 1:34 2:503 3:1226 4:792 5:188 6:21 7:1
depth  8 by ncomp: 1:11 2:751 3:3767 4:4589 5:1895 6:329 7:29
depth  9 by ncomp: 3:4 4:41 5:26 6:3
depth 10 by ncomp: 3:2 4:116 5:138 6:38 7:3
depth 11 by ncomp: 3:3 4:317 5:751 6:312 7:54
depth 12 by ncomp: 3:10 4:796 5:3419 6:2664 7:718
depth 13 by ncomp: 3:7 4:1915 5:13655 6:17380 7:8316
depth 14 by ncomp: 3:10 4:3703 5:48486 6:99290 7:81622
depth 15 by ncomp: 3:2 4:7388 5:152664 6:490637 7:692519
depth 16 by ncomp: 3:3 4:12653 5:440179 6:2185565 7:5328416
depth 17 by ncomp: 4:19844 5:1177947 6:8861630 7:32969068
depth 18 by ncomp: 3:1 4:28520 5:2890781 6:33109033 7:97888854
depth 19 by ncomp: 4:37481 5:6537329 6:114320450
depth 20 by ncomp: 4:44491 5:13597940
depth 21 by ncomp: 4:47537
depth 22 by ncomp:
depth 23 by ncomp:
depth 24 by ncomp:
