n=25 nodes=1153970758 nsol=0 time=10419.38
depth: 0:1 1:1 2:2 3:8 4:41 5:184 6:732 7:2765 8:11371 9:157 10:769 11:3770 12:19194 13:102766 14:566022 15:3224913 16:18887741 17:105291327 18:391889637 19:516619538 20:115991327 21:1358464 22:28 23:0 24:0
depth  0 by ncomp: 0:1
depth  1 by ncomp: 1:1
depth  2 by ncomp: 1:1 2:1
depth  3 by ncomp: 1:4 2:3 3:1
depth  4 by ncomp: 1:16 2:18 3:6 4:1
depth  5 by ncomp: 1:30 2:96 3:47 4:10 5:1
depth  6 by ncomp: 1:38 2:277 3:303 4:98 5:15 6:1
depth  7 by ncomp: 1:34 2:503 3:1226 4:792 5:188 6:21 7:1
depth  8 by ncomp: 1:11 2:751 3:3767 4:4589 5:1895 6:329 7:29
depth  9 by ncomp: 2:7 3:42 4:71 5:27 6:9 7:1
depth 10 by ncomp: 2:15 3:141 4:360 5:197 6:44 7:12
depth 11 by ncomp: 2:10 3:349 4:1460 5:1411 6:444 7:96
depth 12 by ncomp: 2:7 3:772 4:5268 5:8230 6:4013 7:904
depth 13 by ncomp: 3:1269 4:16443 5:41868 6:32023 7:11163
depth 14 by ncomp: 3:1790 4:44000 5:182697 6:216197 7:121338
depth 15 by ncomp: 3:2135 4:104172 5:699079 6:1264594 7:1154933
depth 16 by ncomp: 3:2215 4:217358 5:2377659 6:6494322 7:9796187
depth 17 by ncomp: 3:1780 4:405984 5:7268854 6:29695971 7:67918738
depth 18 by ncomp: 3:1196 4:666295 5:20177852 6:123156934 7:247887360
depth 19 by ncomp: 3:685 4:955749 5:50501139 6:465161965
depth 20 by ncomp: 3:250 4:1214883 5:114776194
depth 21 by ncomp: 3:90 4:1358374
depth 22 by ncomp: 3:28
depth 23 by ncomp:
depth 24 by ncomp:
