n=25 nodes=1150661525 nsol=0 time=10771.54
depth: 0:1 1:1 2:2 3:8 4:41 5:184 6:732 7:2765 8:11371 9:204 10:955 11:4598 12:23618 13:127192 14:709297 15:4083823 16:24270522 17:132932553 18:441616008 19:465902508 20:79790098 21:1184844 22:200 23:0 24:0
depth  0 by ncomp: 0:1
depth  1 by ncomp: 1:1
depth  2 by ncomp: 1:1 2:1
depth  3 by ncomp: 1:4 2:3 3:1
depth  4 by ncomp: 1:16 2:18 3:6 4:1
depth  5 by ncomp: 1:30 2:96 3:47 4:10 5:1
depth  6 by ncomp: 1:38 2:277 3:303 4:98 5:15 6:1
depth  7 by ncomp: 1:34 2:503 3:1226 4:792 5:188 6:21 7:1
depth  8 by ncomp: 1:11 2:751 3:3767 4:4589 5:1895 6:329 7:29
depth  9 by ncomp: 2:9 3:27 4:115 5:48 6:5
depth 10 by ncomp: 2:14 3:85 4:391 5:382 6:78 7:5
depth 11 by ncomp: 2:20 3:221 4:1293 5:2093 6:854 7:117
depth 12 by ncomp: 2:10 3:491 4:4060 5:10296 6:6976 7:1785
depth 13 by ncomp: 2:6 3:817 4:11001 5:45052 6:48697 7:21619
depth 14 by ncomp: 2:1 3:1423 4:28788 5:174725 6:289400 7:214960
depth 15 by ncomp: 3:1883 4:65506 5:614102 6:1523066 7:1879266
depth 16 by ncomp: 3:2257 4:135045 5:1946968 6:7243341 7:14942911
depth 17 by ncomp: 3:2405 4:256774 5:5584529 6:30844453 7:96244392
depth 18 by ncomp: 3:1871 4:441136 5:14731588 6:120109417 7:306331996
depth 19 by ncomp: 3:1430 4:682019 5:35636986 6:429582073
depth 20 by ncomp: 3:954 4:949897 5:78839247
depth 21 by ncomp: 3:464 4:1184380
depth 22 by ncomp: 3:200
depth 23 by ncomp:
depth 24 by ncomp:
