n=25 nodes=169147308 nsol=0 time=1381.59
depth: 0:1 1:1 2:2 3:8 4:41 5:184 6:732 7:2765 8:11371 9:44 10:146 11:601 12:2611 13:13990 14:73472 15:393337 16:2217354 17:12437440 18:51356824 19:80649325 20:21729848 21:257207 22:4 23:0 24:0
depth  0 by ncomp: 0:1
depth  1 by ncomp: 1:1
depth  2 by ncomp: 1:1 2:1
depth  3 by ncomp: 1:4 2:3 3:1
depth  4 by ncomp: 1:16 2:18 3:6 4:1
depth  5 by ncomp: 1:30 2:96 3:47 4:10 5:1
depth  6 by ncomp: 1:38 2:277 3:303 4:98 5:15 6:1
depth  7 by ncomp: 1:34 2:503 3:1226 4:792 5:188 6:21 7:1
depth  8 by ncomp: 1:11 2:751 3:3767 4:4589 5:1895 6:329 7:29
depth  9 by ncomp: 3:17 4:18 5:8 6:1
depth 10 by ncomp: 3:35 4:72 5:29 6:9 7:1
depth 11 by ncomp: 3:69 4:298 5:191 6:40 7:3
depth 12 by ncomp: 3:142 4:964 5:1079 6:370 7:56
depth 13 by ncomp: 3:212 4:3334 5:6230 6:3387 7:827
depth 14 by ncomp: 3:247 4:8807 5:29045 6:25404 7:9969
depth 15 by ncomp: 3:223 4:20457 5:114617 6:157820 7:100220
depth 16 by ncomp: 3:251 4:42568 5:403554 6:862202 7:908779
depth 17 by ncomp: 3:150 4:78511 5:1285187 6:4188787 7:6884805
depth 18 by ncomp: 3:88 4:125300 5:3637374 6:18252178 7:29341884
depth 19 by ncomp: 3:52 4:177899 5:9253495 6:71217879
depth 20 by ncomp: 3:35 4:227205 5:21502608
depth 21 by ncomp: 3:7 4:257200
depth 22 by ncomp: 3:4
depth 23 by ncomp:
depth 24 by ncomp:
