n=25 nodes=269910984 nsol=0 time=2555.02
depth: 0:1 1:1 2:2 3:8 4:41 5:184 6:732 7:2765 8:11371 9:78 10:276 11:1169 12:5168 13:26106 14:140870 15:789910 16:4561134 17:24702849 18:86996425 19:118517401 20:33518595 21:635889 22:9 23:0 24:0
depth  0 by ncomp: 0:1
depth  1 by ncomp: 1:1
depth  2 by ncomp: 1:1 2:1
depth  3 by ncomp: 1:4 2:3 3:1
depth  4 by ncomp: 1:16 2:18 3:6 4:1
depth  5 by ncomp: 1:30 2:96 3:47 4:10 5:1
depth  6 by ncomp: 1:38 2:277 3:303 4:98 5:15 6:1
depth  7 by ncomp: 1:34 2:503 3:1226 4:792 5:188 6:21 7:1
depth  8 by ncomp: 1:11 2:751 3:3767 4:4589 5:1895 6:329 7:29
depth  9 by ncomp: 3:23 4:34 5:19 6:2
depth 10 by ncomp: 2:3 3:61 4:98 5:86 6:26 7:2
depth 11 by ncomp: 2:7 3:136 4:396 5:401 6:192 7:37
depth 12 by ncomp: 2:2 3:233 4:1341 5:1932 6:1255 7:405
depth 13 by ncomp: 3:385 4:4428 5:9311 6:8102 7:3880
depth 14 by ncomp: 3:551 4:12068 5:40499 6:50191 7:37561
depth 15 by ncomp: 3:687 4:29971 5:158819 6:277721 7:322712
depth 16 by ncomp: 3:889 4:65592 5:555382 6:1395830 7:2543441
depth 17 by ncomp: 3:827 4:131037 5:1771937 6:6405576 7:16393472
depth 18 by ncomp: 3:590 4:235697 5:5171829 6:26931711 7:54656598
depth 19 by ncomp: 3:415 4:373055 5:13747554 6:104396377
depth 20 by ncomp: 3:225 4:518943 5:32999427
depth 21 by ncomp: 3:54 4:635835
depth 22 by ncomp: 3:9
depth 23 by ncomp:
depth 24 by ncomp:
