n=25 nodes=273306005 nsol=0 time=2431.60
depth: 0:1 1:1 2:2 3:8 4:41 5:184 6:732 7:2765 8:11371 9:59 10:185 11:866 12:5020 13:27015 14:151045 15:896291 16:5388710 17:29965524 18:103740984 19:114581861 20:18442360 21:90980 22:0 23:0 24:0
depth  0 by ncomp: 0:1
depth  1 by ncomp: 1:1
depth  2 by ncomp: 1:1 2:1
depth  3 by ncomp: 1:4 2:3 3:1
depth  4 by ncomp: 1:16 2:18 3:6 4:1
depth  5 by ncomp: 1:30 2:96 3:47 4:10 5:1
depth  6 by ncomp: 1:38 2:277 3:303 4:98 5:15 6:1
depth  7 by ncomp: 1:34 2:503 3:1226 4:792 5:188 6:21 7:1
depth  8 by ncomp: 1:11 2:751 3:3767 4:4589 5:1895 6:329 7:29
depth  9 by ncomp: 2:2 3:9 4:27 5:19 6:2
depth 10 by ncomp: 3:12 4:67 5:79 6:25 7:2
depth 11 by ncomp: 3:23 4:238 5:393 6:176 7:36
depth 12 by ncomp: 3:40 4:825 5:2264 6:1476 7:415
depth 13 by ncomp: 3:39 4:2212 5:9673 6:10486 7:4605
depth 14 by ncomp: 3:41 4:5437 5:38430 6:62423 7:44714
depth 15 by ncomp: 3:28 4:11696 5:137987 6:343197 7:403383
depth 16 by ncomp: 3:23 4:23036 5:442402 6:1647945 7:3275304
depth 17 by ncomp: 3:6 4:39747 5:1303451 6:7224742 7:21397578
depth 18 by ncomp: 3:2 4:60002 5:3464589 6:29004341 7:71212050
depth 19 by ncomp: 4:78524 5:8391667 6:106111670
depth 20 by ncomp: 4:90028 5:18352332
depth 21 by ncomp: 4:90980
depth 22 by ncomp:
depth 23 by ncomp:
depth 24 by ncomp:
