n=25 nodes=456799833 nsol=0 time=4082.58
depth: 0:1 1:1 2:2 3:8 4:41 5:184 6:732 7:2765 8:11371 9:108 10:427 11:1998 12:9137 13:45992 14:246453 15:1369112 16:7815991 17:42375898 18:151999565 19:200923052 20:51029304 21:967516 22:175 23:0 24:0
depth  0 by ncomp: 0:1
depth  1 by ncomp: 1:1
depth  2 by ncomp: 1:1 2:1
depth  3 by ncomp: 1:4 2:3 3:1
depth  4 by ncomp: 1:16 2:18 3:6 4:1
depth  5 by ncomp: 1:30 2:96 3:47 4:10 5:1
depth  6 by ncomp: 1:38 2:277 3:303 4:98 5:15 6:1
depth  7 by ncomp: 1:34 2:503 3:1226 4:792 5:188 6:21 7:1
depth  8 by ncomp: 1:11 2:751 3:3767 4:4589 5:1895 6:329 7:29
depth  9 by ncomp: 2:7 3:37 4:46 5:16 6:2
depth 10 by ncomp: 2:11 3:83 4:192 5:111 6:28 7:2
depth 11 by ncomp: 2:12 3:191 4:732 5:736 6:282 7:45
depth 12 by ncomp: 2:11 3:373 4:2335 5:3767 6:2107 7:544
depth 13 by ncomp: 3:722 4:7040 5:17538 6:14774 7:5918
depth 14 by ncomp: 2:4 3:1265 4:19378 5:73572 6:92447 7:59787
depth 15 by ncomp: 2:1 3:1827 4:47744 5:279585 6:510934 7:529021
depth 16 by ncomp: 3:2146 4:103688 5:944066 6:2536474 7:4229617
depth 17 by ncomp: 3:2130 4:207640 5:2934921 6:11429126 7:27802081
depth 18 by ncomp: 3:1837 4:365338 5:8319538 6:47179282 7:96133570
depth 19 by ncomp: 3:1198 4:572046 5:21455127 6:178894681
depth 20 by ncomp: 3:677 4:787667 5:50240960
depth 21 by ncomp: 3:353 4:967163
depth 22 by ncomp: 3:175
depth 23 by ncomp:
depth 24 by ncomp:
