n=25 nodes=441268351 nsol=0 time=4522.26
depth: 0:1 1:1 2:2 3:8 4:41 5:184 6:732 7:2765 8:11371 9:79 10:338 11:1581 12:8091 13:42355 14:228209 15:1300190 16:7590249 17:42199974 18:153352930 19:194577684 20:41542424 21:409140 22:2 23:0 24:0
depth  0 by ncomp: 0:1
depth  1 by ncomp: 1:1
depth  2 by ncomp: 1:1 2:1
depth  3 by ncomp: 1:4 2:3 3:1
depth  4 by ncomp: 1:16 2:18 3:6 4:1
depth  5 by ncomp: 1:30 2:96 3:47 4:10 5:1
depth  6 by ncomp: 1:38 2:277 3:303 4:98 5:15 6:1
depth  7 by ncomp: 1:34 2:503 3:1226 4:792 5:188 6:21 7:1
depth  8 by ncomp: 1:11 2:751 3:3767 4:4589 5:1895 6:329 7:29
depth  9 by ncomp: 2:2 3:30 4:32 5:13 6:2
depth 10 by ncomp: 3:67 4:163 5:91 6:16 7:1
depth 11 by ncomp: 3:133 4:633 5:603 6:188 7:24
depth 12 by ncomp: 3:251 4:2207 5:3457 6:1786 7:390
depth 13 by ncomp: 3:320 4:6409 5:16860 6:13735 7:5031
depth 14 by ncomp: 3:412 4:15910 5:70224 6:88436 7:53227
depth 15 by ncomp: 3:369 4:37788 5:265466 6:502142 7:494425
depth 16 by ncomp: 3:404 4:75737 5:890289 6:2530349 7:4093470
depth 17 by ncomp: 3:302 4:135938 5:2700335 6:11463664 7:27899735
depth 18 by ncomp: 3:227 4:218483 5:7400012 6:47007883 7:98726325
depth 19 by ncomp: 3:101 4:306493 5:18353593 6:175917497
depth 20 by ncomp: 3:41 4:375915 5:41166468
depth 21 by ncomp: 3:7 4:409133
depth 22 by ncomp: 3:2
depth 23 by ncomp:
depth 24 by ncomp:
