n=25 nodes=984032916 nsol=0 time=10205.37
depth: 0:1 1:1 2:2 3:8 4:41 5:184 6:732 7:2765 8:11371 9:194 10:871 11:4344 12:23501 13:137168 14:822085 15:5082136 16:31661490 17:163143592 18:425464946 19:319825102 20:37661320 21:191062 22:0 23:0 24:0
depth  0 by ncomp: 0:1
depth  1 by ncomp: 1:1
depth  2 by ncomp: 1:1 2:1
depth  3 by ncomp: 1:4 2:3 3:1
depth  4 by ncomp: 1:16 2:18 3:6 4:1
depth  5 by ncomp: 1:30 2:96 3:47 4:10 5:1
depth  6 by ncomp: 1:38 2:277 3:303 4:98 5:15 6:1
depth  7 by ncomp: 1:34 2:503 3:1226 4:792 5:188 6:21 7:1
depth  8 by ncomp: 1:11 2:751 3:3767 4:4589 5:1895 6:329 7:29
depth  9 by ncomp: 3:40 4:68 5:65 6:19 7:2
depth 10 by ncomp: 3:53 4:247 5:343 6:193 7:35
depth 11 by ncomp: 3:97 4:853 5:1595 6:1349 7:450
depth 12 by ncomp: 3:169 4:2399 5:7373 6:8720 7:4840
depth 13 by ncomp: 3:167 4:6119 5:29708 6:53339 7:47835
depth 14 by ncomp: 3:188 4:14037 5:109594 6:280273 7:417993
depth 15 by ncomp: 3:180 4:28835 5:364593 6:1347306 7:3341222
depth 16 by ncomp: 3:124 4:53168 5:1097773 6:5902108 7:24608317
depth 17 by ncomp: 3:72 4:87393 5:3027216 6:23722810 7:136306101
depth 18 by ncomp: 3:24 4:127351 5:7646569 6:87944581 7:329746421
depth 19 by ncomp: 3:10 4:165805 5:17694211 6:301965076
depth 20 by ncomp: 3:4 4:188219 5:37473097
depth 21 by ncomp: 3:1 4:191061
depth 22 by ncomp:
depth 23 by ncomp:
depth 24 by ncomp:
