n=25 nodes=351325356 nsol=0 time=3089.48
depth: 0:1 1:1 2:2 3:8 4:41 5:184 6:732 7:2765 8:11371 9:82 10:327 11:1482 12:7043 13:36279 14:193011 15:1075973 16:6216552 17:33618269 18:117395223 19:150673384 20:41122214 21:970305 22:107 23:0 24:0
depth  0 by ncomp: 0:1
depth  1 by ncomp: 1:1
depth  2 by ncomp: 1:1 2:1
depth  3 by ncomp: 1:4 2:3 3:1
depth  4 by ncomp: 1:16 2:18 3:6 4:1
depth  5 by ncomp: 1:30 2:96 3:47 4:10 5:1
depth  6 by ncomp: 1:38 2:277 3:303 4:98 5:15 6:1
depth  7 by ncomp: 1:34 2:503 3:1226 4:792 5:188 6:21 7:1
depth  8 by ncomp: 1:11 2:751 3:3767 4:4589 5:1895 6:329 7:29
depth  9 by ncomp: 2:4 3:31 4:35 5:11 6:1
depth 10 by ncomp: 2:7 3:61 4:152 5:89 6:17 7:1
depth 11 by ncomp: 2:7 3:144 4:552 5:566 6:188 7:25
depth 12 by ncomp: 2:4 3:278 4:1729 5:2947 6:1687 7:398
depth 13 by ncomp: 2:3 3:526 4:5082 5:13347 6:12255 7:5066
depth 14 by ncomp: 3:821 4:13880 5:54294 6:73724 7:50292
depth 15 by ncomp: 3:1130 4:35560 5:202631 6:396176 7:440476
depth 16 by ncomp: 3:1284 4:81255 5:699946 6:1937172 7:3496895
depth 17 by ncomp: 3:1384 4:166500 5:2192879 6:8633786 7:22623720
depth 18 by ncomp: 3:1266 4:308508 5:6305406 6:35342086 7:75437957
depth 19 by ncomp: 3:962 4:509159 5:16663453 6:133499810
depth 20 by ncomp: 3:661 4:745284 5:40376269
depth 21 by ncomp: 3:345 4:969960
depth 22 by ncomp: 3:107
depth 23 by ncomp:
depth 24 by ncomp:
