n=25 nodes=276934738 nsol=0 time=2502.04
depth: 0:1 1:1 2:2 3:8 4:41 5:184 6:732 7:2765 8:11371 9:56 10:208 11:940 12:5175 13:27444 14:154810 15:901244 16:5399243 17:30036885 18:103690484 19:116260286 20:20277575 21:165283 22:0 23:0 24:0
depth  0 by ncomp: 0:1
depth  1 by ncomp: 1:1
depth  2 by ncomp: 1:1 2:1
depth  3 by ncomp: 1:4 2:3 3:1
depth  4 by ncomp: 1:16 2:18 3:6 4:1
depth  5 by ncomp: 1:30 2:96 3:47 4:10 5:1
depth  6 by ncomp: 1:38 2:277 3:303 4:98 5:15 6:1
depth  7 by ncomp: 1:34 2:503 3:1226 4:792 5:188 6:21 7:1
depth  8 by ncomp: 1:11 2:751 3:3767 4:4589 5:1895 6:329 7:29
depth  9 by ncomp: 3:11 4:23 5:19 6:3
depth 10 by ncomp: 3:26 4:89 5:70 6:21 7:2
depth 11 by ncomp: 3:33 4:311 5:406 6:159 7:31
depth 12 by ncomp: 3:47 4:1008 5:2333 6:1411 7:376
depth 13 by ncomp: 3:54 4:2595 5:10304 6:10210 7:4281
depth 14 by ncomp: 3:67 4:6640 5:40925 6:63396 7:43782
depth 15 by ncomp: 3:94 4:14846 5:148663 6:345119 7:392522
depth 16 by ncomp: 3:95 4:29140 5:477841 6:1680454 7:3211713
depth 17 by ncomp: 3:111 4:50904 5:1400446 6:7345340 7:21240084
depth 18 by ncomp: 3:64 4:80823 5:3733757 6:29296218 7:70579622
depth 19 by ncomp: 3:28 4:115177 5:9070858 6:107074223
depth 20 by ncomp: 3:13 4:146853 5:20130709
depth 21 by ncomp: 3:4 4:165279
depth 22 by ncomp:
depth 23 by ncomp:
depth 24 by ncomp:
