n=25 nodes=1014076194 nsol=0 time=11460.87
depth: 0:1 1:1 2:2 3:8 4:41 5:184 6:732 7:2765 8:11371 9:118 10:705 11:4297 12:25870 13:166257 14:1099810 15:7470372 16:48291953 17:216820213 18:426087959 19:273173490 20:40373941 21:546080 22:24 23:0 24:0
depth  0 by ncomp: 0:1
depth  1 by ncomp: 1:1
depth  2 by ncomp: 1:1 2:1
depth  3 by ncomp: 1:4 2:3 3:1
depth  4 by ncomp: 1:16 2:18 3:6 4:1
depth  5 by ncomp: 1:30 2:96 3:47 4:10 5:1
depth  6 by ncomp: 1:38 2:277 3:303 4:98 5:15 6:1
depth  7 by ncomp: 1:34 2:503 3:1226 4:792 5:188 6:21 7:1
depth  8 by ncomp: 1:11 2:751 3:3767 4:4589 5:1895 6:329 7:29
depth  9 by ncomp: 2:11 3:19 4:35 5:18 6:26 7:9
depth 10 by ncomp: 2:16 3:60 4:165 5:138 6:207 7:119
depth 11 by ncomp: 2:13 3:164 4:661 5:854 6:1314 7:1291
depth 12 by ncomp: 2:5 3:305 4:2148 5:4437 6:7248 7:11727
depth 13 by ncomp: 2:6 3:650 4:6182 5:20767 6:40803 7:97849
depth 14 by ncomp: 2:5 3:896 4:15484 5:83300 6:215087 7:785038
depth 15 by ncomp: 3:1155 4:34729 5:295823 6:1044687 7:6093978
depth 16 by ncomp: 3:1363 4:72175 5:956193 6:4646831 7:42615391
depth 17 by ncomp: 3:1194 4:131874 5:2795507 6:19098758 7:194792880
depth 18 by ncomp: 3:1033 4:220829 5:7437565 6:72414396 7:346014136
depth 19 by ncomp: 3:703 4:332577 5:18078926 6:254761284
depth 20 by ncomp: 3:414 4:452637 5:39920890
depth 21 by ncomp: 3:136 4:545944
depth 22 by ncomp: 3:24
depth 23 by ncomp:
depth 24 by ncomp:
