n=25 nodes=404468810 nsol=0 time=3764.27
depth: 0:1 1:1 2:2 3:8 4:41 5:184 6:732 7:2765 8:11371 9:54 10:250 11:1444 12:7728 13:43475 14:249959 15:1485297 16:9023364 17:50268239 18:165429544 19:159385308 20:18515243 21:43800 22:0 23:0 24:0
depth  0 by ncomp: 0:1
depth  1 by ncomp: 1:1
depth  2 by ncomp: 1:1 2:1
depth  3 by ncomp: 1:4 2:3 3:1
depth  4 by ncomp: 1:16 2:18 3:6 4:1
depth  5 by ncomp: 1:30 2:96 3:47 4:10 5:1
depth  6 by ncomp: 1:38 2:277 3:303 4:98 5:15 6:1
depth  7 by ncomp: 1:34 2:503 3:1226 4:792 5:188 6:21 7:1
depth  8 by ncomp: 1:11 2:751 3:3767 4:4589 5:1895 6:329 7:29
depth  9 by ncomp: 2:1 3:1 4:32 5:18 6:2
depth 10 by ncomp: 4:105 5:116 6:27 7:2
depth 11 by ncomp: 4:351 5:747 6:302 7:44
depth 12 by ncomp: 4:938 5:3572 6:2551 7:667
depth 13 by ncomp: 4:2172 5:15202 6:18049 7:8052
depth 14 by ncomp: 4:4711 5:56429 6:107480 7:81339
depth 15 by ncomp: 4:8865 5:188657 6:563992 7:723783
depth 16 by ncomp: 4:15043 5:567169 6:2632774 7:5808378
depth 17 by ncomp: 4:23511 5:1551708 6:11096250 7:37596770
depth 18 by ncomp: 4:32737 5:3877262 6:42604206 7:118915339
depth 19 by ncomp: 4:40264 5:8884770 6:150460274
depth 20 by ncomp: 4:43850 5:18471393
depth 21 by ncomp: 4:43800
depth 22 by ncomp:
depth 23 by ncomp:
depth 24 by ncomp:
