n=25 nodes=797233796 nsol=0 time=10436.62
depth: 0:1 1:1 2:2 3:8 4:41 5:184 6:732 7:2765 8:11371 9:82 10:484 11:2751 12:15671 13:88162 14:542958 15:3393226 16:21198562 17:112969711 18:329187206 19:292818876 20:36861141 21:139861 22:0 23:0 24:0
depth  0 by ncomp: 0:1
depth  1 by ncomp: 1:1
depth  2 by ncomp: 1:1 2:1
depth  3 by ncomp: 1:4 2:3 3:1
depth  4 by ncomp: 1:16 2:18 3:6 4:1
depth  5 by ncomp: 1:30 2:96 3:47 4:10 5:1
depth  6 by ncomp: 1:38 2:277 3:303 4:98 5:15 6:1
depth  7 by ncomp: 1:34 2:503 3:1226 4:792 5:188 6:21 7:1
depth  8 by ncomp: 1:11 2:751 3:3767 4:4589 5:1895 6:329 7:29
depth  9 by ncomp: 3:7 4:26 5:37 6:11 7:1
depth 10 by ncomp: 3:21 4:116 5:210 6:117 7:20
depth 11 by ncomp: 3:34 4:479 5:1139 6:835 7:264
depth 12 by ncomp: 3:33 4:1453 5:5436 6:5842 7:2907
depth 13 by ncomp: 3:51 4:3863 5:22376 6:34719 7:27153
depth 14 by ncomp: 3:46 4:9850 5:88476 6:197457 7:247129
depth 15 by ncomp: 3:35 4:21019 5:315330 6:1014616 7:2042226
depth 16 by ncomp: 3:16 4:38240 5:994381 6:4724636 7:15441289
depth 17 by ncomp: 3:5 4:62656 5:2826678 6:19970247 7:90110125
depth 18 by ncomp: 3:2 4:91984 5:7300836 6:77296347 7:244498037
depth 19 by ncomp: 4:118216 5:17215426 6:275485234
depth 20 by ncomp: 4:136187 5:36724954
depth 21 by ncomp: 4:139861
depth 22 by ncomp:
depth 23 by ncomp:
depth 24 by ncomp:
