n=25 nodes=160249853 nsol=0 time=1283.60
depth: 0:1 1:1 2:2 3:8 4:41 5:184 6:732 7:2765 8:11371 9:42 10:168 11:552 12:2859 13:13679 14:68689 15:368908 16:2039533 17:11339370 18:46863564 19:75284659 20:23560157 21:692526 22:42 23:0 24:0
depth  0 by ncomp: 0:1
depth  1 by ncomp: 1:1
depth  2 by ncomp: 1:1 2:1
depth  3 by ncomp: 1:4 2:3 3:1
depth  4 by ncomp: 1:16 2:18 3:6 4:1
depth  5 by ncomp: 1:30 2:96 3:47 4:10 5:1
depth  6 by ncomp: 1:38 2:277 3:303 4:98 5:15 6:1
depth  7 by ncomp: 1:34 2:503 3:1226 4:792 5:188 6:21 7:1
depth  8 by ncomp: 1:11 2:751 3:3767 4:4589 5:1895 6:329 7:29
depth  9 by ncomp: 2:6 3:6 4:14 5:14 6:2
depth 10 by ncomp: 2:10 3:32 4:66 5:44 6:15 7:1
depth 11 by ncomp: 2:15 3:74 4:218 5:166 6:63 7:16
depth 12 by ncomp: 2:8 3:225 4:1009 5:1074 6:410 7:133
depth 13 by ncomp: 2:2 3:423 4:3161 5:5718 6:3281 7:1094
depth 14 by ncomp: 3:746 4:8958 5:25894 6:23137 7:9954
depth 15 by ncomp: 3:1163 4:22332 5:103808 6:143837 7:97768
depth 16 by ncomp: 3:1665 4:52328 5:368099 6:769434 7:848007
depth 17 by ncomp: 3:1811 4:113398 5:1212747 6:3741141 7:6270273
depth 18 by ncomp: 3:1636 4:219343 5:3621457 6:16536071 7:26485057
depth 19 by ncomp: 3:1062 4:365775 5:9593725 6:65324097
depth 20 by ncomp: 3:510 4:544551 5:23015096
depth 21 by ncomp: 3:137 4:692389
depth 22 by ncomp: 3:42
depth 23 by ncomp:
depth 24 by ncomp:
