n=25 nodes=400094104 nsol=0 time=3731.09
depth: 0:1 1:1 2:2 3:8 4:41 5:184 6:732 7:2765 8:11371 9:115 10:437 11:1856 12:8862 13:44525 14:240718 15:1358069 16:7900160 17:42665693 18:142999641 19:165939372 20:38168052 21:751417 22:82 23:0 24:0
depth  0 by ncomp: 0:1
depth  1 by ncomp: 1:1
depth  2 by ncomp: 1:1 2:1
depth  3 by ncomp: 1:4 2:3 3:1
depth  4 by ncomp: 1:16 2:18 3:6 4:1
depth  5 by ncomp: 1:30 2:96 3:47 4:10 5:1
depth  6 by ncomp: 1:38 2:277 3:303 4:98 5:15 6:1
depth  7 by ncomp: 1:34 2:503 3:1226 4:792 5:188 6:21 7:1
depth  8 by ncomp: 1:11 2:751 3:3767 4:4589 5:1895 6:329 7:29
depth  9 by ncomp: 2:11 3:39 4:40 5:22 6:3
depth 10 by ncomp: 2:22 3:101 4:165 5:120 6:27 7:2
depth 11 by ncomp: 2:13 3:249 4:597 5:683 6:274 7:40
depth 12 by ncomp: 2:8 3:577 4:2076 5:3394 6:2206 7:601
depth 13 by ncomp: 2:3 3:1025 4:6243 5:15534 6:14993 7:6727
depth 14 by ncomp: 3:1360 4:16795 5:62805 6:91995 7:67763
depth 15 by ncomp: 3:1664 4:41002 5:230065 6:486557 7:598781
depth 16 by ncomp: 3:1942 4:88742 5:766220 6:2330051 7:4713205
depth 17 by ncomp: 3:1693 4:172211 5:2316984 6:10135675 7:30039130
depth 18 by ncomp: 3:1289 4:301714 5:6439482 6:40552849 7:95704307
depth 19 by ncomp: 3:744 4:463327 5:16321172 6:149154129
depth 20 by ncomp: 3:470 4:625751 5:37541831
depth 21 by ncomp: 3:220 4:751197
depth 22 by ncomp: 3:82
depth 23 by ncomp:
depth 24 by ncomp:
