n=25 nodes=473351816 nsol=0 time=4148.01
depth: 0:1 1:1 2:2 3:8 4:41 5:184 6:732 7:2765 8:11371 9:88 10:379 11:1816 12:9327 13:49644 14:276855 15:1618127 16:9668734 17:53668927 18:181498704 19:194643356 20:31633550 21:267198 22:6 23:0 24:0
depth  0 by ncomp: 0:1
depth  1 by ncomp: 1:1
depth  2 by ncomp: 1:1 2:1
depth  3 by ncomp: 1:4 2:3 3:1
depth  4 by ncomp: 1:16 2:18 3:6 4:1
depth  5 by ncomp: 1:30 2:96 3:47 4:10 5:1
depth  6 by ncomp: 1:38 2:277 3:303 4:98 5:15 6:1
depth  7 by ncomp: 1:34 2:503 3:1226 4:792 5:188 6:21 7:1
depth  8 by ncomp: 1:11 2:751 3:3767 4:4589 5:1895 6:329 7:29
depth  9 by ncomp: 2:2 3:19 4:39 5:25 6:3
depth 10 by ncomp: 3:27 4:162 5:150 6:37 7:3
depth 11 by ncomp: 3:44 4:494 5:864 6:356 7:58
depth 12 by ncomp: 3:88 4:1563 5:4138 6:2791 7:747
depth 13 by ncomp: 3:142 4:4313 5:17794 6:18963 7:8432
depth 14 by ncomp: 3:170 4:10365 5:69756 6:113836 7:82728
depth 15 by ncomp: 3:152 4:22906 5:248813 6:612524 7:733732
depth 16 by ncomp: 3:132 4:43611 5:790115 6:2945393 7:5889483
depth 17 by ncomp: 3:147 4:78695 5:2267189 6:12734097 7:38588799
depth 18 by ncomp: 3:81 4:124979 5:5950924 6:49978858 7:125443862
depth 19 by ncomp: 3:40 4:178077 5:14263739 6:180201500
depth 20 by ncomp: 3:34 4:229710 5:31403806
depth 21 by ncomp: 3:4 4:267194
depth 22 by ncomp: 3:6
depth 23 by ncomp:
depth 24 by ncomp:
