n=25 nodes=573155137 nsol=0 time=5203.51
depth: 0:1 1:1 2:2 3:8 4:41 5:184 6:732 7:2765 8:11371 9:104 10:449 11:2076 12:11121 13:59906 14:332337 15:1893509 16:11207862 17:62007282 18:214707879 19:242380028 20:40314221 21:223258 22:0 23:0 24:0
depth  0 by ncomp: 0:1
depth  1 by ncomp: 1:1
depth  2 by ncomp: 1:1 2:1
depth  3 by ncomp: 1:4 2:3 3:1
depth  4 by ncomp: 1:16 2:18 3:6 4:1
depth  5 by ncomp: 1:30 2:96 3:47 4:10 5:1
depth  6 by ncomp: 1:38 2:277 3:303 4:98 5:15 6:1
depth  7 by ncomp: 1:34 2:503 3:1226 4:792 5:188 6:21 7:1
depth  8 by ncomp: 1:11 2:751 3:3767 4:4589 5:1895 6:329 7:29
depth  9 by ncomp: 3:34 4:48 5:20 6:2
depth 10 by ncomp: 3:71 4:208 5:139 6:29 7:2
depth 11 by ncomp: 3:101 4:784 5:848 6:301 7:42
depth 12 by ncomp: 3:145 4:2508 5:4858 6:2900 7:710
depth 13 by ncomp: 3:135 4:6876 5:22778 6:21269 7:8848
depth 14 by ncomp: 3:120 4:15928 5:91826 6:133382 7:91081
depth 15 by ncomp: 3:99 4:32296 5:324837 6:721989 7:814288
depth 16 by ncomp: 3:65 4:59881 5:1044577 6:3518869 7:6584470
depth 17 by ncomp: 3:38 4:96980 5:2996021 6:15458479 7:43455764
depth 18 by ncomp: 3:18 4:143044 5:7805666 6:61512857 7:145246294
depth 19 by ncomp: 3:6 4:186787 5:18518872 6:223674363
depth 20 by ncomp: 3:4 4:217104 5:40097113
depth 21 by ncomp: 3:1 4:223257
depth 22 by ncomp:
depth 23 by ncomp:
depth 24 by ncomp:
