n=25 nodes=460050422 nsol=0 time=4135.04
depth: 0:1 1:1 2:2 3:8 4:41 5:184 6:732 7:2765 8:11371 9:62 10:241 11:1243 12:6555 13:35050 14:197447 15:1136615 16:6741876 17:38242986 18:146216509 19:210563553 20:55942845 21:950308 22:27 23:0 24:0
depth  0 by ncomp: 0:1
depth  1 by ncomp: 1:1
depth  2 by ncomp: 1:1 2:1
depth  3 by ncomp: 1:4 2:3 3:1
depth  4 by ncomp: 1:16 2:18 3:6 4:1
depth  5 by ncomp: 1:30 2:96 3:47 4:10 5:1
depth  6 by ncomp: 1:38 2:277 3:303 4:98 5:15 6:1
depth  7 by ncomp: 1:34 2:503 3:1226 4:792 5:188 6:21 7:1
depth  8 by ncomp: 1:11 2:751 3:3767 4:4589 5:1895 6:329 7:29
depth  9 by ncomp: 2:6 3:19 4:27 5:9 6:1
depth 10 by ncomp: 2:8 3:54 4:106 5:59 6:13 7:1
depth 11 by ncomp: 2:11 3:154 4:499 5:423 6:136 7:20
depth 12 by ncomp: 2:7 3:332 4:1942 5:2664 6:1311 7:299
depth 13 by ncomp: 2:6 3:645 4:6309 5:13685 6:10508 7:3897
depth 14 by ncomp: 2:4 3:1071 4:19130 5:63380 6:71273 7:42589
depth 15 by ncomp: 2:1 3:1492 4:48937 5:258898 6:426216 7:401071
depth 16 by ncomp: 3:1833 4:113195 5:949818 6:2272495 7:3404535
depth 17 by ncomp: 3:1872 4:222797 5:3128380 6:11007863 7:23882074
depth 18 by ncomp: 3:1463 4:389140 5:9020002 6:47558488 7:89247416
depth 19 by ncomp: 3:726 4:589415 5:23460710 6:186512702
depth 20 by ncomp: 3:320 4:795669 5:55146856
depth 21 by ncomp: 3:114 4:950194
depth 22 by ncomp: 3:27
depth 23 by ncomp:
depth 24 by ncomp:
