n=25 nodes=473699382 nsol=0 time=5545.33
depth: 0:1 1:1 2:2 3:8 4:41 5:184 6:732 7:2765 8:11371 9:76 10:361 11:1648 12:8385 13:45431 14:254943 15:1475785 16:8730876 17:48229208 18:168243376 19:203531896 20:42752221 21:410070 22:1 23:0 24:0
depth  0 by ncomp: 0:1
depth  1 by ncomp: 1:1
depth  2 by ncomp: 1:1 2:1
depth  3 by ncomp: 1:4 2:3 3:1
depth  4 by ncomp: 1:16 2:18 3:6 4:1
depth  5 by ncomp: 1:30 2:96 3:47 4:10 5:1
depth  6 by ncomp: 1:38 2:277 3:303 4:98 5:15 6:1
depth  7 by ncomp: 1:34 2:503 3:1226 4:792 5:188 6:21 7:1
depth  8 by ncomp: 1:11 2:751 3:3767 4:4589 5:1895 6:329 7:29
depth  9 by ncomp: 3:14 4:38 5:21 6:3
depth 10 by ncomp: 3:37 4:151 5:136 6:34 7:3
depth 11 by ncomp: 3:100 4:504 5:709 6:292 7:43
depth 12 by ncomp: 3:183 4:1740 5:3572 6:2284 7:606
depth 13 by ncomp: 3:292 4:5268 5:16407 6:16394 7:7070
depth 14 by ncomp: 3:422 4:14231 5:67574 6:100007 7:72709
depth 15 by ncomp: 3:447 4:34253 5:253285 6:545114 7:642686
depth 16 by ncomp: 3:327 4:71947 5:856313 6:2665141 7:5137148
depth 17 by ncomp: 3:264 4:133369 5:2644240 6:11950561 7:33500774
depth 18 by ncomp: 3:128 4:216902 5:7383135 6:49111423 7:111531788
depth 19 by ncomp: 3:68 4:304837 5:18575091 6:184651900
depth 20 by ncomp: 3:22 4:379305 5:42372894
depth 21 by ncomp: 3:6 4:410064
depth 22 by ncomp: 3:1
depth 23 by ncomp:
depth 24 by ncomp:
