n=25 nodes=520561330 nsol=0 time=5898.23
depth: 0:1 1:1 2:2 3:8 4:41 5:184 6:732 7:2765 8:11371 9:93 10:380 11:1879 12:9922 13:52475 14:291930 15:1695690 16:10042118 17:55168739 18:187937924 19:218716129 20:46049693 21:579249 22:4 23:0 24:0
depth  0 by ncomp: 0:1
depth  1 by ncomp: 1:1
depth  2 by ncomp: 1:1 2:1
depth  3 by ncomp: 1:4 2:3 3:1
depth  4 by ncomp: 1:16 2:18 3:6 4:1
depth  5 by ncomp: 1:30 2:96 3:47 4:10 5:1
depth  6 by ncomp: 1:38 2:277 3:303 4:98 5:15 6:1
depth  7 by ncomp: 1:34 2:503 3:1226 4:792 5:188 6:21 7:1
depth  8 by ncomp: 1:11 2:751 3:3767 4:4589 5:1895 6:329 7:29
depth  9 by ncomp: 2:5 3:16 4:36 5:32 6:4
depth 10 by ncomp: 2:7 3:51 4:110 5:160 6:48 7:4
depth 11 by ncomp: 2:3 3:129 4:467 5:809 6:397 7:74
depth 12 by ncomp: 2:1 3:287 4:1663 5:3963 6:3057 7:951
depth 13 by ncomp: 3:522 4:5126 5:17337 6:19827 7:9663
depth 14 by ncomp: 3:767 4:14418 5:69166 6:115447 7:92132
depth 15 by ncomp: 3:829 4:36401 5:259543 6:612345 7:786572
depth 16 by ncomp: 3:849 4:79519 5:879285 6:2948479 7:6133986
depth 17 by ncomp: 3:661 4:154318 5:2728824 6:13034584 7:39250352
depth 18 by ncomp: 3:389 4:261631 5:7692583 6:53038325 7:126944996
depth 19 by ncomp: 3:166 4:383666 5:19644962 6:198687335
depth 20 by ncomp: 3:79 4:502634 5:45546980
depth 21 by ncomp: 3:28 4:579221
depth 22 by ncomp: 3:4
depth 23 by ncomp:
depth 24 by ncomp:
