n=25 nodes=382385079 nsol=0 time=3642.07
depth: 0:1 1:1 2:2 3:8 4:41 5:184 6:732 7:2765 8:11371 9:110 10:361 11:1605 12:7910 13:41057 14:222421 15:1248535 16:7300243 17:40041457 18:140214415 19:163438509 20:29638405 21:214946 22:0 23:0 24:0
depth  0 by ncomp: 0:1
depth  1 by ncomp: 1:1
depth  2 by ncomp: 1:1 2:1
depth  3 by ncomp: 1:4 2:3 3:1
depth  4 by ncomp: 1:16 2:18 3:6 4:1
depth  5 by ncomp: 1:30 2:96 3:47 4:10 5:1
depth  6 by ncomp: 1:38 2:277 3:303 4:98 5:15 6:1
depth  7 by ncomp: 1:34 2:503 3:1226 4:792 5:188 6:21 7:1
depth  8 by ncomp: 1:11 2:751 3:3767 4:4589 5:1895 6:329 7:29
depth  9 by ncomp: 2:3 3:31 4:60 5:15 6:1
depth 10 by ncomp: 3:45 4:172 5:122 6:21 7:1
depth 11 by ncomp: 3:81 4:559 5:696 6:241 7:28
depth 12 by ncomp: 3:156 4:1698 5:3495 6:2083 7:478
depth 13 by ncomp: 3:206 4:4769 5:15711 6:14589 7:5782
depth 14 by ncomp: 3:223 4:11775 5:62857 6:88908 7:58658
depth 15 by ncomp: 3:192 4:25854 5:223610 6:479582 7:519297
depth 16 by ncomp: 3:119 4:50268 5:725801 6:2339778 7:4184277
depth 17 by ncomp: 3:76 4:86156 5:2119690 6:10264937 7:27570598
depth 18 by ncomp: 3:49 4:130587 5:5609761 6:41070931 7:93403087
depth 19 by ncomp: 3:12 4:176099 5:13459596 6:149802802
depth 20 by ncomp: 3:1 4:208792 5:29429612
depth 21 by ncomp: 4:214946
depth 22 by ncomp:
depth 23 by ncomp:
depth 24 by ncomp:
