n=25 nodes=901089513 nsol=0 time=9170.81
depth: 0:1 1:1 2:2 3:8 4:41 5:184 6:732 7:2765 8:11371 9:118 10:565 11:2840 12:14951 13:81762 14:462614 15:2738442 16:16642375 17:94146573 18:330390124 19:381468307 20:73944653 21:1180772 22:312 23:0 24:0
depth  0 by ncomp: 0:1
depth  1 by ncomp: 1:1
depth  2 by ncomp: 1:1 2:1
depth  3 by ncomp: 1:4 2:3 3:1
depth  4 by ncomp: 1:16 2:18 3:6 4:1
depth  5 by ncomp: 1:30 2:96 3:47 4:10 5:1
depth  6 by ncomp: 1:38 2:277 3:303 4:98 5:15 6:1
depth  7 by ncomp: 1:34 2:503 3:1226 4:792 5:188 6:21 7:1
depth  8 by ncomp: 1:11 2:751 3:3767 4:4589 5:1895 6:329 7:29
depth  9 by ncomp: 2:8 3:12 4:59 5:35 6:4
depth 10 by ncomp: 2:13 3:50 4:210 5:230 6:58 7:4
depth 11 by ncomp: 2:31 3:165 4:701 5:1292 6:563 7:88
depth 12 by ncomp: 2:19 3:447 4:2352 5:6406 6:4519 7:1208
depth 13 by ncomp: 2:8 3:1076 4:7405 5:28196 6:31153 7:13924
depth 14 by ncomp: 2:6 3:1729 4:21233 5:113701 6:187426 7:138519
depth 15 by ncomp: 3:2882 4:56432 5:427438 6:1021724 7:1229966
depth 16 by ncomp: 3:3570 4:130478 5:1468291 6:5066120 7:9973916
depth 17 by ncomp: 3:3567 4:262806 5:4550034 6:22825338 7:66504828
depth 18 by ncomp: 3:2683 4:456578 5:12689379 6:93399431 7:223842053
depth 19 by ncomp: 3:1710 4:713756 5:31964339 6:348788502
depth 20 by ncomp: 3:1077 4:975329 5:72968247
depth 21 by ncomp: 3:565 4:1180207
depth 22 by ncomp: 3:312
depth 23 by ncomp:
depth 24 by ncomp:
