n=25 nodes=203208308 nsol=0 time=2338.20
depth: 0:1 1:1 2:2 3:8 4:41 5:184 6:732 7:2765 8:11371 9:45 10:144 11:652 12:3967 13:26333 14:175904 15:1189397 16:7859571 17:40330168 18:92697154 19:53720098 20:7019964 21:169795 22:11 23:0 24:0
depth  0 by ncomp: 0:1
depth  1 by ncomp: 1:1
depth  2 by ncomp: 1:1 2:1
depth  3 by ncomp: 1:4 2:3 3:1
depth  4 by ncomp: 1:16 2:18 3:6 4:1
depth  5 by ncomp: 1:30 2:96 3:47 4:10 5:1
depth  6 by ncomp: 1:38 2:277 3:303 4:98 5:15 6:1
depth  7 by ncomp: 1:34 2:503 3:1226 4:792 5:188 6:21 7:1
depth  8 by ncomp: 1:11 2:751 3:3767 4:4589 5:1895 6:329 7:29
depth  9 by ncomp: 3:11 4:13 5:13 6:7 7:1
depth 10 by ncomp: 3:14 4:26 5:51 6:41 7:12
depth 11 by ncomp: 3:27 4:51 5:174 6:263 7:137
depth 12 by ncomp: 3:59 4:182 5:718 6:1678 7:1330
depth 13 by ncomp: 3:102 4:631 5:2858 6:9529 7:13213
depth 14 by ncomp: 3:167 4:2148 5:10816 6:49490 7:113283
depth 15 by ncomp: 3:225 4:5609 5:38010 6:226542 7:919011
depth 16 by ncomp: 3:270 4:13256 5:126105 6:978423 7:6741517
depth 17 by ncomp: 3:276 4:27546 5:385670 6:3921564 7:35995112
depth 18 by ncomp: 3:205 4:52770 5:1083143 6:14646164 7:76914872
depth 19 by ncomp: 3:144 4:89510 5:2845626 6:50784818
depth 20 by ncomp: 3:47 4:132223 5:6887694
depth 21 by ncomp: 3:20 4:169775
depth 22 by ncomp: 3:11
depth 23 by ncomp:
depth 24 by ncomp:
