n=25 nodes=302503566 nsol=0 time=3416.11
depth: 0:1 1:1 2:2 3:8 4:41 5:184 6:732 7:2765 8:11371 9:66 10:283 11:1364 12:6949 13:38812 14:218945 15:1277428 16:7659969 17:41666114 18:128624782 19:111553835 20:11414565 21:25349 22:0 23:0 24:0
depth  0 by ncomp: 0:1
depth  1 by ncomp: 1:1
depth  2 by ncomp: 1:1 2:1
depth  3 by ncomp: 1:4 2:3 3:1
depth  4 by ncomp: 1:16 2:18 3:6 4:1
depth  5 by ncomp: 1:30 2:96 3:47 4:10 5:1
depth  6 by ncomp: 1:38 2:277 3:303 4:98 5:15 6:1
depth  7 by ncomp: 1:34 2:503 3:1226 4:792 5:188 6:21 7:1
depth  8 by ncomp: 1:11 2:751 3:3767 4:4589 5:1895 6:329 7:29
depth  9 by ncomp: 3:2 4:42 5:20 6:2
depth 10 by ncomp: 4:99 5:150 6:32 7:2
depth 11 by ncomp: 4:237 5:744 6:336 7:47
depth 12 by ncomp: 4:594 5:3059 6:2592 7:704
depth 13 by ncomp: 3:2 4:1452 5:12089 6:16938 7:8331
depth 14 by ncomp: 4:2775 5:41799 6:93920 7:80451
depth 15 by ncomp: 4:5134 5:131078 6:460058 7:681158
depth 16 by ncomp: 4:8481 5:379448 6:2041837 7:5230203
depth 17 by ncomp: 4:13300 5:1012290 6:8285886 7:32354638
depth 18 by ncomp: 4:18509 5:2471858 6:30869539 7:95264876
depth 19 by ncomp: 4:23139 5:5532647 6:105998049
depth 20 by ncomp: 4:25508 5:11389057
depth 21 by ncomp: 4:25349
depth 22 by ncomp:
depth 23 by ncomp:
depth 24 by ncomp:
