n=25 nodes=861249348 nsol=0 time=8512.27
depth: 0:1 1:1 2:2 3:8 4:41 5:184 6:732 7:2765 8:11371 9:143 10:717 11:3429 12:18134 13:96434 14:530978 15:3044940 16:17951112 17:98855234 18:334953763 19:354017606 20:51527299 21:234454 22:0 23:0 24:0
depth  0 by ncomp: 0:1
depth  1 by ncomp: 1:1
depth  2 by ncomp: 1:1 2:1
depth  3 by ncomp: 1:4 2:3 3:1
depth  4 by ncomp: 1:16 2:18 3:6 4:1
depth  5 by ncomp: 1:30 2:96 3:47 4:10 5:1
depth  6 by ncomp: 1:38 2:277 3:303 4:98 5:15 6:1
depth  7 by ncomp: 1:34 2:503 3:1226 4:792 5:188 6:21 7:1
depth  8 by ncomp: 1:11 2:751 3:3767 4:4589 5:1895 6:329 7:29
depth  9 by ncomp: 3:18 4:87 5:34 6:4
depth 10 by ncomp: 3:39 4:345 5:272 6:57 7:4
depth 11 by ncomp: 3:56 4:1125 5:1603 6:562 7:83
depth 12 by ncomp: 3:100 4:3249 5:8482 6:5071 7:1232
depth 13 by ncomp: 3:121 4:7914 5:36582 6:36770 7:15047
depth 14 by ncomp: 3:149 4:17350 5:138382 6:222467 7:152630
depth 15 by ncomp: 3:101 4:35220 5:470675 6:1178354 7:1360590
depth 16 by ncomp: 3:82 4:63864 5:1448225 6:5568208 7:10870733
depth 17 by ncomp: 3:63 4:104586 5:4052059 6:23813038 7:70885488
depth 18 by ncomp: 3:33 4:152570 5:10319815 6:92480354 7:232000991
depth 19 by ncomp: 3:21 4:198803 5:24087214 6:329731568
depth 20 by ncomp: 3:2 4:229558 5:51297739
depth 21 by ncomp: 4:234454
depth 22 by ncomp:
depth 23 by ncomp:
depth 24 by ncomp:
