n=25 nodes=808032366 nsol=0 time=7865.37
depth: 0:1 1:1 2:2 3:8 4:41 5:184 6:732 7:2765 8:11371 9:110 10:593 11:3244 12:18293 13:105479 14:627932 15:3873612 16:24120290 17:126406334 18:343431366 19:272144543 20:36876715 21:408746 22:4 23:0 24:0
depth  0 by ncomp: 0:1
depth  1 by ncomp: 1:1
depth  2 by ncomp: 1:1 2:1
depth  3 by ncomp: 1:4 2:3 3:1
depth  4 by ncomp: 1:16 2:18 3:6 4:1
depth  5 by ncomp: 1:30 2:96 3:47 4:10 5:1
depth  6 by ncomp: 1:38 2:277 3:303 4:98 5:15 6:1
depth  7 by ncomp: 1:34 2:503 3:1226 4:792 5:188 6:21 7:1
depth  8 by ncomp: 1:11 2:751 3:3767 4:4589 5:1895 6:329 7:29
depth  9 by ncomp: 2:2 3:21 4:28 5:46 6:12 7:1
depth 10 by ncomp: 2:5 3:54 4:132 5:256 6:126 7:20
depth 11 by ncomp: 2:1 3:122 4:516 5:1268 6:1042 7:295
depth 12 by ncomp: 2:3 3:259 4:1609 5:5596 6:7154 7:3672
depth 13 by ncomp: 3:477 4:4795 5:22658 6:41835 7:35714
depth 14 by ncomp: 3:680 4:12467 5:84565 6:222421 7:307799
depth 15 by ncomp: 3:821 4:28833 5:289382 6:1074094 7:2480482
depth 16 by ncomp: 3:791 4:59848 5:902756 6:4756089 7:18400806
depth 17 by ncomp: 3:642 4:112462 5:2605794 6:19389840 7:104297596
depth 18 by ncomp: 3:416 4:189732 5:6872182 6:73195690 7:263173346
depth 19 by ncomp: 3:217 4:278852 5:16553609 6:255311865
depth 20 by ncomp: 3:69 4:363834 5:36512812
depth 21 by ncomp: 3:22 4:408724
depth 22 by ncomp: 3:4
depth 23 by ncomp:
depth 24 by ncomp:
