n=25 nodes=877855893 nsol=0 time=9050.49
depth: 0:1 1:1 2:2 3:8 4:41 5:184 6:732 7:2765 8:11371 9:148 10:709 11:3681 12:19332 13:103641 14:585047 15:3384861 16:20093110 17:110035440 18:358091498 19:344772182 20:40647358 21:103781 22:0 23:0 24:0
depth  0 by ncomp: 0:1
depth  1 by ncomp: 1:1
depth  2 by ncomp: 1:1 2:1
depth  3 by ncomp: 1:4 2:3 3:1
depth  4 by ncomp: 1:16 2:18 3:6 4:1
depth  5 by ncomp: 1:30 2:96 3:47 4:10 5:1
depth  6 by ncomp: 1:38 2:277 3:303 4:98 5:15 6:1
depth  7 by ncomp: 1:34 2:503 3:1226 4:792 5:188 6:21 7:1
depth  8 by ncomp: 1:11 2:751 3:3767 4:4589 5:1895 6:329 7:29
depth  9 by ncomp: 2:1 3:5 4:96 5:42 6:4
depth 10 by ncomp: 3:1 4:307 5:331 6:66 7:4
depth 11 by ncomp: 3:1 4:910 5:1907 6:762 7:101
depth 12 by ncomp: 3:3 4:2478 5:8939 6:6307 7:1605
depth 13 by ncomp: 4:5864 5:36703 6:42279 7:18795
depth 14 by ncomp: 4:12515 5:137001 6:249295 7:186236
depth 15 by ncomp: 3:2 4:23673 5:448862 6:1284696 7:1627628
depth 16 by ncomp: 4:39372 5:1335343 6:5920404 7:12797991
depth 17 by ncomp: 4:59783 5:3597039 6:24663453 7:81715165
depth 18 by ncomp: 4:80794 5:8810804 6:93413201 7:255786699
depth 19 by ncomp: 4:98482 5:19777184 6:324896516
depth 20 by ncomp: 4:107805 5:40539553
depth 21 by ncomp: 4:103781
depth 22 by ncomp:
depth 23 by ncomp:
depth 24 by ncomp:
