n=25 nodes=634938747 nsol=0 time=6380.82
depth: 0:1 1:1 2:2 3:8 4:41 5:184 6:732 7:2765 8:11371 9:101 10:498 11:2574 12:14178 13:81059 14:490589 15:3033246 16:18904693 17:97180874 18:257274936 19:219207846 20:38357028 21:376019 22:1 23:0 24:0
depth  0 by ncomp: 0:1
depth  1 by ncomp: 1:1
depth  2 by ncomp: 1:1 2:1
depth  3 by ncomp: 1:4 2:3 3:1
depth  4 by ncomp: 1:16 2:18 3:6 4:1
depth  5 by ncomp: 1:30 2:96 3:47 4:10 5:1
depth  6 by ncomp: 1:38 2:277 3:303 4:98 5:15 6:1
depth  7 by ncomp: 1:34 2:503 3:1226 4:792 5:188 6:21 7:1
depth  8 by ncomp: 1:11 2:751 3:3767 4:4589 5:1895 6:329 7:29
depth  9 by ncomp: 2:1 3:27 4:22 5:39 6:11 7:1
depth 10 by ncomp: 3:36 4:118 5:216 6:110 7:18
depth 11 by ncomp: 3:81 4:383 5:954 6:890 7:266
depth 12 by ncomp: 3:133 4:1196 5:3878 6:5760 7:3211
depth 13 by ncomp: 3:221 4:3747 5:15242 6:31659 7:30190
depth 14 by ncomp: 3:327 4:11485 5:60578 6:161875 7:256324
depth 15 by ncomp: 3:392 4:29325 5:219413 6:765816 7:2018300
depth 16 by ncomp: 3:364 4:66035 5:756529 6:3418088 7:14663677
depth 17 by ncomp: 3:260 4:125857 5:2358714 6:14275504 7:80420539
depth 18 by ncomp: 3:161 4:201791 5:6661301 6:55711652 7:194700031
depth 19 by ncomp: 3:86 4:281540 5:16763516 6:202162704
depth 20 by ncomp: 3:32 4:343871 5:38013125
depth 21 by ncomp: 3:5 4:376014
depth 22 by ncomp: 3:1
depth 23 by ncomp:
depth 24 by ncomp:
