n=25 nodes=401164103 nsol=0 time=5675.85
depth: 0:1 1:1 2:2 3:8 4:41 5:184 6:732 7:2765 8:11371 9:83 10:339 11:1625 12:9101 13:54609 14:334641 15:2104650 16:13213943 17:67533343 18:171711400 19:129358126 20:16735505 21:91633 22:0 23:0 24:0
depth  0 by ncomp: 0:1
depth  1 by ncomp: 1:1
depth  2 by ncomp: 1:1 2:1
depth  3 by ncomp: 1:4 2:3 3:1
depth  4 by ncomp: 1:16 2:18 3:6 4:1
depth  5 by ncomp: 1:30 2:96 3:47 4:10 5:1
depth  6 by ncomp: 1:38 2:277 3:303 4:98 5:15 6:1
depth  7 by ncomp: 1:34 2:503 3:1226 4:792 5:188 6:21 7:1
depth  8 by ncomp: 1:11 2:751 3:3767 4:4589 5:1895 6:329 7:29
depth  9 by ncomp: 3:20 4:26 5:27 6:9 7:1
depth 10 by ncomp: 3:41 4:88 5:116 6:78 7:16
depth 11 by ncomp: 3:63 4:340 5:514 6:512 7:196
depth 12 by ncomp: 3:73 4:1071 5:2525 6:3364 7:2068
depth 13 by ncomp: 3:88 4:2804 5:10887 6:20097 7:20733
depth 14 by ncomp: 3:99 4:6508 5:41548 6:106905 7:179581
depth 15 by ncomp: 3:75 4:13922 5:144672 6:515010 7:1430971
depth 16 by ncomp: 3:67 4:25624 5:450130 6:2273642 7:10464480
depth 17 by ncomp: 3:25 4:41589 5:1283420 6:9277639 7:56930670
depth 18 by ncomp: 3:18 4:61034 5:3306267 6:34847571 7:133496510
depth 19 by ncomp: 3:4 4:79336 5:7760316 6:121518470
depth 20 by ncomp: 3:2 4:92175 5:16643328
depth 21 by ncomp: 4:91633
depth 22 by ncomp:
depth 23 by ncomp:
depth 24 by ncomp:
