n=25 nodes=103421022 nsol=0 time=864.55
depth: 0:1 1:1 2:2 3:8 4:41 5:184 6:732 7:2765 8:11371 9:41 10:120 11:460 12:1768 13:7929 14:36238 15:182208 16:941182 17:5084162 18:23546603 19:51211387 20:21886344 21:507449 22:26 23:0 24:0
depth  0 by ncomp: 0:1
depth  1 by ncomp: 1:1
depth  2 by ncomp: 1:1 2:1
depth  3 by ncomp: 1:4 2:3 3:1
depth  4 by ncomp: 1:16 2:18 3:6 4:1
depth  5 by ncomp: 1:30 2:96 3:47 4:10 5:1
depth  6 by ncomp: 1:38 2:277 3:303 4:98 5:15 6:1
depth  7 by ncomp: 1:34 2:503 3:1226 4:792 5:188 6:21 7:1
depth  8 by ncomp: 1:11 2:751 3:3767 4:4589 5:1895 6:329 7:29
depth  9 by ncomp: 2:3 3:21 4:9 5:7 6:1
depth 10 by ncomp: 2:3 3:54 4:33 5:17 6:12 7:1
depth 11 by ncomp: 3:156 4:198 5:59 6:32 7:15
depth 12 by ncomp: 3:293 4:856 5:431 6:105 7:83
depth 13 by ncomp: 3:525 4:3164 5:2912 6:872 7:456
depth 14 by ncomp: 3:723 4:9223 5:15830 6:7722 7:2740
depth 15 by ncomp: 3:846 4:25100 5:73922 6:58826 7:23514
depth 16 by ncomp: 3:733 4:56808 5:292960 6:372008 7:218673
depth 17 by ncomp: 3:559 4:114135 5:1025441 6:2046732 7:1897295
depth 18 by ncomp: 3:460 4:199117 5:3165444 6:9855939 7:10325643
depth 19 by ncomp: 3:268 4:309427 5:8709637 6:42192055
depth 20 by ncomp: 3:133 4:422376 5:21463835
depth 21 by ncomp: 3:56 4:507393
depth 22 by ncomp: 3:26
depth 23 by ncomp:
depth 24 by ncomp:
