n=25 nodes=378835797 nsol=0 time=3946.66
depth: 0:1 1:1 2:2 3:8 4:41 5:184 6:732 7:2765 8:11371 9:66 10:300 11:1661 12:9835 13:58754 14:365189 15:2318753 16:14699987 17:74377593 18:175000994 19:101696664 20:10148512 21:142383 22:1 23:0 24:0
depth  0 by ncomp: 0:1
depth  1 by ncomp: 1:1
depth  2 by ncomp: 1:1 2:1
depth  3 by ncomp: 1:4 2:3 3:1
depth  4 by ncomp: 1:16 2:18 3:6 4:1
depth  5 by ncomp: 1:30 2:96 3:47 4:10 5:1
depth  6 by ncomp: 1:38 2:277 3:303 4:98 5:15 6:1
depth  7 by ncomp: 1:34 2:503 3:1226 4:792 5:188 6:21 7:1
depth  8 by ncomp: 1:11 2:751 3:3767 4:4589 5:1895 6:329 7:29
depth  9 by ncomp: 3:10 4:14 5:31 6:10 7:1
depth 10 by ncomp: 3:15 4:23 5:144 6:100 7:18
depth 11 by ncomp: 3:25 4:56 5:597 6:733 7:250
depth 12 by ncomp: 3:56 4:215 5:2275 6:4540 7:2749
depth 13 by ncomp: 3:132 4:756 5:7828 6:24180 7:25858
depth 14 by ncomp: 3:141 4:2443 5:26033 6:118240 7:218332
depth 15 by ncomp: 3:157 4:6840 5:81879 6:525573 7:1704304
depth 16 by ncomp: 3:135 4:16187 5:245545 6:2160512 7:12277608
depth 17 by ncomp: 3:92 4:33025 5:686218 6:8250224 7:65408034
depth 18 by ncomp: 3:45 4:58450 5:1811263 6:29300873 7:143830363
depth 19 by ncomp: 3:24 4:90818 5:4428224 6:97177598
depth 20 by ncomp: 3:2 4:122370 5:10026140
depth 21 by ncomp: 4:142383
depth 22 by ncomp: 3:1
depth 23 by ncomp:
depth 24 by ncomp:
