n=25 nodes=684452600 nsol=0 time=6604.91
depth: 0:1 1:1 2:2 3:8 4:41 5:184 6:732 7:2765 8:11371 9:100 10:508 11:2743 12:14980 13:84818 14:497849 15:3065048 16:19149349 17:99795551 18:273787216 19:245405715 20:42285216 21:348402 22:0 23:0 24:0
depth  0 by ncomp: 0:1
depth  1 by ncomp: 1:1
depth  2 by ncomp: 1:1 2:1
depth  3 by ncomp: 1:4 2:3 3:1
depth  4 by ncomp: 1:16 2:18 3:6 4:1
depth  5 by ncomp: 1:30 2:96 3:47 4:10 5:1
depth  6 by ncomp: 1:38 2:277 3:303 4:98 5:15 6:1
depth  7 by ncomp: 1:34 2:503 3:1226 4:792 5:188 6:21 7:1
depth  8 by ncomp: 1:11 2:751 3:3767 4:4589 5:1895 6:329 7:29
depth  9 by ncomp: 2:1 3:25 4:28 5:35 6:10 7:1
depth 10 by ncomp: 3:59 4:121 5:198 6:111 7:19
depth 11 by ncomp: 3:116 4:518 5:944 6:891 7:274
depth 12 by ncomp: 3:207 4:1894 5:4186 6:5572 7:3121
depth 13 by ncomp: 3:241 4:5732 5:17866 6:31235 7:29744
depth 14 by ncomp: 3:277 4:14384 5:70328 6:162889 7:249971
depth 15 by ncomp: 3:242 4:34082 5:261545 6:796064 7:1973115
depth 16 by ncomp: 3:165 4:70726 5:898736 6:3671978 7:14507744
depth 17 by ncomp: 3:104 4:123975 5:2758479 6:15721683 7:81191310
depth 18 by ncomp: 3:48 4:191369 5:7583239 6:62211879 7:203800681
depth 19 by ncomp: 3:43 4:262916 5:18756626 6:226386130
depth 20 by ncomp: 3:18 4:320590 5:41964608
depth 21 by ncomp: 3:2 4:348400
depth 22 by ncomp:
depth 23 by ncomp:
depth 24 by ncomp:
