n=25 nodes=129081807 nsol=0 time=1832.15
depth: 0:1 1:1 2:2 3:8 4:41 5:184 6:732 7:2765 8:11371 9:20 10:92 11:412 12:2083 13:10907 14:57039 15:318455 16:1858914 17:10486408 18:41858985 19:60612845 20:13743476 21:117066 22:0 23:0 24:0
depth  0 by ncomp: 0:1
depth  1 by ncomp: 1:1
depth  2 by ncomp: 1:1 2:1
depth  3 by ncomp: 1:4 2:3 3:1
depth  4 by ncomp: 1:16 2:18 3:6 4:1
depth  5 by ncomp: 1:30 2:96 3:47 4:10 5:1
depth  6 by ncomp: 1:38 2:277 3:303 4:98 5:15 6:1
depth  7 by ncomp: 1:34 2:503 3:1226 4:792 5:188 6:21 7:1
depth  8 by ncomp: 1:11 2:751 3:3767 4:4589 5:1895 6:329 7:29
depth  9 by ncomp: 3:6 4:12 5:2
depth 10 by ncomp: 3:19 4:52 5:19 6:2
depth 11 by ncomp: 3:28 4:204 5:148 6:30 7:2
depth 12 by ncomp: 3:47 4:699 5:941 6:348 7:48
depth 13 by ncomp: 3:76 4:2032 5:5001 6:3072 7:726
depth 14 by ncomp: 3:68 4:5329 5:21360 6:21393 7:8889
depth 15 by ncomp: 3:71 4:11809 5:83373 6:132191 7:91011
depth 16 by ncomp: 3:65 4:23536 5:289753 6:713235 7:832325
depth 17 by ncomp: 3:46 4:40123 5:883591 6:3359214 7:6203434
depth 18 by ncomp: 3:33 4:61010 5:2421193 6:14204581 7:25172168
depth 19 by ncomp: 3:15 4:83922 5:6044025 6:54484883
depth 20 by ncomp: 3:12 4:105075 5:13638389
depth 21 by ncomp: 3:3 4:117063
depth 22 by ncomp:
depth 23 by ncomp:
depth 24 by ncomp:
