n=25 nodes=335559029 nsol=0 time=2987.12
depth: 0:1 1:1 2:2 3:8 4:41 5:184 6:732 7:2765 8:11371 9:99 10:349 11:1596 12:7741 13:41130 14:230309 15:1323020 16:7884324 17:42980230 18:137652686 19:130199127 20:15187631 21:35682 22:0 23:0 24:0
depth  0 by ncomp: 0:1
depth  1 by ncomp: 1:1
depth  2 by ncomp: 1:1 2:1
depth  3 by ncomp: 1:4 2:3 3:1
depth  4 by ncomp: 1:16 2:18 3:6 4:1
depth  5 by ncomp: 1:30 2:96 3:47 4:10 5:1
depth  6 by ncomp: 1:38 2:277 3:303 4:98 5:15 6:1
depth  7 by ncomp: 1:34 2:503 3:1226 4:792 5:188 6:21 7:1
depth  8 by ncomp: 1:11 2:751 3:3767 4:4589 5:1895 6:329 7:29
depth  9 by ncomp: 2:3 3:13 4:43 5:29 6:10 7:1
depth 10 by ncomp: 3:10 4:124 5:156 6:47 7:12
depth 11 by ncomp: 3:4 4:396 5:787 6:349 7:60
depth 12 by ncomp: 3:2 4:975 5:3455 6:2571 7:738
depth 13 by ncomp: 4:2146 5:13995 6:16854 7:8135
depth 14 by ncomp: 4:4449 5:50252 6:97227 7:78381
depth 15 by ncomp: 4:8366 5:162946 6:488859 7:662849
depth 16 by ncomp: 4:14522 5:486407 6:2232904 7:5150491
depth 17 by ncomp: 4:22348 5:1322879 6:9261992 7:32373011
depth 18 by ncomp: 4:30078 5:3282471 6:35172117 7:99168020
depth 19 by ncomp: 4:35310 5:7397603 6:122766214
depth 20 by ncomp: 4:36972 5:15150659
depth 21 by ncomp: 4:35682
depth 22 by ncomp:
depth 23 by ncomp:
depth 24 by ncomp:
