n=25 nodes=544434579 nsol=0 time=7747.29
depth: 0:1 1:1 2:2 3:8 4:41 5:184 6:732 7:2765 8:11371 9:116 10:473 11:2230 12:10188 13:48294 14:248485 15:1336485 16:7449718 17:41339596 18:168377667 19:259107964 20:65738630 21:759623 22:5 23:0 24:0
depth  0 by ncomp: 0:1
depth  1 by ncomp: 1:1
depth  2 by ncomp: 1:1 2:1
depth  3 by ncomp: 1:4 2:3 3:1
depth  4 by ncomp: 1:16 2:18 3:6 4:1
depth  5 by ncomp: 1:30 2:96 3:47 4:10 5:1
depth  6 by ncomp: 1:38 2:277 3:303 4:98 5:15 6:1
depth  7 by ncomp: 1:34 2:503 3:1226 4:792 5:188 6:21 7:1
depth  8 by ncomp: 1:11 2:751 3:3767 4:4589 5:1895 6:329 7:29
depth  9 by ncomp: 2:3 3:55 4:52 5:6
depth 10 by ncomp: 2:1 3:134 4:256 5:76 6:6
depth 11 by ncomp: 3:322 4:1129 5:661 6:112 7:6
depth 12 by ncomp: 3:504 4:3880 5:4299 6:1345 7:160
depth 13 by ncomp: 3:722 4:10925 5:22102 6:11956 7:2589
depth 14 by ncomp: 3:869 4:28980 5:98568 6:87330 7:32738
depth 15 by ncomp: 3:937 4:66226 5:387396 6:542608 7:339318
depth 16 by ncomp: 3:865 4:133816 5:1334773 6:2922069 7:3058195
depth 17 by ncomp: 3:571 4:239971 5:4135041 6:13936068 7:23027945
depth 18 by ncomp: 3:402 4:377328 5:11462720 6:59596254 7:96940963
depth 19 by ncomp: 3:210 4:533148 5:28681851 6:229892755
depth 20 by ncomp: 3:83 4:674522 5:65064025
depth 21 by ncomp: 3:19 4:759604
depth 22 by ncomp: 3:5
depth 23 by ncomp:
depth 24 by ncomp:
