n=25 nodes=446194701 nsol=0 time=4118.22
depth: 0:1 1:1 2:2 3:8 4:41 5:184 6:732 7:2765 8:11371 9:89 10:398 11:1685 12:8337 13:43404 14:234849 15:1303113 16:7571871 17:41786329 18:152546157 19:198211290 20:43986927 21:485139 22:8 23:0 24:0
depth  0 by ncomp: 0:1
depth  1 by ncomp: 1:1
depth  2 by ncomp: 1:1 2:1
depth  3 by ncomp: 1:4 2:3 3:1
depth  4 by ncomp: 1:16 2:18 3:6 4:1
depth  5 by ncomp: 1:30 2:96 3:47 4:10 5:1
depth  6 by ncomp: 1:38 2:277 3:303 4:98 5:15 6:1
depth  7 by ncomp: 1:34 2:503 3:1226 4:792 5:188 6:21 7:1
depth  8 by ncomp: 1:11 2:751 3:3767 4:4589 5:1895 6:329 7:29
depth  9 by ncomp: 3:32 4:43 5:13 6:1
depth 10 by ncomp: 3:70 4:199 5:109 6:19 7:1
depth 11 by ncomp: 3:143 4:649 5:659 6:208 7:26
depth 12 by ncomp: 3:254 4:2301 5:3543 6:1825 7:414
depth 13 by ncomp: 3:361 4:6729 5:17500 6:13778 7:5036
depth 14 by ncomp: 3:451 4:17268 5:73898 6:89834 7:53398
depth 15 by ncomp: 3:458 4:39075 5:272634 6:503025 7:487921
depth 16 by ncomp: 3:457 4:81037 5:922308 6:2538703 7:4029366
depth 17 by ncomp: 3:332 4:147313 5:2807688 6:11538930 7:27292066
depth 18 by ncomp: 3:224 4:236968 5:7720994 6:47541939 7:97046032
depth 19 by ncomp: 3:111 4:340527 5:19198760 6:178671892
depth 20 by ncomp: 3:54 4:432429 5:43554444
depth 21 by ncomp: 3:24 4:485115
depth 22 by ncomp: 3:8
depth 23 by ncomp:
depth 24 by ncomp:
