n=25 nodes=1775881402 nsol=0 time=17052.72
depth: 0:1 1:1 2:2 3:8 4:41 5:184 6:732 7:2765 8:11371 9:221 10:1174 11:6439 12:36603 13:211690 14:1264799 15:7766375 16:48184816 17:254576858 18:726184842 19:640513589 20:96167524 21:951319 22:48 23:0 24:0
depth  0 by ncomp: 0:1
depth  1 by ncomp: 1:1
depth  2 by ncomp: 1:1 2:1
depth  3 by ncomp: 1:4 2:3 3:1
depth  4 by ncomp: 1:16 2:18 3:6 4:1
depth  5 by ncomp: 1:30 2:96 3:47 4:10 5:1
depth  6 by ncomp: 1:38 2:277 3:303 4:98 5:15 6:1
depth  7 by ncomp: 1:34 2:503 3:1226 4:792 5:188 6:21 7:1
depth  8 by ncomp: 1:11 2:751 3:3767 4:4589 5:1895 6:329 7:29
depth  9 by ncomp: 3:26 4:88 5:83 6:22 7:2
depth 10 by ncomp: 3:67 4:324 5:519 6:227 7:37
depth 11 by ncomp: 3:159 4:1119 5:2721 6:1917 7:523
depth 12 by ncomp: 3:360 4:3676 5:12235 6:13826 7:6506
depth 13 by ncomp: 3:707 4:11230 5:51230 6:83131 7:65392
depth 14 by ncomp: 3:963 4:29333 5:199186 6:455824 7:579493
depth 15 by ncomp: 3:1228 4:69179 5:701243 6:2272176 7:4722549
depth 16 by ncomp: 3:1211 4:144590 5:2250031 6:10367238 7:35421746
depth 17 by ncomp: 3:958 4:271691 5:6590970 6:43380295 7:204332944
depth 18 by ncomp: 3:586 4:446911 5:17611418 6:167383122 7:540742805
depth 19 by ncomp: 3:294 4:648937 5:42992158 6:596872200
depth 20 by ncomp: 3:172 4:830752 5:95336600
depth 21 by ncomp: 3:74 4:951245
depth 22 by ncomp: 3:48
depth 23 by ncomp:
depth 24 by ncomp:
