n=25 nodes=603556792 nsol=0 time=5339.12
depth: 0:1 1:1 2:2 3:8 4:41 5:184 6:732 7:2765 8:11371 9:100 10:491 11:2249 12:10953 13:56501 14:303985 15:1707789 16:9848913 17:54473470 18:203551134 19:271514943 20:61400964 21:670179 22:16 23:0 24:0
depth  0 by ncomp: 0:1
depth  1 by ncomp: 1:1
depth  2 by ncomp: 1:1 2:1
depth  3 by ncomp: 1:4 2:3 3:1
depth  4 by ncomp: 1:16 2:18 3:6 4:1
depth  5 by ncomp: 1:30 2:96 3:47 4:10 5:1
depth  6 by ncomp: 1:38 2:277 3:303 4:98 5:15 6:1
depth  7 by ncomp: 1:34 2:503 3:1226 4:792 5:188 6:21 7:1
depth  8 by ncomp: 1:11 2:751 3:3767 4:4589 5:1895 6:329 7:29
depth  9 by ncomp: 3:36 4:51 5:12 6:1
depth 10 by ncomp: 2:1 3:98 4:245 5:126 6:20 7:1
depth 11 by ncomp: 2:1 3:172 4:929 5:859 6:258 7:30
depth 12 by ncomp: 3:274 4:2965 5:4863 6:2356 7:495
depth 13 by ncomp: 3:500 4:8461 5:23080 6:18022 7:6438
depth 14 by ncomp: 3:652 4:23080 5:98551 6:116034 7:65668
depth 15 by ncomp: 3:740 4:54555 5:375947 6:669316 7:607231
depth 16 by ncomp: 3:677 4:112989 5:1272601 6:3408420 7:5054226
depth 17 by ncomp: 3:581 4:205118 5:3882442 6:15615872 7:34769457
depth 18 by ncomp: 3:343 4:333149 5:10669871 6:64739419 7:127808352
depth 19 by ncomp: 3:170 4:472782 5:26705001 6:244336990
depth 20 by ncomp: 3:98 4:598697 5:60802169
depth 21 by ncomp: 3:37 4:670142
depth 22 by ncomp: 3:16
depth 23 by ncomp:
depth 24 by ncomp:
