n=25 nodes=602802118 nsol=0 time=6255.29
depth: 0:1 1:1 2:2 3:8 4:41 5:184 6:732 7:2765 8:11371 9:84 10:492 11:2514 12:14174 13:84932 14:504462 15:3127818 16:19505980 17:101234293 18:264546724 19:191551554 20:22014890 21:199078 22:18 23:0 24:0
depth  0 by ncomp: 0:1
depth  1 by ncomp: 1:1
depth  2 by ncomp: 1:1 2:1
depth  3 by ncomp: 1:4 2:3 3:1
depth  4 by ncomp: 1:16 2:18 3:6 4:1
depth  5 by ncomp: 1:30 2:96 3:47 4:10 5:1
depth  6 by ncomp: 1:38 2:277 3:303 4:98 5:15 6:1
depth  7 by ncomp: 1:34 2:503 3:1226 4:792 5:188 6:21 7:1
depth  8 by ncomp: 1:11 2:751 3:3767 4:4589 5:1895 6:329 7:29
depth  9 by ncomp: 3:4 4:31 5:38 6:10 7:1
depth 10 by ncomp: 3:12 4:114 5:233 6:114 7:19
depth 11 by ncomp: 3:40 4:309 5:1010 6:883 7:272
depth 12 by ncomp: 3:85 4:936 5:4431 6:5792 7:2930
depth 13 by ncomp: 3:149 4:2611 5:17501 6:34731 7:29940
depth 14 by ncomp: 3:184 4:6522 5:61322 6:178877 7:257557
depth 15 by ncomp: 3:228 4:14769 5:199402 6:844270 7:2069149
depth 16 by ncomp: 3:227 4:30323 5:598548 6:3638360 7:15238522
depth 17 by ncomp: 3:147 4:55491 5:1663864 6:14472535 7:85042256
depth 18 by ncomp: 3:97 4:91126 5:4251851 6:53183032 7:207020618
depth 19 by ncomp: 3:59 4:134300 5:10035413 6:181381782
depth 20 by ncomp: 3:43 4:173932 5:21840915
depth 21 by ncomp: 3:27 4:199051
depth 22 by ncomp: 3:18
depth 23 by ncomp:
depth 24 by ncomp:
