n=25 nodes=697748514 nsol=0 time=6959.22
depth: 0:1 1:1 2:2 3:8 4:41 5:184 6:732 7:2765 8:11371 9:87 10:382 11:2058 12:11168 13:60626 14:342576 15:1993440 16:11902443 17:66346473 18:237170053 19:304671521 20:74166191 21:1066351 22:40 23:0 24:0
depth  0 by ncomp: 0:1
depth  1 by ncomp: 1:1
depth  2 by ncomp: 1:1 2:1
depth  3 by ncomp: 1:4 2:3 3:1
depth  4 by ncomp: 1:16 2:18 3:6 4:1
depth  5 by ncomp: 1:30 2:96 3:47 4:10 5:1
depth  6 by ncomp: 1:38 2:277 3:303 4:98 5:15 6:1
depth  7 by ncomp: 1:34 2:503 3:1226 4:792 5:188 6:21 7:1
depth  8 by ncomp: 1:11 2:751 3:3767 4:4589 5:1895 6:329 7:29
depth  9 by ncomp: 3:15 4:45 5:24 6:3
depth 10 by ncomp: 3:38 4:164 5:147 6:31 7:2
depth 11 by ncomp: 3:106 4:601 5:936 6:367 7:48
depth 12 by ncomp: 3:305 4:2182 5:4761 6:3149 7:771
depth 13 by ncomp: 3:555 4:6948 5:21725 6:22001 7:9397
depth 14 by ncomp: 3:1003 4:21150 5:91788 6:134365 7:94270
depth 15 by ncomp: 3:1413 4:57009 5:355650 6:738193 7:841175
depth 16 by ncomp: 3:1442 4:130770 5:1262586 6:3694482 7:6813163
depth 17 by ncomp: 3:1259 4:261547 5:4051806 6:16878827 7:45153034
depth 18 by ncomp: 3:813 4:455959 5:11800033 6:70997560 7:153915688
depth 19 by ncomp: 3:416 4:695403 5:30868701 6:273107001
depth 20 by ncomp: 3:158 4:929170 5:73236863
depth 21 by ncomp: 3:74 4:1066277
depth 22 by ncomp: 3:40
depth 23 by ncomp:
depth 24 by ncomp:
