n=25 nodes=803261862 nsol=0 time=8626.36
depth: 0:1 1:1 2:2 3:8 4:41 5:184 6:732 7:2765 8:11371 9:136 10:668 11:3344 12:18555 13:106280 14:631145 15:3881941 16:24180361 17:127041469 18:348056350 19:270280275 20:28931199 21:115034 22:0 23:0 24:0
depth  0 by ncomp: 0:1
depth  1 by ncomp: 1:1
depth  2 by ncomp: 1:1 2:1
depth  3 by ncomp: 1:4 2:3 3:1
depth  4 by ncomp: 1:16 2:18 3:6 4:1
depth  5 by ncomp: 1:30 2:96 3:47 4:10 5:1
depth  6 by ncomp: 1:38 2:277 3:303 4:98 5:15 6:1
depth  7 by ncomp: 1:34 2:503 3:1226 4:792 5:188 6:21 7:1
depth  8 by ncomp: 1:11 2:751 3:3767 4:4589 5:1895 6:329 7:29
depth  9 by ncomp: 3:27 4:51 5:46 6:11 7:1
depth 10 by ncomp: 3:32 4:209 5:284 6:124 7:19
depth 11 by ncomp: 3:33 4:569 5:1410 6:1045 7:287
depth 12 by ncomp: 3:26 4:1578 5:6177 6:7254 7:3520
depth 13 by ncomp: 3:33 4:3864 5:24783 6:42875 7:34725
depth 14 by ncomp: 3:33 4:8321 5:89313 6:228672 7:304806
depth 15 by ncomp: 3:24 4:16479 5:293770 6:1106186 7:2465482
depth 16 by ncomp: 3:36 4:30146 5:882665 6:4914897 7:18352617
depth 17 by ncomp: 3:19 4:49015 5:2409390 6:19967549 7:104615496
depth 18 by ncomp: 3:6 4:71451 5:6016582 6:74487495 7:267480816
depth 19 by ncomp: 3:5 4:93533 5:13755466 6:256431271
depth 20 by ncomp: 3:2 4:110245 5:28820952
depth 21 by ncomp: 3:1 4:115033
depth 22 by ncomp:
depth 23 by ncomp:
depth 24 by ncomp:
