n=25 nodes=600490640 nsol=0 time=5546.91
depth: 0:1 1:1 2:2 3:8 4:41 5:184 6:732 7:2765 8:11371 9:91 10:459 11:2214 12:11771 13:63617 14:352017 15:2001714 16:11823385 17:65406540 18:225664148 19:252235376 20:42575170 21:339031 22:2 23:0 24:0
depth  0 by ncomp: 0:1
depth  1 by ncomp: 1:1
depth  2 by ncomp: 1:1 2:1
depth  3 by ncomp: 1:4 2:3 3:1
depth  4 by ncomp: 1:16 2:18 3:6 4:1
depth  5 by ncomp: 1:30 2:96 3:47 4:10 5:1
depth  6 by ncomp: 1:38 2:277 3:303 4:98 5:15 6:1
depth  7 by ncomp: 1:34 2:503 3:1226 4:792 5:188 6:21 7:1
depth  8 by ncomp: 1:11 2:751 3:3767 4:4589 5:1895 6:329 7:29
depth  9 by ncomp: 2:1 3:21 4:48 5:19 6:2
depth 10 by ncomp: 3:62 4:201 5:162 6:32 7:2
depth 11 by ncomp: 2:4 3:122 4:707 5:979 6:356 7:46
depth 12 by ncomp: 2:2 3:267 4:2359 5:5182 6:3197 7:764
depth 13 by ncomp: 3:464 4:6979 5:23457 6:23073 7:9644
depth 14 by ncomp: 3:515 4:17831 5:94471 6:141767 7:97433
depth 15 by ncomp: 3:481 4:38858 5:335877 6:760864 7:865634
depth 16 by ncomp: 3:345 4:76310 5:1090582 6:3685170 7:6970978
depth 17 by ncomp: 3:253 4:128480 5:3176160 6:16157124 7:45944523
depth 18 by ncomp: 3:152 4:192275 5:8305565 6:64144650 7:153021506
depth 19 by ncomp: 3:103 4:259702 5:19700761 6:232274810
depth 20 by ncomp: 3:30 4:311737 5:42263403
depth 21 by ncomp: 3:15 4:339016
depth 22 by ncomp: 3:2
depth 23 by ncomp:
depth 24 by ncomp:
