n=25 nodes=1363270886 nsol=0 time=17006.75
depth: 0:1 1:1 2:2 3:8 4:41 5:184 6:732 7:2765 8:11371 9:172 10:955 11:5274 12:29365 13:168135 14:993138 15:6051830 16:37319026 17:200656702 18:581299672 19:481262063 20:55171250 21:298183 22:16 23:0 24:0
depth  0 by ncomp: 0:1
depth  1 by ncomp: 1:1
depth  2 by ncomp: 1:1 2:1
depth  3 by ncomp: 1:4 2:3 3:1
depth  4 by ncomp: 1:16 2:18 3:6 4:1
depth  5 by ncomp: 1:30 2:96 3:47 4:10 5:1
depth  6 by ncomp: 1:38 2:277 3:303 4:98 5:15 6:1
depth  7 by ncomp: 1:34 2:503 3:1226 4:792 5:188 6:21 7:1
depth  8 by ncomp: 1:11 2:751 3:3767 4:4589 5:1895 6:329 7:29
depth  9 by ncomp: 3:15 4:81 5:62 6:13 7:1
depth 10 by ncomp: 3:44 4:329 5:413 6:148 7:21
depth 11 by ncomp: 3:91 4:1069 5:2408 6:1383 7:323
depth 12 by ncomp: 3:154 4:3048 5:11354 6:10684 7:4125
depth 13 by ncomp: 3:160 4:7711 5:46170 6:69418 7:44676
depth 14 by ncomp: 3:132 4:16797 5:166143 6:388014 7:422052
depth 15 by ncomp: 3:100 4:34503 5:541970 6:1918124 7:3557133
depth 16 by ncomp: 3:79 4:64484 5:1625670 6:8538374 7:27090419
depth 17 by ncomp: 3:41 4:106623 5:4486008 6:34963562 7:161100468
depth 18 by ncomp: 3:27 4:161223 5:11292984 6:131447284 7:438398154
depth 19 by ncomp: 3:29 4:219803 5:25984898 6:455057333
depth 20 by ncomp: 3:33 4:271927 5:54899290
depth 21 by ncomp: 3:30 4:298153
depth 22 by ncomp: 3:16
depth 23 by ncomp:
depth 24 by ncomp:
