n=25 nodes=621593525 nsol=0 time=5766.97
depth: 0:1 1:1 2:2 3:8 4:41 5:184 6:732 7:2765 8:11371 9:103 10:535 11:2752 12:14896 13:87084 14:530245 15:3277116 16:20354474 17:104936912 18:271393884 19:197111483 20:23662854 21:206080 22:2 23:0 24:0
depth  0 by ncomp: 0:1
depth  1 by ncomp: 1:1
depth  2 by ncomp: 1:1 2:1
depth  3 by ncomp: 1:4 2:3 3:1
depth  4 by ncomp: 1:16 2:18 3:6 4:1
depth  5 by ncomp: 1:30 2:96 3:47 4:10 5:1
depth  6 by ncomp: 1:38 2:277 3:303 4:98 5:15 6:1
depth  7 by ncomp: 1:34 2:503 3:1226 4:792 5:188 6:21 7:1
depth  8 by ncomp: 1:11 2:751 3:3767 4:4589 5:1895 6:329 7:29
depth  9 by ncomp: 2:10 3:17 4:23 5:41 6:11 7:1
depth 10 by ncomp: 2:4 3:65 4:91 5:231 6:124 7:20
depth 11 by ncomp: 3:133 4:357 5:1007 6:963 7:292
depth 12 by ncomp: 3:251 4:1155 5:4156 6:6078 7:3256
depth 13 by ncomp: 3:320 4:3509 5:16634 6:34880 7:31741
depth 14 by ncomp: 3:464 4:9677 5:61599 6:181833 7:276672
depth 15 by ncomp: 3:355 4:21895 5:209528 6:848879 7:2196459
depth 16 by ncomp: 3:245 4:41898 5:641151 6:3670074 7:16001106
depth 17 by ncomp: 3:147 4:73853 5:1809818 6:14664960 7:88388134
depth 18 by ncomp: 3:70 4:112668 5:4654657 6:54227976 7:212398513
depth 19 by ncomp: 3:41 4:158755 5:10958430 6:185994257
depth 20 by ncomp: 3:13 4:191463 5:23471378
depth 21 by ncomp: 3:4 4:206076
depth 22 by ncomp: 3:2
depth 23 by ncomp:
depth 24 by ncomp:
