n=25 nodes=370461931 nsol=0 time=4631.58
depth: 0:1 1:1 2:2 3:8 4:41 5:184 6:732 7:2765 8:11371 9:88 10:368 11:1817 12:9289 13:48629 14:265449 15:1504197 16:8838561 17:47611767 18:150267851 19:142182643 20:19565437 21:150728 22:2 23:0 24:0
depth  0 by ncomp: 0:1
depth  1 by ncomp: 1:1
depth  2 by ncomp: 1:1 2:1
depth  3 by ncomp: 1:4 2:3 3:1
depth  4 by ncomp: 1:16 2:18 3:6 4:1
depth  5 by ncomp: 1:30 2:96 3:47 4:10 5:1
depth  6 by ncomp: 1:38 2:277 3:303 4:98 5:15 6:1
depth  7 by ncomp: 1:34 2:503 3:1226 4:792 5:188 6:21 7:1
depth  8 by ncomp: 1:11 2:751 3:3767 4:4589 5:1895 6:329 7:29
depth  9 by ncomp: 2:5 3:8 4:47 5:25 6:3
depth 10 by ncomp: 3:29 4:142 5:154 6:40 7:3
depth 11 by ncomp: 3:59 4:464 5:865 6:368 7:61
depth 12 by ncomp: 3:109 4:1275 5:4096 6:2981 7:828
depth 13 by ncomp: 3:215 4:3201 5:16252 6:19638 7:9323
depth 14 by ncomp: 3:226 4:7384 5:58961 6:110532 7:88346
depth 15 by ncomp: 3:267 4:15418 5:192357 6:552644 7:743511
depth 16 by ncomp: 3:181 4:29841 5:576214 6:2500243 7:5732082
depth 17 by ncomp: 3:141 4:52002 5:1573994 6:10248631 7:35736999
depth 18 by ncomp: 3:65 4:82213 5:3952997 6:38401333 7:107831243
depth 19 by ncomp: 3:31 4:113662 5:9165169 6:132903781
depth 20 by ncomp: 3:28 4:137917 5:19427492
depth 21 by ncomp: 3:4 4:150724
depth 22 by ncomp: 3:2
depth 23 by ncomp:
depth 24 by ncomp:
