n=25 nodes=369734926 nsol=0 time=4033.79
depth: 0:1 1:1 2:2 3:8 4:41 5:184 6:732 7:2765 8:11371 9:55 10:262 11:1421 12:8101 13:49160 14:303850 15:1925814 16:12168816 17:61958876 18:154321921 19:118105207 20:20635382 21:240956 22:0 23:0 24:0
depth  0 by ncomp: 0:1
depth  1 by ncomp: 1:1
depth  2 by ncomp: 1:1 2:1
depth  3 by ncomp: 1:4 2:3 3:1
depth  4 by ncomp: 1:16 2:18 3:6 4:1
depth  5 by ncomp: 1:30 2:96 3:47 4:10 5:1
depth  6 by ncomp: 1:38 2:277 3:303 4:98 5:15 6:1
depth  7 by ncomp: 1:34 2:503 3:1226 4:792 5:188 6:21 7:1
depth  8 by ncomp: 1:11 2:751 3:3767 4:4589 5:1895 6:329 7:29
depth  9 by ncomp: 3:10 4:8 5:26 6:10 7:1
depth 10 by ncomp: 3:22 4:43 5:108 6:74 7:15
depth 11 by ncomp: 3:73 4:201 5:430 6:525 7:192
depth 12 by ncomp: 3:131 4:768 5:1969 6:3159 7:2074
depth 13 by ncomp: 3:211 4:2564 5:8248 6:18421 7:19716
depth 14 by ncomp: 3:247 4:7394 5:33101 6:93872 7:169236
depth 15 by ncomp: 3:319 4:17828 5:121765 6:445978 7:1339924
depth 16 by ncomp: 3:331 4:39233 5:407339 6:1961980 7:9759933
depth 17 by ncomp: 3:257 4:74552 5:1250385 6:8040887 7:52592795
depth 18 by ncomp: 3:154 4:124610 5:3512433 6:30670159 7:120014565
depth 19 by ncomp: 3:61 4:179659 5:8899954 6:109025533
depth 20 by ncomp: 3:22 4:224794 5:20410566
depth 21 by ncomp: 3:9 4:240947
depth 22 by ncomp:
depth 23 by ncomp:
depth 24 by ncomp:
