n=25 nodes=714848910 nsol=0 time=7378.19
depth: 0:1 1:1 2:2 3:8 4:41 5:184 6:732 7:2765 8:11371 9:127 10:632 11:2936 12:14735 13:77528 14:425977 15:2427431 16:14212895 17:77980166 18:268811749 19:300397841 20:50138986 21:342800 22:2 23:0 24:0
depth  0 by ncomp: 0:1
depth  1 by ncomp: 1:1
depth  2 by ncomp: 1:1 2:1
depth  3 by ncomp: 1:4 2:3 3:1
depth  4 by ncomp: 1:16 2:18 3:6 4:1
depth  5 by ncomp: 1:30 2:96 3:47 4:10 5:1
depth  6 by ncomp: 1:38 2:277 3:303 4:98 5:15 6:1
depth  7 by ncomp: 1:34 2:503 3:1226 4:792 5:188 6:21 7:1
depth  8 by ncomp: 1:11 2:751 3:3767 4:4589 5:1895 6:329 7:29
depth  9 by ncomp: 3:32 4:70 5:23 6:2
depth 10 by ncomp: 3:68 4:320 5:206 6:36 7:2
depth 11 by ncomp: 3:108 4:1019 5:1321 6:436 7:52
depth 12 by ncomp: 3:228 4:3162 5:6638 6:3848 7:859
depth 13 by ncomp: 3:231 4:8274 5:30256 6:27999 7:10768
depth 14 by ncomp: 3:303 4:19872 5:119335 6:174169 7:112298
depth 15 by ncomp: 3:337 4:42111 5:418931 6:944903 7:1021149
depth 16 by ncomp: 3:327 4:80224 5:1322261 6:4543080 7:8267003
depth 17 by ncomp: 3:271 4:135448 5:3770270 6:19607697 7:54466480
depth 18 by ncomp: 3:154 4:202883 5:9792920 6:77051589 7:181764203
depth 19 by ncomp: 3:56 4:270849 5:23121374 6:277005562
depth 20 by ncomp: 3:30 4:325000 5:49813956
depth 21 by ncomp: 3:15 4:342785
depth 22 by ncomp: 3:2
depth 23 by ncomp:
depth 24 by ncomp:
