n=25 nodes=376182189 nsol=0 time=4196.61
depth: 0:1 1:1 2:2 3:8 4:41 5:184 6:732 7:2765 8:11371 9:66 10:330 11:1544 12:9170 13:53728 14:322836 15:2011910 16:12662625 17:63889877 18:157384907 19:119225253 20:20368072 21:236764 22:2 23:0 24:0
depth  0 by ncomp: 0:1
depth  1 by ncomp: 1:1
depth  2 by ncomp: 1:1 2:1
depth  3 by ncomp: 1:4 2:3 3:1
depth  4 by ncomp: 1:16 2:18 3:6 4:1
depth  5 by ncomp: 1:30 2:96 3:47 4:10 5:1
depth  6 by ncomp: 1:38 2:277 3:303 4:98 5:15 6:1
depth  7 by ncomp: 1:34 2:503 3:1226 4:792 5:188 6:21 7:1
depth  8 by ncomp: 1:11 2:751 3:3767 4:4589 5:1895 6:329 7:29
depth  9 by ncomp: 2:1 3:23 4:11 5:22 6:8 7:1
depth 10 by ncomp: 3:61 4:68 5:109 6:76 7:16
depth 11 by ncomp: 2:1 3:98 4:250 5:482 6:523 7:190
depth 12 by ncomp: 3:241 4:1075 5:2239 6:3465 7:2150
depth 13 by ncomp: 3:274 4:3339 5:9421 6:19628 7:21066
depth 14 by ncomp: 3:300 4:8076 5:36219 6:99497 7:178744
depth 15 by ncomp: 3:389 4:18707 5:126523 6:463325 7:1402966
depth 16 by ncomp: 3:297 4:39464 5:419110 6:2022184 7:10181570
depth 17 by ncomp: 3:215 4:74334 5:1280347 6:8215702 7:54319279
depth 18 by ncomp: 3:128 4:121866 5:3548956 6:31180480 7:122533477
depth 19 by ncomp: 3:56 4:173452 5:8901696 6:110150049
depth 20 by ncomp: 3:31 4:217839 5:20150202
depth 21 by ncomp: 3:11 4:236753
depth 22 by ncomp: 3:2
depth 23 by ncomp:
depth 24 by ncomp:
