n=25 nodes=435976911 nsol=0 time=4272.68
depth: 0:1 1:1 2:2 3:8 4:41 5:184 6:732 7:2765 8:11371 9:86 10:367 11:1861 12:10608 13:60125 14:357269 15:2207188 16:13729094 17:69721023 18:177897062 19:144200196 20:27321609 21:455310 22:8 23:0 24:0
depth  0 by ncomp: 0:1
depth  1 by ncomp: 1:1
depth  2 by ncomp: 1:1 2:1
depth  3 by ncomp: 1:4 2:3 3:1
depth  4 by ncomp: 1:16 2:18 3:6 4:1
depth  5 by ncomp: 1:30 2:96 3:47 4:10 5:1
depth  6 by ncomp: 1:38 2:277 3:303 4:98 5:15 6:1
depth  7 by ncomp: 1:34 2:503 3:1226 4:792 5:188 6:21 7:1
depth  8 by ncomp: 1:11 2:751 3:3767 4:4589 5:1895 6:329 7:29
depth  9 by ncomp: 2:5 3:20 4:21 5:30 6:9 7:1
depth 10 by ncomp: 2:4 3:50 4:86 5:124 6:86 7:17
depth 11 by ncomp: 2:1 3:120 4:352 5:604 6:579 7:205
depth 12 by ncomp: 3:256 4:1238 5:2796 6:3915 7:2403
depth 13 by ncomp: 3:357 4:3694 5:11727 6:21799 7:22548
depth 14 by ncomp: 3:465 4:10030 5:45878 6:112759 7:188137
depth 15 by ncomp: 3:644 4:24106 5:163673 6:539914 7:1478851
depth 16 by ncomp: 3:684 4:52956 5:529253 6:2379530 7:10766671
depth 17 by ncomp: 3:602 4:106135 5:1614533 6:9743430 7:58256323
depth 18 by ncomp: 3:438 4:182543 5:4506417 6:37196273 7:136011391
depth 19 by ncomp: 3:274 4:282094 5:11513504 6:132404324
depth 20 by ncomp: 3:105 4:381979 5:26939525
depth 21 by ncomp: 3:36 4:455274
depth 22 by ncomp: 3:8
depth 23 by ncomp:
depth 24 by ncomp:
