n=25 nodes=282355856 nsol=0 time=3170.95
depth: 0:1 1:1 2:2 3:8 4:41 5:184 6:732 7:2765 8:11371 9:64 10:288 11:1283 12:5868 13:27764 14:141403 15:752684 16:4153892 17:22821574 18:91371446 19:133518864 20:29330608 21:215013 22:0 23:0 24:0
depth  0 by ncomp: 0:1
depth  1 by ncomp: 1:1
depth  2 by ncomp: 1:1 2:1
depth  3 by ncomp: 1:4 2:3 3:1
depth  4 by ncomp: 1:16 2:18 3:6 4:1
depth  5 by ncomp: 1:30 2:96 3:47 4:10 5:1
depth  6 by ncomp: 1:38 2:277 3:303 4:98 5:15 6:1
depth  7 by ncomp: 1:34 2:503 3:1226 4:792 5:188 6:21 7:1
depth  8 by ncomp: 1:11 2:751 3:3767 4:4589 5:1895 6:329 7:29
depth  9 by ncomp: 3:34 4:27 5:3
depth 10 by ncomp: 3:82 4:161 5:42 6:3
depth 11 by ncomp: 3:145 4:685 5:389 6:61 7:3
depth 12 by ncomp: 3:225 4:2244 5:2546 6:768 7:85
depth 13 by ncomp: 3:268 4:6150 5:12999 6:6908 7:1439
depth 14 by ncomp: 3:257 4:14842 5:56814 6:50918 7:18572
depth 15 by ncomp: 3:259 4:31637 5:214607 6:312048 7:194133
depth 16 by ncomp: 3:176 4:58438 5:710772 6:1644775 7:1739731
depth 17 by ncomp: 3:101 4:97015 5:2106062 6:7664930 7:12953466
depth 18 by ncomp: 3:61 4:140958 5:5608271 6:31916566 7:53705590
depth 19 by ncomp: 3:36 4:182435 5:13424243 6:119912150
depth 20 by ncomp: 3:1 4:210681 5:29119926
depth 21 by ncomp: 4:215013
depth 22 by ncomp:
depth 23 by ncomp:
depth 24 by ncomp:
