n=25 nodes=638677746 nsol=0 time=5912.03
depth: 0:1 1:1 2:2 3:8 4:41 5:184 6:732 7:2765 8:11371 9:102 10:454 11:2344 12:12372 13:67998 14:389582 15:2319685 16:14096050 17:78175675 18:256550807 19:253680650 20:33243417 21:123505 22:0 23:0 24:0
depth  0 by ncomp: 0:1
depth  1 by ncomp: 1:1
depth  2 by ncomp: 1:1 2:1
depth  3 by ncomp: 1:4 2:3 3:1
depth  4 by ncomp: 1:16 2:18 3:6 4:1
depth  5 by ncomp: 1:30 2:96 3:47 4:10 5:1
depth  6 by ncomp: 1:38 2:277 3:303 4:98 5:15 6:1
depth  7 by ncomp: 1:34 2:503 3:1226 4:792 5:188 6:21 7:1
depth  8 by ncomp: 1:11 2:751 3:3767 4:4589 5:1895 6:329 7:29
depth  9 by ncomp: 3:4 4:67 5:28 6:3
depth 10 by ncomp: 3:4 4:186 5:217 6:44 7:3
depth 11 by ncomp: 3:4 4:531 5:1227 6:512 7:70
depth 12 by ncomp: 3:9 4:1355 5:5648 6:4266 7:1094
depth 13 by ncomp: 3:7 4:3221 5:22884 6:28747 7:13139
depth 14 by ncomp: 3:2 4:7367 5:84525 6:167048 7:130640
depth 15 by ncomp: 3:2 4:16328 5:293252 6:869175 7:1140928
depth 16 by ncomp: 3:4 4:30631 5:913426 6:4086559 7:9065430
depth 17 by ncomp: 3:5 4:51202 5:2559230 6:17289104 7:58276134
depth 18 by ncomp: 4:74948 5:6571765 6:66806790 7:183097304
depth 19 by ncomp: 4:99688 5:15438998 6:238141964
depth 20 by ncomp: 4:118150 5:33125267
depth 21 by ncomp: 4:123505
depth 22 by ncomp:
depth 23 by ncomp:
depth 24 by ncomp:
