n=25 nodes=167317104 nsol=0 time=1563.94
depth: 0:1 1:1 2:2 3:8 4:41 5:184 6:732 7:2765 8:11371 9:61 10:171 11:628 12:2792 13:13992 14:74234 15:408519 16:2319950 17:12936798 18:52619661 19:79379254 20:19327714 21:218219 22:6 23:0 24:0
depth  0 by ncomp: 0:1
depth  1 by ncomp: 1:1
depth  2 by ncomp: 1:1 2:1
depth  3 by ncomp: 1:4 2:3 3:1
depth  4 by ncomp: 1:16 2:18 3:6 4:1
depth  5 by ncomp: 1:30 2:96 3:47 4:10 5:1
depth  6 by ncomp: 1:38 2:277 3:303 4:98 5:15 6:1
depth  7 by ncomp: 1:34 2:503 3:1226 4:792 5:188 6:21 7:1
depth  8 by ncomp: 1:11 2:751 3:3767 4:4589 5:1895 6:329 7:29
depth  9 by ncomp: 3:20 4:29 5:11 6:1
depth 10 by ncomp: 3:23 4:76 5:56 6:15 7:1
depth 11 by ncomp: 3:44 4:260 5:223 6:84 7:17
depth 12 by ncomp: 3:110 4:912 5:1131 6:482 7:157
depth 13 by ncomp: 3:100 4:2924 5:6189 6:3576 7:1203
depth 14 by ncomp: 3:142 4:7702 5:28567 6:26339 7:11484
depth 15 by ncomp: 3:121 4:17567 5:112362 6:165079 7:113390
depth 16 by ncomp: 3:128 4:35034 5:390759 6:894833 7:999196
depth 17 by ncomp: 3:86 4:61705 5:1212030 6:4300587 7:7362390
depth 18 by ncomp: 3:49 4:98753 5:3345076 6:18383681 7:30792102
depth 19 by ncomp: 3:25 4:142276 5:8366002 6:70870951
depth 20 by ncomp: 3:29 4:187251 5:19140434
depth 21 by ncomp: 3:13 4:218206
depth 22 by ncomp: 3:6
depth 23 by ncomp:
depth 24 by ncomp:
