n=25 nodes=299575736 nsol=0 time=3268.98
depth: 0:1 1:1 2:2 3:8 4:41 5:184 6:732 7:2765 8:11371 9:72 10:266 11:1196 12:5916 13:30812 14:166957 15:963108 16:5716258 17:31826803 18:110614861 19:126660190 20:23321780 21:252410 22:2 23:0 24:0
depth  0 by ncomp: 0:1
depth  1 by ncomp: 1:1
depth  2 by ncomp: 1:1 2:1
depth  3 by ncomp: 1:4 2:3 3:1
depth  4 by ncomp: 1:16 2:18 3:6 4:1
depth  5 by ncomp: 1:30 2:96 3:47 4:10 5:1
depth  6 by ncomp: 1:38 2:277 3:303 4:98 5:15 6:1
depth  7 by ncomp: 1:34 2:503 3:1226 4:792 5:188 6:21 7:1
depth  8 by ncomp: 1:11 2:751 3:3767 4:4589 5:1895 6:329 7:29
depth  9 by ncomp: 2:7 3:20 4:28 5:15 6:2
depth 10 by ncomp: 2:9 3:57 4:104 5:72 6:22 7:2
depth 11 by ncomp: 2:3 3:114 4:406 5:458 6:181 7:34
depth 12 by ncomp: 2:4 3:217 4:1365 5:2487 6:1444 7:399
depth 13 by ncomp: 3:379 4:3862 5:11342 6:10683 7:4546
depth 14 by ncomp: 3:516 4:9577 5:45802 6:66022 7:45040
depth 15 by ncomp: 3:625 4:21916 5:167452 6:364903 7:408212
depth 16 by ncomp: 3:429 4:43387 5:546729 6:1793525 7:3332188
depth 17 by ncomp: 3:336 4:79680 5:1613316 6:7933789 7:22199682
depth 18 by ncomp: 3:164 4:130273 5:4295422 6:31679347 7:74509655
depth 19 by ncomp: 3:75 4:187996 5:10469489 6:116002630
depth 20 by ncomp: 3:51 4:233604 5:23088125
depth 21 by ncomp: 3:5 4:252405
depth 22 by ncomp: 3:2
depth 23 by ncomp:
depth 24 by ncomp:
