n=25 nodes=543017762 nsol=0 time=4855.14
depth: 0:1 1:1 2:2 3:8 4:41 5:184 6:732 7:2765 8:11371 9:133 10:528 11:2090 12:9670 13:46964 14:239249 15:1274468 16:7051611 17:39034121 18:161316857 19:259652309 20:73191423 21:1183167 22:67 23:0 24:0
depth  0 by ncomp: 0:1
depth  1 by ncomp: 1:1
depth  2 by ncomp: 1:1 2:1
depth  3 by ncomp: 1:4 2:3 3:1
depth  4 by ncomp: 1:16 2:18 3:6 4:1
depth  5 by ncomp: 1:30 2:96 3:47 4:10 5:1
depth  6 by ncomp: 1:38 2:277 3:303 4:98 5:15 6:1
depth  7 by ncomp: 1:34 2:503 3:1226 4:792 5:188 6:21 7:1
depth  8 by ncomp: 1:11 2:751 3:3767 4:4589 5:1895 6:329 7:29
depth  9 by ncomp: 2:11 3:64 4:50 5:8
depth 10 by ncomp: 2:16 3:186 4:243 5:75 6:8
depth 11 by ncomp: 2:5 3:402 4:1040 5:542 6:95 7:6
depth 12 by ncomp: 2:2 3:729 4:3894 5:3791 6:1116 7:138
depth 13 by ncomp: 3:1275 4:12195 5:20739 6:10536 7:2219
depth 14 by ncomp: 3:1764 4:33613 5:96326 6:79175 7:28371
depth 15 by ncomp: 3:2167 4:80242 5:388043 6:503352 7:300664
depth 16 by ncomp: 3:2313 4:169268 5:1379332 6:2763621 7:2737077
depth 17 by ncomp: 3:1996 4:316437 5:4354957 6:13433839 7:20926892
depth 18 by ncomp: 3:1533 4:522604 5:12338910 6:58248537 7:90205273
depth 19 by ncomp: 3:944 4:768503 5:31391396 6:227491466
depth 20 by ncomp: 3:527 4:1004701 5:72186195
depth 21 by ncomp: 3:262 4:1182905
depth 22 by ncomp: 3:67
depth 23 by ncomp:
depth 24 by ncomp:
