n=25 nodes=516215203 nsol=0 time=5561.56
depth: 0:1 1:1 2:2 3:8 4:41 5:184 6:732 7:2765 8:11371 9:82 10:435 11:2249 12:12004 13:69810 14:416445 15:2576416 16:15968904 17:82767870 18:221173125 19:173143660 20:19993809 21:75289 22:0 23:0 24:0
depth  0 by ncomp: 0:1
depth  1 by ncomp: 1:1
depth  2 by ncomp: 1:1 2:1
depth  3 by ncomp: 1:4 2:3 3:1
depth  4 by ncomp: 1:16 2:18 3:6 4:1
depth  5 by ncomp: 1:30 2:96 3:47 4:10 5:1
depth  6 by ncomp: 1:38 2:277 3:303 4:98 5:15 6:1
depth  7 by ncomp: 1:34 2:503 3:1226 4:792 5:188 6:21 7:1
depth  8 by ncomp: 1:11 2:751 3:3767 4:4589 5:1895 6:329 7:29
depth  9 by ncomp: 2:1 3:19 4:29 5:23 6:9 7:1
depth 10 by ncomp: 2:3 3:47 4:143 5:151 6:76 7:15
depth 11 by ncomp: 2:1 3:54 4:531 5:849 6:609 7:205
depth 12 by ncomp: 3:49 4:1289 5:3940 6:4432 7:2294
depth 13 by ncomp: 3:57 4:3305 5:16395 6:26830 7:23223
depth 14 by ncomp: 3:42 4:7276 5:59917 6:144755 7:204455
depth 15 by ncomp: 3:28 4:14009 5:199897 6:702570 7:1659912
depth 16 by ncomp: 3:13 4:24740 5:601656 6:3098188 7:12244307
depth 17 by ncomp: 3:11 4:39701 5:1657670 6:12621993 7:68448495
depth 18 by ncomp: 3:1 4:55667 5:4164494 6:47243654 7:169709309
depth 19 by ncomp: 3:2 4:69511 5:9547601 6:163526546
depth 20 by ncomp: 4:76169 5:19917640
depth 21 by ncomp: 4:75289
depth 22 by ncomp:
depth 23 by ncomp:
depth 24 by ncomp:
