n=25 nodes=703946016 nsol=0 time=6273.89
depth: 0:1 1:1 2:2 3:8 4:41 5:184 6:732 7:2765 8:11371 9:115 10:539 11:2627 12:13208 13:70081 14:385712 15:2207055 16:12962024 17:71878441 18:254644871 19:303357746 20:57912451 21:496038 22:3 23:0 24:0
depth  0 by ncomp: 0:1
depth  1 by ncomp: 1:1
depth  2 by ncomp: 1:1 2:1
depth  3 by ncomp: 1:4 2:3 3:1
depth  4 by ncomp: 1:16 2:18 3:6 4:1
depth  5 by ncomp: 1:30 2:96 3:47 4:10 5:1
depth  6 by ncomp: 1:38 2:277 3:303 4:98 5:15 6:1
depth  7 by ncomp: 1:34 2:503 3:1226 4:792 5:188 6:21 7:1
depth  8 by ncomp: 1:11 2:751 3:3767 4:4589 5:1895 6:329 7:29
depth  9 by ncomp: 3:32 4:54 5:26 6:3
depth 10 by ncomp: 3:92 4:235 5:169 6:40 7:3
depth 11 by ncomp: 3:170 4:898 5:1086 6:410 7:63
depth 12 by ncomp: 3:322 4:2953 5:5662 6:3405 7:866
depth 13 by ncomp: 3:485 4:8752 5:26523 6:24385 7:9936
depth 14 by ncomp: 3:599 4:22845 5:109605 6:152160 7:100503
depth 15 by ncomp: 3:580 4:50443 5:404535 6:843928 7:907569
depth 16 by ncomp: 3:494 4:98409 5:1320490 6:4163080 7:7379551
depth 17 by ncomp: 3:436 4:176072 5:3908474 6:18502105 7:49291354
depth 18 by ncomp: 3:231 4:278482 5:10571285 6:74824116 7:168970757
depth 19 by ncomp: 3:153 4:387343 5:25912296 6:277057954
depth 20 by ncomp: 3:62 4:466061 5:57446328
depth 21 by ncomp: 3:8 4:496030
depth 22 by ncomp: 3:3
depth 23 by ncomp:
depth 24 by ncomp:
