n=25 nodes=1423163444 nsol=0 time=16516.42
depth: 0:1 1:1 2:2 3:8 4:41 5:184 6:732 7:2765 8:11371 9:202 10:908 11:4172 12:22521 13:121559 14:693411 15:4091777 16:24785088 17:140862837 18:511907840 19:621981805 20:117630006 21:1046201 22:12 23:0 24:0
depth  0 by ncomp: 0:1
depth  1 by ncomp: 1:1
depth  2 by ncomp: 1:1 2:1
depth  3 by ncomp: 1:4 2:3 3:1
depth  4 by ncomp: 1:16 2:18 3:6 4:1
depth  5 by ncomp: 1:30 2:96 3:47 4:10 5:1
depth  6 by ncomp: 1:38 2:277 3:303 4:98 5:15 6:1
depth  7 by ncomp: 1:34 2:503 3:1226 4:792 5:188 6:21 7:1
depth  8 by ncomp: 1:11 2:751 3:3767 4:4589 5:1895 6:329 7:29
depth  9 by ncomp: 2:5 3:58 4:90 5:44 6:5
depth 10 by ncomp: 2:2 3:162 4:385 5:285 6:69 7:5
depth 11 by ncomp: 2:2 3:322 4:1406 5:1690 6:649 7:103
depth 12 by ncomp: 3:610 4:5112 5:9512 6:5786 7:1501
depth 13 by ncomp: 3:916 4:15277 5:45920 6:42061 7:17385
depth 14 by ncomp: 3:1099 4:41081 5:198785 6:272709 7:179737
depth 15 by ncomp: 3:1144 4:96092 5:765279 6:1569722 7:1659540
depth 16 by ncomp: 3:1086 4:195403 5:2612716 6:8059061 7:13916822
depth 17 by ncomp: 3:839 4:347923 5:7901054 6:36928531 7:95684490
depth 18 by ncomp: 3:564 4:556887 5:21454392 6:152061822 7:337834175
depth 19 by ncomp: 3:289 4:783085 5:52679988 6:568518443
depth 20 by ncomp: 3:112 4:965448 5:116664446
depth 21 by ncomp: 3:32 4:1046169
depth 22 by ncomp: 3:12
depth 23 by ncomp:
depth 24 by ncomp:
