n=25 nodes=921446632 nsol=0 time=11862.20
depth: 0:1 1:1 2:2 3:8 4:41 5:184 6:732 7:2765 8:11371 9:111 10:669 11:3586 12:19206 13:109958 14:648764 15:3953271 16:24524559 17:130966039 18:384613110 19:336517318 20:39939118 21:135818 22:0 23:0 24:0
depth  0 by ncomp: 0:1
depth  1 by ncomp: 1:1
depth  2 by ncomp: 1:1 2:1
depth  3 by ncomp: 1:4 2:3 3:1
depth  4 by ncomp: 1:16 2:18 3:6 4:1
depth  5 by ncomp: 1:30 2:96 3:47 4:10 5:1
depth  6 by ncomp: 1:38 2:277 3:303 4:98 5:15 6:1
depth  7 by ncomp: 1:34 2:503 3:1226 4:792 5:188 6:21 7:1
depth  8 by ncomp: 1:11 2:751 3:3767 4:4589 5:1895 6:329 7:29
depth  9 by ncomp: 3:5 4:51 5:42 6:12 7:1
depth 10 by ncomp: 3:19 4:225 5:292 6:114 7:19
depth 11 by ncomp: 3:28 4:710 5:1593 6:992 7:263
depth 12 by ncomp: 3:33 4:1775 5:7084 6:7173 7:3141
depth 13 by ncomp: 3:25 4:4708 5:29641 6:44240 7:31344
depth 14 by ncomp: 3:40 4:10714 5:110342 6:246581 7:281087
depth 15 by ncomp: 3:34 4:21772 5:373924 6:1237215 7:2320326
depth 16 by ncomp: 3:13 4:39157 5:1144592 6:5655423 7:17685374
depth 17 by ncomp: 3:8 4:63257 5:3199653 6:23593362 7:104109759
depth 18 by ncomp: 3:7 4:90806 5:8127084 6:90191702 7:286203511
depth 19 by ncomp: 4:116062 5:18829211 6:317572045
depth 20 by ncomp: 4:133901 5:39805217
depth 21 by ncomp: 4:135818
depth 22 by ncomp:
depth 23 by ncomp:
depth 24 by ncomp:
