n=25 nodes=303311338 nsol=0 time=2686.91
depth: 0:1 1:1 2:2 3:8 4:41 5:184 6:732 7:2765 8:11371 9:52 10:253 11:1199 12:6306 13:32358 14:180615 15:1035957 16:6092838 17:33739851 18:116287027 19:126552606 20:19265578 21:101593 22:0 23:0 24:0
depth  0 by ncomp: 0:1
depth  1 by ncomp: 1:1
depth  2 by ncomp: 1:1 2:1
depth  3 by ncomp: 1:4 2:3 3:1
depth  4 by ncomp: 1:16 2:18 3:6 4:1
depth  5 by ncomp: 1:30 2:96 3:47 4:10 5:1
depth  6 by ncomp: 1:38 2:277 3:303 4:98 5:15 6:1
depth  7 by ncomp: 1:34 2:503 3:1226 4:792 5:188 6:21 7:1
depth  8 by ncomp: 1:11 2:751 3:3767 4:4589 5:1895 6:329 7:29
depth  9 by ncomp: 3:9 4:26 5:15 6:2
depth 10 by ncomp: 3:19 4:124 5:86 6:22 7:2
depth 11 by ncomp: 3:27 4:399 5:532 6:205 7:36
depth 12 by ncomp: 3:37 4:1227 5:2914 6:1690 7:438
depth 13 by ncomp: 3:56 4:3014 5:12394 6:12068 7:4826
depth 14 by ncomp: 3:70 4:6654 5:49313 6:75179 7:49399
depth 15 by ncomp: 3:69 4:13585 5:169681 6:404900 7:447722
depth 16 by ncomp: 3:54 4:25279 5:530048 6:1932593 7:3604864
depth 17 by ncomp: 3:29 4:40605 5:1491048 6:8343294 7:23864875
depth 18 by ncomp: 3:4 4:59289 5:3817031 6:32744226 7:79666477
depth 19 by ncomp: 3:3 4:79320 5:8949284 6:117523999
depth 20 by ncomp: 3:2 4:94494 5:19171082
depth 21 by ncomp: 4:101593
depth 22 by ncomp:
depth 23 by ncomp:
depth 24 by ncomp:
