n=25 nodes=473892171 nsol=0 time=5545.60
depth: 0:1 1:1 2:2 3:8 4:41 5:184 6:732 7:2765 8:11371 9:70 10:371 11:2046 12:11816 13:69135 14:425134 15:2680353 16:16849801 17:86586992 18:216665048 19:139885021 20:10678440 21:22839 22:0 23:0 24:0
depth  0 by ncomp: 0:1
depth  1 by ncomp: 1:1
depth  2 by ncomp: 1:1 2:1
depth  3 by ncomp: 1:4 2:3 3:1
depth  4 by ncomp: 1:16 2:18 3:6 4:1
depth  5 by ncomp: 1:30 2:96 3:47 4:10 5:1
depth  6 by ncomp: 1:38 2:277 3:303 4:98 5:15 6:1
depth  7 by ncomp: 1:34 2:503 3:1226 4:792 5:188 6:21 7:1
depth  8 by ncomp: 1:11 2:751 3:3767 4:4589 5:1895 6:329 7:29
depth  9 by ncomp: 3:4 4:27 5:29 6:9 7:1
depth 10 by ncomp: 3:5 4:69 5:180 6:100 7:17
depth 11 by ncomp: 3:5 4:202 5:790 6:799 7:250
depth 12 by ncomp: 3:13 4:556 5:3299 6:5049 7:2899
depth 13 by ncomp: 3:7 4:1315 5:12269 6:28144 7:27400
depth 14 by ncomp: 3:11 4:2905 5:42556 6:144124 7:235538
depth 15 by ncomp: 3:8 4:5259 5:135747 6:668878 7:1870461
depth 16 by ncomp: 3:13 4:8881 5:391135 6:2846905 7:13602867
depth 17 by ncomp: 3:3 4:12628 5:1020017 6:11155793 7:74398551
depth 18 by ncomp: 3:2 4:16729 5:2431451 6:40285286 7:173931580
depth 19 by ncomp: 3:2 4:19637 5:5311290 6:134554092
depth 20 by ncomp: 4:21808 5:10656632
depth 21 by ncomp: 4:22839
depth 22 by ncomp:
depth 23 by ncomp:
depth 24 by ncomp:
