n=25 nodes=485468066 nsol=0 time=6208.58
depth: 0:1 1:1 2:2 3:8 4:41 5:184 6:732 7:2765 8:11371 9:98 10:417 11:1939 12:10016 13:54433 14:307067 15:1800109 16:10842308 17:59651844 18:192614758 19:191242884 20:28658765 21:268313 22:10 23:0 24:0
depth  0 by ncomp: 0:1
depth  1 by ncomp: 1:1
depth  2 by ncomp: 1:1 2:1
depth  3 by ncomp: 1:4 2:3 3:1
depth  4 by ncomp: 1:16 2:18 3:6 4:1
depth  5 by ncomp: 1:30 2:96 3:47 4:10 5:1
depth  6 by ncomp: 1:38 2:277 3:303 4:98 5:15 6:1
depth  7 by ncomp: 1:34 2:503 3:1226 4:792 5:188 6:21 7:1
depth  8 by ncomp: 1:11 2:751 3:3767 4:4589 5:1895 6:329 7:29
depth  9 by ncomp: 2:7 3:10 4:45 5:32 6:4
depth 10 by ncomp: 2:10 3:39 4:138 5:179 6:47 7:4
depth 11 by ncomp: 2:3 3:87 4:452 5:933 6:402 7:62
depth 12 by ncomp: 2:4 3:247 4:1394 5:4245 6:3221 7:905
depth 13 by ncomp: 3:394 4:3833 5:17778 6:21900 7:10528
depth 14 by ncomp: 3:520 4:9431 5:66071 6:126209 7:104836
depth 15 by ncomp: 3:631 4:22492 5:227515 6:648529 7:900942
depth 16 by ncomp: 3:650 4:44775 5:714317 6:3015599 7:7066967
depth 17 by ncomp: 3:595 4:83147 5:2046347 6:12765569 7:44756186
depth 18 by ncomp: 3:343 4:136328 5:5404927 6:49577781 7:137495379
depth 19 by ncomp: 3:198 4:193398 5:13043540 6:178005748
depth 20 by ncomp: 3:94 4:241731 5:28416940
depth 21 by ncomp: 3:34 4:268279
depth 22 by ncomp: 3:10
depth 23 by ncomp:
depth 24 by ncomp:
