n=25 nodes=1129183472 nsol=0 time=12044.76
depth: 0:1 1:1 2:2 3:8 4:41 5:184 6:732 7:2765 8:11371 9:145 10:778 11:4332 12:25104 13:150436 14:921262 15:5803160 16:36690674 17:192070299 18:504563240 19:356258557 20:32585200 21:95180 22:0 23:0 24:0
depth  0 by ncomp: 0:1
depth  1 by ncomp: 1:1
depth  2 by ncomp: 1:1 2:1
depth  3 by ncomp: 1:4 2:3 3:1
depth  4 by ncomp: 1:16 2:18 3:6 4:1
depth  5 by ncomp: 1:30 2:96 3:47 4:10 5:1
depth  6 by ncomp: 1:38 2:277 3:303 4:98 5:15 6:1
depth  7 by ncomp: 1:34 2:503 3:1226 4:792 5:188 6:21 7:1
depth  8 by ncomp: 1:11 2:751 3:3767 4:4589 5:1895 6:329 7:29
depth  9 by ncomp: 3:19 4:45 5:61 6:18 7:2
depth 10 by ncomp: 3:26 4:168 5:360 6:190 7:34
depth 11 by ncomp: 3:40 4:565 5:1723 6:1526 7:478
depth 12 by ncomp: 3:40 4:1677 5:7834 6:10168 7:5385
depth 13 by ncomp: 3:37 4:4185 5:31257 6:61784 7:53173
depth 14 by ncomp: 3:43 4:9385 5:112096 6:326583 7:473155
depth 15 by ncomp: 3:50 4:18672 5:361769 6:1570057 7:3852612
depth 16 by ncomp: 3:30 4:32921 5:1074655 6:6857570 7:28725498
depth 17 by ncomp: 3:21 4:52451 5:2891093 6:27347531 7:161779203
depth 18 by ncomp: 3:8 4:71019 5:7083078 6:100431523 7:396977612
depth 19 by ncomp: 3:6 4:86602 5:15860738 6:340311211
depth 20 by ncomp: 3:4 4:96042 5:32489154
depth 21 by ncomp: 3:5 4:95175
depth 22 by ncomp:
depth 23 by ncomp:
depth 24 by ncomp:
