n=25 nodes=165133669 nsol=0 time=1557.42
depth: 0:1 1:1 2:2 3:8 4:41 5:184 6:732 7:2765 8:11371 9:28 10:110 11:528 12:2808 13:17075 14:103425 15:622386 16:3791001 17:20969730 18:67744513 19:64060322 20:7776036 21:30602 22:0 23:0 24:0
depth  0 by ncomp: 0:1
depth  1 by ncomp: 1:1
depth  2 by ncomp: 1:1 2:1
depth  3 by ncomp: 1:4 2:3 3:1
depth  4 by ncomp: 1:16 2:18 3:6 4:1
depth  5 by ncomp: 1:30 2:96 3:47 4:10 5:1
depth  6 by ncomp: 1:38 2:277 3:303 4:98 5:15 6:1
depth  7 by ncomp: 1:34 2:503 3:1226 4:792 5:188 6:21 7:1
depth  8 by ncomp: 1:11 2:751 3:3767 4:4589 5:1895 6:329 7:29
depth  9 by ncomp: 3:1 4:16 5:10 6:1
depth 10 by ncomp: 4:33 5:61 6:15 7:1
depth 11 by ncomp: 4:93 5:275 6:139 7:21
depth 12 by ncomp: 4:264 5:1210 6:1031 7:303
depth 13 by ncomp: 4:725 5:5619 6:7234 7:3497
depth 14 by ncomp: 3:2 4:1756 5:21362 6:44028 7:36277
depth 15 by ncomp: 3:4 4:3640 5:71105 6:228207 7:319430
depth 16 by ncomp: 3:1 4:6266 5:214986 6:1046048 7:2523700
depth 17 by ncomp: 3:1 4:10614 5:601602 6:4397174 7:15960339
depth 18 by ncomp: 4:15897 5:1526227 6:17039808 7:49162581
depth 19 by ncomp: 4:22211 5:3582140 6:60455971
depth 20 by ncomp: 4:27565 5:7748471
depth 21 by ncomp: 4:30602
depth 22 by ncomp:
depth 23 by ncomp:
depth 24 by ncomp:
