n=25 nodes=551064552 nsol=0 time=6937.59
depth: 0:1 1:1 2:2 3:8 4:41 5:184 6:732 7:2765 8:11371 9:80 10:384 11:2163 12:12345 13:71056 14:433894 15:2685191 16:16797286 17:87739531 18:235982040 19:184426105 20:22734166 21:165198 22:8 23:0 24:0
depth  0 by ncomp: 0:1
depth  1 by ncomp: 1:1
depth  2 by ncomp: 1:1 2:1
depth  3 by ncomp: 1:4 2:3 3:1
depth  4 by ncomp: 1:16 2:18 3:6 4:1
depth  5 by ncomp: 1:30 2:96 3:47 4:10 5:1
depth  6 by ncomp: 1:38 2:277 3:303 4:98 5:15 6:1
depth  7 by ncomp: 1:34 2:503 3:1226 4:792 5:188 6:21 7:1
depth  8 by ncomp: 1:11 2:751 3:3767 4:4589 5:1895 6:329 7:29
depth  9 by ncomp: 3:6 4:25 5:37 6:11 7:1
depth 10 by ncomp: 3:15 4:86 5:169 6:97 7:17
depth 11 by ncomp: 3:43 4:337 5:831 6:717 7:235
depth 12 by ncomp: 3:87 4:1124 5:3889 6:4681 7:2564
depth 13 by ncomp: 3:116 4:2800 5:15934 6:28139 7:24067
depth 14 by ncomp: 3:108 4:6405 5:58026 6:152701 7:216654
depth 15 by ncomp: 3:137 4:14044 5:192953 6:734530 7:1743527
depth 16 by ncomp: 3:145 4:27577 5:596398 6:3253576 7:12919590
depth 17 by ncomp: 3:108 4:49228 5:1681057 6:13287000 7:72722138
depth 18 by ncomp: 3:64 4:79157 5:4351716 6:49939222 7:181611881
depth 19 by ncomp: 3:54 4:114076 5:10342907 6:173969068
depth 20 by ncomp: 3:7 4:147236 5:22586923
depth 21 by ncomp: 3:4 4:165194
depth 22 by ncomp: 3:8
depth 23 by ncomp:
depth 24 by ncomp:
