n=25 nodes=79726540 nsol=0 time=707.12
depth: 0:1 1:1 2:2 3:8 4:41 5:184 6:732 7:2765 8:11371 9:53 10:161 11:443 12:1617 13:6934 14:33333 15:177982 16:997370 17:5548229 18:22539781 19:36619767 20:13321566 21:464144 22:55 23:0 24:0
depth  0 by ncomp: 0:1
depth  1 by ncomp: 1:1
depth  2 by ncomp: 1:1 2:1
depth  3 by ncomp: 1:4 2:3 3:1
depth  4 by ncomp: 1:16 2:18 3:6 4:1
depth  5 by ncomp: 1:30 2:96 3:47 4:10 5:1
depth  6 by ncomp: 1:38 2:277 3:303 4:98 5:15 6:1
depth  7 by ncomp: 1:34 2:503 3:1226 4:792 5:188 6:21 7:1
depth  8 by ncomp: 1:11 2:751 3:3767 4:4589 5:1895 6:329 7:29
depth  9 by ncomp: 2:2 3:12 4:26 5:12 6:1
depth 10 by ncomp: 3:19 4:63 5:62 6:16 7:1
depth 11 by ncomp: 2:1 3:51 4:112 5:163 6:96 7:20
depth 12 by ncomp: 2:1 3:116 4:394 5:560 6:378 7:168
depth 13 by ncomp: 2:1 3:207 4:1281 5:2521 6:1926 7:998
depth 14 by ncomp: 3:329 4:3889 5:10990 6:11500 7:6625
depth 15 by ncomp: 3:479 4:11289 5:45506 6:67478 7:53230
depth 16 by ncomp: 3:585 4:27535 5:169625 6:361790 7:437835
depth 17 by ncomp: 3:680 4:62509 5:582517 6:1755116 7:3147407
depth 18 by ncomp: 3:697 4:123101 5:1815433 6:7774167 7:12826383
depth 19 by ncomp: 3:532 4:214834 5:5076782 6:31327619
depth 20 by ncomp: 3:339 4:334888 5:12986339
depth 21 by ncomp: 3:175 4:463969
depth 22 by ncomp: 3:55
depth 23 by ncomp:
depth 24 by ncomp:
