n=25 nodes=620135050 nsol=0 time=6396.21
depth: 0:1 1:1 2:2 3:8 4:41 5:184 6:732 7:2765 8:11371 9:99 10:487 11:2385 12:12152 13:64637 14:361400 15:2076019 16:12206525 17:67332902 18:231378149 19:260233831 20:45996738 21:454618 22:3 23:0 24:0
depth  0 by ncomp: 0:1
depth  1 by ncomp: 1:1
depth  2 by ncomp: 1:1 2:1
depth  3 by ncomp: 1:4 2:3 3:1
depth  4 by ncomp: 1:16 2:18 3:6 4:1
depth  5 by ncomp: 1:30 2:96 3:47 4:10 5:1
depth  6 by ncomp: 1:38 2:277 3:303 4:98 5:15 6:1
depth  7 by ncomp: 1:34 2:503 3:1226 4:792 5:188 6:21 7:1
depth  8 by ncomp: 1:11 2:751 3:3767 4:4589 5:1895 6:329 7:29
depth  9 by ncomp: 2:4 3:12 4:57 5:24 6:2
depth 10 by ncomp: 2:5 3:46 4:222 5:178 6:34 7:2
depth 11 by ncomp: 3:96 4:731 5:1115 6:393 7:50
depth 12 by ncomp: 3:207 4:2288 5:5508 6:3374 7:775
depth 13 by ncomp: 3:406 4:6349 5:24204 6:24075 7:9603
depth 14 by ncomp: 3:562 4:16170 5:96500 6:148430 7:99738
depth 15 by ncomp: 3:705 4:36270 5:339795 6:795365 7:903884
depth 16 by ncomp: 3:667 4:72728 5:1084075 6:3803793 7:7245262
depth 17 by ncomp: 3:530 4:131551 5:3175165 6:16535995 7:47489661
depth 18 by ncomp: 3:371 4:208424 5:8439374 6:65608604 7:157121376
depth 19 by ncomp: 3:177 4:303308 5:20556091 6:239374255
depth 20 by ncomp: 3:67 4:390626 5:45606045
depth 21 by ncomp: 3:25 4:454593
depth 22 by ncomp: 3:3
depth 23 by ncomp:
depth 24 by ncomp:
