n=25 nodes=296659133 nsol=0 time=3378.04
depth: 0:1 1:1 2:2 3:8 4:41 5:184 6:732 7:2765 8:11371 9:52 10:211 11:1069 12:5661 13:30760 14:170726 15:978092 16:5779512 17:32085271 18:111528632 19:125775776 20:20191364 21:96902 22:0 23:0 24:0
depth  0 by ncomp: 0:1
depth  1 by ncomp: 1:1
depth  2 by ncomp: 1:1 2:1
depth  3 by ncomp: 1:4 2:3 3:1
depth  4 by ncomp: 1:16 2:18 3:6 4:1
depth  5 by ncomp: 1:30 2:96 3:47 4:10 5:1
depth  6 by ncomp: 1:38 2:277 3:303 4:98 5:15 6:1
depth  7 by ncomp: 1:34 2:503 3:1226 4:792 5:188 6:21 7:1
depth  8 by ncomp: 1:11 2:751 3:3767 4:4589 5:1895 6:329 7:29
depth  9 by ncomp: 3:16 4:24 5:11 6:1
depth 10 by ncomp: 3:22 4:105 5:69 6:14 7:1
depth 11 by ncomp: 3:45 4:391 5:461 6:152 7:20
depth 12 by ncomp: 3:56 4:1226 5:2555 6:1483 7:341
depth 13 by ncomp: 3:70 4:3318 5:11964 6:11078 7:4330
depth 14 by ncomp: 3:51 4:7624 5:47696 6:69529 7:45826
depth 15 by ncomp: 3:73 4:15699 5:168345 6:377945 7:416030
depth 16 by ncomp: 3:45 4:28420 5:532570 6:1839701 7:3378776
depth 17 by ncomp: 3:18 4:45889 5:1522441 6:8046075 7:22470848
depth 18 by ncomp: 3:10 4:65995 5:3966940 6:31907532 7:75588155
depth 19 by ncomp: 3:2 4:84652 5:9363420 6:116327702
depth 20 by ncomp: 3:2 4:96619 5:20094743
depth 21 by ncomp: 4:96902
depth 22 by ncomp:
depth 23 by ncomp:
depth 24 by ncomp:
