n=25 nodes=480340512 nsol=0 time=4272.62
depth: 0:1 1:1 2:2 3:8 4:41 5:184 6:732 7:2765 8:11371 9:101 10:359 11:1953 12:9944 13:54286 14:303469 15:1737980 16:10289191 17:56682038 18:189575116 19:194862902 20:26702867 21:105201 22:0 23:0 24:0
depth  0 by ncomp: 0:1
depth  1 by ncomp: 1:1
depth  2 by ncomp: 1:1 2:1
depth  3 by ncomp: 1:4 2:3 3:1
depth  4 by ncomp: 1:16 2:18 3:6 4:1
depth  5 by ncomp: 1:30 2:96 3:47 4:10 5:1
depth  6 by ncomp: 1:38 2:277 3:303 4:98 5:15 6:1
depth  7 by ncomp: 1:34 2:503 3:1226 4:792 5:188 6:21 7:1
depth  8 by ncomp: 1:11 2:751 3:3767 4:4589 5:1895 6:329 7:29
depth  9 by ncomp: 2:2 3:13 4:48 5:34 6:4
depth 10 by ncomp: 3:35 4:132 5:143 6:45 7:4
depth 11 by ncomp: 3:58 4:597 5:873 6:356 7:69
depth 12 by ncomp: 3:60 4:1731 5:4463 6:2866 7:824
depth 13 by ncomp: 3:67 4:4495 5:20150 6:20565 7:9009
depth 14 by ncomp: 3:53 4:9837 5:77440 6:126237 7:89902
depth 15 by ncomp: 3:29 4:19270 5:259899 6:664191 7:794591
depth 16 by ncomp: 3:17 4:33902 5:795144 6:3125880 7:6334248
depth 17 by ncomp: 3:12 4:53723 5:2203846 6:13314012 7:41110445
depth 18 by ncomp: 3:14 4:74770 5:5547909 6:51418683 7:132533740
depth 19 by ncomp: 3:2 4:94253 5:12724776 6:182043871
depth 20 by ncomp: 4:104527 5:26598340
depth 21 by ncomp: 4:105201
depth 22 by ncomp:
depth 23 by ncomp:
depth 24 by ncomp:
