n=25 nodes=1185681123 nsol=0 time=14440.68
depth: 0:1 1:1 2:2 3:8 4:41 5:184 6:732 7:2765 8:11371 9:133 10:718 11:3900 12:22140 13:130238 14:781974 15:4819573 16:29845093 17:159479336 18:474107700 19:448766844 20:67305476 21:402888 22:5 23:0 24:0
depth  0 by ncomp: 0:1
depth  1 by ncomp: 1:1
depth  2 by ncomp: 1:1 2:1
depth  3 by ncomp: 1:4 2:3 3:1
depth  4 by ncomp: 1:16 2:18 3:6 4:1
depth  5 by ncomp: 1:30 2:96 3:47 4:10 5:1
depth  6 by ncomp: 1:38 2:277 3:303 4:98 5:15 6:1
depth  7 by ncomp: 1:34 2:503 3:1226 4:792 5:188 6:21 7:1
depth  8 by ncomp: 1:11 2:751 3:3767 4:4589 5:1895 6:329 7:29
depth  9 by ncomp: 3:14 4:48 5:57 6:13 7:1
depth 10 by ncomp: 3:33 4:200 5:321 6:143 7:21
depth 11 by ncomp: 3:65 4:744 5:1602 6:1172 7:317
depth 12 by ncomp: 3:109 4:2475 5:7514 6:8128 7:3914
depth 13 by ncomp: 3:174 4:7553 5:33737 6:50169 7:38605
depth 14 by ncomp: 3:218 4:19510 5:136398 6:282662 7:343186
depth 15 by ncomp: 3:206 4:44097 5:499727 6:1460417 7:2815126
depth 16 by ncomp: 3:234 4:87450 5:1620287 6:6841986 7:21295136
depth 17 by ncomp: 3:200 4:151976 5:4775292 6:29320261 7:125231607
depth 18 by ncomp: 3:172 4:231643 5:12770780 6:115497885 7:345607220
depth 19 by ncomp: 3:109 4:314869 5:30776161 6:417675705
depth 20 by ncomp: 3:49 4:375441 5:66929986
depth 21 by ncomp: 3:15 4:402873
depth 22 by ncomp: 3:5
depth 23 by ncomp:
depth 24 by ncomp:
