n=25 nodes=804991815 nsol=0 time=7744.55
depth: 0:1 1:1 2:2 3:8 4:41 5:184 6:732 7:2765 8:11371 9:124 10:561 11:2839 12:14503 13:80341 14:455187 15:2636287 16:15635840 17:86736416 18:299047171 19:339053843 20:60818335 21:495259 22:4 23:0 24:0
depth  0 by ncomp: 0:1
depth  1 by ncomp: 1:1
depth  2 by ncomp: 1:1 2:1
depth  3 by ncomp: 1:4 2:3 3:1
depth  4 by ncomp: 1:16 2:18 3:6 4:1
depth  5 by ncomp: 1:30 2:96 3:47 4:10 5:1
depth  6 by ncomp: 1:38 2:277 3:303 4:98 5:15 6:1
depth  7 by ncomp: 1:34 2:503 3:1226 4:792 5:188 6:21 7:1
depth  8 by ncomp: 1:11 2:751 3:3767 4:4589 5:1895 6:329 7:29
depth  9 by ncomp: 3:27 4:64 5:30 6:3
depth 10 by ncomp: 3:45 4:260 5:210 6:43 7:3
depth 11 by ncomp: 3:93 4:886 5:1303 6:490 7:67
depth 12 by ncomp: 3:166 4:2650 5:6485 6:4178 7:1024
depth 13 by ncomp: 3:304 4:7544 5:29635 6:30151 7:12707
depth 14 by ncomp: 3:390 4:19832 5:118574 6:185474 7:130917
depth 15 by ncomp: 3:465 4:44670 5:426283 6:995545 7:1169324
depth 16 by ncomp: 3:449 4:91260 5:1388834 6:4804597 7:9350700
depth 17 by ncomp: 3:348 4:165888 5:4115995 6:21128304 7:61325881
depth 18 by ncomp: 3:223 4:263344 5:11089706 6:84744248 7:202949650
depth 19 by ncomp: 3:124 4:366420 5:27147073 6:311540226
depth 20 by ncomp: 3:59 4:454734 5:60363542
depth 21 by ncomp: 3:19 4:495240
depth 22 by ncomp: 3:4
depth 23 by ncomp:
depth 24 by ncomp:
