n=25 nodes=486603011 nsol=0 time=6120.82
depth: 0:1 1:1 2:2 3:8 4:41 5:184 6:732 7:2765 8:11371 9:98 10:460 11:2075 12:10296 13:53405 14:288732 15:1611822 16:9221935 17:50177193 18:177243930 19:209523050 20:38112344 21:342538 22:28 23:0 24:0
depth  0 by ncomp: 0:1
depth  1 by ncomp: 1:1
depth  2 by ncomp: 1:1 2:1
depth  3 by ncomp: 1:4 2:3 3:1
depth  4 by ncomp: 1:16 2:18 3:6 4:1
depth  5 by ncomp: 1:30 2:96 3:47 4:10 5:1
depth  6 by ncomp: 1:38 2:277 3:303 4:98 5:15 6:1
depth  7 by ncomp: 1:34 2:503 3:1226 4:792 5:188 6:21 7:1
depth  8 by ncomp: 1:11 2:751 3:3767 4:4589 5:1895 6:329 7:29
depth  9 by ncomp: 2:5 3:31 4:48 5:13 6:1
depth 10 by ncomp: 2:3 3:86 4:230 5:121 6:19 7:1
depth 11 by ncomp: 2:1 3:151 4:813 5:842 6:241 7:27
depth 12 by ncomp: 2:1 3:264 4:2644 5:4613 6:2309 7:465
depth 13 by ncomp: 3:399 4:7433 5:21680 6:17731 7:6162
depth 14 by ncomp: 3:518 4:18110 5:88368 6:114607 7:67129
depth 15 by ncomp: 3:582 4:38975 5:316072 6:634398 7:621795
depth 16 by ncomp: 3:548 4:73946 5:1004023 6:3083342 7:5060076
depth 17 by ncomp: 3:377 4:128318 5:2872338 6:13403470 7:33772690
depth 18 by ncomp: 3:271 4:192617 5:7482316 6:53114895 7:116453831
depth 19 by ncomp: 3:202 4:260792 5:17667015 6:191595041
depth 20 by ncomp: 3:111 4:312339 5:37799894
depth 21 by ncomp: 3:48 4:342490
depth 22 by ncomp: 3:28
depth 23 by ncomp:
depth 24 by ncomp:
