n=25 nodes=744409156 nsol=0 time=8330.40
depth: 0:1 1:1 2:2 3:8 4:41 5:184 6:732 7:2765 8:11371 9:95 10:574 11:3642 12:23779 13:156265 14:1048788 15:7191231 16:46635453 17:202680793 18:339515719 19:135945485 20:11138302 21:53925 22:0 23:0 24:0
depth  0 by ncomp: 0:1
depth  1 by ncomp: 1:1
depth  2 by ncomp: 1:1 2:1
depth  3 by ncomp: 1:4 2:3 3:1
depth  4 by ncomp: 1:16 2:18 3:6 4:1
depth  5 by ncomp: 1:30 2:96 3:47 4:10 5:1
depth  6 by ncomp: 1:38 2:277 3:303 4:98 5:15 6:1
depth  7 by ncomp: 1:34 2:503 3:1226 4:792 5:188 6:21 7:1
depth  8 by ncomp: 1:11 2:751 3:3767 4:4589 5:1895 6:329 7:29
depth  9 by ncomp: 2:4 3:12 4:26 5:10 6:33 7:10
depth 10 by ncomp: 2:6 3:31 4:97 5:80 6:231 7:129
depth 11 by ncomp: 2:5 3:57 4:291 5:456 6:1417 7:1416
depth 12 by ncomp: 2:3 3:60 4:820 5:2200 6:7651 7:13045
depth 13 by ncomp: 2:1 3:65 4:2126 5:8957 6:37385 7:107731
depth 14 by ncomp: 3:45 4:4570 5:32334 6:169893 7:841946
depth 15 by ncomp: 3:44 4:9336 5:108554 6:732065 7:6341232
depth 16 by ncomp: 3:33 4:17052 5:330706 6:2971887 7:43315775
depth 17 by ncomp: 3:28 4:27278 5:919974 6:11295300 7:190438213
depth 18 by ncomp: 3:6 4:38597 5:2315128 6:39853991 7:297307997
depth 19 by ncomp: 3:3 4:48597 5:5304682 6:130592203
depth 20 by ncomp: 3:2 4:54476 5:11083824
depth 21 by ncomp: 4:53925
depth 22 by ncomp:
depth 23 by ncomp:
depth 24 by ncomp:
