n=25 nodes=291042187 nsol=0 time=2541.32
depth: 0:1 1:1 2:2 3:8 4:41 5:184 6:732 7:2765 8:11371 9:50 10:245 11:1206 12:5949 13:31184 14:173036 15:995808 16:5860229 17:32434759 18:111546421 19:121078166 20:18785364 21:114665 22:0 23:0 24:0
depth  0 by ncomp: 0:1
depth  1 by ncomp: 1:1
depth  2 by ncomp: 1:1 2:1
depth  3 by ncomp: 1:4 2:3 3:1
depth  4 by ncomp: 1:16 2:18 3:6 4:1
depth  5 by ncomp: 1:30 2:96 3:47 4:10 5:1
depth  6 by ncomp: 1:38 2:277 3:303 4:98 5:15 6:1
depth  7 by ncomp: 1:34 2:503 3:1226 4:792 5:188 6:21 7:1
depth  8 by ncomp: 1:11 2:751 3:3767 4:4589 5:1895 6:329 7:29
depth  9 by ncomp: 3:12 4:26 5:11 6:1
depth 10 by ncomp: 3:25 4:125 5:79 6:15 7:1
depth 11 by ncomp: 3:38 4:430 5:539 6:176 7:23
depth 12 by ncomp: 3:78 4:1306 5:2694 6:1514 7:357
depth 13 by ncomp: 3:82 4:3214 5:12117 6:11370 7:4401
depth 14 by ncomp: 3:97 4:7419 5:47188 6:71184 7:47148
depth 15 by ncomp: 3:115 4:15482 5:166571 6:385791 7:427849
depth 16 by ncomp: 3:73 4:27653 5:514798 6:1851591 7:3466114
depth 17 by ncomp: 3:42 4:45255 5:1459377 6:7996091 7:22933994
depth 18 by ncomp: 3:33 4:67506 5:3724155 6:31330239 7:76424488
depth 19 by ncomp: 3:14 4:89690 5:8740257 6:112248205
depth 20 by ncomp: 3:2 4:106610 5:18678752
depth 21 by ncomp: 3:1 4:114664
depth 22 by ncomp:
depth 23 by ncomp:
depth 24 by ncomp:
