n=25 nodes=467363393 nsol=0 time=5197.54
depth: 0:1 1:1 2:2 3:8 4:41 5:184 6:732 7:2765 8:11371 9:127 10:541 11:2418 12:11257 13:57231 14:307985 15:1746882 16:10216738 17:55086300 18:178459177 19:185092414 20:35629768 21:737330 22:120 23:0 24:0
depth  0 by ncomp: 0:1
depth  1 by ncomp: 1:1
depth  2 by ncomp: 1:1 2:1
depth  3 by ncomp: 1:4 2:3 3:1
depth  4 by ncomp: 1:16 2:18 3:6 4:1
depth  5 by ncomp: 1:30 2:96 3:47 4:10 5:1
depth  6 by ncomp: 1:38 2:277 3:303 4:98 5:15 6:1
depth  7 by ncomp: 1:34 2:503 3:1226 4:792 5:188 6:21 7:1
depth  8 by ncomp: 1:11 2:751 3:3767 4:4589 5:1895 6:329 7:29
depth  9 by ncomp: 2:7 3:21 4:55 5:39 6:5
depth 10 by ncomp: 2:11 3:39 4:201 5:222 6:63 7:5
depth 11 by ncomp: 2:8 3:114 4:585 5:1091 6:525 7:95
depth 12 by ncomp: 2:3 3:266 4:1634 5:4666 6:3585 7:1103
depth 13 by ncomp: 2:3 3:532 4:4613 5:18839 6:22237 7:11007
depth 14 by ncomp: 3:766 4:11819 5:70025 6:124915 7:100460
depth 15 by ncomp: 3:1025 4:28292 5:239069 6:635006 7:843490
depth 16 by ncomp: 3:1227 4:62272 5:751196 6:2913262 7:6488781
depth 17 by ncomp: 3:1263 4:126937 5:2200901 6:12227772 7:40529427
depth 18 by ncomp: 3:1106 4:235780 5:5997853 6:47306949 7:124917489
depth 19 by ncomp: 3:800 4:388040 5:15117518 6:169586056
depth 20 by ncomp: 3:539 4:566497 5:35062732
depth 21 by ncomp: 3:285 4:737045
depth 22 by ncomp: 3:120
depth 23 by ncomp:
depth 24 by ncomp:
