n=25 nodes=215665880 nsol=0 time=1994.64
depth: 0:1 1:1 2:2 3:8 4:41 5:184 6:732 7:2765 8:11371 9:71 10:256 11:1024 12:4636 13:22597 14:114184 15:611151 16:3414817 17:18736263 18:72677471 19:99428932 20:20497218 21:142155 22:0 23:0 24:0
depth  0 by ncomp: 0:1
depth  1 by ncomp: 1:1
depth  2 by ncomp: 1:1 2:1
depth  3 by ncomp: 1:4 2:3 3:1
depth  4 by ncomp: 1:16 2:18 3:6 4:1
depth  5 by ncomp: 1:30 2:96 3:47 4:10 5:1
depth  6 by ncomp: 1:38 2:277 3:303 4:98 5:15 6:1
depth  7 by ncomp: 1:34 2:503 3:1226 4:792 5:188 6:21 7:1
depth  8 by ncomp: 1:11 2:751 3:3767 4:4589 5:1895 6:329 7:29
depth  9 by ncomp: 3:30 4:36 5:5
depth 10 by ncomp: 3:36 4:160 5:55 6:5
depth 11 by ncomp: 3:46 4:506 5:396 6:72 7:4
depth 12 by ncomp: 3:77 4:1465 5:2207 6:787 7:100
depth 13 by ncomp: 3:88 4:3798 5:10522 6:6643 7:1546
depth 14 by ncomp: 3:89 4:8603 5:42373 6:44692 7:18427
depth 15 by ncomp: 3:75 4:18094 5:153149 6:258332 7:181501
depth 16 by ncomp: 3:69 4:34061 5:496121 6:1314249 7:1570317
depth 17 by ncomp: 3:41 4:57331 5:1442867 6:5932582 7:11303442
depth 18 by ncomp: 3:25 4:86377 5:3842589 6:24231847 7:44516633
depth 19 by ncomp: 3:23 4:113553 5:9266261 6:90049095
depth 20 by ncomp: 3:11 4:133717 5:20363490
depth 21 by ncomp: 3:8 4:142147
depth 22 by ncomp:
depth 23 by ncomp:
depth 24 by ncomp:
