n=25 nodes=1095844471 nsol=0 time=12297.86
depth: 0:1 1:1 2:2 3:8 4:41 5:184 6:732 7:2765 8:11371 9:189 10:927 11:4883 12:25984 13:143112 14:828233 15:4948884 16:30062834 17:158338055 18:456191250 19:393456874 20:51495098 21:333039 22:4 23:0 24:0
depth  0 by ncomp: 0:1
depth  1 by ncomp: 1:1
depth  2 by ncomp: 1:1 2:1
depth  3 by ncomp: 1:4 2:3 3:1
depth  4 by ncomp: 1:16 2:18 3:6 4:1
depth  5 by ncomp: 1:30 2:96 3:47 4:10 5:1
depth  6 by ncomp: 1:38 2:277 3:303 4:98 5:15 6:1
depth  7 by ncomp: 1:34 2:503 3:1226 4:792 5:188 6:21 7:1
depth  8 by ncomp: 1:11 2:751 3:3767 4:4589 5:1895 6:329 7:29
depth  9 by ncomp: 3:26 4:90 5:60 6:12 7:1
depth 10 by ncomp: 3:55 4:322 5:388 6:142 7:20
depth 11 by ncomp: 3:126 4:1031 5:2102 6:1296 7:328
depth 12 by ncomp: 3:213 4:2946 5:9639 6:9244 7:3942
depth 13 by ncomp: 3:278 4:7721 5:38902 6:56644 7:39567
depth 14 by ncomp: 3:296 4:18285 5:143531 6:311647 7:354474
depth 15 by ncomp: 3:307 4:37806 5:478696 6:1536439 7:2895636
depth 16 by ncomp: 3:285 4:70707 5:1448661 6:6880146 7:21663035
depth 17 by ncomp: 3:178 4:120669 5:4031875 6:28203436 7:125981897
depth 18 by ncomp: 3:136 4:185652 5:10229401 6:106257917 7:339518144
depth 19 by ncomp: 3:62 4:254451 5:23901546 6:369300815
depth 20 by ncomp: 3:22 4:309122 5:51185954
depth 21 by ncomp: 3:8 4:333031
depth 22 by ncomp: 3:4
depth 23 by ncomp:
depth 24 by ncomp:
