n=25 nodes=1004412179 nsol=0 time=10724.02
depth: 0:1 1:1 2:2 3:8 4:41 5:184 6:732 7:2765 8:11371 9:133 10:793 11:4502 12:25314 13:144935 14:869276 15:5458158 16:34314209 17:176990181 18:452340305 19:307861269 20:26324164 21:63833 22:2 23:0 24:0
depth  0 by ncomp: 0:1
depth  1 by ncomp: 1:1
depth  2 by ncomp: 1:1 2:1
depth  3 by ncomp: 1:4 2:3 3:1
depth  4 by ncomp: 1:16 2:18 3:6 4:1
depth  5 by ncomp: 1:30 2:96 3:47 4:10 5:1
depth  6 by ncomp: 1:38 2:277 3:303 4:98 5:15 6:1
depth  7 by ncomp: 1:34 2:503 3:1226 4:792 5:188 6:21 7:1
depth  8 by ncomp: 1:11 2:751 3:3767 4:4589 5:1895 6:329 7:29
depth  9 by ncomp: 2:1 3:8 4:43 5:60 6:19 7:2
depth 10 by ncomp: 3:11 4:183 5:370 6:194 7:35
depth 11 by ncomp: 3:5 4:564 5:1864 6:1590 7:479
depth 12 by ncomp: 3:5 4:1346 5:7743 6:10606 7:5614
depth 13 by ncomp: 3:17 4:3023 5:28648 6:59545 7:53702
depth 14 by ncomp: 3:13 4:6359 5:98421 6:305028 7:459455
depth 15 by ncomp: 3:13 4:11504 5:309984 6:1435496 7:3701161
depth 16 by ncomp: 3:20 4:20233 5:890402 6:6130635 7:27272919
depth 17 by ncomp: 3:22 4:31367 5:2354622 6:24097770 7:150506400
depth 18 by ncomp: 3:16 4:44905 5:5720099 6:87625929 7:358949356
depth 19 by ncomp: 3:7 4:56875 5:12796964 6:295007423
depth 20 by ncomp: 3:2 4:63979 5:26260183
depth 21 by ncomp: 4:63833
depth 22 by ncomp: 3:2
depth 23 by ncomp:
depth 24 by ncomp:
