n=25 nodes=885382862 nsol=0 time=9490.90
depth: 0:1 1:1 2:2 3:8 4:41 5:184 6:732 7:2765 8:11371 9:133 10:620 11:2932 12:15385 13:82079 14:453843 15:2597229 16:15249359 17:85159646 18:313464298 19:394317093 20:73569617 21:455519 22:4 23:0 24:0
depth  0 by ncomp: 0:1
depth  1 by ncomp: 1:1
depth  2 by ncomp: 1:1 2:1
depth  3 by ncomp: 1:4 2:3 3:1
depth  4 by ncomp: 1:16 2:18 3:6 4:1
depth  5 by ncomp: 1:30 2:96 3:47 4:10 5:1
depth  6 by ncomp: 1:38 2:277 3:303 4:98 5:15 6:1
depth  7 by ncomp: 1:34 2:503 3:1226 4:792 5:188 6:21 7:1
depth  8 by ncomp: 1:11 2:751 3:3767 4:4589 5:1895 6:329 7:29
depth  9 by ncomp: 3:45 4:60 5:25 6:3
depth 10 by ncomp: 3:107 4:301 5:171 6:38 7:3
depth 11 by ncomp: 2:1 3:197 4:1184 5:1156 6:349 7:45
depth 12 by ncomp: 3:362 4:4224 5:6760 6:3321 7:718
depth 13 by ncomp: 3:467 4:12164 5:34051 6:26203 7:9194
depth 14 by ncomp: 3:521 4:30372 5:146872 6:176510 7:99568
depth 15 by ncomp: 3:455 4:65204 5:547392 6:1029806 7:954372
depth 16 by ncomp: 3:328 4:121963 5:1803775 6:5248134 7:8075159
depth 17 by ncomp: 3:225 4:204586 5:5318029 6:23792935 7:55843871
depth 18 by ncomp: 3:139 4:296304 5:14057965 6:97083707 7:202026183
depth 19 by ncomp: 3:103 4:390011 5:33706136 6:360220843
depth 20 by ncomp: 3:58 4:446309 5:73123250
depth 21 by ncomp: 3:22 4:455497
depth 22 by ncomp: 3:4
depth 23 by ncomp:
depth 24 by ncomp:
