n=25 nodes=594989942 nsol=0 time=6278.74
depth: 0:1 1:1 2:2 3:8 4:41 5:184 6:732 7:2765 8:11371 9:67 10:410 11:2214 12:13294 13:77894 14:473144 15:2970435 16:18628320 17:96702799 18:256029175 19:196529577 20:23427274 21:120234 22:0 23:0 24:0
depth  0 by ncomp: 0:1
depth  1 by ncomp: 1:1
depth  2 by ncomp: 1:1 2:1
depth  3 by ncomp: 1:4 2:3 3:1
depth  4 by ncomp: 1:16 2:18 3:6 4:1
depth  5 by ncomp: 1:30 2:96 3:47 4:10 5:1
depth  6 by ncomp: 1:38 2:277 3:303 4:98 5:15 6:1
depth  7 by ncomp: 1:34 2:503 3:1226 4:792 5:188 6:21 7:1
depth  8 by ncomp: 1:11 2:751 3:3767 4:4589 5:1895 6:329 7:29
depth  9 by ncomp: 3:8 4:19 5:30 6:9 7:1
depth 10 by ncomp: 3:21 4:95 5:184 6:93 7:17
depth 11 by ncomp: 3:32 4:287 5:862 6:788 7:245
depth 12 by ncomp: 3:52 4:1029 5:3946 6:5374 7:2893
depth 13 by ncomp: 3:77 4:2805 5:15960 6:31015 7:28037
depth 14 by ncomp: 3:51 4:6780 5:59270 6:163367 7:243676
depth 15 by ncomp: 3:58 4:14689 5:204011 6:787239 7:1964438
depth 16 by ncomp: 3:48 4:28128 5:633720 6:3469207 7:14497217
depth 17 by ncomp: 3:30 4:47002 5:1794505 6:14157633 7:80703629
depth 18 by ncomp: 3:11 4:69637 5:4619063 6:53326352 7:198014112
depth 19 by ncomp: 3:2 4:93532 5:10843396 6:185592647
depth 20 by ncomp: 4:113633 5:23313641
depth 21 by ncomp: 4:120234
depth 22 by ncomp:
depth 23 by ncomp:
depth 24 by ncomp:
