n=25 nodes=673081137 nsol=0 time=7118.64
depth: 0:1 1:1 2:2 3:8 4:41 5:184 6:732 7:2765 8:11371 9:121 10:507 11:2611 12:14156 13:81555 14:483851 15:2987342 16:18685148 17:99382650 18:281506058 19:237922273 20:31818409 21:181351 22:0 23:0 24:0
depth  0 by ncomp: 0:1
depth  1 by ncomp: 1:1
depth  2 by ncomp: 1:1 2:1
depth  3 by ncomp: 1:4 2:3 3:1
depth  4 by ncomp: 1:16 2:18 3:6 4:1
depth  5 by ncomp: 1:30 2:96 3:47 4:10 5:1
depth  6 by ncomp: 1:38 2:277 3:303 4:98 5:15 6:1
depth  7 by ncomp: 1:34 2:503 3:1226 4:792 5:188 6:21 7:1
depth  8 by ncomp: 1:11 2:751 3:3767 4:4589 5:1895 6:329 7:29
depth  9 by ncomp: 2:2 3:21 4:62 5:27 6:8 7:1
depth 10 by ncomp: 3:44 4:193 5:189 6:68 7:13
depth 11 by ncomp: 3:84 4:621 5:1053 6:664 7:189
depth 12 by ncomp: 3:141 4:1806 5:4951 6:4898 7:2360
depth 13 by ncomp: 3:189 4:4699 5:20897 6:31396 7:24374
depth 14 by ncomp: 3:163 4:11358 5:78761 6:173064 7:220505
depth 15 by ncomp: 3:159 4:24332 5:269284 6:870219 7:1823348
depth 16 by ncomp: 3:94 4:46933 5:840854 6:3957670 7:13839597
depth 17 by ncomp: 3:33 4:78904 5:2400767 6:16481129 7:80421817
depth 18 by ncomp: 3:19 4:115449 5:6220083 6:63211194 7:211959313
depth 19 by ncomp: 3:1 4:151735 5:14680323 6:223090214
depth 20 by ncomp: 3:1 4:175375 5:31643033
depth 21 by ncomp: 4:181351
depth 22 by ncomp:
depth 23 by ncomp:
depth 24 by ncomp:
