n=25 nodes=319708873 nsol=0 time=3687.69
depth: 0:1 1:1 2:2 3:8 4:41 5:184 6:732 7:2765 8:11371 9:42 10:202 11:1107 12:6231 13:34790 14:193192 15:1120296 16:6591289 17:35948637 18:122975267 19:133315887 20:19430870 21:75958 22:0 23:0 24:0
depth  0 by ncomp: 0:1
depth  1 by ncomp: 1:1
depth  2 by ncomp: 1:1 2:1
depth  3 by ncomp: 1:4 2:3 3:1
depth  4 by ncomp: 1:16 2:18 3:6 4:1
depth  5 by ncomp: 1:30 2:96 3:47 4:10 5:1
depth  6 by ncomp: 1:38 2:277 3:303 4:98 5:15 6:1
depth  7 by ncomp: 1:34 2:503 3:1226 4:792 5:188 6:21 7:1
depth  8 by ncomp: 1:11 2:751 3:3767 4:4589 5:1895 6:329 7:29
depth  9 by ncomp: 3:3 4:27 5:11 6:1
depth 10 by ncomp: 3:9 4:93 5:83 6:16 7:1
depth 11 by ncomp: 3:23 4:324 5:545 6:191 7:24
depth 12 by ncomp: 3:36 4:1082 5:2929 6:1785 7:399
depth 13 by ncomp: 3:39 4:2954 5:13367 6:13258 7:5172
depth 14 by ncomp: 3:36 4:6701 5:51957 6:80889 7:53609
depth 15 by ncomp: 3:40 4:14087 5:182438 6:438197 7:485534
depth 16 by ncomp: 3:21 4:25382 5:564868 6:2085617 7:3915401
depth 17 by ncomp: 3:13 4:40105 5:1572246 6:8908902 7:25427371
depth 18 by ncomp: 3:1 4:57335 5:3996019 6:34715214 7:84206698
depth 19 by ncomp: 4:71458 5:9249883 6:123994546
depth 20 by ncomp: 4:77686 5:19353184
depth 21 by ncomp: 4:75958
depth 22 by ncomp:
depth 23 by ncomp:
depth 24 by ncomp:
