n=25 nodes=795637256 nsol=0 time=11260.96
depth: 0:1 1:1 2:2 3:8 4:41 5:184 6:732 7:2765 8:11371 9:108 10:596 11:3482 12:20655 13:122978 14:754926 15:4815144 16:30643347 17:156002533 18:370694268 19:216476350 20:16013842 21:73922 22:0 23:0 24:0
depth  0 by ncomp: 0:1
depth  1 by ncomp: 1:1
depth  2 by ncomp: 1:1 2:1
depth  3 by ncomp: 1:4 2:3 3:1
depth  4 by ncomp: 1:16 2:18 3:6 4:1
depth  5 by ncomp: 1:30 2:96 3:47 4:10 5:1
depth  6 by ncomp: 1:38 2:277 3:303 4:98 5:15 6:1
depth  7 by ncomp: 1:34 2:503 3:1226 4:792 5:188 6:21 7:1
depth  8 by ncomp: 1:11 2:751 3:3767 4:4589 5:1895 6:329 7:29
depth  9 by ncomp: 3:10 4:16 5:61 6:19 7:2
depth 10 by ncomp: 3:18 4:47 5:300 6:196 7:35
depth 11 by ncomp: 3:34 4:156 5:1247 6:1542 7:503
depth 12 by ncomp: 3:55 4:563 5:4758 6:9504 7:5775
depth 13 by ncomp: 3:80 4:1534 5:16480 6:50578 7:54306
depth 14 by ncomp: 3:85 4:4110 5:55796 6:244434 7:450501
depth 15 by ncomp: 3:53 4:9105 5:176893 6:1105469 7:3523624
depth 16 by ncomp: 3:32 4:17781 5:515678 6:4590612 7:25519244
depth 17 by ncomp: 3:25 4:31221 5:1387560 6:17647844 7:136935883
depth 18 by ncomp: 3:7 4:46175 5:3418052 6:62994775 7:304235259
depth 19 by ncomp: 3:4 4:61045 5:7720090 6:208695211
depth 20 by ncomp: 4:72230 5:15941612
depth 21 by ncomp: 4:73922
depth 22 by ncomp:
depth 23 by ncomp:
depth 24 by ncomp:
