n=25 nodes=950902226 nsol=0 time=8205.82
depth: 0:1 1:1 2:2 3:8 4:41 5:184 6:732 7:2765 8:11371 9:129 10:624 11:3152 12:15669 13:84273 14:465698 15:2642062 16:15468436 17:86297790 18:320352320 19:427545187 20:96894879 21:1116875 22:27 23:0 24:0
depth  0 by ncomp: 0:1
depth  1 by ncomp: 1:1
depth  2 by ncomp: 1:1 2:1
depth  3 by ncomp: 1:4 2:3 3:1
depth  4 by ncomp: 1:16 2:18 3:6 4:1
depth  5 by ncomp: 1:30 2:96 3:47 4:10 5:1
depth  6 by ncomp: 1:38 2:277 3:303 4:98 5:15 6:1
depth  7 by ncomp: 1:34 2:503 3:1226 4:792 5:188 6:21 7:1
depth  8 by ncomp: 1:11 2:751 3:3767 4:4589 5:1895 6:329 7:29
depth  9 by ncomp: 3:48 4:60 5:19 6:2
depth 10 by ncomp: 3:125 4:302 5:166 6:29 7:2
depth 11 by ncomp: 3:300 4:1255 5:1179 6:371 7:47
depth 12 by ncomp: 3:538 4:4290 5:6680 6:3421 7:740
depth 13 by ncomp: 3:948 4:13583 5:33321 6:26707 7:9714
depth 14 by ncomp: 3:1257 4:37991 5:146482 6:175631 7:104337
depth 15 by ncomp: 3:1248 4:89455 5:567577 6:1012550 7:971232
depth 16 by ncomp: 3:1312 4:187491 5:1980296 6:5220146 7:8079191
depth 17 by ncomp: 3:947 4:344218 5:6143707 6:24201769 7:55607149
depth 18 by ncomp: 3:732 4:545498 5:17001679 6:101236326 7:201568085
depth 19 by ncomp: 3:478 4:779703 5:42427199 6:384337807
depth 20 by ncomp: 3:209 4:992775 5:95901895
depth 21 by ncomp: 3:97 4:1116778
depth 22 by ncomp: 3:27
depth 23 by ncomp:
depth 24 by ncomp:
