n=25 nodes=271449990 nsol=0 time=2667.53
depth: 0:1 1:1 2:2 3:8 4:41 5:184 6:732 7:2765 8:11371 9:68 10:290 11:1241 12:6347 13:31816 14:169734 15:945406 16:5474815 17:29733548 18:100722501 19:113640286 20:20546755 21:162071 22:7 23:0 24:0
depth  0 by ncomp: 0:1
depth  1 by ncomp: 1:1
depth  2 by ncomp: 1:1 2:1
depth  3 by ncomp: 1:4 2:3 3:1
depth  4 by ncomp: 1:16 2:18 3:6 4:1
depth  5 by ncomp: 1:30 2:96 3:47 4:10 5:1
depth  6 by ncomp: 1:38 2:277 3:303 4:98 5:15 6:1
depth  7 by ncomp: 1:34 2:503 3:1226 4:792 5:188 6:21 7:1
depth  8 by ncomp: 1:11 2:751 3:3767 4:4589 5:1895 6:329 7:29
depth  9 by ncomp: 2:3 3:25 4:30 5:9 6:1
depth 10 by ncomp: 2:1 3:62 4:131 5:80 6:15 7:1
depth 11 by ncomp: 3:113 4:452 5:484 6:169 7:23
depth 12 by ncomp: 3:169 4:1484 5:2728 6:1586 7:380
depth 13 by ncomp: 3:217 4:4012 5:11882 6:11110 7:4595
depth 14 by ncomp: 3:208 4:9476 5:46903 6:66972 7:46175
depth 15 by ncomp: 3:192 4:20300 5:164837 6:354657 7:405420
depth 16 by ncomp: 3:211 4:38587 5:529053 6:1694374 7:3212590
depth 17 by ncomp: 3:184 4:64910 5:1533299 6:7363762 7:20771393
depth 18 by ncomp: 3:103 4:97458 5:3977242 6:28960573 7:67687125
depth 19 by ncomp: 3:47 4:131904 5:9434251 6:104074084
depth 20 by ncomp: 3:38 4:154215 5:20392502
depth 21 by ncomp: 3:15 4:162056
depth 22 by ncomp: 3:7
depth 23 by ncomp:
depth 24 by ncomp:
