n=25 nodes=684766486 nsol=0 time=7131.74
depth: 0:1 1:1 2:2 3:8 4:41 5:184 6:732 7:2765 8:11371 9:134 10:551 11:2745 12:15381 13:84134 14:469504 15:2701349 16:15941804 17:86877807 18:277336857 19:266610046 20:34577554 21:133515 22:0 23:0 24:0
depth  0 by ncomp: 0:1
depth  1 by ncomp: 1:1
depth  2 by ncomp: 1:1 2:1
depth  3 by ncomp: 1:4 2:3 3:1
depth  4 by ncomp: 1:16 2:18 3:6 4:1
depth  5 by ncomp: 1:30 2:96 3:47 4:10 5:1
depth  6 by ncomp: 1:38 2:277 3:303 4:98 5:15 6:1
depth  7 by ncomp: 1:34 2:503 3:1226 4:792 5:188 6:21 7:1
depth  8 by ncomp: 1:11 2:751 3:3767 4:4589 5:1895 6:329 7:29
depth  9 by ncomp: 3:23 4:73 5:34 6:4
depth 10 by ncomp: 3:25 4:218 5:248 6:56 7:4
depth 11 by ncomp: 3:28 4:690 5:1344 6:597 7:86
depth 12 by ncomp: 3:39 4:2082 5:6802 6:5104 7:1354
depth 13 by ncomp: 3:49 4:5008 5:27996 6:34594 7:16487
depth 14 by ncomp: 3:57 4:10932 5:101659 6:195830 7:161026
depth 15 by ncomp: 3:57 4:21676 5:335095 6:981703 7:1362818
depth 16 by ncomp: 3:53 4:38674 5:1013592 6:4462574 7:10426911
depth 17 by ncomp: 3:23 4:63518 5:2792107 6:18637305 7:65384854
depth 18 by ncomp: 3:17 4:92024 5:7047796 6:71085882 7:199111138
depth 19 by ncomp: 3:8 4:118501 5:16277666 6:250213871
depth 20 by ncomp: 3:6 4:133110 5:34444438
depth 21 by ncomp: 3:2 4:133513
depth 22 by ncomp:
depth 23 by ncomp:
depth 24 by ncomp:
