n=25 nodes=640983199 nsol=0 time=8541.07
depth: 0:1 1:1 2:2 3:8 4:41 5:184 6:732 7:2765 8:11371 9:138 10:571 11:2485 12:11902 13:60204 14:324244 15:1808702 16:10482310 17:58381509 18:219084234 19:290090438 20:60211718 21:509639 22:0 23:0 24:0
depth  0 by ncomp: 0:1
depth  1 by ncomp: 1:1
depth  2 by ncomp: 1:1 2:1
depth  3 by ncomp: 1:4 2:3 3:1
depth  4 by ncomp: 1:16 2:18 3:6 4:1
depth  5 by ncomp: 1:30 2:96 3:47 4:10 5:1
depth  6 by ncomp: 1:38 2:277 3:303 4:98 5:15 6:1
depth  7 by ncomp: 1:34 2:503 3:1226 4:792 5:188 6:21 7:1
depth  8 by ncomp: 1:11 2:751 3:3767 4:4589 5:1895 6:329 7:29
depth  9 by ncomp: 2:2 3:64 4:58 5:13 6:1
depth 10 by ncomp: 3:124 4:305 5:122 6:19 7:1
depth 11 by ncomp: 3:188 4:1128 5:906 6:237 7:26
depth 12 by ncomp: 3:261 4:3565 5:5276 6:2349 7:451
depth 13 by ncomp: 3:383 4:9863 5:25324 6:18560 7:6074
depth 14 by ncomp: 3:408 4:24620 5:108355 6:124142 7:66719
depth 15 by ncomp: 3:394 4:54316 5:406115 6:716761 7:631116
depth 16 by ncomp: 3:370 4:106255 5:1365461 6:3682011 7:5328213
depth 17 by ncomp: 3:246 4:185800 5:4097375 6:16883543 7:37214545
depth 18 by ncomp: 3:135 4:281581 5:11091324 6:69831678 7:137879516
depth 19 by ncomp: 3:70 4:382370 5:27062877 6:262645121
depth 20 by ncomp: 3:37 4:466306 5:59745375
depth 21 by ncomp: 3:11 4:509628
depth 22 by ncomp:
depth 23 by ncomp:
depth 24 by ncomp:
