n=25 nodes=874732955 nsol=0 time=8019.32
depth: 0:1 1:1 2:2 3:8 4:41 5:184 6:732 7:2765 8:11371 9:100 10:540 11:3205 12:18088 13:105824 14:638501 15:3959729 16:24726637 17:130943757 18:365446614 19:302290911 20:45879524 21:704403 22:17 23:0 24:0
depth  0 by ncomp: 0:1
depth  1 by ncomp: 1:1
depth  2 by ncomp: 1:1 2:1
depth  3 by ncomp: 1:4 2:3 3:1
depth  4 by ncomp: 1:16 2:18 3:6 4:1
depth  5 by ncomp: 1:30 2:96 3:47 4:10 5:1
depth  6 by ncomp: 1:38 2:277 3:303 4:98 5:15 6:1
depth  7 by ncomp: 1:34 2:503 3:1226 4:792 5:188 6:21 7:1
depth  8 by ncomp: 1:11 2:751 3:3767 4:4589 5:1895 6:329 7:29
depth  9 by ncomp: 2:2 3:15 4:35 5:37 6:10 7:1
depth 10 by ncomp: 3:36 4:139 5:239 6:108 7:18
depth 11 by ncomp: 3:95 4:506 5:1362 6:976 7:266
depth 12 by ncomp: 3:180 4:1617 5:6099 6:6981 7:3211
depth 13 by ncomp: 3:330 4:4680 5:24624 6:43099 7:33091
depth 14 by ncomp: 3:540 4:12714 5:91558 6:234618 7:299071
depth 15 by ncomp: 3:713 4:31788 5:317151 6:1147649 7:2462428
depth 16 by ncomp: 3:882 4:69652 5:1003240 6:5112931 7:18539932
depth 17 by ncomp: 3:853 4:137585 5:2947388 6:21007950 7:106849981
depth 18 by ncomp: 3:614 4:243745 5:7966386 6:79944652 7:277291217
depth 19 by ncomp: 3:410 4:390013 5:19792619 6:282107869
depth 20 by ncomp: 3:203 4:558814 5:45320507
depth 21 by ncomp: 3:67 4:704336
depth 22 by ncomp: 3:17
depth 23 by ncomp:
depth 24 by ncomp:
