n=25 nodes=716703827 nsol=0 time=6737.58
depth: 0:1 1:1 2:2 3:8 4:41 5:184 6:732 7:2765 8:11371 9:133 10:572 11:2915 12:15229 13:81273 14:452326 15:2591434 16:15317257 17:83610590 18:277711613 19:291359164 20:45235151 21:311063 22:2 23:0 24:0
depth  0 by ncomp: 0:1
depth  1 by ncomp: 1:1
depth  2 by ncomp: 1:1 2:1
depth  3 by ncomp: 1:4 2:3 3:1
depth  4 by ncomp: 1:16 2:18 3:6 4:1
depth  5 by ncomp: 1:30 2:96 3:47 4:10 5:1
depth  6 by ncomp: 1:38 2:277 3:303 4:98 5:15 6:1
depth  7 by ncomp: 1:34 2:503 3:1226 4:792 5:188 6:21 7:1
depth  8 by ncomp: 1:11 2:751 3:3767 4:4589 5:1895 6:329 7:29
depth  9 by ncomp: 3:25 4:70 5:34 6:4
depth 10 by ncomp: 2:1 3:49 4:237 5:228 6:53 7:4
depth 11 by ncomp: 3:110 4:848 5:1328 6:547 7:82
depth 12 by ncomp: 3:161 4:2655 5:6771 6:4504 7:1138
depth 13 by ncomp: 3:274 4:6990 5:29234 6:31176 7:13599
depth 14 by ncomp: 3:376 4:16301 5:112862 6:186527 7:136260
depth 15 by ncomp: 3:430 4:34180 5:386012 6:976488 7:1194324
depth 16 by ncomp: 3:403 4:66606 5:1202897 6:4583917 7:9463434
depth 17 by ncomp: 3:236 4:114017 5:3405458 6:19484000 7:60606879
depth 18 by ncomp: 3:97 4:174548 5:8811174 6:75725931 7:192999863
depth 19 by ncomp: 3:49 4:239511 5:20810824 6:270308780
depth 20 by ncomp: 3:18 4:291005 5:44944128
depth 21 by ncomp: 3:5 4:311058
depth 22 by ncomp: 3:2
depth 23 by ncomp:
depth 24 by ncomp:
