n=25 nodes=476886597 nsol=0 time=4031.35
depth: 0:1 1:1 2:2 3:8 4:41 5:184 6:732 7:2765 8:11371 9:93 10:335 11:1608 12:7613 13:40314 14:229045 15:1317237 16:7752141 17:43274075 18:161191237 19:214051732 20:48499168 21:506870 22:24 23:0 24:0
depth  0 by ncomp: 0:1
depth  1 by ncomp: 1:1
depth  2 by ncomp: 1:1 2:1
depth  3 by ncomp: 1:4 2:3 3:1
depth  4 by ncomp: 1:16 2:18 3:6 4:1
depth  5 by ncomp: 1:30 2:96 3:47 4:10 5:1
depth  6 by ncomp: 1:38 2:277 3:303 4:98 5:15 6:1
depth  7 by ncomp: 1:34 2:503 3:1226 4:792 5:188 6:21 7:1
depth  8 by ncomp: 1:11 2:751 3:3767 4:4589 5:1895 6:329 7:29
depth  9 by ncomp: 2:4 3:26 4:36 5:24 6:3
depth 10 by ncomp: 3:73 4:132 5:103 6:25 7:2
depth 11 by ncomp: 3:154 4:574 5:624 6:220 7:36
depth 12 by ncomp: 3:271 4:1848 5:3200 6:1828 7:466
depth 13 by ncomp: 3:448 4:6030 5:15391 6:13168 7:5277
depth 14 by ncomp: 3:655 4:17881 5:69977 6:86814 7:53718
depth 15 by ncomp: 3:690 4:44629 5:274074 6:500917 7:496927
depth 16 by ncomp: 3:635 4:94047 5:971096 6:2582649 7:4103714
depth 17 by ncomp: 3:593 4:172683 5:3022669 6:11952792 7:28125338
depth 18 by ncomp: 3:483 4:274382 5:8520631 6:50391163 7:102004578
depth 19 by ncomp: 3:320 4:373257 5:21347995 6:192330160
depth 20 by ncomp: 3:165 4:457232 5:48041771
depth 21 by ncomp: 3:68 4:506802
depth 22 by ncomp: 3:24
depth 23 by ncomp:
depth 24 by ncomp:
