n=25 nodes=871135554 nsol=0 time=9900.45
depth: 0:1 1:1 2:2 3:8 4:41 5:184 6:732 7:2765 8:11371 9:123 10:563 11:3153 12:17842 13:104931 14:638893 15:4032390 16:25587132 17:137701561 18:383287232 19:291957092 20:27721422 21:68115 22:0 23:0 24:0
depth  0 by ncomp: 0:1
depth  1 by ncomp: 1:1
depth  2 by ncomp: 1:1 2:1
depth  3 by ncomp: 1:4 2:3 3:1
depth  4 by ncomp: 1:16 2:18 3:6 4:1
depth  5 by ncomp: 1:30 2:96 3:47 4:10 5:1
depth  6 by ncomp: 1:38 2:277 3:303 4:98 5:15 6:1
depth  7 by ncomp: 1:34 2:503 3:1226 4:792 5:188 6:21 7:1
depth  8 by ncomp: 1:11 2:751 3:3767 4:4589 5:1895 6:329 7:29
depth  9 by ncomp: 3:6 4:42 5:53 6:20 7:2
depth 10 by ncomp: 3:2 4:134 5:268 6:129 7:30
depth 11 by ncomp: 3:2 4:426 5:1387 6:1016 7:322
depth 12 by ncomp: 3:11 4:1070 5:6148 6:7146 7:3467
depth 13 by ncomp: 3:1 4:2493 5:23728 6:43918 7:34791
depth 14 by ncomp: 3:3 4:5499 5:85946 6:237718 7:309727
depth 15 by ncomp: 3:3 4:11076 5:283315 6:1174067 7:2563929
depth 16 by ncomp: 4:19981 5:841410 6:5247943 7:19477798
depth 17 by ncomp: 4:32121 5:2297195 6:21414038 7:113958207
depth 18 by ncomp: 4:46082 5:5752644 6:80379560 7:297108946
depth 19 by ncomp: 4:58364 5:13181663 6:278717065
depth 20 by ncomp: 4:66868 5:27654554
depth 21 by ncomp: 4:68115
depth 22 by ncomp:
depth 23 by ncomp:
depth 24 by ncomp:
