n=25 nodes=445960817 nsol=0 time=4403.51
depth: 0:1 1:1 2:2 3:8 4:41 5:184 6:732 7:2765 8:11371 9:94 10:417 11:1948 12:9712 13:49072 14:262712 15:1469379 16:8436045 17:46144118 18:162828679 19:192245702 20:34259040 21:238794 22:0 23:0 24:0
depth  0 by ncomp: 0:1
depth  1 by ncomp: 1:1
depth  2 by ncomp: 1:1 2:1
depth  3 by ncomp: 1:4 2:3 3:1
depth  4 by ncomp: 1:16 2:18 3:6 4:1
depth  5 by ncomp: 1:30 2:96 3:47 4:10 5:1
depth  6 by ncomp: 1:38 2:277 3:303 4:98 5:15 6:1
depth  7 by ncomp: 1:34 2:503 3:1226 4:792 5:188 6:21 7:1
depth  8 by ncomp: 1:11 2:751 3:3767 4:4589 5:1895 6:329 7:29
depth  9 by ncomp: 3:35 4:46 5:12 6:1
depth 10 by ncomp: 2:1 3:54 4:220 5:122 6:19 7:1
depth 11 by ncomp: 3:82 4:741 5:849 6:249 7:27
depth 12 by ncomp: 3:164 4:2279 5:4478 6:2321 7:470
depth 13 by ncomp: 3:210 4:5901 5:19739 6:17075 7:6147
depth 14 by ncomp: 3:236 4:13766 5:77718 6:106194 7:64798
depth 15 by ncomp: 3:186 4:28903 5:274739 6:577021 7:588530
depth 16 by ncomp: 3:165 4:55075 5:867493 6:2776358 7:4736954
depth 17 by ncomp: 3:107 4:92544 5:2504573 6:12151279 7:31395615
depth 18 by ncomp: 3:45 4:139366 5:6579961 6:48404783 7:107704524
depth 19 by ncomp: 3:30 4:187111 5:15667234 6:176391327
depth 20 by ncomp: 3:5 4:224613 5:34034422
depth 21 by ncomp: 4:238794
depth 22 by ncomp:
depth 23 by ncomp:
depth 24 by ncomp:
