n=25 nodes=586330739 nsol=0 time=6083.38
depth: 0:1 1:1 2:2 3:8 4:41 5:184 6:732 7:2765 8:11371 9:122 10:516 11:2363 12:12253 13:65158 14:367730 15:2141389 16:12850579 17:70951407 18:233410757 19:234680190 20:31712163 21:121007 22:0 23:0 24:0
depth  0 by ncomp: 0:1
depth  1 by ncomp: 1:1
depth  2 by ncomp: 1:1 2:1
depth  3 by ncomp: 1:4 2:3 3:1
depth  4 by ncomp: 1:16 2:18 3:6 4:1
depth  5 by ncomp: 1:30 2:96 3:47 4:10 5:1
depth  6 by ncomp: 1:38 2:277 3:303 4:98 5:15 6:1
depth  7 by ncomp: 1:34 2:503 3:1226 4:792 5:188 6:21 7:1
depth  8 by ncomp: 1:11 2:751 3:3767 4:4589 5:1895 6:329 7:29
depth  9 by ncomp: 3:21 4:63 5:34 6:4
depth 10 by ncomp: 3:23 4:204 5:227 6:58 7:4
depth 11 by ncomp: 3:21 4:634 5:1118 6:507 7:83
depth 12 by ncomp: 3:46 4:1797 5:5426 6:3897 7:1087
depth 13 by ncomp: 3:48 4:4483 5:22433 6:26019 7:12175
depth 14 by ncomp: 3:42 4:9912 5:85555 6:153628 7:118593
depth 15 by ncomp: 3:30 4:19732 5:288964 6:795747 7:1036916
depth 16 by ncomp: 3:27 4:35389 5:889593 6:3730525 7:8195045
depth 17 by ncomp: 3:9 4:57086 5:2499686 6:15858962 7:52535664
depth 18 by ncomp: 3:4 4:80945 5:6382579 6:61589496 7:165357733
depth 19 by ncomp: 3:1 4:104762 5:14859892 6:219715535
depth 20 by ncomp: 4:120144 5:31592019
depth 21 by ncomp: 4:121007
depth 22 by ncomp:
depth 23 by ncomp:
depth 24 by ncomp:
