n=25 nodes=297252280 nsol=0 time=2868.70
depth: 0:1 1:1 2:2 3:8 4:41 5:184 6:732 7:2765 8:11371 9:52 10:212 11:1071 12:5787 13:33157 14:190782 15:1131128 16:6854067 17:37782574 18:121012278 19:115052326 20:15084298 21:89435 22:8 23:0 24:0
depth  0 by ncomp: 0:1
depth  1 by ncomp: 1:1
depth  2 by ncomp: 1:1 2:1
depth  3 by ncomp: 1:4 2:3 3:1
depth  4 by ncomp: 1:16 2:18 3:6 4:1
depth  5 by ncomp: 1:30 2:96 3:47 4:10 5:1
depth  6 by ncomp: 1:38 2:277 3:303 4:98 5:15 6:1
depth  7 by ncomp: 1:34 2:503 3:1226 4:792 5:188 6:21 7:1
depth  8 by ncomp: 1:11 2:751 3:3767 4:4589 5:1895 6:329 7:29
depth  9 by ncomp: 3:1 4:29 5:19 6:3
depth 10 by ncomp: 3:6 4:67 5:105 6:31 7:3
depth 11 by ncomp: 3:17 4:228 5:535 6:251 7:40
depth 12 by ncomp: 3:43 4:674 5:2537 6:1974 7:559
depth 13 by ncomp: 3:66 4:1849 5:10869 6:13829 7:6544
depth 14 by ncomp: 3:80 4:4113 5:39957 6:80547 7:66085
depth 15 by ncomp: 3:70 4:8876 5:134801 6:411380 7:576001
depth 16 by ncomp: 3:91 4:16885 5:411610 6:1901614 7:4523867
depth 17 by ncomp: 3:72 4:29410 5:1150686 6:7968506 7:28633900
depth 18 by ncomp: 3:53 4:46536 5:2948992 6:30543716 7:87472981
depth 19 by ncomp: 3:23 4:64679 5:6941464 6:108046160
depth 20 by ncomp: 3:15 4:81381 5:15002902
depth 21 by ncomp: 3:5 4:89430
depth 22 by ncomp: 3:8
depth 23 by ncomp:
depth 24 by ncomp:
