n=25 nodes=1176614654 nsol=0 time=12553.30
depth: 0:1 1:1 2:2 3:8 4:41 5:184 6:732 7:2765 8:11371 9:155 10:803 11:4819 12:30388 13:198791 14:1337661 15:9141223 16:59624810 17:272383859 18:525756463 19:279005242 20:28890770 21:224560 22:5 23:0 24:0
depth  0 by ncomp: 0:1
depth  1 by ncomp: 1:1
depth  2 by ncomp: 1:1 2:1
depth  3 by ncomp: 1:4 2:3 3:1
depth  4 by ncomp: 1:16 2:18 3:6 4:1
depth  5 by ncomp: 1:30 2:96 3:47 4:10 5:1
depth  6 by ncomp: 1:38 2:277 3:303 4:98 5:15 6:1
depth  7 by ncomp: 1:34 2:503 3:1226 4:792 5:188 6:21 7:1
depth  8 by ncomp: 1:11 2:751 3:3767 4:4589 5:1895 6:329 7:29
depth  9 by ncomp: 2:3 3:17 4:48 5:34 6:42 7:11
depth 10 by ncomp: 2:1 3:39 4:129 5:171 6:317 7:146
depth 11 by ncomp: 3:74 4:408 5:886 6:1857 7:1594
depth 12 by ncomp: 3:118 4:1290 5:4030 6:10296 7:14654
depth 13 by ncomp: 3:194 4:3599 5:17229 6:53558 7:124211
depth 14 by ncomp: 3:222 4:8925 5:67047 6:265209 7:996258
depth 15 by ncomp: 3:260 4:19135 5:230351 6:1224738 7:7666739
depth 16 by ncomp: 3:241 4:37904 5:725474 6:5245029 7:53616162
depth 17 by ncomp: 3:168 4:69080 5:2095032 6:20908152 7:249311427
depth 18 by ncomp: 3:106 4:109244 5:5513087 6:77393724 7:442740302
depth 19 by ncomp: 3:58 4:156081 5:13159934 6:265689169
depth 20 by ncomp: 3:15 4:198693 5:28692062
depth 21 by ncomp: 3:4 4:224556
depth 22 by ncomp: 3:5
depth 23 by ncomp:
depth 24 by ncomp:
