n=25 nodes=336736183 nsol=0 time=3624.32
depth: 0:1 1:1 2:2 3:8 4:41 5:184 6:732 7:2765 8:11371 9:52 10:285 11:1304 12:6300 13:31993 14:174711 15:994398 16:5778560 17:31823044 18:114250513 19:148354376 20:34796770 21:508758 22:14 23:0 24:0
depth  0 by ncomp: 0:1
depth  1 by ncomp: 1:1
depth  2 by ncomp: 1:1 2:1
depth  3 by ncomp: 1:4 2:3 3:1
depth  4 by ncomp: 1:16 2:18 3:6 4:1
depth  5 by ncomp: 1:30 2:96 3:47 4:10 5:1
depth  6 by ncomp: 1:38 2:277 3:303 4:98 5:15 6:1
depth  7 by ncomp: 1:34 2:503 3:1226 4:792 5:188 6:21 7:1
depth  8 by ncomp: 1:11 2:751 3:3767 4:4589 5:1895 6:329 7:29
depth  9 by ncomp: 2:2 3:14 4:26 5:9 6:1
depth 10 by ncomp: 2:6 3:54 4:128 5:81 6:15 7:1
depth 11 by ncomp: 2:11 3:137 4:464 5:497 6:172 7:23
depth 12 by ncomp: 2:13 3:300 4:1635 5:2551 6:1447 7:354
depth 13 by ncomp: 2:1 3:559 4:4895 5:12091 6:10334 7:4113
depth 14 by ncomp: 2:1 3:823 4:13409 5:51208 6:65904 7:43366
depth 15 by ncomp: 3:1034 4:32534 5:197710 6:370962 7:392158
depth 16 by ncomp: 3:1099 4:72131 5:679337 6:1853714 7:3172279
depth 17 by ncomp: 3:1054 4:139724 5:2116708 6:8449021 7:21116537
depth 18 by ncomp: 3:697 4:237228 5:5965216 6:35040935 7:73006437
depth 19 by ncomp: 3:459 4:345911 5:15073737 6:132934269
depth 20 by ncomp: 3:218 4:447992 5:34348560
depth 21 by ncomp: 3:57 4:508701
depth 22 by ncomp: 3:14
depth 23 by ncomp:
depth 24 by ncomp:
