n=25 nodes=396231783 nsol=0 time=4899.83
depth: 0:1 1:1 2:2 3:8 4:41 5:184 6:732 7:2765 8:11371 9:64 10:259 11:1265 12:6597 13:35605 14:199886 15:1160310 16:6873904 17:38393518 18:139259515 19:173616979 20:36227924 21:440840 22:12 23:0 24:0
depth  0 by ncomp: 0:1
depth  1 by ncomp: 1:1
depth  2 by ncomp: 1:1 2:1
depth  3 by ncomp: 1:4 2:3 3:1
depth  4 by ncomp: 1:16 2:18 3:6 4:1
depth  5 by ncomp: 1:30 2:96 3:47 4:10 5:1
depth  6 by ncomp: 1:38 2:277 3:303 4:98 5:15 6:1
depth  7 by ncomp: 1:34 2:503 3:1226 4:792 5:188 6:21 7:1
depth  8 by ncomp: 1:11 2:751 3:3767 4:4589 5:1895 6:329 7:29
depth  9 by ncomp: 2:6 3:15 4:31 5:11 6:1
depth 10 by ncomp: 2:2 3:51 4:114 5:76 6:15 7:1
depth 11 by ncomp: 2:2 3:112 4:438 5:518 6:172 7:23
depth 12 by ncomp: 3:261 4:1530 5:2844 6:1595 7:367
depth 13 by ncomp: 2:2 3:505 4:4939 5:13747 6:11851 7:4561
depth 14 by ncomp: 3:749 4:13347 5:59373 6:77998 7:48419
depth 15 by ncomp: 3:838 4:32432 5:226757 6:446091 7:454192
depth 16 by ncomp: 3:890 4:68771 5:770752 6:2256205 7:3777286
depth 17 by ncomp: 3:702 4:126870 5:2333395 6:10236195 7:25696356
depth 18 by ncomp: 3:438 4:210219 5:6430934 6:42047879 7:90570045
depth 19 by ncomp: 3:241 4:308081 5:15954569 6:157354088
depth 20 by ncomp: 3:115 4:387501 5:35840308
depth 21 by ncomp: 3:59 4:440781
depth 22 by ncomp: 3:12
depth 23 by ncomp:
depth 24 by ncomp:
