n=25 nodes=317819941 nsol=0 time=2751.03
depth: 0:1 1:1 2:2 3:8 4:41 5:184 6:732 7:2765 8:11371 9:66 10:267 11:1379 12:6646 13:34453 14:185179 15:1037507 16:6022086 17:32844789 18:113307443 19:134942466 20:29057446 21:365107 22:2 23:0 24:0
depth  0 by ncomp: 0:1
depth  1 by ncomp: 1:1
depth  2 by ncomp: 1:1 2:1
depth  3 by ncomp: 1:4 2:3 3:1
depth  4 by ncomp: 1:16 2:18 3:6 4:1
depth  5 by ncomp: 1:30 2:96 3:47 4:10 5:1
depth  6 by ncomp: 1:38 2:277 3:303 4:98 5:15 6:1
depth  7 by ncomp: 1:34 2:503 3:1226 4:792 5:188 6:21 7:1
depth  8 by ncomp: 1:11 2:751 3:3767 4:4589 5:1895 6:329 7:29
depth  9 by ncomp: 2:4 3:19 4:31 5:11 6:1
depth 10 by ncomp: 2:1 3:51 4:114 5:84 6:16 7:1
depth 11 by ncomp: 2:7 3:126 4:458 5:562 6:201 7:25
depth 12 by ncomp: 2:7 3:279 4:1464 5:2803 6:1690 7:403
depth 13 by ncomp: 2:1 3:520 4:4373 5:12696 6:11970 7:4893
depth 14 by ncomp: 3:761 4:11975 5:50619 6:72383 7:49441
depth 15 by ncomp: 3:866 4:28629 5:183206 6:386418 7:438388
depth 16 by ncomp: 3:772 4:63315 5:613761 6:1865732 7:3478506
depth 17 by ncomp: 3:505 4:119013 5:1872979 6:8211656 7:22640636
depth 18 by ncomp: 3:304 4:190090 5:5148717 6:33097916 7:74870416
depth 19 by ncomp: 3:132 4:267248 5:12777350 6:121897736
depth 20 by ncomp: 3:43 4:331315 5:28726088
depth 21 by ncomp: 3:18 4:365089
depth 22 by ncomp: 3:2
depth 23 by ncomp:
depth 24 by ncomp:
