n=25 nodes=213198130 nsol=0 time=1922.53
depth: 0:1 1:1 2:2 3:8 4:41 5:184 6:732 7:2765 8:11371 9:56 10:233 11:949 12:4347 13:22012 14:119054 15:682821 16:3989643 17:21942234 18:75895818 19:91104137 20:19208885 21:212833 22:3 23:0 24:0
depth  0 by ncomp: 0:1
depth  1 by ncomp: 1:1
depth  2 by ncomp: 1:1 2:1
depth  3 by ncomp: 1:4 2:3 3:1
depth  4 by ncomp: 1:16 2:18 3:6 4:1
depth  5 by ncomp: 1:30 2:96 3:47 4:10 5:1
depth  6 by ncomp: 1:38 2:277 3:303 4:98 5:15 6:1
depth  7 by ncomp: 1:34 2:503 3:1226 4:792 5:188 6:21 7:1
depth  8 by ncomp: 1:11 2:751 3:3767 4:4589 5:1895 6:329 7:29
depth  9 by ncomp: 2:2 3:23 4:16 5:13 6:2
depth 10 by ncomp: 3:63 4:88 5:60 6:20 7:2
depth 11 by ncomp: 3:126 4:345 5:308 6:139 7:31
depth 12 by ncomp: 3:218 4:1188 5:1641 6:984 7:316
depth 13 by ncomp: 3:273 4:3520 5:7989 6:6967 7:3263
depth 14 by ncomp: 3:314 4:9286 5:34135 6:43931 7:31388
depth 15 by ncomp: 3:358 4:21511 5:129810 6:248556 7:282586
depth 16 by ncomp: 3:338 4:42445 5:427207 6:1224368 7:2295285
depth 17 by ncomp: 3:268 4:75939 5:1291077 6:5478069 7:15096881
depth 18 by ncomp: 3:185 4:119332 5:3506004 6:22217450 7:50052847
depth 19 by ncomp: 3:105 4:165090 5:8585941 6:82353001
depth 20 by ncomp: 3:44 4:198394 5:19010447
depth 21 by ncomp: 3:16 4:212817
depth 22 by ncomp: 3:3
depth 23 by ncomp:
depth 24 by ncomp:
