n=25 nodes=1130607805 nsol=0 time=10807.02
depth: 0:1 1:1 2:2 3:8 4:41 5:184 6:732 7:2765 8:11371 9:192 10:887 11:4491 12:23651 13:136453 14:841383 15:5358188 16:33791872 17:176170557 18:474903013 19:386056003 20:52942107 21:363903 22:0 23:0 24:0
depth  0 by ncomp: 0:1
depth  1 by ncomp: 1:1
depth  2 by ncomp: 1:1 2:1
depth  3 by ncomp: 1:4 2:3 3:1
depth  4 by ncomp: 1:16 2:18 3:6 4:1
depth  5 by ncomp: 1:30 2:96 3:47 4:10 5:1
depth  6 by ncomp: 1:38 2:277 3:303 4:98 5:15 6:1
depth  7 by ncomp: 1:34 2:503 3:1226 4:792 5:188 6:21 7:1
depth  8 by ncomp: 1:11 2:751 3:3767 4:4589 5:1895 6:329 7:29
depth  9 by ncomp: 3:42 4:54 5:74 6:20 7:2
depth 10 by ncomp: 2:3 3:76 4:200 5:361 6:211 7:36
depth 11 by ncomp: 3:160 4:827 5:1492 6:1505 7:507
depth 12 by ncomp: 3:215 4:2572 5:6682 6:8878 7:5304
depth 13 by ncomp: 3:299 4:7147 5:29180 6:51297 7:48530
depth 14 by ncomp: 3:399 4:17911 5:116015 6:282928 7:424130
depth 15 by ncomp: 3:417 4:39499 5:417054 6:1417045 7:3484173
depth 16 by ncomp: 3:290 4:77474 5:1325354 6:6407284 7:25981470
depth 17 by ncomp: 3:154 4:132286 5:3840064 6:26697912 7:145500141
depth 18 by ncomp: 3:99 4:203734 5:10060745 6:102435043 7:362203392
depth 19 by ncomp: 3:37 4:280098 5:24075906 6:361699962
depth 20 by ncomp: 3:9 4:339564 5:52602534
depth 21 by ncomp: 3:4 4:363899
depth 22 by ncomp:
depth 23 by ncomp:
depth 24 by ncomp:
