n=25 nodes=1110739539 nsol=0 time=12063.15
depth: 0:1 1:1 2:2 3:8 4:41 5:184 6:732 7:2765 8:11371 9:165 10:943 11:5096 12:28419 13:162163 14:970437 15:5991427 16:37253081 17:190697149 18:483414457 19:345057269 20:46435476 21:708310 22:42 23:0 24:0
depth  0 by ncomp: 0:1
depth  1 by ncomp: 1:1
depth  2 by ncomp: 1:1 2:1
depth  3 by ncomp: 1:4 2:3 3:1
depth  4 by ncomp: 1:16 2:18 3:6 4:1
depth  5 by ncomp: 1:30 2:96 3:47 4:10 5:1
depth  6 by ncomp: 1:38 2:277 3:303 4:98 5:15 6:1
depth  7 by ncomp: 1:34 2:503 3:1226 4:792 5:188 6:21 7:1
depth  8 by ncomp: 1:11 2:751 3:3767 4:4589 5:1895 6:329 7:29
depth  9 by ncomp: 2:10 3:25 4:44 5:65 6:19 7:2
depth 10 by ncomp: 2:23 3:80 4:181 5:410 6:213 7:36
depth 11 by ncomp: 2:15 3:203 4:574 5:1943 6:1811 7:550
depth 12 by ncomp: 2:15 3:482 4:1954 5:7833 6:11730 7:6405
depth 13 by ncomp: 2:1 3:771 4:5926 5:29588 6:64760 7:61117
depth 14 by ncomp: 3:1165 4:16044 5:105635 6:326847 7:520746
depth 15 by ncomp: 3:1694 4:40071 5:352210 6:1508298 7:4089154
depth 16 by ncomp: 3:1892 4:89067 5:1089417 6:6447790 7:29624915
depth 17 by ncomp: 3:1544 4:176859 5:3147807 6:25542126 7:161828813
depth 18 by ncomp: 3:1104 4:301373 5:8415234 6:94356188 7:380340558
depth 19 by ncomp: 3:577 4:446835 5:20528600 6:324081257
depth 20 by ncomp: 3:284 4:591508 5:45843684
depth 21 by ncomp: 3:111 4:708199
depth 22 by ncomp: 3:42
depth 23 by ncomp:
depth 24 by ncomp:
