n=25 nodes=1239377678 nsol=0 time=13727.19
depth: 0:1 1:1 2:2 3:8 4:41 5:184 6:732 7:2765 8:11371 9:150 10:985 11:5315 12:31955 13:198709 14:1286280 15:8586004 16:54934927 17:248301409 18:508030775 19:358996499 20:58485155 21:504404 22:6 23:0 24:0
depth  0 by ncomp: 0:1
depth  1 by ncomp: 1:1
depth  2 by ncomp: 1:1 2:1
depth  3 by ncomp: 1:4 2:3 3:1
depth  4 by ncomp: 1:16 2:18 3:6 4:1
depth  5 by ncomp: 1:30 2:96 3:47 4:10 5:1
depth  6 by ncomp: 1:38 2:277 3:303 4:98 5:15 6:1
depth  7 by ncomp: 1:34 2:503 3:1226 4:792 5:188 6:21 7:1
depth  8 by ncomp: 1:11 2:751 3:3767 4:4589 5:1895 6:329 7:29
depth  9 by ncomp: 2:3 3:35 4:44 5:23 6:35 7:10
depth 10 by ncomp: 2:5 3:103 4:229 5:199 6:304 7:145
depth 11 by ncomp: 2:1 3:195 4:904 5:1026 6:1656 7:1533
depth 12 by ncomp: 2:1 3:376 4:3255 5:5634 6:9146 7:13543
depth 13 by ncomp: 3:581 4:9485 5:26489 6:48968 7:113186
depth 14 by ncomp: 3:736 4:24627 5:110734 6:255373 7:894810
depth 15 by ncomp: 3:694 4:55626 5:410279 6:1251775 7:6867630
depth 16 by ncomp: 3:621 4:111205 5:1370806 6:5697688 7:47754607
depth 17 by ncomp: 3:431 4:191970 5:4071714 6:23985438 7:220051856
depth 18 by ncomp: 3:268 4:293372 5:10978972 6:93047605 7:403710558
depth 19 by ncomp: 3:119 4:392663 5:26520228 6:332083489
depth 20 by ncomp: 3:68 4:472988 5:58012099
depth 21 by ncomp: 3:22 4:504382
depth 22 by ncomp: 3:6
depth 23 by ncomp:
depth 24 by ncomp:
