n=25 nodes=613823366 nsol=0 time=6670.75
depth: 0:1 1:1 2:2 3:8 4:41 5:184 6:732 7:2765 8:11371 9:91 10:443 11:2216 12:11326 13:62071 14:353483 15:2084808 16:12609327 17:70546867 18:237531987 19:250386382 20:39879217 21:340022 22:21 23:0 24:0
depth  0 by ncomp: 0:1
depth  1 by ncomp: 1:1
depth  2 by ncomp: 1:1 2:1
depth  3 by ncomp: 1:4 2:3 3:1
depth  4 by ncomp: 1:16 2:18 3:6 4:1
depth  5 by ncomp: 1:30 2:96 3:47 4:10 5:1
depth  6 by ncomp: 1:38 2:277 3:303 4:98 5:15 6:1
depth  7 by ncomp: 1:34 2:503 3:1226 4:792 5:188 6:21 7:1
depth  8 by ncomp: 1:11 2:751 3:3767 4:4589 5:1895 6:329 7:29
depth  9 by ncomp: 2:4 3:15 4:45 5:24 6:3
depth 10 by ncomp: 2:5 3:56 4:175 5:165 6:39 7:3
depth 11 by ncomp: 2:2 3:136 4:629 5:984 6:404 7:61
depth 12 by ncomp: 2:3 3:297 4:1991 5:4779 6:3346 7:910
depth 13 by ncomp: 3:467 4:5734 5:21579 6:23515 7:10776
depth 14 by ncomp: 3:574 4:14305 5:84771 6:144451 7:109382
depth 15 by ncomp: 3:651 4:32041 5:303626 6:771978 7:976512
depth 16 by ncomp: 3:599 4:64980 5:976646 6:3728430 7:7838672
depth 17 by ncomp: 3:375 4:116624 5:2840306 6:16170787 7:51418775
depth 18 by ncomp: 3:231 4:183302 5:7541787 6:64033126 7:165773541
depth 19 by ncomp: 3:121 4:255918 5:18084549 6:232045794
depth 20 by ncomp: 3:47 4:316299 5:39562871
depth 21 by ncomp: 3:25 4:339997
depth 22 by ncomp: 3:21
depth 23 by ncomp:
depth 24 by ncomp:
