n=25 nodes=1043482302 nsol=0 time=11384.81
depth: 0:1 1:1 2:2 3:8 4:41 5:184 6:732 7:2765 8:11371 9:142 10:788 11:4667 12:29087 13:183761 14:1210230 15:8159063 16:52432514 17:234168031 18:446094219 19:261302652 20:39348080 21:533944 22:19 23:0 24:0
depth  0 by ncomp: 0:1
depth  1 by ncomp: 1:1
depth  2 by ncomp: 1:1 2:1
depth  3 by ncomp: 1:4 2:3 3:1
depth  4 by ncomp: 1:16 2:18 3:6 4:1
depth  5 by ncomp: 1:30 2:96 3:47 4:10 5:1
depth  6 by ncomp: 1:38 2:277 3:303 4:98 5:15 6:1
depth  7 by ncomp: 1:34 2:503 3:1226 4:792 5:188 6:21 7:1
depth  8 by ncomp: 1:11 2:751 3:3767 4:4589 5:1895 6:329 7:29
depth  9 by ncomp: 2:2 3:28 4:48 5:20 6:34 7:10
depth 10 by ncomp: 3:64 4:182 5:160 6:253 7:129
depth 11 by ncomp: 2:1 3:118 4:592 5:923 6:1601 7:1432
depth 12 by ncomp: 2:1 3:248 4:1889 5:4375 6:8974 7:13600
depth 13 by ncomp: 3:399 4:5242 5:19129 6:46632 7:112359
depth 14 by ncomp: 3:596 4:13560 5:74827 6:232469 7:888778
depth 15 by ncomp: 3:697 4:32344 5:261891 6:1075913 7:6788218
depth 16 by ncomp: 3:697 4:70255 5:846640 6:4643396 7:46871526
depth 17 by ncomp: 3:624 4:136251 5:2525613 6:18723283 7:212782260
depth 18 by ncomp: 3:420 4:230099 5:6870463 6:70114089 7:368879148
depth 19 by ncomp: 3:221 4:344719 5:17091857 6:243865855
depth 20 by ncomp: 3:113 4:457214 5:38890753
depth 21 by ncomp: 3:60 4:533884
depth 22 by ncomp: 3:19
depth 23 by ncomp:
depth 24 by ncomp:
