n=25 nodes=657615758 nsol=0 time=6208.70
depth: 0:1 1:1 2:2 3:8 4:41 5:184 6:732 7:2765 8:11371 9:110 10:453 11:2102 12:11389 13:60954 14:341242 15:1975860 16:11767443 17:65479054 18:231452565 19:283247713 20:62431956 21:829798 22:14 23:0 24:0
depth  0 by ncomp: 0:1
depth  1 by ncomp: 1:1
depth  2 by ncomp: 1:1 2:1
depth  3 by ncomp: 1:4 2:3 3:1
depth  4 by ncomp: 1:16 2:18 3:6 4:1
depth  5 by ncomp: 1:30 2:96 3:47 4:10 5:1
depth  6 by ncomp: 1:38 2:277 3:303 4:98 5:15 6:1
depth  7 by ncomp: 1:34 2:503 3:1226 4:792 5:188 6:21 7:1
depth  8 by ncomp: 1:11 2:751 3:3767 4:4589 5:1895 6:329 7:29
depth  9 by ncomp: 2:5 3:24 4:46 5:31 6:4
depth 10 by ncomp: 2:2 3:58 4:180 5:164 6:45 7:4
depth 11 by ncomp: 2:2 3:163 4:620 5:895 6:356 7:66
depth 12 by ncomp: 2:1 3:423 4:2286 5:4695 6:3102 7:882
depth 13 by ncomp: 3:768 4:7298 5:21786 6:21563 7:9539
depth 14 by ncomp: 3:1162 4:20681 5:90670 6:133696 7:95033
depth 15 by ncomp: 3:1473 4:52704 5:343847 6:733931 7:843905
depth 16 by ncomp: 3:1479 4:119925 5:1189738 6:3642250 7:6814051
depth 17 by ncomp: 3:1194 4:234804 5:3725834 6:16440634 7:45076588
depth 18 by ncomp: 3:795 4:395303 5:10549744 6:67810687 7:152696036
depth 19 by ncomp: 3:352 4:588992 5:26852678 6:255805691
depth 20 by ncomp: 3:146 4:750326 5:61681484
depth 21 by ncomp: 3:39 4:829759
depth 22 by ncomp: 3:14
depth 23 by ncomp:
depth 24 by ncomp:
