n=25 nodes=898926738 nsol=0 time=8243.26
depth: 0:1 1:1 2:2 3:8 4:41 5:184 6:732 7:2765 8:11371 9:145 10:638 11:3226 12:17275 13:93042 14:519196 15:2968575 16:17395199 17:95648001 18:331171687 19:381276570 20:69210496 21:607576 22:7 23:0 24:0
depth  0 by ncomp: 0:1
depth  1 by ncomp: 1:1
depth  2 by ncomp: 1:1 2:1
depth  3 by ncomp: 1:4 2:3 3:1
depth  4 by ncomp: 1:16 2:18 3:6 4:1
depth  5 by ncomp: 1:30 2:96 3:47 4:10 5:1
depth  6 by ncomp: 1:38 2:277 3:303 4:98 5:15 6:1
depth  7 by ncomp: 1:34 2:503 3:1226 4:792 5:188 6:21 7:1
depth  8 by ncomp: 1:11 2:751 3:3767 4:4589 5:1895 6:329 7:29
depth  9 by ncomp: 3:42 4:72 5:28 6:3
depth 10 by ncomp: 2:5 3:70 4:312 5:206 6:42 7:3
depth 11 by ncomp: 2:7 3:121 4:1135 5:1415 6:483 7:65
depth 12 by ncomp: 2:7 3:276 4:3714 5:7770 6:4454 7:1054
depth 13 by ncomp: 2:2 3:458 4:10488 5:35895 6:33003 7:13196
depth 14 by ncomp: 3:615 4:25621 5:146600 6:208872 7:137488
depth 15 by ncomp: 3:784 4:56072 5:522311 6:1141282 7:1248126
depth 16 by ncomp: 3:712 4:109024 5:1668547 6:5527117 7:10089799
depth 17 by ncomp: 3:532 4:193395 5:4830514 6:24126389 7:66497171
depth 18 by ncomp: 3:293 4:305394 5:12789836 6:95815231 7:222260933
depth 19 by ncomp: 3:166 4:433204 5:31022177 6:349821023
depth 20 by ncomp: 3:96 4:544676 5:68665724
depth 21 by ncomp: 3:23 4:607553
depth 22 by ncomp: 3:7
depth 23 by ncomp:
depth 24 by ncomp:
