n=25 nodes=826926149 nsol=0 time=9495.76
depth: 0:1 1:1 2:2 3:8 4:41 5:184 6:732 7:2765 8:11371 9:104 10:604 11:3400 12:19458 13:112121 14:665842 15:4086841 16:25372857 17:133136649 18:362581496 19:274018561 20:26833909 21:79202 22:0 23:0 24:0
depth  0 by ncomp: 0:1
depth  1 by ncomp: 1:1
depth  2 by ncomp: 1:1 2:1
depth  3 by ncomp: 1:4 2:3 3:1
depth  4 by ncomp: 1:16 2:18 3:6 4:1
depth  5 by ncomp: 1:30 2:96 3:47 4:10 5:1
depth  6 by ncomp: 1:38 2:277 3:303 4:98 5:15 6:1
depth  7 by ncomp: 1:34 2:503 3:1226 4:792 5:188 6:21 7:1
depth  8 by ncomp: 1:11 2:751 3:3767 4:4589 5:1895 6:329 7:29
depth  9 by ncomp: 3:6 4:41 5:45 6:11 7:1
depth 10 by ncomp: 3:13 4:158 5:283 6:130 7:20
depth 11 by ncomp: 3:35 4:515 5:1459 6:1094 7:297
depth 12 by ncomp: 3:54 4:1484 5:6533 6:7762 7:3625
depth 13 by ncomp: 3:58 4:3670 5:25690 6:46038 7:36665
depth 14 by ncomp: 3:42 4:7829 5:90864 6:245069 7:322038
depth 15 by ncomp: 3:23 4:15384 5:294064 6:1173822 7:2603548
depth 16 by ncomp: 3:20 4:26946 5:867302 6:5131460 7:19347129
depth 17 by ncomp: 3:7 4:41420 5:2347239 6:20644008 7:110103975
depth 18 by ncomp: 3:1 4:58355 5:5769198 6:76447981 7:280305961
depth 19 by ncomp: 4:72846 5:12976228 6:260969487
depth 20 by ncomp: 4:80880 5:26753029
depth 21 by ncomp: 4:79202
depth 22 by ncomp:
depth 23 by ncomp:
depth 24 by ncomp:
