n=25 nodes=533810207 nsol=0 time=7119.37
depth: 0:1 1:1 2:2 3:8 4:41 5:184 6:732 7:2765 8:11371 9:85 10:391 11:2209 12:12415 13:70650 14:419660 15:2580462 16:16143740 17:83988470 18:225055107 19:180877693 20:24470604 21:173616 22:0 23:0 24:0
depth  0 by ncomp: 0:1
depth  1 by ncomp: 1:1
depth  2 by ncomp: 1:1 2:1
depth  3 by ncomp: 1:4 2:3 3:1
depth  4 by ncomp: 1:16 2:18 3:6 4:1
depth  5 by ncomp: 1:30 2:96 3:47 4:10 5:1
depth  6 by ncomp: 1:38 2:277 3:303 4:98 5:15 6:1
depth  7 by ncomp: 1:34 2:503 3:1226 4:792 5:188 6:21 7:1
depth  8 by ncomp: 1:11 2:751 3:3767 4:4589 5:1895 6:329 7:29
depth  9 by ncomp: 3:24 4:22 5:28 6:10 7:1
depth 10 by ncomp: 3:38 4:117 5:140 6:80 7:16
depth 11 by ncomp: 3:64 4:468 5:815 6:653 7:209
depth 12 by ncomp: 3:100 4:1433 5:3920 6:4532 7:2430
depth 13 by ncomp: 3:137 4:3670 5:15698 6:27007 7:24138
depth 14 by ncomp: 3:148 4:9127 5:58376 6:143321 7:208688
depth 15 by ncomp: 3:176 4:19586 5:200772 6:690249 7:1669679
depth 16 by ncomp: 3:142 4:37901 5:634480 6:3095636 7:12375581
depth 17 by ncomp: 3:91 4:64416 5:1819916 6:12773192 7:69330855
depth 18 by ncomp: 3:56 4:97006 5:4721508 6:48390373 7:171846164
depth 19 by ncomp: 3:19 4:132729 5:11204764 6:169540181
depth 20 by ncomp: 3:3 4:160933 5:24309668
depth 21 by ncomp: 3:2 4:173614
depth 22 by ncomp:
depth 23 by ncomp:
depth 24 by ncomp:
