n=25 nodes=720885434 nsol=0 time=7126.06
depth: 0:1 1:1 2:2 3:8 4:41 5:184 6:732 7:2765 8:11371 9:128 10:641 11:3007 12:15507 13:82769 14:456125 15:2615311 16:15443500 17:84349930 18:278882015 19:291680757 20:46915303 21:425332 22:4 23:0 24:0
depth  0 by ncomp: 0:1
depth  1 by ncomp: 1:1
depth  2 by ncomp: 1:1 2:1
depth  3 by ncomp: 1:4 2:3 3:1
depth  4 by ncomp: 1:16 2:18 3:6 4:1
depth  5 by ncomp: 1:30 2:96 3:47 4:10 5:1
depth  6 by ncomp: 1:38 2:277 3:303 4:98 5:15 6:1
depth  7 by ncomp: 1:34 2:503 3:1226 4:792 5:188 6:21 7:1
depth  8 by ncomp: 1:11 2:751 3:3767 4:4589 5:1895 6:329 7:29
depth  9 by ncomp: 2:6 3:20 4:69 5:30 6:3
depth 10 by ncomp: 2:7 3:79 4:262 5:242 6:48 7:3
depth 11 by ncomp: 2:6 3:158 4:860 5:1381 6:531 7:71
depth 12 by ncomp: 2:2 3:284 4:2693 5:6793 6:4586 7:1149
depth 13 by ncomp: 2:1 3:459 4:7106 5:29089 6:32120 7:13994
depth 14 by ncomp: 3:698 4:17850 5:111235 6:187590 7:138752
depth 15 by ncomp: 3:774 4:39384 5:382293 6:976568 7:1216292
depth 16 by ncomp: 3:740 4:78629 5:1206178 6:4578689 7:9579264
depth 17 by ncomp: 3:522 4:140220 5:3446003 6:19423189 7:61339996
depth 18 by ncomp: 3:327 4:217218 5:8994650 6:75467354 7:194202466
depth 19 by ncomp: 3:170 4:302291 5:21431406 6:269946890
depth 20 by ncomp: 3:70 4:377716 5:46537517
depth 21 by ncomp: 3:17 4:425315
depth 22 by ncomp: 3:4
depth 23 by ncomp:
depth 24 by ncomp:
