n=25 nodes=1106403251 nsol=0 time=12301.67
depth: 0:1 1:1 2:2 3:8 4:41 5:184 6:732 7:2765 8:11371 9:148 10:764 11:4343 12:24019 13:136822 14:810039 15:4961924 16:30763698 17:164292195 18:471181060 19:389806856 20:44225108 21:181170 22:0 23:0 24:0
depth  0 by ncomp: 0:1
depth  1 by ncomp: 1:1
depth  2 by ncomp: 1:1 2:1
depth  3 by ncomp: 1:4 2:3 3:1
depth  4 by ncomp: 1:16 2:18 3:6 4:1
depth  5 by ncomp: 1:30 2:96 3:47 4:10 5:1
depth  6 by ncomp: 1:38 2:277 3:303 4:98 5:15 6:1
depth  7 by ncomp: 1:34 2:503 3:1226 4:792 5:188 6:21 7:1
depth  8 by ncomp: 1:11 2:751 3:3767 4:4589 5:1895 6:329 7:29
depth  9 by ncomp: 3:14 4:70 5:52 6:11 7:1
depth 10 by ncomp: 3:34 4:224 5:343 6:143 7:20
depth 11 by ncomp: 3:47 4:747 5:1913 6:1308 7:328
depth 12 by ncomp: 3:50 4:2201 5:8454 6:9244 7:4070
depth 13 by ncomp: 3:62 4:5324 5:34171 6:56342 7:40923
depth 14 by ncomp: 3:65 4:12479 5:123389 6:307976 7:366130
depth 15 by ncomp: 3:47 4:25413 5:411379 6:1515106 7:3009979
depth 16 by ncomp: 3:26 4:45578 5:1241799 6:6803929 7:22672366
depth 17 by ncomp: 3:19 4:74896 5:3451245 6:27963388 7:132802647
depth 18 by ncomp: 3:7 4:109834 5:8787301 6:105734205 7:356549713
depth 19 by ncomp: 3:8 4:144554 5:20532340 6:369129954
depth 20 by ncomp: 3:4 4:170899 5:44054205
depth 21 by ncomp: 3:1 4:181169
depth 22 by ncomp:
depth 23 by ncomp:
depth 24 by ncomp:
