n=25 nodes=559189581 nsol=0 time=6415.63
depth: 0:1 1:1 2:2 3:8 4:41 5:184 6:732 7:2765 8:11371 9:84 10:389 11:2226 12:12639 13:75924 14:467896 15:2975729 16:18874079 17:97755414 18:247129535 19:169396205 20:22053327 21:431014 22:15 23:0 24:0
depth  0 by ncomp: 0:1
depth  1 by ncomp: 1:1
depth  2 by ncomp: 1:1 2:1
depth  3 by ncomp: 1:4 2:3 3:1
depth  4 by ncomp: 1:16 2:18 3:6 4:1
depth  5 by ncomp: 1:30 2:96 3:47 4:10 5:1
depth  6 by ncomp: 1:38 2:277 3:303 4:98 5:15 6:1
depth  7 by ncomp: 1:34 2:503 3:1226 4:792 5:188 6:21 7:1
depth  8 by ncomp: 1:11 2:751 3:3767 4:4589 5:1895 6:329 7:29
depth  9 by ncomp: 2:7 3:12 4:13 5:40 6:11 7:1
depth 10 by ncomp: 2:5 3:26 4:47 5:179 6:113 7:19
depth 11 by ncomp: 2:2 3:66 4:182 5:821 6:880 7:275
depth 12 by ncomp: 2:2 3:158 4:612 5:3174 6:5557 7:3136
depth 13 by ncomp: 3:291 4:1982 5:12345 6:31000 7:30306
depth 14 by ncomp: 3:429 4:5828 5:44598 6:157041 7:260000
depth 15 by ncomp: 3:617 4:15343 5:150359 6:736345 7:2073065
depth 16 by ncomp: 3:791 4:37454 5:472888 6:3165201 7:15197745
depth 17 by ncomp: 3:718 4:79218 5:1385967 6:12574412 7:83715099
depth 18 by ncomp: 3:521 4:145593 5:3753351 6:46453297 7:196776773
depth 19 by ncomp: 3:322 4:238515 5:9390821 6:159766547
depth 20 by ncomp: 3:117 4:342925 5:21710285
depth 21 by ncomp: 3:44 4:430970
depth 22 by ncomp: 3:15
depth 23 by ncomp:
depth 24 by ncomp:
