n=25 nodes=798603203 nsol=0 time=7669.26
depth: 0:1 1:1 2:2 3:8 4:41 5:184 6:732 7:2765 8:11371 9:104 10:588 11:3171 12:17785 13:99481 14:576305 15:3491982 16:21469115 17:111290082 18:312299414 19:293032917 20:55655600 21:651531 22:23 23:0 24:0
depth  0 by ncomp: 0:1
depth  1 by ncomp: 1:1
depth  2 by ncomp: 1:1 2:1
depth  3 by ncomp: 1:4 2:3 3:1
depth  4 by ncomp: 1:16 2:18 3:6 4:1
depth  5 by ncomp: 1:30 2:96 3:47 4:10 5:1
depth  6 by ncomp: 1:38 2:277 3:303 4:98 5:15 6:1
depth  7 by ncomp: 1:34 2:503 3:1226 4:792 5:188 6:21 7:1
depth  8 by ncomp: 1:11 2:751 3:3767 4:4589 5:1895 6:329 7:29
depth  9 by ncomp: 3:17 4:43 5:34 6:9 7:1
depth 10 by ncomp: 3:56 4:171 5:234 6:109 7:18
depth 11 by ncomp: 2:1 3:144 4:645 5:1193 6:922 7:266
depth 12 by ncomp: 3:349 4:2371 5:5571 6:6350 7:3144
depth 13 by ncomp: 3:505 4:7241 5:23504 6:37229 7:31002
depth 14 by ncomp: 3:651 4:20419 5:93269 6:196087 7:265879
depth 15 by ncomp: 3:644 4:47860 5:343393 6:970291 7:2129794
depth 16 by ncomp: 3:567 4:100793 5:1162749 6:4462889 7:15742117
depth 17 by ncomp: 3:458 4:185877 5:3527597 6:18866147 7:88710003
depth 18 by ncomp: 3:302 4:299198 5:9734183 6:74095890 7:228169841
depth 19 by ncomp: 3:208 4:430759 5:24276389 6:268325561
depth 20 by ncomp: 3:122 4:557467 5:55098011
depth 21 by ncomp: 3:33 4:651498
depth 22 by ncomp: 3:23
depth 23 by ncomp:
depth 24 by ncomp:
