n=25 nodes=611448018 nsol=0 time=6283.34
depth: 0:1 1:1 2:2 3:8 4:41 5:184 6:732 7:2765 8:11371 9:119 10:569 11:2936 12:15659 13:89311 14:532342 15:3284091 16:20271713 17:104199939 18:266896083 19:190805613 20:24910998 21:423524 22:16 23:0 24:0
depth  0 by ncomp: 0:1
depth  1 by ncomp: 1:1
depth  2 by ncomp: 1:1 2:1
depth  3 by ncomp: 1:4 2:3 3:1
depth  4 by ncomp: 1:16 2:18 3:6 4:1
depth  5 by ncomp: 1:30 2:96 3:47 4:10 5:1
depth  6 by ncomp: 1:38 2:277 3:303 4:98 5:15 6:1
depth  7 by ncomp: 1:34 2:503 3:1226 4:792 5:188 6:21 7:1
depth  8 by ncomp: 1:11 2:751 3:3767 4:4589 5:1895 6:329 7:29
depth  9 by ncomp: 2:5 3:24 4:36 5:42 6:11 7:1
depth 10 by ncomp: 2:2 3:49 4:114 5:263 6:122 7:19
depth 11 by ncomp: 2:7 3:128 4:366 5:1114 6:1032 7:289
depth 12 by ncomp: 2:8 3:216 4:1110 5:4443 6:6485 7:3397
depth 13 by ncomp: 2:7 3:442 4:3387 5:16582 6:36098 7:32795
depth 14 by ncomp: 3:647 4:8985 5:59696 6:182325 7:280689
depth 15 by ncomp: 3:828 4:20445 5:196730 6:842715 7:2223373
depth 16 by ncomp: 3:882 4:44279 5:601595 6:3579246 7:16045711
depth 17 by ncomp: 3:878 4:88380 5:1724130 6:14255529 7:88131022
depth 18 by ncomp: 3:707 4:158129 5:4542622 6:52566683 7:209627942
depth 19 by ncomp: 3:526 4:246473 5:10986238 6:179572376
depth 20 by ncomp: 3:214 4:342728 5:24568056
depth 21 by ncomp: 3:53 4:423471
depth 22 by ncomp: 3:16
depth 23 by ncomp:
depth 24 by ncomp:
