n=25 nodes=597655367 nsol=0 time=5300.04
depth: 0:1 1:1 2:2 3:8 4:41 5:184 6:732 7:2765 8:11371 9:107 10:517 11:2482 12:12105 13:60164 14:320565 15:1767416 16:10044344 17:54710501 18:200671463 19:267648497 20:61663001 21:739094 22:6 23:0 24:0
depth  0 by ncomp: 0:1
depth  1 by ncomp: 1:1
depth  2 by ncomp: 1:1 2:1
depth  3 by ncomp: 1:4 2:3 3:1
depth  4 by ncomp: 1:16 2:18 3:6 4:1
depth  5 by ncomp: 1:30 2:96 3:47 4:10 5:1
depth  6 by ncomp: 1:38 2:277 3:303 4:98 5:15 6:1
depth  7 by ncomp: 1:34 2:503 3:1226 4:792 5:188 6:21 7:1
depth  8 by ncomp: 1:11 2:751 3:3767 4:4589 5:1895 6:329 7:29
depth  9 by ncomp: 2:7 3:35 4:51 5:13 6:1
depth 10 by ncomp: 2:3 3:111 4:244 5:137 6:21 7:1
depth 11 by ncomp: 2:3 3:282 4:964 5:926 6:277 7:30
depth 12 by ncomp: 3:514 4:3382 5:5114 6:2571 7:524
depth 13 by ncomp: 3:756 4:9920 5:23902 6:18796 7:6790
depth 14 by ncomp: 3:944 4:26326 5:101344 6:120146 7:71805
depth 15 by ncomp: 3:1050 4:62104 5:384550 6:676485 7:643227
depth 16 by ncomp: 3:976 4:126686 5:1292178 6:3394759 7:5229745
depth 17 by ncomp: 3:677 4:232077 5:3953743 6:15403141 7:35120863
depth 18 by ncomp: 3:412 4:375531 5:10915259 6:63693009 7:125687252
depth 19 by ncomp: 3:194 4:532283 5:27130478 6:239985542
depth 20 by ncomp: 3:79 4:670936 5:60991986
depth 21 by ncomp: 3:30 4:739064
depth 22 by ncomp: 3:6
depth 23 by ncomp:
depth 24 by ncomp:
