n=25 nodes=1008304802 nsol=0 time=12092.93
depth: 0:1 1:1 2:2 3:8 4:41 5:184 6:732 7:2765 8:11371 9:161 10:835 11:4268 12:23315 13:130215 14:759009 15:4559916 16:27816824 17:146669290 18:421398805 19:361258533 20:45429975 21:238546 22:5 23:0 24:0
depth  0 by ncomp: 0:1
depth  1 by ncomp: 1:1
depth  2 by ncomp: 1:1 2:1
depth  3 by ncomp: 1:4 2:3 3:1
depth  4 by ncomp: 1:16 2:18 3:6 4:1
depth  5 by ncomp: 1:30 2:96 3:47 4:10 5:1
depth  6 by ncomp: 1:38 2:277 3:303 4:98 5:15 6:1
depth  7 by ncomp: 1:34 2:503 3:1226 4:792 5:188 6:21 7:1
depth  8 by ncomp: 1:11 2:751 3:3767 4:4589 5:1895 6:329 7:29
depth  9 by ncomp: 2:2 3:18 4:72 5:55 6:13 7:1
depth 10 by ncomp: 2:2 3:37 4:292 5:355 6:130 7:19
depth 11 by ncomp: 3:70 4:939 5:1844 6:1126 7:289
depth 12 by ncomp: 3:116 4:2708 5:8721 6:8243 7:3527
depth 13 by ncomp: 3:163 4:6847 5:35668 6:51356 7:36181
depth 14 by ncomp: 3:188 4:15667 5:131874 6:283831 7:327449
depth 15 by ncomp: 3:140 4:31264 5:438441 6:1404947 7:2685124
depth 16 by ncomp: 3:111 4:58122 5:1324326 6:6307138 7:20127127
depth 17 by ncomp: 3:93 4:97026 5:3664831 6:25905500 7:117001840
depth 18 by ncomp: 3:65 4:142927 5:9251369 6:97786229 7:314218215
depth 19 by ncomp: 3:25 4:191275 5:21347862 6:339719371
depth 20 by ncomp: 3:23 4:226311 5:45203641
depth 21 by ncomp: 3:7 4:238539
depth 22 by ncomp: 3:5
depth 23 by ncomp:
depth 24 by ncomp:
