n=25 nodes=896932524 nsol=0 time=9331.14
depth: 0:1 1:1 2:2 3:8 4:41 5:184 6:732 7:2765 8:11371 9:157 10:692 11:3516 12:17969 13:97954 14:551916 15:3209658 16:19181261 17:106223046 18:353350535 19:361297174 20:52678419 21:305120 22:2 23:0 24:0
depth  0 by ncomp: 0:1
depth  1 by ncomp: 1:1
depth  2 by ncomp: 1:1 2:1
depth  3 by ncomp: 1:4 2:3 3:1
depth  4 by ncomp: 1:16 2:18 3:6 4:1
depth  5 by ncomp: 1:30 2:96 3:47 4:10 5:1
depth  6 by ncomp: 1:38 2:277 3:303 4:98 5:15 6:1
depth  7 by ncomp: 1:34 2:503 3:1226 4:792 5:188 6:21 7:1
depth  8 by ncomp: 1:11 2:751 3:3767 4:4589 5:1895 6:329 7:29
depth  9 by ncomp: 2:6 3:21 4:88 5:38 6:4
depth 10 by ncomp: 3:42 4:302 5:285 6:59 7:4
depth 11 by ncomp: 3:69 4:980 5:1701 6:674 7:92
depth 12 by ncomp: 3:115 4:2768 5:8081 6:5592 7:1413
depth 13 by ncomp: 3:202 4:7512 5:34462 6:38730 7:17048
depth 14 by ncomp: 3:233 4:17773 5:132308 6:230475 7:171127
depth 15 by ncomp: 3:219 4:36939 5:452222 6:1206311 7:1513967
depth 16 by ncomp: 3:141 4:70206 5:1404996 6:5677252 7:12028666
depth 17 by ncomp: 3:94 4:118181 5:3977247 6:24245376 7:77882148
depth 18 by ncomp: 3:56 4:178438 5:10273533 6:94283252 7:248615256
depth 19 by ncomp: 3:30 4:239087 5:24278282 6:336779775
depth 20 by ncomp: 3:11 4:286630 5:52391778
depth 21 by ncomp: 3:3 4:305117
depth 22 by ncomp: 3:2
depth 23 by ncomp:
depth 24 by ncomp:
