n=25 nodes=541098644 nsol=0 time=4873.23
depth: 0:1 1:1 2:2 3:8 4:41 5:184 6:732 7:2765 8:11371 9:99 10:435 11:2141 12:10635 13:55385 14:320182 15:1929809 16:11790501 17:66071663 18:219756725 19:215103650 20:25961373 21:80941 22:0 23:0 24:0
depth  0 by ncomp: 0:1
depth  1 by ncomp: 1:1
depth  2 by ncomp: 1:1 2:1
depth  3 by ncomp: 1:4 2:3 3:1
depth  4 by ncomp: 1:16 2:18 3:6 4:1
depth  5 by ncomp: 1:30 2:96 3:47 4:10 5:1
depth  6 by ncomp: 1:38 2:277 3:303 4:98 5:15 6:1
depth  7 by ncomp: 1:34 2:503 3:1226 4:792 5:188 6:21 7:1
depth  8 by ncomp: 1:11 2:751 3:3767 4:4589 5:1895 6:329 7:29
depth  9 by ncomp: 2:1 3:6 4:50 5:30 6:11 7:1
depth 10 by ncomp: 3:11 4:166 5:180 6:62 7:16
depth 11 by ncomp: 3:1 4:487 5:1048 6:477 7:128
depth 12 by ncomp: 3:2 4:1145 5:4582 6:3549 7:1357
depth 13 by ncomp: 3:5 4:2745 5:18152 6:22190 7:12293
depth 14 by ncomp: 3:4 4:6301 5:71089 6:132989 7:109799
depth 15 by ncomp: 3:1 4:13183 5:244341 6:716930 7:955354
depth 16 by ncomp: 4:23713 5:761502 6:3413846 7:7591440
depth 17 by ncomp: 4:38871 5:2128879 6:14670037 7:49233876
depth 18 by ncomp: 4:55397 5:5383270 6:57043360 7:157274698
depth 19 by ncomp: 4:69654 5:12390078 6:202643918
depth 20 by ncomp: 4:79083 5:25882290
depth 21 by ncomp: 4:80941
depth 22 by ncomp:
depth 23 by ncomp:
depth 24 by ncomp:
