n=25 nodes=685511805 nsol=0 time=6549.78
depth: 0:1 1:1 2:2 3:8 4:41 5:184 6:732 7:2765 8:11371 9:112 10:590 11:2930 12:15588 13:88838 14:525029 15:3194009 16:19683359 17:101837137 18:276827996 19:241448653 20:41499525 21:372931 22:3 23:0 24:0
depth  0 by ncomp: 0:1
depth  1 by ncomp: 1:1
depth  2 by ncomp: 1:1 2:1
depth  3 by ncomp: 1:4 2:3 3:1
depth  4 by ncomp: 1:16 2:18 3:6 4:1
depth  5 by ncomp: 1:30 2:96 3:47 4:10 5:1
depth  6 by ncomp: 1:38 2:277 3:303 4:98 5:15 6:1
depth  7 by ncomp: 1:34 2:503 3:1226 4:792 5:188 6:21 7:1
depth  8 by ncomp: 1:11 2:751 3:3767 4:4589 5:1895 6:329 7:29
depth  9 by ncomp: 2:1 3:37 4:29 5:34 6:10 7:1
depth 10 by ncomp: 3:93 4:174 5:199 6:106 7:18
depth 11 by ncomp: 3:179 4:678 5:981 6:834 7:258
depth 12 by ncomp: 3:316 4:2339 5:4535 6:5413 7:2985
depth 13 by ncomp: 3:459 4:7303 5:20535 6:31855 7:28686
depth 14 by ncomp: 3:499 4:18502 5:82514 6:172907 7:250607
depth 15 by ncomp: 3:396 4:41471 5:296588 6:851115 7:2004439
depth 16 by ncomp: 3:262 4:81699 5:973397 6:3872388 7:14755613
depth 17 by ncomp: 3:173 4:142371 5:2864872 6:16230598 7:82599123
depth 18 by ncomp: 3:94 4:217961 5:7668616 6:62567967 7:206373358
depth 19 by ncomp: 3:48 4:295128 5:18612555 6:222540922
depth 20 by ncomp: 3:14 4:353051 5:41146460
depth 21 by ncomp: 3:11 4:372920
depth 22 by ncomp: 3:3
depth 23 by ncomp:
depth 24 by ncomp:
