n=25 nodes=604622805 nsol=0 time=5756.96
depth: 0:1 1:1 2:2 3:8 4:41 5:184 6:732 7:2765 8:11371 9:109 10:473 11:2462 12:12478 13:67066 14:367225 15:2067297 16:12009364 17:65023565 18:220844929 19:251982703 20:51354151 21:875794 22:84 23:0 24:0
depth  0 by ncomp: 0:1
depth  1 by ncomp: 1:1
depth  2 by ncomp: 1:1 2:1
depth  3 by ncomp: 1:4 2:3 3:1
depth  4 by ncomp: 1:16 2:18 3:6 4:1
depth  5 by ncomp: 1:30 2:96 3:47 4:10 5:1
depth  6 by ncomp: 1:38 2:277 3:303 4:98 5:15 6:1
depth  7 by ncomp: 1:34 2:503 3:1226 4:792 5:188 6:21 7:1
depth  8 by ncomp: 1:11 2:751 3:3767 4:4589 5:1895 6:329 7:29
depth  9 by ncomp: 2:6 3:23 4:56 5:22 6:2
depth 10 by ncomp: 2:12 3:67 4:195 5:164 6:33 7:2
depth 11 by ncomp: 2:13 3:180 4:785 5:1046 6:388 7:50
depth 12 by ncomp: 2:7 3:404 4:2611 5:5341 6:3318 7:797
depth 13 by ncomp: 2:1 3:720 4:8107 5:24710 6:23774 7:9754
depth 14 by ncomp: 3:1181 4:21703 5:100183 6:145191 7:98967
depth 15 by ncomp: 3:1743 4:50208 5:360651 6:777950 7:876745
depth 16 by ncomp: 3:1911 4:104218 5:1157209 6:3731620 7:7014406
depth 17 by ncomp: 3:2007 4:203487 5:3383469 6:16041837 7:45392765
depth 18 by ncomp: 3:1485 4:353468 5:9137738 6:63267259 7:148084979
depth 19 by ncomp: 3:1126 4:539235 5:22489674 6:228952668
depth 20 by ncomp: 3:593 4:726633 5:50626925
depth 21 by ncomp: 3:300 4:875494
depth 22 by ncomp: 3:84
depth 23 by ncomp:
depth 24 by ncomp:
