n=25 nodes=856719897 nsol=0 time=9062.76
depth: 0:1 1:1 2:2 3:8 4:41 5:184 6:732 7:2765 8:11371 9:155 10:806 11:4161 12:21969 13:121706 14:693479 15:4158905 16:25324800 17:130913733 18:357026387 19:293955285 20:43929114 21:554286 22:6 23:0 24:0
depth  0 by ncomp: 0:1
depth  1 by ncomp: 1:1
depth  2 by ncomp: 1:1 2:1
depth  3 by ncomp: 1:4 2:3 3:1
depth  4 by ncomp: 1:16 2:18 3:6 4:1
depth  5 by ncomp: 1:30 2:96 3:47 4:10 5:1
depth  6 by ncomp: 1:38 2:277 3:303 4:98 5:15 6:1
depth  7 by ncomp: 1:34 2:503 3:1226 4:792 5:188 6:21 7:1
depth  8 by ncomp: 1:11 2:751 3:3767 4:4589 5:1895 6:329 7:29
depth  9 by ncomp: 2:2 3:25 4:61 5:54 6:12 7:1
depth 10 by ncomp: 3:50 4:228 5:352 6:154 7:22
depth 11 by ncomp: 3:148 4:722 5:1655 6:1269 7:367
depth 12 by ncomp: 3:305 4:2205 5:7013 6:8239 7:4207
depth 13 by ncomp: 3:416 4:6312 5:27947 6:47305 7:39726
depth 14 by ncomp: 3:494 4:15056 5:98885 6:244782 7:334262
depth 15 by ncomp: 3:653 4:35622 5:336143 6:1169110 7:2617377
depth 16 by ncomp: 3:688 4:76116 5:1051385 6:5134953 7:19061658
depth 17 by ncomp: 3:540 4:142560 5:3039012 6:20877027 7:106854594
depth 18 by ncomp: 3:384 4:231393 5:8041583 6:78446762 7:270306265
depth 19 by ncomp: 3:270 4:346790 5:19581745 6:274026480
depth 20 by ncomp: 3:104 4:465579 5:43463431
depth 21 by ncomp: 3:26 4:554260
depth 22 by ncomp: 3:6
depth 23 by ncomp:
depth 24 by ncomp:
