n=25 nodes=1025115276 nsol=0 time=10942.59
depth: 0:1 1:1 2:2 3:8 4:41 5:184 6:732 7:2765 8:11371 9:117 10:684 11:3873 12:24226 13:156870 14:1027856 15:6922265 16:44476237 17:203057693 18:427420404 19:296590776 20:44529208 21:889643 22:319 23:0 24:0
depth  0 by ncomp: 0:1
depth  1 by ncomp: 1:1
depth  2 by ncomp: 1:1 2:1
depth  3 by ncomp: 1:4 2:3 3:1
depth  4 by ncomp: 1:16 2:18 3:6 4:1
depth  5 by ncomp: 1:30 2:96 3:47 4:10 5:1
depth  6 by ncomp: 1:38 2:277 3:303 4:98 5:15 6:1
depth  7 by ncomp: 1:34 2:503 3:1226 4:792 5:188 6:21 7:1
depth  8 by ncomp: 1:11 2:751 3:3767 4:4589 5:1895 6:329 7:29
depth  9 by ncomp: 2:3 3:8 4:48 5:23 6:26 7:9
depth 10 by ncomp: 2:5 3:27 4:184 5:197 6:171 7:100
depth 11 by ncomp: 2:2 3:66 4:595 5:1130 6:1101 7:979
depth 12 by ncomp: 2:10 3:197 4:1771 5:5545 6:7358 7:9345
depth 13 by ncomp: 2:6 3:537 4:4896 5:23861 6:43712 7:83858
depth 14 by ncomp: 2:4 3:1005 4:12952 5:89537 6:232061 7:692297
depth 15 by ncomp: 3:1455 4:32166 5:311795 6:1129006 7:5447843
depth 16 by ncomp: 3:1785 4:71166 5:998918 6:5036182 7:38368186
depth 17 by ncomp: 3:1831 4:143001 5:2924992 6:20769324 7:179218545
depth 18 by ncomp: 3:1748 4:260308 5:7853119 6:78663364 7:340641865
depth 19 by ncomp: 3:1606 4:429382 5:19398701 6:276761087
depth 20 by ncomp: 3:1006 4:649803 5:43878399
depth 21 by ncomp: 3:590 4:889053
depth 22 by ncomp: 3:319
depth 23 by ncomp:
depth 24 by ncomp:
