n=25 nodes=944401763 nsol=0 time=10010.78
depth: 0:1 1:1 2:2 3:8 4:41 5:184 6:732 7:2765 8:11371 9:148 10:696 11:3855 12:21072 13:121272 14:708123 15:4303997 16:26475922 17:139222461 18:391187402 19:332983127 20:48906797 21:451776 22:10 23:0 24:0
depth  0 by ncomp: 0:1
depth  1 by ncomp: 1:1
depth  2 by ncomp: 1:1 2:1
depth  3 by ncomp: 1:4 2:3 3:1
depth  4 by ncomp: 1:16 2:18 3:6 4:1
depth  5 by ncomp: 1:30 2:96 3:47 4:10 5:1
depth  6 by ncomp: 1:38 2:277 3:303 4:98 5:15 6:1
depth  7 by ncomp: 1:34 2:503 3:1226 4:792 5:188 6:21 7:1
depth  8 by ncomp: 1:11 2:751 3:3767 4:4589 5:1895 6:329 7:29
depth  9 by ncomp: 3:18 4:66 5:51 6:12 7:1
depth 10 by ncomp: 2:1 3:53 4:214 5:293 6:117 7:18
depth 11 by ncomp: 3:132 4:729 5:1602 6:1101 7:291
depth 12 by ncomp: 3:252 4:2284 5:7260 6:7775 7:3501
depth 13 by ncomp: 3:507 4:6795 5:30060 6:47859 7:36051
depth 14 by ncomp: 3:671 4:17880 5:111844 6:257830 7:319898
depth 15 by ncomp: 3:631 4:40848 5:385526 6:1263899 7:2613093
depth 16 by ncomp: 3:493 4:81365 5:1208470 6:5667563 7:19518031
depth 17 by ncomp: 3:353 4:146151 5:3473328 6:23290960 7:112311669
depth 18 by ncomp: 3:258 4:237293 5:9171426 6:88425723 7:293352702
depth 19 by ncomp: 3:157 4:335419 5:22098297 6:310549254
depth 20 by ncomp: 3:65 4:416904 5:48489828
depth 21 by ncomp: 3:29 4:451747
depth 22 by ncomp: 3:10
depth 23 by ncomp:
depth 24 by ncomp:
