n=25 nodes=903116176 nsol=0 time=7751.17
depth: 0:1 1:1 2:2 3:8 4:41 5:184 6:732 7:2765 8:11371 9:137 10:595 11:3280 12:19076 13:113608 14:686824 15:4240770 16:26389940 17:139340762 18:389500356 19:307941451 20:34615492 21:248763 22:17 23:0 24:0
depth  0 by ncomp: 0:1
depth  1 by ncomp: 1:1
depth  2 by ncomp: 1:1 2:1
depth  3 by ncomp: 1:4 2:3 3:1
depth  4 by ncomp: 1:16 2:18 3:6 4:1
depth  5 by ncomp: 1:30 2:96 3:47 4:10 5:1
depth  6 by ncomp: 1:38 2:277 3:303 4:98 5:15 6:1
depth  7 by ncomp: 1:34 2:503 3:1226 4:792 5:188 6:21 7:1
depth  8 by ncomp: 1:11 2:751 3:3767 4:4589 5:1895 6:329 7:29
depth  9 by ncomp: 2:5 3:22 4:43 5:47 6:18 7:2
depth 10 by ncomp: 2:3 3:52 4:150 5:242 6:121 7:27
depth 11 by ncomp: 2:1 3:84 4:546 5:1352 6:1002 7:295
depth 12 by ncomp: 3:192 4:1675 5:6469 6:7325 7:3415
depth 13 by ncomp: 3:272 4:4439 5:27285 6:46434 7:35178
depth 14 by ncomp: 3:406 4:10935 5:101649 6:256994 7:316840
depth 15 by ncomp: 3:463 4:23807 5:336597 6:1261979 7:2617924
depth 16 by ncomp: 3:441 4:45924 5:1010226 6:5610258 7:19723091
depth 17 by ncomp: 3:318 4:80400 5:2768352 6:22709750 7:113781942
depth 18 by ncomp: 3:198 4:130983 5:6983208 6:84649456 7:297736511
depth 19 by ncomp: 3:104 4:183835 5:16198849 6:291558663
depth 20 by ncomp: 3:65 4:226163 5:34389264
depth 21 by ncomp: 3:45 4:248718
depth 22 by ncomp: 3:17
depth 23 by ncomp:
depth 24 by ncomp:
