n=25 nodes=507995857 nsol=0 time=5237.45
depth: 0:1 1:1 2:2 3:8 4:41 5:184 6:732 7:2765 8:11371 9:94 10:429 11:2035 12:11697 13:67294 14:398940 15:2468437 16:15398096 17:79935520 18:214466761 19:171220069 20:23758691 21:252684 22:5 23:0 24:0
depth  0 by ncomp: 0:1
depth  1 by ncomp: 1:1
depth  2 by ncomp: 1:1 2:1
depth  3 by ncomp: 1:4 2:3 3:1
depth  4 by ncomp: 1:16 2:18 3:6 4:1
depth  5 by ncomp: 1:30 2:96 3:47 4:10 5:1
depth  6 by ncomp: 1:38 2:277 3:303 4:98 5:15 6:1
depth  7 by ncomp: 1:34 2:503 3:1226 4:792 5:188 6:21 7:1
depth  8 by ncomp: 1:11 2:751 3:3767 4:4589 5:1895 6:329 7:29
depth  9 by ncomp: 2:5 3:28 4:28 5:23 6:9 7:1
depth 10 by ncomp: 2:5 3:68 4:142 5:134 6:66 7:14
depth 11 by ncomp: 2:3 3:110 4:398 5:747 6:582 7:195
depth 12 by ncomp: 2:1 3:247 4:1417 5:3640 6:4127 7:2265
depth 13 by ncomp: 3:335 4:3592 5:15325 6:25430 7:22612
depth 14 by ncomp: 3:463 4:8976 5:56602 6:135765 7:197134
depth 15 by ncomp: 3:589 4:20732 5:194288 6:664003 7:1588825
depth 16 by ncomp: 3:553 4:43229 5:609113 6:2960378 7:11784823
depth 17 by ncomp: 3:383 4:78712 5:1746542 6:12188128 7:65921755
depth 18 by ncomp: 3:223 4:123747 5:4521155 6:46018311 7:163803325
depth 19 by ncomp: 3:117 4:176923 5:10756257 6:160286772
depth 20 by ncomp: 3:63 4:224648 5:23533980
depth 21 by ncomp: 3:15 4:252669
depth 22 by ncomp: 3:5
depth 23 by ncomp:
depth 24 by ncomp:
