n=25 nodes=136989279 nsol=0 time=1085.72
depth: 0:1 1:1 2:2 3:8 4:41 5:184 6:732 7:2765 8:11371 9:40 10:134 11:590 12:2443 13:12044 14:61905 15:344560 16:1977886 17:11083959 18:44330782 19:64433399 20:14606209 21:120223 22:0 23:0 24:0
depth  0 by ncomp: 0:1
depth  1 by ncomp: 1:1
depth  2 by ncomp: 1:1 2:1
depth  3 by ncomp: 1:4 2:3 3:1
depth  4 by ncomp: 1:16 2:18 3:6 4:1
depth  5 by ncomp: 1:30 2:96 3:47 4:10 5:1
depth  6 by ncomp: 1:38 2:277 3:303 4:98 5:15 6:1
depth  7 by ncomp: 1:34 2:503 3:1226 4:792 5:188 6:21 7:1
depth  8 by ncomp: 1:11 2:751 3:3767 4:4589 5:1895 6:329 7:29
depth  9 by ncomp: 3:20 4:18 5:2
depth 10 by ncomp: 3:24 4:83 5:25 6:2
depth 11 by ncomp: 3:39 4:299 5:212 6:38 7:2
depth 12 by ncomp: 3:56 4:785 5:1134 6:416 7:52
depth 13 by ncomp: 3:49 4:2248 5:5605 6:3356 7:786
depth 14 by ncomp: 3:42 4:5400 5:23775 6:23283 7:9405
depth 15 by ncomp: 3:65 4:12202 5:91465 6:143332 7:97496
depth 16 by ncomp: 3:69 4:24041 5:316705 6:766853 7:870218
depth 17 by ncomp: 3:66 4:41152 5:954750 6:3621840 7:6466151
depth 18 by ncomp: 3:35 4:64922 5:2594746 6:15201883 7:26469196
depth 19 by ncomp: 3:10 4:91348 5:6431223 6:57910818
depth 20 by ncomp: 3:4 4:113183 5:14493022
depth 21 by ncomp: 4:120223
depth 22 by ncomp:
depth 23 by ncomp:
depth 24 by ncomp:
