n=25 nodes=696783573 nsol=0 time=6752.47
depth: 0:1 1:1 2:2 3:8 4:41 5:184 6:732 7:2765 8:11371 9:117 10:564 11:2631 12:13150 13:69388 14:386512 15:2228629 16:13094579 17:72586753 18:256008473 19:297219456 20:54619967 21:538246 22:3 23:0 24:0
depth  0 by ncomp: 0:1
depth  1 by ncomp: 1:1
depth  2 by ncomp: 1:1 2:1
depth  3 by ncomp: 1:4 2:3 3:1
depth  4 by ncomp: 1:16 2:18 3:6 4:1
depth  5 by ncomp: 1:30 2:96 3:47 4:10 5:1
depth  6 by ncomp: 1:38 2:277 3:303 4:98 5:15 6:1
depth  7 by ncomp: 1:34 2:503 3:1226 4:792 5:188 6:21 7:1
depth  8 by ncomp: 1:11 2:751 3:3767 4:4589 5:1895 6:329 7:29
depth  9 by ncomp: 2:2 3:30 4:62 5:21 6:2
depth 10 by ncomp: 2:4 3:79 4:270 5:176 6:33 7:2
depth 11 by ncomp: 2:2 3:139 4:939 5:1127 6:376 7:48
depth 12 by ncomp: 3:255 4:2870 5:5902 6:3355 7:768
depth 13 by ncomp: 3:380 4:7950 5:27236 6:24471 7:9351
depth 14 by ncomp: 3:633 4:20313 5:110802 6:156248 7:98516
depth 15 by ncomp: 3:677 4:45250 5:401925 6:868580 7:912197
depth 16 by ncomp: 3:629 4:91670 5:1292510 6:4236605 7:7473165
depth 17 by ncomp: 3:508 4:163091 5:3792890 6:18664145 7:49966119
depth 18 by ncomp: 3:389 4:266673 5:10098256 6:74658966 7:170984189
depth 19 by ncomp: 3:202 4:384460 5:24492455 6:272342339
depth 20 by ncomp: 3:72 4:484314 5:54135581
depth 21 by ncomp: 3:26 4:538220
depth 22 by ncomp: 3:3
depth 23 by ncomp:
depth 24 by ncomp:
