n=25 nodes=554899611 nsol=0 time=5772.77
depth: 0:1 1:1 2:2 3:8 4:41 5:184 6:732 7:2765 8:11371 9:106 10:501 11:2389 12:11941 13:62971 14:345808 15:1985523 16:11764984 17:64660678 18:216972546 19:225688854 20:33185997 21:202205 22:3 23:0 24:0
depth  0 by ncomp: 0:1
depth  1 by ncomp: 1:1
depth  2 by ncomp: 1:1 2:1
depth  3 by ncomp: 1:4 2:3 3:1
depth  4 by ncomp: 1:16 2:18 3:6 4:1
depth  5 by ncomp: 1:30 2:96 3:47 4:10 5:1
depth  6 by ncomp: 1:38 2:277 3:303 4:98 5:15 6:1
depth  7 by ncomp: 1:34 2:503 3:1226 4:792 5:188 6:21 7:1
depth  8 by ncomp: 1:11 2:751 3:3767 4:4589 5:1895 6:329 7:29
depth  9 by ncomp: 3:18 4:58 5:27 6:3
depth 10 by ncomp: 3:21 4:228 5:204 6:45 7:3
depth 11 by ncomp: 3:52 4:699 5:1137 6:437 7:64
depth 12 by ncomp: 3:65 4:1924 5:5406 6:3615 7:931
depth 13 by ncomp: 3:87 4:4834 5:22646 6:24615 7:10789
depth 14 by ncomp: 3:111 4:10933 5:85586 6:143702 7:105476
depth 15 by ncomp: 3:147 4:22744 5:291842 6:754377 7:916413
depth 16 by ncomp: 3:121 4:42037 5:903164 6:3562969 7:7256693
depth 17 by ncomp: 3:90 4:70504 5:2527918 6:15167983 7:46894183
depth 18 by ncomp: 3:73 4:107728 5:6498902 6:58964018 7:151401825
depth 19 by ncomp: 3:46 4:148038 5:15309717 6:210231053
depth 20 by ncomp: 3:20 4:183556 5:33002421
depth 21 by ncomp: 3:11 4:202194
depth 22 by ncomp: 3:3
depth 23 by ncomp:
depth 24 by ncomp:
