n=25 nodes=789514142 nsol=0 time=7399.38
depth: 0:1 1:1 2:2 3:8 4:41 5:184 6:732 7:2765 8:11371 9:100 10:472 11:2907 12:16027 13:93592 14:577575 15:3591347 16:22619032 17:120821815 18:334376917 19:270509822 20:36553520 21:335909 22:2 23:0 24:0
depth  0 by ncomp: 0:1
depth  1 by ncomp: 1:1
depth  2 by ncomp: 1:1 2:1
depth  3 by ncomp: 1:4 2:3 3:1
depth  4 by ncomp: 1:16 2:18 3:6 4:1
depth  5 by ncomp: 1:30 2:96 3:47 4:10 5:1
depth  6 by ncomp: 1:38 2:277 3:303 4:98 5:15 6:1
depth  7 by ncomp: 1:34 2:503 3:1226 4:792 5:188 6:21 7:1
depth  8 by ncomp: 1:11 2:751 3:3767 4:4589 5:1895 6:329 7:29
depth  9 by ncomp: 2:3 3:11 4:38 5:37 6:10 7:1
depth 10 by ncomp: 2:1 3:42 4:125 5:195 6:93 7:16
depth 11 by ncomp: 2:4 3:86 4:431 5:1224 6:911 7:251
depth 12 by ncomp: 2:2 3:177 4:1329 5:5034 6:6339 7:3146
depth 13 by ncomp: 3:276 4:3914 5:21067 6:37624 7:30711
depth 14 by ncomp: 3:363 4:10309 5:79380 6:208835 7:278688
depth 15 by ncomp: 3:385 4:24239 5:272443 6:1012131 7:2282149
depth 16 by ncomp: 3:355 4:49858 5:864134 6:4578642 7:17126043
depth 17 by ncomp: 3:269 4:93139 5:2486050 6:18867194 7:99375163
depth 18 by ncomp: 3:168 4:157134 5:6632875 6:71872257 7:255714483
depth 19 by ncomp: 3:87 4:233922 5:16228640 6:254047173
depth 20 by ncomp: 3:46 4:301801 5:36251673
depth 21 by ncomp: 3:14 4:335895
depth 22 by ncomp: 3:2
depth 23 by ncomp:
depth 24 by ncomp:
