n=25 nodes=1415295353 nsol=0 time=13935.11
depth: 0:1 1:1 2:2 3:8 4:41 5:184 6:732 7:2765 8:11371 9:166 10:859 11:4962 12:27757 13:162877 14:966728 15:5898006 16:36538804 17:196975711 18:583462936 19:519840665 20:70923928 21:476838 22:11 23:0 24:0
depth  0 by ncomp: 0:1
depth  1 by ncomp: 1:1
depth  2 by ncomp: 1:1 2:1
depth  3 by ncomp: 1:4 2:3 3:1
depth  4 by ncomp: 1:16 2:18 3:6 4:1
depth  5 by ncomp: 1:30 2:96 3:47 4:10 5:1
depth  6 by ncomp: 1:38 2:277 3:303 4:98 5:15 6:1
depth  7 by ncomp: 1:34 2:503 3:1226 4:792 5:188 6:21 7:1
depth  8 by ncomp: 1:11 2:751 3:3767 4:4589 5:1895 6:329 7:29
depth  9 by ncomp: 3:19 4:72 5:61 6:13 7:1
depth 10 by ncomp: 3:40 4:277 5:380 6:141 7:21
depth 11 by ncomp: 3:102 4:1019 5:2183 6:1327 7:331
depth 12 by ncomp: 3:182 4:3068 5:10357 6:10048 7:4102
depth 13 by ncomp: 3:299 4:8802 5:44599 6:65441 7:43736
depth 14 by ncomp: 3:390 4:21633 5:169746 6:370635 7:404324
depth 15 by ncomp: 3:420 4:47531 5:581072 6:1866471 7:3402512
depth 16 by ncomp: 3:332 4:93455 5:1824716 6:8545566 7:26074735
depth 17 by ncomp: 3:292 4:164178 5:5216088 6:35695961 7:155899192
depth 18 by ncomp: 3:195 4:255113 5:13646779 6:137237175 7:432323674
depth 19 by ncomp: 3:143 4:351353 5:32524315 6:486964854
depth 20 by ncomp: 3:75 4:429536 5:70494317
depth 21 by ncomp: 3:24 4:476814
depth 22 by ncomp: 3:11
depth 23 by ncomp:
depth 24 by ncomp:
