n=25 nodes=624250896 nsol=0 time=5062.32
depth: 0:1 1:1 2:2 3:8 4:41 5:184 6:732 7:2765 8:11371 9:77 10:370 11:1834 12:9531 13:53288 14:310168 15:1866709 16:11430562 17:65191490 18:233447303 19:268025301 20:43655834 21:243324 22:0 23:0 24:0
depth  0 by ncomp: 0:1
depth  1 by ncomp: 1:1
depth  2 by ncomp: 1:1 2:1
depth  3 by ncomp: 1:4 2:3 3:1
depth  4 by ncomp: 1:16 2:18 3:6 4:1
depth  5 by ncomp: 1:30 2:96 3:47 4:10 5:1
depth  6 by ncomp: 1:38 2:277 3:303 4:98 5:15 6:1
depth  7 by ncomp: 1:34 2:503 3:1226 4:792 5:188 6:21 7:1
depth  8 by ncomp: 1:11 2:751 3:3767 4:4589 5:1895 6:329 7:29
depth  9 by ncomp: 2:3 3:12 4:36 5:23 6:3
depth 10 by ncomp: 2:2 3:32 4:136 5:156 6:41 7:3
depth 11 by ncomp: 3:58 4:485 5:854 6:375 7:62
depth 12 by ncomp: 3:81 4:1516 5:4292 6:2862 7:780
depth 13 by ncomp: 3:124 4:4214 5:19363 6:20599 7:8988
depth 14 by ncomp: 3:178 4:11140 5:80146 6:128419 7:90285
depth 15 by ncomp: 3:130 4:25431 5:296604 6:720183 7:824361
depth 16 by ncomp: 3:146 4:51459 5:989625 6:3597689 7:6791643
depth 17 by ncomp: 3:71 4:91471 5:2966830 6:16236457 7:45896661
depth 18 by ncomp: 3:40 4:142668 5:8024367 6:66563670 7:158716558
depth 19 by ncomp: 3:21 4:196450 5:19633177 6:248195653
depth 20 by ncomp: 3:11 4:232588 5:43423235
depth 21 by ncomp: 4:243324
depth 22 by ncomp:
depth 23 by ncomp:
depth 24 by ncomp:
