n=25 nodes=295284113 nsol=0 time=2861.13
depth: 0:1 1:1 2:2 3:8 4:41 5:184 6:732 7:2765 8:11371 9:48 10:212 11:985 12:5327 13:28799 14:160707 15:940936 16:5661423 17:31901880 18:111499100 19:124746731 20:20218506 21:104354 22:0 23:0 24:0
depth  0 by ncomp: 0:1
depth  1 by ncomp: 1:1
depth  2 by ncomp: 1:1 2:1
depth  3 by ncomp: 1:4 2:3 3:1
depth  4 by ncomp: 1:16 2:18 3:6 4:1
depth  5 by ncomp: 1:30 2:96 3:47 4:10 5:1
depth  6 by ncomp: 1:38 2:277 3:303 4:98 5:15 6:1
depth  7 by ncomp: 1:34 2:503 3:1226 4:792 5:188 6:21 7:1
depth  8 by ncomp: 1:11 2:751 3:3767 4:4589 5:1895 6:329 7:29
depth  9 by ncomp: 3:16 4:21 5:10 6:1
depth 10 by ncomp: 3:34 4:93 5:69 6:15 7:1
depth 11 by ncomp: 3:45 4:333 5:429 6:156 7:22
depth 12 by ncomp: 3:89 4:1118 5:2338 6:1438 7:344
depth 13 by ncomp: 3:98 4:3141 5:10770 6:10480 7:4310
depth 14 by ncomp: 3:95 4:7314 5:43644 6:65335 7:44319
depth 15 by ncomp: 3:71 4:15524 5:154716 6:362040 7:408585
depth 16 by ncomp: 3:51 4:29278 5:501524 6:1770139 7:3360431
depth 17 by ncomp: 3:25 4:48404 5:1463132 6:7834451 7:22555868
depth 18 by ncomp: 3:5 4:70194 5:3844479 6:31418558 7:76165864
depth 19 by ncomp: 3:1 4:90730 5:9243700 6:115412300
depth 20 by ncomp: 4:103170 5:20115336
depth 21 by ncomp: 4:104354
depth 22 by ncomp:
depth 23 by ncomp:
depth 24 by ncomp:
