n=25 nodes=98167252 nsol=0 time=943.69
depth: 0:1 1:1 2:2 3:8 4:41 5:184 6:732 7:2765 8:11371 9:31 10:166 11:586 12:2406 13:11129 14:55252 15:287857 16:1539282 17:7995553 18:31391697 19:46199985 20:10578639 21:89564 22:0 23:0 24:0
depth  0 by ncomp: 0:1
depth  1 by ncomp: 1:1
depth  2 by ncomp: 1:1 2:1
depth  3 by ncomp: 1:4 2:3 3:1
depth  4 by ncomp: 1:16 2:18 3:6 4:1
depth  5 by ncomp: 1:30 2:96 3:47 4:10 5:1
depth  6 by ncomp: 1:38 2:277 3:303 4:98 5:15 6:1
depth  7 by ncomp: 1:34 2:503 3:1226 4:792 5:188 6:21 7:1
depth  8 by ncomp: 1:11 2:751 3:3767 4:4589 5:1895 6:329 7:29
depth  9 by ncomp: 3:9 4:13 5:2 6:6 7:1
depth 10 by ncomp: 3:20 4:54 5:35 6:42 7:15
depth 11 by ncomp: 3:41 4:215 5:150 6:86 7:94
depth 12 by ncomp: 3:68 4:718 5:884 6:356 7:380
depth 13 by ncomp: 3:62 4:1965 5:4357 6:2584 7:2161
depth 14 by ncomp: 3:72 4:4821 5:18628 6:17539 7:14192
depth 15 by ncomp: 3:95 4:10506 5:70781 6:104822 7:101653
depth 16 by ncomp: 3:34 4:19836 5:239297 6:556746 7:723369
depth 17 by ncomp: 3:49 4:33825 5:716698 6:2610004 7:4634977
depth 18 by ncomp: 3:25 4:53015 5:1939917 6:10915882 7:18482858
depth 19 by ncomp: 3:13 4:69946 5:4748870 6:41381156
depth 20 by ncomp: 3:7 4:83077 5:10495555
depth 21 by ncomp: 3:2 4:89562
depth 22 by ncomp:
depth 23 by ncomp:
depth 24 by ncomp:
