n=25 nodes=758566574 nsol=0 time=10157.16
depth: 0:1 1:1 2:2 3:8 4:41 5:184 6:732 7:2765 8:11371 9:106 10:721 11:4946 12:35114 13:263976 14:2028040 15:15533167 16:96439143 17:295230421 18:255383391 19:79050031 20:14409399 21:173014 22:0 23:0 24:0
depth  0 by ncomp: 0:1
depth  1 by ncomp: 1:1
depth  2 by ncomp: 1:1 2:1
depth  3 by ncomp: 1:4 2:3 3:1
depth  4 by ncomp: 1:16 2:18 3:6 4:1
depth  5 by ncomp: 1:30 2:96 3:47 4:10 5:1
depth  6 by ncomp: 1:38 2:277 3:303 4:98 5:15 6:1
depth  7 by ncomp: 1:34 2:503 3:1226 4:792 5:188 6:21 7:1
depth  8 by ncomp: 1:11 2:751 3:3767 4:4589 5:1895 6:329 7:29
depth  9 by ncomp: 2:3 3:17 4:36 5:12 6:1 7:37
depth 10 by ncomp: 2:4 3:45 4:124 5:94 6:37 7:417
depth 11 by ncomp: 2:1 3:92 4:327 5:500 6:261 7:3765
depth 12 by ncomp: 3:176 4:943 5:1887 6:1649 7:30459
depth 13 by ncomp: 3:250 4:2636 5:8215 6:9557 7:243318
depth 14 by ncomp: 3:271 4:6464 5:31770 6:53695 7:1935840
depth 15 by ncomp: 3:255 4:14141 5:109865 6:274407 7:15134499
depth 16 by ncomp: 3:221 4:29259 5:350919 6:1261082 7:94797662
depth 17 by ncomp: 3:168 4:52668 5:1020695 6:5301584 7:288855306
depth 18 by ncomp: 3:83 4:83879 5:2682891 6:20410697 7:232205841
depth 19 by ncomp: 3:34 4:119624 5:6468552 6:72461821
depth 20 by ncomp: 3:9 4:153999 5:14255391
depth 21 by ncomp: 3:6 4:173008
depth 22 by ncomp:
depth 23 by ncomp:
depth 24 by ncomp:
