n=25 nodes=660242624 nsol=0 time=7088.97
depth: 0:1 1:1 2:2 3:8 4:41 5:184 6:732 7:2765 8:11371 9:110 10:472 11:2416 12:12938 13:70111 14:393239 15:2300984 16:13764887 17:76016824 18:253721612 19:266880137 20:46386899 21:676780 22:110 23:0 24:0
depth  0 by ncomp: 0:1
depth  1 by ncomp: 1:1
depth  2 by ncomp: 1:1 2:1
depth  3 by ncomp: 1:4 2:3 3:1
depth  4 by ncomp: 1:16 2:18 3:6 4:1
depth  5 by ncomp: 1:30 2:96 3:47 4:10 5:1
depth  6 by ncomp: 1:38 2:277 3:303 4:98 5:15 6:1
depth  7 by ncomp: 1:34 2:503 3:1226 4:792 5:188 6:21 7:1
depth  8 by ncomp: 1:11 2:751 3:3767 4:4589 5:1895 6:329 7:29
depth  9 by ncomp: 2:3 3:7 4:59 5:37 6:4
depth 10 by ncomp: 2:5 3:28 4:169 5:211 6:55 7:4
depth 11 by ncomp: 2:2 3:85 4:594 5:1143 6:509 7:83
depth 12 by ncomp: 3:213 4:1896 5:5650 6:4031 7:1148
depth 13 by ncomp: 3:403 4:5323 5:24413 6:27283 7:12689
depth 14 by ncomp: 3:699 4:13967 5:94312 6:162245 7:122016
depth 15 by ncomp: 3:978 4:33733 5:330107 6:860227 7:1075939
depth 16 by ncomp: 3:1012 4:71409 5:1046264 6:4065949 7:8580253
depth 17 by ncomp: 3:968 4:140662 5:3038392 6:17395665 7:55441137
depth 18 by ncomp: 3:811 4:253347 5:8182191 6:68240842 7:177044421
depth 19 by ncomp: 3:567 4:397639 5:20230442 6:246251489
depth 20 by ncomp: 3:356 4:554422 5:45832121
depth 21 by ncomp: 3:196 4:676584
depth 22 by ncomp: 3:110
depth 23 by ncomp:
depth 24 by ncomp:
