n=25 nodes=394241086 nsol=0 time=5217.62
depth: 0:1 1:1 2:2 3:8 4:41 5:184 6:732 7:2765 8:11371 9:53 10:255 11:1466 12:8657 13:53736 14:334349 15:2137270 16:13643944 17:69723448 18:170962397 19:118152582 20:18231482 21:974839 22:1503 23:0 24:0
depth  0 by ncomp: 0:1
depth  1 by ncomp: 1:1
depth  2 by ncomp: 1:1 2:1
depth  3 by ncomp: 1:4 2:3 3:1
depth  4 by ncomp: 1:16 2:18 3:6 4:1
depth  5 by ncomp: 1:30 2:96 3:47 4:10 5:1
depth  6 by ncomp: 1:38 2:277 3:303 4:98 5:15 6:1
depth  7 by ncomp: 1:34 2:503 3:1226 4:792 5:188 6:21 7:1
depth  8 by ncomp: 1:11 2:751 3:3767 4:4589 5:1895 6:329 7:29
depth  9 by ncomp: 2:7 3:3 4:8 5:25 6:9 7:1
depth 10 by ncomp: 2:14 3:10 4:27 5:105 6:83 7:16
depth 11 by ncomp: 2:19 3:38 4:123 5:461 6:603 7:222
depth 12 by ncomp: 2:18 3:106 4:443 5:1898 6:3724 7:2468
depth 13 by ncomp: 2:21 3:288 4:1481 5:7688 6:20752 7:23506
depth 14 by ncomp: 2:24 3:667 4:4471 5:29232 6:103437 7:196518
depth 15 by ncomp: 2:7 3:1346 4:11981 5:102496 6:482198 7:1539242
depth 16 by ncomp: 2:2 3:2292 4:30570 5:332230 6:2084508 7:11194342
depth 17 by ncomp: 3:3349 4:73655 5:1008236 6:8407785 7:60230423
depth 18 by ncomp: 3:3519 4:154763 5:2824558 6:31579291 7:136400266
depth 19 by ncomp: 3:4066 4:316276 5:7331549 6:110500691
depth 20 by ncomp: 3:3667 4:574122 5:17653693
depth 21 by ncomp: 3:2711 4:972128
depth 22 by ncomp: 3:1503
depth 23 by ncomp:
depth 24 by ncomp:
