n=25 nodes=794461178 nsol=0 time=10995.05
depth: 0:1 1:1 2:2 3:8 4:41 5:184 6:732 7:2765 8:11371 9:94 10:564 11:3017 12:16766 13:97907 14:575058 15:3538378 16:22003245 17:116037364 18:327120308 19:281406837 20:43101068 21:545450 22:17 23:0 24:0
depth  0 by ncomp: 0:1
depth  1 by ncomp: 1:1
depth  2 by ncomp: 1:1 2:1
depth  3 by ncomp: 1:4 2:3 3:1
depth  4 by ncomp: 1:16 2:18 3:6 4:1
depth  5 by ncomp: 1:30 2:96 3:47 4:10 5:1
depth  6 by ncomp: 1:38 2:277 3:303 4:98 5:15 6:1
depth  7 by ncomp: 1:34 2:503 3:1226 4:792 5:188 6:21 7:1
depth  8 by ncomp: 1:11 2:751 3:3767 4:4589 5:1895 6:329 7:29
depth  9 by ncomp: 2:5 3:7 4:30 5:41 6:10 7:1
depth 10 by ncomp: 2:9 3:28 4:133 5:251 6:123 7:20
depth 11 by ncomp: 2:6 3:80 4:498 5:1216 6:927 7:290
depth 12 by ncomp: 2:6 3:205 4:1484 5:5671 6:6327 7:3073
depth 13 by ncomp: 3:393 4:4342 5:23189 6:38911 7:31072
depth 14 by ncomp: 3:664 4:11537 5:85737 6:208552 7:268568
depth 15 by ncomp: 3:932 4:28868 5:297652 6:1030315 7:2180611
depth 16 by ncomp: 3:1083 4:64253 5:952727 6:4650645 7:16334537
depth 17 by ncomp: 3:1101 4:129030 5:2794175 6:19286633 7:93826425
depth 18 by ncomp: 3:641 4:224396 5:7543272 6:73839311 7:245512688
depth 19 by ncomp: 3:362 4:348631 5:18733377 6:262324467
depth 20 by ncomp: 3:135 4:465779 5:42635154
depth 21 by ncomp: 3:36 4:545414
depth 22 by ncomp: 3:17
depth 23 by ncomp:
depth 24 by ncomp:
