n=25 nodes=1796525849 nsol=0 time=20159.77
depth: 0:1 1:1 2:2 3:8 4:41 5:184 6:732 7:2765 8:11371 9:245 10:1102 11:6284 12:36734 13:218505 14:1323056 15:8140252 16:50678028 17:268507134 18:750380347 19:623624847 20:92452523 21:1141568 22:119 23:0 24:0
depth  0 by ncomp: 0:1
depth  1 by ncomp: 1:1
depth  2 by ncomp: 1:1 2:1
depth  3 by ncomp: 1:4 2:3 3:1
depth  4 by ncomp: 1:16 2:18 3:6 4:1
depth  5 by ncomp: 1:30 2:96 3:47 4:10 5:1
depth  6 by ncomp: 1:38 2:277 3:303 4:98 5:15 6:1
depth  7 by ncomp: 1:34 2:503 3:1226 4:792 5:188 6:21 7:1
depth  8 by ncomp: 1:11 2:751 3:3767 4:4589 5:1895 6:329 7:29
depth  9 by ncomp: 2:10 3:51 4:80 5:81 6:21 7:2
depth 10 by ncomp: 2:5 3:143 4:257 5:446 6:215 7:36
depth 11 by ncomp: 2:8 3:348 4:1153 5:2391 6:1868 7:516
depth 12 by ncomp: 2:1 3:661 4:3909 5:11785 6:13796 7:6582
depth 13 by ncomp: 2:4 3:1149 4:11713 5:50284 6:86836 7:68519
depth 14 by ncomp: 3:1710 4:31457 5:193178 6:475283 7:621428
depth 15 by ncomp: 3:2169 4:77927 5:676683 6:2332457 7:5051016
depth 16 by ncomp: 3:2120 4:166170 5:2159325 6:10488249 7:37862164
depth 17 by ncomp: 3:1626 4:310545 5:6285570 6:43328726 7:218580667
depth 18 by ncomp: 3:1159 4:518051 5:16777980 6:164958223 7:568124934
depth 19 by ncomp: 3:594 4:761030 5:40999449 6:581863774
depth 20 by ncomp: 3:349 4:991512 5:91460662
depth 21 by ncomp: 3:181 4:1141387
depth 22 by ncomp: 3:119
depth 23 by ncomp:
depth 24 by ncomp:
