n=25 nodes=199076157 nsol=0 time=1721.66
depth: 0:1 1:1 2:2 3:8 4:41 5:184 6:732 7:2765 8:11371 9:53 10:193 11:854 12:4059 13:20852 14:119622 15:676772 16:4010630 17:21778818 18:71702435 19:80788503 20:19497889 21:460354 22:18 23:0 24:0
depth  0 by ncomp: 0:1
depth  1 by ncomp: 1:1
depth  2 by ncomp: 1:1 2:1
depth  3 by ncomp: 1:4 2:3 3:1
depth  4 by ncomp: 1:16 2:18 3:6 4:1
depth  5 by ncomp: 1:30 2:96 3:47 4:10 5:1
depth  6 by ncomp: 1:38 2:277 3:303 4:98 5:15 6:1
depth  7 by ncomp: 1:34 2:503 3:1226 4:792 5:188 6:21 7:1
depth  8 by ncomp: 1:11 2:751 3:3767 4:4589 5:1895 6:329 7:29
depth  9 by ncomp: 2:5 3:12 4:24 5:11 6:1
depth 10 by ncomp: 2:6 3:36 4:64 5:71 6:15 7:1
depth 11 by ncomp: 2:13 3:101 4:207 5:351 6:159 7:23
depth 12 by ncomp: 2:18 3:301 4:714 5:1523 6:1174 7:329
depth 13 by ncomp: 2:4 3:589 4:2383 5:6634 6:7596 7:3646
depth 14 by ncomp: 2:2 3:1260 4:8362 5:27646 6:45582 7:36770
depth 15 by ncomp: 3:1458 4:21258 5:102243 6:236061 7:315752
depth 16 by ncomp: 3:1845 4:53099 5:355258 6:1124644 7:2475784
depth 17 by ncomp: 3:1250 4:105729 5:1113165 6:4891249 7:15667425
depth 18 by ncomp: 3:975 4:188609 5:3205939 6:19617440 7:48689472
depth 19 by ncomp: 3:575 4:290448 5:8216696 6:72280784
depth 20 by ncomp: 3:364 4:390842 5:19106683
depth 21 by ncomp: 3:117 4:460237
depth 22 by ncomp: 3:18
depth 23 by ncomp:
depth 24 by ncomp:
