n=25 nodes=1257126408 nsol=0 time=12557.99
depth: 0:1 1:1 2:2 3:8 4:41 5:184 6:732 7:2765 8:11371 9:188 10:918 11:4434 12:23258 13:127641 14:728974 15:4295356 16:25662031 17:141902719 18:480745802 19:517874493 20:84921581 21:823882 22:26 23:0 24:0
depth  0 by ncomp: 0:1
depth  1 by ncomp: 1:1
depth  2 by ncomp: 1:1 2:1
depth  3 by ncomp: 1:4 2:3 3:1
depth  4 by ncomp: 1:16 2:18 3:6 4:1
depth  5 by ncomp: 1:30 2:96 3:47 4:10 5:1
depth  6 by ncomp: 1:38 2:277 3:303 4:98 5:15 6:1
depth  7 by ncomp: 1:34 2:503 3:1226 4:792 5:188 6:21 7:1
depth  8 by ncomp: 1:11 2:751 3:3767 4:4589 5:1895 6:329 7:29
depth  9 by ncomp: 2:5 3:17 4:113 5:48 6:5
depth 10 by ncomp: 2:9 3:55 4:396 5:376 6:77 7:5
depth 11 by ncomp: 2:5 3:144 4:1164 5:2141 6:863 7:117
depth 12 by ncomp: 2:3 3:298 4:3632 5:10424 6:7112 7:1789
depth 13 by ncomp: 3:508 4:10162 5:45775 6:49653 7:21543
depth 14 by ncomp: 3:1006 4:27270 5:181949 6:301375 7:217374
depth 15 by ncomp: 3:1231 4:63998 5:655222 6:1625560 7:1949345
depth 16 by ncomp: 3:1258 4:129977 5:2103394 6:7773620 7:15653782
depth 17 by ncomp: 3:1098 4:234944 5:6119343 6:33692963 7:101854371
depth 18 by ncomp: 3:732 4:375265 5:16108641 6:132895177 7:331365987
depth 19 by ncomp: 3:436 4:542579 5:38550808 6:478780670
depth 20 by ncomp: 3:230 4:704570 5:84216781
depth 21 by ncomp: 3:128 4:823754
depth 22 by ncomp: 3:26
depth 23 by ncomp:
depth 24 by ncomp:
