n=25 nodes=194647270 nsol=0 time=1759.69
depth: 0:1 1:1 2:2 3:8 4:41 5:184 6:732 7:2765 8:11371 9:45 10:157 11:738 12:3606 13:17544 14:91268 15:488322 16:2724832 17:15082457 18:61303375 19:92854413 20:21903264 21:162144 22:0 23:0 24:0
depth  0 by ncomp: 0:1
depth  1 by ncomp: 1:1
depth  2 by ncomp: 1:1 2:1
depth  3 by ncomp: 1:4 2:3 3:1
depth  4 by ncomp: 1:16 2:18 3:6 4:1
depth  5 by ncomp: 1:30 2:96 3:47 4:10 5:1
depth  6 by ncomp: 1:38 2:277 3:303 4:98 5:15 6:1
depth  7 by ncomp: 1:34 2:503 3:1226 4:792 5:188 6:21 7:1
depth  8 by ncomp: 1:11 2:751 3:3767 4:4589 5:1895 6:329 7:29
depth  9 by ncomp: 3:15 4:26 5:4
depth 10 by ncomp: 3:22 4:98 5:34 6:3
depth 11 by ncomp: 3:62 4:373 5:249 6:51 7:3
depth 12 by ncomp: 3:92 4:1311 5:1591 6:539 7:73
depth 13 by ncomp: 3:95 4:3792 5:8120 6:4499 7:1038
depth 14 by ncomp: 3:73 4:9428 5:36352 6:32827 7:12588
depth 15 by ncomp: 3:74 4:20314 5:139705 6:201332 7:126897
depth 16 by ncomp: 3:20 4:38831 5:472347 6:1079442 7:1134192
depth 17 by ncomp: 3:14 4:66685 5:1429417 6:5087648 7:8498693
depth 18 by ncomp: 3:11 4:100843 5:3927259 6:21579405 7:35695857
depth 19 by ncomp: 3:2 4:133821 5:9740284 6:82980306
depth 20 by ncomp: 4:156162 5:21747102
depth 21 by ncomp: 4:162144
depth 22 by ncomp:
depth 23 by ncomp:
depth 24 by ncomp:
