n=25 nodes=491811493 nsol=0 time=4171.32
depth: 0:1 1:1 2:2 3:8 4:41 5:184 6:732 7:2765 8:11371 9:97 10:422 11:1857 12:9839 13:53328 14:301919 15:1751219 16:10448638 17:57728913 18:194305022 19:199707647 20:27368712 21:118775 22:0 23:0 24:0
depth  0 by ncomp: 0:1
depth  1 by ncomp: 1:1
depth  2 by ncomp: 1:1 2:1
depth  3 by ncomp: 1:4 2:3 3:1
depth  4 by ncomp: 1:16 2:18 3:6 4:1
depth  5 by ncomp: 1:30 2:96 3:47 4:10 5:1
depth  6 by ncomp: 1:38 2:277 3:303 4:98 5:15 6:1
depth  7 by ncomp: 1:34 2:503 3:1226 4:792 5:188 6:21 7:1
depth  8 by ncomp: 1:11 2:751 3:3767 4:4589 5:1895 6:329 7:29
depth  9 by ncomp: 3:22 4:49 5:23 6:3
depth 10 by ncomp: 3:32 4:194 5:156 6:37 7:3
depth 11 by ncomp: 3:40 4:559 5:865 6:337 7:56
depth 12 by ncomp: 3:80 4:1773 5:4498 6:2784 7:704
depth 13 by ncomp: 3:104 4:4496 5:19829 6:20364 7:8535
depth 14 by ncomp: 3:81 4:10129 5:77390 6:126224 7:88095
depth 15 by ncomp: 3:77 4:19907 5:263407 6:674184 7:793644
depth 16 by ncomp: 3:59 4:35604 5:806698 6:3192746 7:6413531
depth 17 by ncomp: 3:27 4:57087 5:2246749 6:13580021 7:41845029
depth 18 by ncomp: 3:18 4:80772 5:5670893 6:52642377 7:135910962
depth 19 by ncomp: 3:7 4:101961 5:13018071 6:186587608
depth 20 by ncomp: 3:1 4:115884 5:27252827
depth 21 by ncomp: 4:118775
depth 22 by ncomp:
depth 23 by ncomp:
depth 24 by ncomp:
