n=25 nodes=657435997 nsol=0 time=6227.00
depth: 0:1 1:1 2:2 3:8 4:41 5:184 6:732 7:2765 8:11371 9:112 10:559 11:2807 12:14159 13:75007 14:411797 15:2336371 16:13647165 17:74727004 18:253783965 19:271673682 20:40545242 21:203022 22:0 23:0 24:0
depth  0 by ncomp: 0:1
depth  1 by ncomp: 1:1
depth  2 by ncomp: 1:1 2:1
depth  3 by ncomp: 1:4 2:3 3:1
depth  4 by ncomp: 1:16 2:18 3:6 4:1
depth  5 by ncomp: 1:30 2:96 3:47 4:10 5:1
depth  6 by ncomp: 1:38 2:277 3:303 4:98 5:15 6:1
depth  7 by ncomp: 1:34 2:503 3:1226 4:792 5:188 6:21 7:1
depth  8 by ncomp: 1:11 2:751 3:3767 4:4589 5:1895 6:329 7:29
depth  9 by ncomp: 3:22 4:65 5:23 6:2
depth 10 by ncomp: 3:50 4:280 5:192 6:35 7:2
depth 11 by ncomp: 3:80 4:993 5:1267 6:416 7:51
depth 12 by ncomp: 3:124 4:2755 5:6564 6:3848 7:868
depth 13 by ncomp: 3:134 4:7150 5:29296 6:27694 7:10733
depth 14 by ncomp: 3:127 4:16202 5:113149 6:170693 7:111626
depth 15 by ncomp: 3:116 4:32735 5:387009 6:914283 7:1002228
depth 16 by ncomp: 3:106 4:57682 5:1189183 6:4333887 7:8066307
depth 17 by ncomp: 3:69 4:92008 5:3285872 6:18444515 7:52904540
depth 18 by ncomp: 3:40 4:133697 5:8306880 6:71259981 7:174083367
depth 19 by ncomp: 3:25 4:170863 5:19180919 6:252321875
depth 20 by ncomp: 3:10 4:196123 5:40349109
depth 21 by ncomp: 4:203022
depth 22 by ncomp:
depth 23 by ncomp:
depth 24 by ncomp:
