n=25 nodes=280123334 nsol=0 time=2414.64
depth: 0:1 1:1 2:2 3:8 4:41 5:184 6:732 7:2765 8:11371 9:53 10:251 11:1240 12:6278 13:33289 14:178715 15:1002067 16:5840477 17:31574829 18:104709316 19:116422288 20:20212794 21:126632 22:0 23:0 24:0
depth  0 by ncomp: 0:1
depth  1 by ncomp: 1:1
depth  2 by ncomp: 1:1 2:1
depth  3 by ncomp: 1:4 2:3 3:1
depth  4 by ncomp: 1:16 2:18 3:6 4:1
depth  5 by ncomp: 1:30 2:96 3:47 4:10 5:1
depth  6 by ncomp: 1:38 2:277 3:303 4:98 5:15 6:1
depth  7 by ncomp: 1:34 2:503 3:1226 4:792 5:188 6:21 7:1
depth  8 by ncomp: 1:11 2:751 3:3767 4:4589 5:1895 6:329 7:29
depth  9 by ncomp: 3:11 4:30 5:11 6:1
depth 10 by ncomp: 3:26 4:117 5:90 6:17 7:1
depth 11 by ncomp: 3:65 4:394 5:557 6:199 7:25
depth 12 by ncomp: 3:150 4:1262 5:2765 6:1700 7:401
depth 13 by ncomp: 3:239 4:3486 5:12202 6:12313 7:5049
depth 14 by ncomp: 3:245 4:8607 5:46514 6:72444 7:50905
depth 15 by ncomp: 3:164 4:19470 5:164303 6:376256 7:441874
depth 16 by ncomp: 3:112 4:39005 5:528469 6:1780989 7:3491902
depth 17 by ncomp: 3:54 4:66894 5:1549278 6:7611178 7:22347425
depth 18 by ncomp: 3:30 4:94467 5:4038717 6:29575464 7:71000638
depth 19 by ncomp: 3:6 4:118003 5:9526949 6:106777330
depth 20 by ncomp: 3:1 4:126441 5:20086352
depth 21 by ncomp: 3:2 4:126630
depth 22 by ncomp:
depth 23 by ncomp:
depth 24 by ncomp:
