n=25 nodes=616858421 nsol=0 time=7761.24
depth: 0:1 1:1 2:2 3:8 4:41 5:184 6:732 7:2765 8:11371 9:93 10:433 11:2230 12:13776 13:85092 14:537444 15:3492519 16:22535206 17:115488274 18:278856128 19:177548744 20:18170495 21:112882 22:0 23:0 24:0
depth  0 by ncomp: 0:1
depth  1 by ncomp: 1:1
depth  2 by ncomp: 1:1 2:1
depth  3 by ncomp: 1:4 2:3 3:1
depth  4 by ncomp: 1:16 2:18 3:6 4:1
depth  5 by ncomp: 1:30 2:96 3:47 4:10 5:1
depth  6 by ncomp: 1:38 2:277 3:303 4:98 5:15 6:1
depth  7 by ncomp: 1:34 2:503 3:1226 4:792 5:188 6:21 7:1
depth  8 by ncomp: 1:11 2:751 3:3767 4:4589 5:1895 6:329 7:29
depth  9 by ncomp: 2:2 3:25 4:14 5:35 6:15 7:2
depth 10 by ncomp: 2:1 3:51 4:68 5:154 6:130 7:29
depth 11 by ncomp: 3:85 4:274 5:658 6:858 7:355
depth 12 by ncomp: 3:127 4:969 5:3118 6:5670 7:3892
depth 13 by ncomp: 3:150 4:2655 5:12343 6:32308 7:37636
depth 14 by ncomp: 3:124 4:6414 5:45330 6:164581 7:320995
depth 15 by ncomp: 3:113 4:14455 5:155004 6:768088 7:2554859
depth 16 by ncomp: 3:66 4:28515 5:482684 6:3319749 7:18704192
depth 17 by ncomp: 3:53 4:48341 5:1369389 6:13258914 7:100811577
depth 18 by ncomp: 3:24 4:72885 5:3565277 6:49161594 7:226056348
depth 19 by ncomp: 3:6 4:96414 5:8418574 6:169033750
depth 20 by ncomp: 4:110523 5:18059972
depth 21 by ncomp: 4:112882
depth 22 by ncomp:
depth 23 by ncomp:
depth 24 by ncomp:
