n=25 nodes=727790768 nsol=0 time=9417.81
depth: 0:1 1:1 2:2 3:8 4:41 5:184 6:732 7:2765 8:11371 9:101 10:445 11:2407 12:14178 13:83716 14:505858 15:3164206 16:19950070 17:106695723 18:304603039 19:258288922 20:34277204 21:189794 22:0 23:0 24:0
depth  0 by ncomp: 0:1
depth  1 by ncomp: 1:1
depth  2 by ncomp: 1:1 2:1
depth  3 by ncomp: 1:4 2:3 3:1
depth  4 by ncomp: 1:16 2:18 3:6 4:1
depth  5 by ncomp: 1:30 2:96 3:47 4:10 5:1
depth  6 by ncomp: 1:38 2:277 3:303 4:98 5:15 6:1
depth  7 by ncomp: 1:34 2:503 3:1226 4:792 5:188 6:21 7:1
depth  8 by ncomp: 1:11 2:751 3:3767 4:4589 5:1895 6:329 7:29
depth  9 by ncomp: 2:2 3:21 4:41 5:27 6:9 7:1
depth 10 by ncomp: 3:40 4:146 5:162 6:81 7:16
depth 11 by ncomp: 3:77 4:628 5:895 6:613 7:194
depth 12 by ncomp: 3:106 4:1926 5:5034 6:4779 7:2333
depth 13 by ncomp: 3:112 4:5014 5:21598 6:32113 7:24879
depth 14 by ncomp: 3:104 4:11814 5:83741 6:181061 7:229138
depth 15 by ncomp: 3:85 4:24790 5:293282 6:927929 7:1918120
depth 16 by ncomp: 3:93 4:47116 5:910057 6:4269788 7:14723016
depth 17 by ncomp: 3:50 4:78851 5:2591216 6:17840783 7:86184823
depth 18 by ncomp: 3:32 4:118558 5:6702038 6:68657969 7:229124442
depth 19 by ncomp: 3:5 4:157478 5:15841263 6:242290176
depth 20 by ncomp: 3:1 4:185145 5:34092058
depth 21 by ncomp: 4:189794
depth 22 by ncomp:
depth 23 by ncomp:
depth 24 by ncomp:
