n=25 nodes=352390522 nsol=0 time=4264.40
depth: 0:1 1:1 2:2 3:8 4:41 5:184 6:732 7:2765 8:11371 9:65 10:246 11:1204 12:5945 13:30283 14:165740 15:941005 16:5487213 17:30049152 18:108286081 19:154272435 20:51528311 21:1607575 22:162 23:0 24:0
depth  0 by ncomp: 0:1
depth  1 by ncomp: 1:1
depth  2 by ncomp: 1:1 2:1
depth  3 by ncomp: 1:4 2:3 3:1
depth  4 by ncomp: 1:16 2:18 3:6 4:1
depth  5 by ncomp: 1:30 2:96 3:47 4:10 5:1
depth  6 by ncomp: 1:38 2:277 3:303 4:98 5:15 6:1
depth  7 by ncomp: 1:34 2:503 3:1226 4:792 5:188 6:21 7:1
depth  8 by ncomp: 1:11 2:751 3:3767 4:4589 5:1895 6:329 7:29
depth  9 by ncomp: 2:9 3:15 4:23 5:10 6:7 7:1
depth 10 by ncomp: 2:20 3:60 4:85 5:66 6:14 7:1
depth 11 by ncomp: 2:28 3:201 4:362 5:425 6:165 7:23
depth 12 by ncomp: 2:8 3:477 4:1444 5:2248 6:1416 7:352
depth 13 by ncomp: 2:9 3:1084 4:5078 5:10245 6:9654 7:4213
depth 14 by ncomp: 2:3 3:2002 4:16768 5:45741 6:59159 7:42067
depth 15 by ncomp: 3:3203 4:47603 5:188308 6:329569 7:372322
depth 16 by ncomp: 3:4228 4:118354 5:698133 6:1677492 7:2989006
depth 17 by ncomp: 3:4206 4:258009 5:2357904 6:7826409 7:19602624
depth 18 by ncomp: 3:3350 4:493539 5:7197255 6:33625024 7:66966913
depth 19 by ncomp: 3:2395 4:839683 5:20041559 6:133388798
depth 20 by ncomp: 3:1166 4:1238157 5:50288988
depth 21 by ncomp: 3:487 4:1607088
depth 22 by ncomp: 3:162
depth 23 by ncomp:
depth 24 by ncomp:
