n=25 nodes=799240812 nsol=0 time=9947.97
depth: 0:1 1:1 2:2 3:8 4:41 5:184 6:732 7:2765 8:11371 9:117 10:601 11:2935 12:15534 13:86366 14:511029 15:3146353 16:19510095 17:103483544 18:306031644 19:305457299 20:60150231 21:829921 22:38 23:0 24:0
depth  0 by ncomp: 0:1
depth  1 by ncomp: 1:1
depth  2 by ncomp: 1:1 2:1
depth  3 by ncomp: 1:4 2:3 3:1
depth  4 by ncomp: 1:16 2:18 3:6 4:1
depth  5 by ncomp: 1:30 2:96 3:47 4:10 5:1
depth  6 by ncomp: 1:38 2:277 3:303 4:98 5:15 6:1
depth  7 by ncomp: 1:34 2:503 3:1226 4:792 5:188 6:21 7:1
depth  8 by ncomp: 1:11 2:751 3:3767 4:4589 5:1895 6:329 7:29
depth  9 by ncomp: 2:1 3:31 4:35 5:39 6:10 7:1
depth 10 by ncomp: 2:1 3:99 4:173 5:202 6:107 7:19
depth 11 by ncomp: 2:1 3:193 4:750 5:1018 6:734 7:239
depth 12 by ncomp: 3:404 4:2590 5:5044 6:4956 7:2540
depth 13 by ncomp: 3:610 4:7804 5:23377 6:30388 7:24187
depth 14 by ncomp: 3:767 4:20787 5:96937 6:177556 7:214982
depth 15 by ncomp: 3:1014 4:49683 5:359757 6:928067 7:1807832
depth 16 by ncomp: 3:1014 4:106492 5:1208508 6:4401396 7:13792685
depth 17 by ncomp: 3:915 4:205286 5:3691277 6:19076730 7:80509336
depth 18 by ncomp: 3:600 4:350154 5:10259877 6:76118804 7:219302209
depth 19 by ncomp: 3:430 4:527204 5:25845945 6:279083720
depth 20 by ncomp: 3:237 4:708449 5:59441545
depth 21 by ncomp: 3:107 4:829814
depth 22 by ncomp: 3:38
depth 23 by ncomp:
depth 24 by ncomp:
