n=25 nodes=749306432 nsol=0 time=8304.89
depth: 0:1 1:1 2:2 3:8 4:41 5:184 6:732 7:2765 8:11371 9:78 10:382 11:2154 12:11591 13:66867 14:388290 15:2325999 16:14249405 17:81126390 18:284403055 19:316345941 20:50073911 21:297264 22:0 23:0 24:0
depth  0 by ncomp: 0:1
depth  1 by ncomp: 1:1
depth  2 by ncomp: 1:1 2:1
depth  3 by ncomp: 1:4 2:3 3:1
depth  4 by ncomp: 1:16 2:18 3:6 4:1
depth  5 by ncomp: 1:30 2:96 3:47 4:10 5:1
depth  6 by ncomp: 1:38 2:277 3:303 4:98 5:15 6:1
depth  7 by ncomp: 1:34 2:503 3:1226 4:792 5:188 6:21 7:1
depth  8 by ncomp: 1:11 2:751 3:3767 4:4589 5:1895 6:329 7:29
depth  9 by ncomp: 3:15 4:38 5:22 6:3
depth 10 by ncomp: 3:25 4:160 5:156 6:38 7:3
depth 11 by ncomp: 3:54 4:597 5:1028 6:414 7:61
depth 12 by ncomp: 3:66 4:1863 5:5169 6:3567 7:926
depth 13 by ncomp: 3:114 4:5289 5:24040 6:26110 7:11314
depth 14 by ncomp: 3:160 4:12910 5:96380 6:161934 7:116906
depth 15 by ncomp: 3:171 4:28639 5:347077 6:886575 7:1063537
depth 16 by ncomp: 3:144 4:56631 5:1135900 6:4346696 7:8710034
depth 17 by ncomp: 3:119 4:99683 5:3391658 6:19415850 7:58219080
depth 18 by ncomp: 3:66 4:158889 5:9161782 6:78987819 7:196094499
depth 19 by ncomp: 3:41 4:222108 5:22444922 6:293678870
depth 20 by ncomp: 3:15 4:274180 5:49799716
depth 21 by ncomp: 3:8 4:297256
depth 22 by ncomp:
depth 23 by ncomp:
depth 24 by ncomp:
