n=25 nodes=625553440 nsol=0 time=6264.32
depth: 0:1 1:1 2:2 3:8 4:41 5:184 6:732 7:2765 8:11371 9:108 10:507 11:2416 12:12363 13:64949 14:367372 15:2120565 16:12472611 17:68638337 18:235853652 19:262775312 20:42986126 21:244017 22:0 23:0 24:0
depth  0 by ncomp: 0:1
depth  1 by ncomp: 1:1
depth  2 by ncomp: 1:1 2:1
depth  3 by ncomp: 1:4 2:3 3:1
depth  4 by ncomp: 1:16 2:18 3:6 4:1
depth  5 by ncomp: 1:30 2:96 3:47 4:10 5:1
depth  6 by ncomp: 1:38 2:277 3:303 4:98 5:15 6:1
depth  7 by ncomp: 1:34 2:503 3:1226 4:792 5:188 6:21 7:1
depth  8 by ncomp: 1:11 2:751 3:3767 4:4589 5:1895 6:329 7:29
depth  9 by ncomp: 3:21 4:63 5:22 6:2
depth 10 by ncomp: 3:49 4:238 5:183 6:35 7:2
depth 11 by ncomp: 3:94 4:785 5:1103 6:385 7:49
depth 12 by ncomp: 3:127 4:2422 5:5580 6:3432 7:802
depth 13 by ncomp: 3:179 4:6490 5:24756 6:23922 7:9602
depth 14 by ncomp: 3:203 4:15988 5:99628 6:150685 7:100868
depth 15 by ncomp: 3:155 4:32772 5:350367 6:820054 7:917217
depth 16 by ncomp: 3:145 4:62287 5:1102877 6:3913222 7:7394080
depth 17 by ncomp: 3:122 4:105351 5:3176827 6:16942892 7:48413145
depth 18 by ncomp: 3:67 4:152891 5:8313711 6:66935225 7:160451758
depth 19 by ncomp: 3:51 4:201884 5:19807254 6:242766123
depth 20 by ncomp: 3:14 4:234932 5:42751180
depth 21 by ncomp: 3:3 4:244014
depth 22 by ncomp:
depth 23 by ncomp:
depth 24 by ncomp:
