n=25 nodes=832148937 nsol=0 time=9606.71
depth: 0:1 1:1 2:2 3:8 4:41 5:184 6:732 7:2765 8:11371 9:127 10:627 11:3179 12:17183 13:99179 14:584681 15:3582702 16:22403988 17:119212792 18:340012189 19:296156690 20:49250673 21:809762 22:60 23:0 24:0
depth  0 by ncomp: 0:1
depth  1 by ncomp: 1:1
depth  2 by ncomp: 1:1 2:1
depth  3 by ncomp: 1:4 2:3 3:1
depth  4 by ncomp: 1:16 2:18 3:6 4:1
depth  5 by ncomp: 1:30 2:96 3:47 4:10 5:1
depth  6 by ncomp: 1:38 2:277 3:303 4:98 5:15 6:1
depth  7 by ncomp: 1:34 2:503 3:1226 4:792 5:188 6:21 7:1
depth  8 by ncomp: 1:11 2:751 3:3767 4:4589 5:1895 6:329 7:29
depth  9 by ncomp: 2:11 3:21 4:48 5:36 6:10 7:1
depth 10 by ncomp: 2:12 3:78 4:211 5:221 6:89 7:16
depth 11 by ncomp: 2:20 3:208 4:641 5:1258 6:817 7:235
depth 12 by ncomp: 2:9 3:445 4:2130 5:5929 6:5884 7:2786
depth 13 by ncomp: 3:887 4:6456 5:25201 6:38166 7:28469
depth 14 by ncomp: 2:3 3:1535 4:17694 5:95203 6:209584 7:260662
depth 15 by ncomp: 3:2058 4:45316 5:334108 6:1049669 7:2151551
depth 16 by ncomp: 3:2123 4:101624 5:1085344 6:4788459 7:16426438
depth 17 by ncomp: 3:1674 4:190143 5:3178447 6:20010994 7:95831534
depth 18 by ncomp: 3:1335 4:334815 5:8651949 6:77009125 7:254014965
depth 19 by ncomp: 3:835 4:508972 5:21402666 6:274244217
depth 20 by ncomp: 3:435 4:692231 5:48558007
depth 21 by ncomp: 3:208 4:809554
depth 22 by ncomp: 3:60
depth 23 by ncomp:
depth 24 by ncomp:
