n=25 nodes=637479879 nsol=0 time=6825.64
depth: 0:1 1:1 2:2 3:8 4:41 5:184 6:732 7:2765 8:11371 9:124 10:539 11:2809 12:14024 13:73667 14:405469 15:2308609 16:13609000 17:73715531 18:241778117 19:256626387 20:48183294 21:747169 22:35 23:0 24:0
depth  0 by ncomp: 0:1
depth  1 by ncomp: 1:1
depth  2 by ncomp: 1:1 2:1
depth  3 by ncomp: 1:4 2:3 3:1
depth  4 by ncomp: 1:16 2:18 3:6 4:1
depth  5 by ncomp: 1:30 2:96 3:47 4:10 5:1
depth  6 by ncomp: 1:38 2:277 3:303 4:98 5:15 6:1
depth  7 by ncomp: 1:34 2:503 3:1226 4:792 5:188 6:21 7:1
depth  8 by ncomp: 1:11 2:751 3:3767 4:4589 5:1895 6:329 7:29
depth  9 by ncomp: 2:2 3:34 4:60 5:25 6:3
depth 10 by ncomp: 2:8 3:77 4:221 5:189 6:41 7:3
depth 11 by ncomp: 2:8 3:199 4:803 5:1226 6:504 7:69
depth 12 by ncomp: 2:3 3:420 4:2485 5:5947 6:4111 7:1058
depth 13 by ncomp: 2:1 3:772 4:7051 5:25045 6:27954 7:12844
depth 14 by ncomp: 3:1048 4:18578 5:96312 6:162792 7:126739
depth 15 by ncomp: 3:1230 4:44102 5:337946 6:837330 7:1088001
depth 16 by ncomp: 3:1317 4:95079 5:1096824 6:3929522 7:8486258
depth 17 by ncomp: 3:1266 4:174257 5:3167159 6:16689040 7:53683809
depth 18 by ncomp: 3:844 4:299151 5:8554841 6:65346841 7:167576440
depth 19 by ncomp: 3:453 4:456186 5:20994361 6:235175387
depth 20 by ncomp: 3:228 4:623950 5:47559116
depth 21 by ncomp: 3:80 4:747089
depth 22 by ncomp: 3:35
depth 23 by ncomp:
depth 24 by ncomp:
