n=11 selected=24 done=0 todo=24 procs=8 solver=cadical variant=hybrid dirs=1 T=300.0
[1/24] id=65 UNSAT solve=2.574s proof=3.5MB drat=- (-s) ncl=393255
[2/24] id=16 UNSAT solve=6.394s proof=6.7MB drat=- (-s) ncl=386828
[3/24] id=145 UNSAT solve=7.733s proof=7.4MB drat=- (-s) ncl=424594
[4/24] id=30 UNSAT solve=8.091s proof=7.0MB drat=- (-s) ncl=403884
[5/24] id=205 UNSAT solve=8.051s proof=8.1MB drat=- (-s) ncl=541073
[6/24] id=195 UNSAT solve=8.308s proof=7.3MB drat=- (-s) ncl=456074
[7/24] id=216 UNSAT solve=8.685s proof=8.3MB drat=- (-s) ncl=532968
[8/24] id=34 UNSAT solve=11.135s proof=9.5MB drat=- (-s) ncl=419709
[9/24] id=126 UNSAT solve=8.148s proof=7.0MB drat=- (-s) ncl=523774
[10/24] id=201 UNSAT solve=3.854s proof=4.8MB drat=- (-s) ncl=547222
[11/24] id=115 UNSAT solve=11.814s proof=10.4MB drat=- (-s) ncl=481026
[12/24] id=120 UNSAT solve=11.497s proof=9.9MB drat=- (-s) ncl=431959
[13/24] id=194 UNSAT solve=13.704s proof=11.0MB drat=- (-s) ncl=462699
[14/24] id=7 UNSAT solve=4.82s proof=5.9MB drat=- (-s) ncl=404930
[15/24] id=53 UNSAT solve=13.917s proof=11.9MB drat=- (-s) ncl=434209
[16/24] id=99 UNSAT solve=5.229s proof=6.7MB drat=- (-s) ncl=416227
[17/24] id=24 UNSAT solve=15.94s proof=12.4MB drat=- (-s) ncl=422256
[18/24] id=230 UNSAT solve=5.085s proof=6.0MB drat=- (-s) ncl=513972
[19/24] id=213 UNSAT solve=11.539s proof=10.1MB drat=- (-s) ncl=531770
[20/24] id=110 UNSAT solve=9.086s proof=9.7MB drat=- (-s) ncl=498449
[21/24] id=155 UNSAT solve=9.457s proof=9.8MB drat=- (-s) ncl=450925
[22/24] id=124 UNSAT solve=24.029s proof=22.5MB drat=- (-s) ncl=474471
[23/24] id=97 UNSAT solve=31.241s proof=25.2MB drat=- (-s) ncl=487338
[24/24] id=166 UNSAT solve=39.732s proof=42.0MB drat=- (-s) ncl=468046
done 49.1 s {'UNSAT': 24}
n=11 selected=24 done=0 todo=24 procs=8 solver=kissat variant=order dirs=3 T=300.0
[1/24] id=65 UNSAT solve=3.077s proof=2.5MB drat=- (-s) ncl=331493
[2/24] id=30 UNSAT solve=6.029s proof=6.2MB drat=- (-s) ncl=339165
[3/24] id=16 UNSAT solve=6.247s proof=6.3MB drat=- (-s) ncl=324330
[4/24] id=205 UNSAT solve=6.494s proof=7.2MB drat=- (-s) ncl=457099
[5/24] id=145 UNSAT solve=7.424s proof=6.4MB drat=- (-s) ncl=358663
[6/24] id=195 UNSAT solve=8.223s proof=8.7MB drat=- (-s) ncl=386596
[7/24] id=216 UNSAT solve=8.552s proof=7.7MB drat=- (-s) ncl=450771
[8/24] id=126 UNSAT solve=5.994s proof=6.6MB drat=- (-s) ncl=443994
[9/24] id=34 UNSAT solve=11.698s proof=11.5MB drat=- (-s) ncl=352829
[10/24] id=201 UNSAT solve=5.722s proof=6.8MB drat=- (-s) ncl=462022
[11/24] id=194 UNSAT solve=10.878s proof=11.5MB drat=- (-s) ncl=391938
[12/24] id=115 UNSAT solve=11.655s proof=10.2MB drat=- (-s) ncl=407823
[13/24] id=120 UNSAT solve=11.638s proof=12.0MB drat=- (-s) ncl=363130
[14/24] id=53 UNSAT solve=10.692s proof=11.4MB drat=- (-s) ncl=366572
[15/24] id=7 UNSAT solve=4.04s proof=3.8MB drat=- (-s) ncl=340951
[16/24] id=24 UNSAT solve=10.79s proof=9.6MB drat=- (-s) ncl=355614
[17/24] id=99 UNSAT solve=4.878s proof=6.4MB drat=- (-s) ncl=349982
[18/24] id=97 UNSAT solve=19.031s proof=20.4MB drat=- (-s) ncl=411283
[19/24] id=213 UNSAT solve=9.965s proof=10.6MB drat=- (-s) ncl=450053
[20/24] id=230 UNSAT solve=6.388s proof=9.5MB drat=- (-s) ncl=436342
[21/24] id=110 UNSAT solve=9.015s proof=10.5MB drat=- (-s) ncl=421806
[22/24] id=155 UNSAT solve=9.068s proof=10.2MB drat=- (-s) ncl=381696
[23/24] id=124 UNSAT solve=16.186s proof=17.8MB drat=- (-s) ncl=400902
[24/24] id=166 UNSAT solve=37.482s proof=45.9MB drat=- (-s) ncl=394146
done 46.0 s {'UNSAT': 24}
n=11 selected=24 done=0 todo=24 procs=8 solver=cadical variant=order dirs=3 T=300.0
[1/24] id=65 UNSAT solve=3.973s proof=4.2MB drat=- (-s) ncl=331419
[2/24] id=195 UNSAT solve=9.848s proof=9.3MB drat=- (-s) ncl=386526
[3/24] id=16 UNSAT solve=11.749s proof=10.7MB drat=- (-s) ncl=324238
[4/24] id=34 UNSAT solve=12.348s proof=11.4MB drat=- (-s) ncl=352791
[5/24] id=30 UNSAT solve=12.85s proof=12.3MB drat=- (-s) ncl=339073
[6/24] id=145 UNSAT solve=14.403s proof=11.2MB drat=- (-s) ncl=358543
[7/24] id=194 UNSAT solve=14.583s proof=12.6MB drat=- (-s) ncl=391860
[8/24] id=115 UNSAT solve=18.895s proof=14.2MB drat=- (-s) ncl=407739
[9/24] id=120 UNSAT solve=29.776s proof=21.5MB drat=- (-s) ncl=363038
[10/24] id=126 UNSAT solve=44.035s proof=34.2MB drat=- (-s) ncl=443810
[11/24] id=53 UNSAT solve=18.239s proof=14.9MB drat=- (-s) ncl=366526
[12/24] id=24 UNSAT solve=17.5s proof=14.4MB drat=- (-s) ncl=355568
[13/24] id=7 UNSAT solve=10.44s proof=9.8MB drat=- (-s) ncl=340859
[14/24] id=99 UNSAT solve=26.553s proof=19.5MB drat=- (-s) ncl=349772
[15/24] id=166 UNSAT solve=80.255s proof=56.3MB drat=- (-s) ncl=394108
[16/24] id=124 UNSAT solve=57.646s proof=37.9MB drat=- (-s) ncl=400818
[17/24] id=155 UNSAT solve=20.129s proof=13.5MB drat=- (-s) ncl=381650
[18/24] id=205 UNSAT solve=116.169s proof=84.6MB drat=- (-s) ncl=456869
[19/24] id=97 UNSAT solve=103.892s proof=65.5MB drat=- (-s) ncl=411153
[20/24] id=230 UNSAT solve=29.843s proof=16.2MB drat=- (-s) ncl=436190
[21/24] id=216 UNSAT solve=153.685s proof=106.0MB drat=- (-s) ncl=450513
[22/24] id=201 UNSAT solve=155.353s proof=98.6MB drat=- (-s) ncl=461746
[23/24] id=110 UNSAT solve=106.845s proof=54.9MB drat=- (-s) ncl=421622
[24/24] id=213 UNSAT solve=191.364s proof=102.2MB drat=- (-s) ncl=449877
done 253.1 s {'UNSAT': 24}
n=11 selected=24 done=0 todo=24 procs=8 solver=cadical variant=order dirs=3 T=300.0
[1/24] id=65 UNSAT solve=5.273s proof=3.5MB drat=- (-s) ncl=332182
[2/24] id=205 UNSAT solve=10.279s proof=5.9MB drat=- (-s) ncl=457861
[3/24] id=16 UNSAT solve=11.185s proof=6.3MB drat=- (-s) ncl=325022
[4/24] id=216 UNSAT solve=13.552s proof=6.8MB drat=- (-s) ncl=451522
[5/24] id=195 UNSAT solve=14.11s proof=6.6MB drat=- (-s) ncl=387309
[6/24] id=30 UNSAT solve=14.743s proof=6.3MB drat=- (-s) ncl=339866
[7/24] id=145 UNSAT solve=19.214s proof=7.1MB drat=- (-s) ncl=359365
[8/24] id=126 UNSAT solve=14.209s proof=7.3MB drat=- (-s) ncl=444736
[9/24] id=34 UNSAT solve=22.55s proof=9.6MB drat=- (-s) ncl=353543
[10/24] id=201 UNSAT solve=7.966s proof=4.6MB drat=- (-s) ncl=462795
[11/24] id=194 UNSAT solve=24.578s proof=9.1MB drat=- (-s) ncl=392655
[12/24] id=115 UNSAT solve=24.97s proof=8.8MB drat=- (-s) ncl=408547
[13/24] id=120 UNSAT solve=26.44s proof=9.9MB drat=- (-s) ncl=363847
[14/24] id=7 UNSAT solve=7.911s proof=5.3MB drat=- (-s) ncl=341647
[15/24] id=53 UNSAT solve=23.966s proof=9.9MB drat=- (-s) ncl=367279
[16/24] id=24 UNSAT solve=26.501s proof=9.3MB drat=- (-s) ncl=356320
[17/24] id=99 UNSAT solve=10.414s proof=6.0MB drat=- (-s) ncl=350685
[18/24] id=230 UNSAT solve=11.482s proof=7.6MB drat=- (-s) ncl=437078
[19/24] id=213 UNSAT solve=27.95s proof=10.9MB drat=- (-s) ncl=450804
[20/24] id=97 UNSAT solve=51.278s proof=16.0MB drat=- (-s) ncl=412019
[21/24] id=155 UNSAT solve=21.19s proof=8.8MB drat=- (-s) ncl=382408
[22/24] id=110 UNSAT solve=22.396s proof=10.4MB drat=- (-s) ncl=422539
[23/24] id=124 UNSAT solve=45.073s proof=17.4MB drat=- (-s) ncl=401630
[24/24] id=166 UNSAT solve=91.29s proof=36.8MB drat=- (-s) ncl=394881
done 108.1 s {'UNSAT': 24}
n=11 selected=24 done=0 todo=24 procs=8 solver=cadical variant=hybrid dirs=3 T=300.0
[1/24] id=65 UNSAT solve=7.052s proof=4.1MB drat=- (-s) ncl=527417
[2/24] id=145 UNSAT solve=16.188s proof=6.9MB drat=- (-s) ncl=570668
[3/24] id=16 UNSAT solve=19.77s proof=7.7MB drat=- (-s) ncl=517807
[4/24] id=205 UNSAT solve=19.452s proof=6.4MB drat=- (-s) ncl=731617
[5/24] id=30 UNSAT solve=20.218s proof=7.9MB drat=- (-s) ncl=541836
[6/24] id=216 UNSAT solve=21.87s proof=9.6MB drat=- (-s) ncl=720762
[7/24] id=195 UNSAT solve=22.277s proof=8.3MB drat=- (-s) ncl=613876
[8/24] id=126 UNSAT solve=22.919s proof=10.5MB drat=- (-s) ncl=707805
[9/24] id=201 UNSAT solve=12.015s proof=4.1MB drat=- (-s) ncl=739714
[10/24] id=34 UNSAT solve=38.634s proof=13.0MB drat=- (-s) ncl=563210
[11/24] id=194 UNSAT solve=35.169s proof=12.7MB drat=- (-s) ncl=623361
[12/24] id=115 UNSAT solve=40.188s proof=11.0MB drat=- (-s) ncl=648523
[13/24] id=7 UNSAT solve=14.616s proof=4.7MB drat=- (-s) ncl=543566
[14/24] id=120 UNSAT solve=48.817s proof=12.9MB drat=- (-s) ncl=579855
[15/24] id=53 UNSAT solve=44.301s proof=11.6MB drat=- (-s) ncl=584225
[16/24] id=24 UNSAT solve=46.296s proof=12.4MB drat=- (-s) ncl=567204
[17/24] id=99 UNSAT solve=19.54s proof=8.5MB drat=- (-s) ncl=559135
[18/24] id=213 UNSAT solve=34.761s proof=10.0MB drat=- (-s) ncl=718748
[19/24] id=230 UNSAT solve=18.3s proof=8.9MB drat=- (-s) ncl=693612
[20/24] id=110 UNSAT solve=39.699s proof=12.1MB drat=- (-s) ncl=673454
[21/24] id=155 UNSAT solve=38.015s proof=12.3MB drat=- (-s) ncl=607228
[22/24] id=97 UNSAT solve=104.671s proof=29.1MB drat=- (-s) ncl=657204
[23/24] id=124 UNSAT solve=93.475s proof=26.9MB drat=- (-s) ncl=639091
[24/24] id=166 UNSAT solve=155.77s proof=49.3MB drat=- (-s) ncl=629978
done 179.0 s {'UNSAT': 24}
ALLDONE
